<!doctype html public "-//w3c//dtd html 4.0 transitional//en">
<html><head>
<title>Static Call Graph - [..\Output\Comp.axf]</title></head>
<body><HR>
<H1>Static Call Graph for image ..\Output\Comp.axf</H1><HR>
<BR><P>#&#060CALLGRAPH&#062# ARM Linker, 5060960: Last Updated: Tue Dec 10 19:53:54 2024
<BR><P>
<H3>Maximum Stack Usage =        312 bytes + Unknown(Cycles, Untraceable Function Pointers)</H3><H3>
Call chain for Maximum Stack Depth:</H3>
main &rArr; TK_TouchKeyScan &rArr; TK_SensorKeyFlag &rArr; TKSlideModuleSensorRenovate &rArr; __aeabi_dmul &rArr; _double_epilogue &rArr; __aeabi_llsr
<P>
<H3>
Mutually Recursive functions
</H3> <LI><a href="#[1]">NMI_Handler</a>&nbsp;&nbsp;&nbsp;&rArr;&nbsp;&nbsp;&nbsp;<a href="#[1]">NMI_Handler</a><BR>
 <LI><a href="#[2]">HardFault_Handler</a>&nbsp;&nbsp;&nbsp;&rArr;&nbsp;&nbsp;&nbsp;<a href="#[2]">HardFault_Handler</a><BR>
 <LI><a href="#[3]">MemManage_Handler</a>&nbsp;&nbsp;&nbsp;&rArr;&nbsp;&nbsp;&nbsp;<a href="#[3]">MemManage_Handler</a><BR>
 <LI><a href="#[4]">BusFault_Handler</a>&nbsp;&nbsp;&nbsp;&rArr;&nbsp;&nbsp;&nbsp;<a href="#[4]">BusFault_Handler</a><BR>
 <LI><a href="#[5]">UsageFault_Handler</a>&nbsp;&nbsp;&nbsp;&rArr;&nbsp;&nbsp;&nbsp;<a href="#[5]">UsageFault_Handler</a><BR>
 <LI><a href="#[6]">SVC_Handler</a>&nbsp;&nbsp;&nbsp;&rArr;&nbsp;&nbsp;&nbsp;<a href="#[6]">SVC_Handler</a><BR>
 <LI><a href="#[7]">DebugMon_Handler</a>&nbsp;&nbsp;&nbsp;&rArr;&nbsp;&nbsp;&nbsp;<a href="#[7]">DebugMon_Handler</a><BR>
 <LI><a href="#[8]">PendSV_Handler</a>&nbsp;&nbsp;&nbsp;&rArr;&nbsp;&nbsp;&nbsp;<a href="#[8]">PendSV_Handler</a><BR>
</UL>
<P>
<H3>
Function Pointers
</H3><UL>
 <LI><a href="#[22]">ADC_IRQHandler</a> from sc_it.o(i.ADC_IRQHandler) referenced from startup_sc32f10xx.o(RESET)
 <LI><a href="#[f]">BTM_IRQHandler</a> from sc_it.o(i.BTM_IRQHandler) referenced from startup_sc32f10xx.o(RESET)
 <LI><a href="#[4]">BusFault_Handler</a> from startup_sc32f10xx.o(.text) referenced from startup_sc32f10xx.o(RESET)
 <LI><a href="#[23]">CMP_IRQHandler</a> from sc_it.o(i.CMP_IRQHandler) referenced from startup_sc32f10xx.o(RESET)
 <LI><a href="#[14]">DMA0_IRQHandler</a> from sc_it.o(i.DMA0_IRQHandler) referenced from startup_sc32f10xx.o(RESET)
 <LI><a href="#[15]">DMA1_IRQHandler</a> from sc_it.o(i.DMA1_IRQHandler) referenced from startup_sc32f10xx.o(RESET)
 <LI><a href="#[16]">DMA2_IRQHandler</a> from sc_it.o(i.DMA2_IRQHandler) referenced from startup_sc32f10xx.o(RESET)
 <LI><a href="#[17]">DMA3_IRQHandler</a> from sc_it.o(i.DMA3_IRQHandler) referenced from startup_sc32f10xx.o(RESET)
 <LI><a href="#[7]">DebugMon_Handler</a> from startup_sc32f10xx.o(.text) referenced from startup_sc32f10xx.o(RESET)
 <LI><a href="#[2]">HardFault_Handler</a> from startup_sc32f10xx.o(.text) referenced from startup_sc32f10xx.o(RESET)
 <LI><a href="#[a]">INT0_IRQHandler</a> from sc_it.o(i.INT0_IRQHandler) referenced from startup_sc32f10xx.o(RESET)
 <LI><a href="#[d]">INT12_15_IRQHandler</a> from sc_it.o(i.INT12_15_IRQHandler) referenced from startup_sc32f10xx.o(RESET)
 <LI><a href="#[b]">INT1_7_IRQHandler</a> from sc_it.o(i.INT1_7_IRQHandler) referenced from startup_sc32f10xx.o(RESET)
 <LI><a href="#[c]">INT8_11_IRQHandler</a> from sc_it.o(i.INT8_11_IRQHandler) referenced from startup_sc32f10xx.o(RESET)
 <LI><a href="#[1f]">LEDPWM_IRQHandler</a> from sc_it.o(i.LEDPWM_IRQHandler) referenced from startup_sc32f10xx.o(RESET)
 <LI><a href="#[3]">MemManage_Handler</a> from startup_sc32f10xx.o(.text) referenced from startup_sc32f10xx.o(RESET)
 <LI><a href="#[1]">NMI_Handler</a> from startup_sc32f10xx.o(.text) referenced from startup_sc32f10xx.o(RESET)
 <LI><a href="#[1e]">PWM0_IRQHandler</a> from sc_it.o(i.PWM0_IRQHandler) referenced from startup_sc32f10xx.o(RESET)
 <LI><a href="#[8]">PendSV_Handler</a> from startup_sc32f10xx.o(.text) referenced from startup_sc32f10xx.o(RESET)
 <LI><a href="#[e]">RCC_IRQHandler</a> from sc_it.o(i.RCC_IRQHandler) referenced from startup_sc32f10xx.o(RESET)
 <LI><a href="#[0]">Reset_Handler</a> from startup_sc32f10xx.o(.text) referenced from startup_sc32f10xx.o(RESET)
 <LI><a href="#[12]">SPI0_IRQHandler</a> from sc_it.o(i.SPI0_IRQHandler) referenced from startup_sc32f10xx.o(RESET)
 <LI><a href="#[13]">SPI1_IRQHandler</a> from sc_it.o(i.SPI1_IRQHandler) referenced from startup_sc32f10xx.o(RESET)
 <LI><a href="#[6]">SVC_Handler</a> from startup_sc32f10xx.o(.text) referenced from startup_sc32f10xx.o(RESET)
 <LI><a href="#[9]">SysTick_IRQHandler</a> from sc_it.o(i.SysTick_IRQHandler) referenced from startup_sc32f10xx.o(RESET)
 <LI><a href="#[26]">SystemInit</a> from system_sc32f1xxx.o(i.SystemInit) referenced from startup_sc32f10xx.o(.text)
 <LI><a href="#[18]">TIMER0_IRQHandler</a> from sc_it.o(i.TIMER0_IRQHandler) referenced from startup_sc32f10xx.o(RESET)
 <LI><a href="#[19]">TIMER1_IRQHandler</a> from sc_it.o(i.TIMER1_IRQHandler) referenced from startup_sc32f10xx.o(RESET)
 <LI><a href="#[1a]">TIMER2_IRQHandler</a> from sc_it.o(i.TIMER2_IRQHandler) referenced from startup_sc32f10xx.o(RESET)
 <LI><a href="#[1b]">TIMER3_IRQHandler</a> from sc_it.o(i.TIMER3_IRQHandler) referenced from startup_sc32f10xx.o(RESET)
 <LI><a href="#[1c]">TIMER4_5_IRQHandler</a> from sc_it.o(i.TIMER4_5_IRQHandler) referenced from startup_sc32f10xx.o(RESET)
 <LI><a href="#[1d]">TIMER6_7_IRQHandler</a> from sc_it.o(i.TIMER6_7_IRQHandler) referenced from startup_sc32f10xx.o(RESET)
 <LI><a href="#[24]">TK_IRQHandler</a> from tkdriver.o(i.TK_IRQHandler) referenced from startup_sc32f10xx.o(RESET)
 <LI><a href="#[20]">TWI0_IRQHandler</a> from sc_it.o(i.TWI0_IRQHandler) referenced from startup_sc32f10xx.o(RESET)
 <LI><a href="#[21]">TWI1_IRQHandler</a> from sc_it.o(i.TWI1_IRQHandler) referenced from startup_sc32f10xx.o(RESET)
 <LI><a href="#[10]">UART0_2_IRQHandler</a> from sc_it.o(i.UART0_2_IRQHandler) referenced from startup_sc32f10xx.o(RESET)
 <LI><a href="#[11]">UART1_3_IRQHandler</a> from sc_it.o(i.UART1_3_IRQHandler) referenced from startup_sc32f10xx.o(RESET)
 <LI><a href="#[5]">UsageFault_Handler</a> from startup_sc32f10xx.o(.text) referenced from startup_sc32f10xx.o(RESET)
 <LI><a href="#[27]">__main</a> from entry.o(.ARM.Collect$$$$00000000) referenced from startup_sc32f10xx.o(.text)
 <LI><a href="#[28]">fputc</a> from main.o(i.fputc) referenced from printf8.o(i.__0printf$8)
 <LI><a href="#[25]">main</a> from main.o(i.main) referenced from entry9a.o(.ARM.Collect$$$$0000000B)
</UL>
<P>
<H3>
Global Symbols
</H3>
<P><STRONG><a name="[27]"></a>__main</STRONG> (Thumb, 0 bytes, Stack size unknown bytes, entry.o(.ARM.Collect$$$$00000000))
<BR>[Address Reference Count : 1]<UL><LI> startup_sc32f10xx.o(.text)
</UL>
<P><STRONG><a name="[ef]"></a>_main_stk</STRONG> (Thumb, 0 bytes, Stack size unknown bytes, entry2.o(.ARM.Collect$$$$00000001))

<P><STRONG><a name="[29]"></a>_main_scatterload</STRONG> (Thumb, 0 bytes, Stack size unknown bytes, entry5.o(.ARM.Collect$$$$00000004))
<BR><BR>[Calls]<UL><LI><a href="#[2a]">&gt;&gt;</a>&nbsp;&nbsp;&nbsp;__scatterload
</UL>

<P><STRONG><a name="[49]"></a>__main_after_scatterload</STRONG> (Thumb, 0 bytes, Stack size unknown bytes, entry5.o(.ARM.Collect$$$$00000004))
<BR><BR>[Called By]<UL><LI><a href="#[2a]">&gt;&gt;</a>&nbsp;&nbsp;&nbsp;__scatterload
</UL>

<P><STRONG><a name="[f0]"></a>_main_clock</STRONG> (Thumb, 0 bytes, Stack size unknown bytes, entry7b.o(.ARM.Collect$$$$00000008))

<P><STRONG><a name="[f1]"></a>_main_cpp_init</STRONG> (Thumb, 0 bytes, Stack size unknown bytes, entry8b.o(.ARM.Collect$$$$0000000A))

<P><STRONG><a name="[f2]"></a>_main_init</STRONG> (Thumb, 0 bytes, Stack size unknown bytes, entry9a.o(.ARM.Collect$$$$0000000B))

<P><STRONG><a name="[2b]"></a>__rt_lib_shutdown_fini</STRONG> (Thumb, 0 bytes, Stack size unknown bytes, entry12b.o(.ARM.Collect$$$$0000000E))
<BR><BR>[Calls]<UL><LI><a href="#[2c]">&gt;&gt;</a>&nbsp;&nbsp;&nbsp;__arm_fini_ (Weak Reference)
</UL>

<P><STRONG><a name="[f3]"></a>__rt_final_cpp</STRONG> (Thumb, 0 bytes, Stack size unknown bytes, entry10a.o(.ARM.Collect$$$$0000000F))

<P><STRONG><a name="[f4]"></a>__rt_final_exit</STRONG> (Thumb, 0 bytes, Stack size unknown bytes, entry11a.o(.ARM.Collect$$$$00000011))

<P><STRONG><a name="[0]"></a>Reset_Handler</STRONG> (Thumb, 38 bytes, Stack size 0 bytes, startup_sc32f10xx.o(.text))
<BR>[Address Reference Count : 1]<UL><LI> startup_sc32f10xx.o(RESET)
</UL>
<P><STRONG><a name="[1]"></a>NMI_Handler</STRONG> (Thumb, 2 bytes, Stack size 0 bytes, startup_sc32f10xx.o(.text))
<BR><BR>[Calls]<UL><LI><a href="#[1]">&gt;&gt;</a>&nbsp;&nbsp;&nbsp;NMI_Handler
</UL>
<BR>[Called By]<UL><LI><a href="#[1]">&gt;&gt;</a>&nbsp;&nbsp;&nbsp;NMI_Handler
</UL>
<BR>[Address Reference Count : 1]<UL><LI> startup_sc32f10xx.o(RESET)
</UL>
<P><STRONG><a name="[2]"></a>HardFault_Handler</STRONG> (Thumb, 2 bytes, Stack size 0 bytes, startup_sc32f10xx.o(.text))
<BR><BR>[Calls]<UL><LI><a href="#[2]">&gt;&gt;</a>&nbsp;&nbsp;&nbsp;HardFault_Handler
</UL>
<BR>[Called By]<UL><LI><a href="#[2]">&gt;&gt;</a>&nbsp;&nbsp;&nbsp;HardFault_Handler
</UL>
<BR>[Address Reference Count : 1]<UL><LI> startup_sc32f10xx.o(RESET)
</UL>
<P><STRONG><a name="[3]"></a>MemManage_Handler</STRONG> (Thumb, 2 bytes, Stack size 0 bytes, startup_sc32f10xx.o(.text))
<BR><BR>[Calls]<UL><LI><a href="#[3]">&gt;&gt;</a>&nbsp;&nbsp;&nbsp;MemManage_Handler
</UL>
<BR>[Called By]<UL><LI><a href="#[3]">&gt;&gt;</a>&nbsp;&nbsp;&nbsp;MemManage_Handler
</UL>
<BR>[Address Reference Count : 1]<UL><LI> startup_sc32f10xx.o(RESET)
</UL>
<P><STRONG><a name="[4]"></a>BusFault_Handler</STRONG> (Thumb, 2 bytes, Stack size 0 bytes, startup_sc32f10xx.o(.text))
<BR><BR>[Calls]<UL><LI><a href="#[4]">&gt;&gt;</a>&nbsp;&nbsp;&nbsp;BusFault_Handler
</UL>
<BR>[Called By]<UL><LI><a href="#[4]">&gt;&gt;</a>&nbsp;&nbsp;&nbsp;BusFault_Handler
</UL>
<BR>[Address Reference Count : 1]<UL><LI> startup_sc32f10xx.o(RESET)
</UL>
<P><STRONG><a name="[5]"></a>UsageFault_Handler</STRONG> (Thumb, 2 bytes, Stack size 0 bytes, startup_sc32f10xx.o(.text))
<BR><BR>[Calls]<UL><LI><a href="#[5]">&gt;&gt;</a>&nbsp;&nbsp;&nbsp;UsageFault_Handler
</UL>
<BR>[Called By]<UL><LI><a href="#[5]">&gt;&gt;</a>&nbsp;&nbsp;&nbsp;UsageFault_Handler
</UL>
<BR>[Address Reference Count : 1]<UL><LI> startup_sc32f10xx.o(RESET)
</UL>
<P><STRONG><a name="[6]"></a>SVC_Handler</STRONG> (Thumb, 2 bytes, Stack size 0 bytes, startup_sc32f10xx.o(.text))
<BR><BR>[Calls]<UL><LI><a href="#[6]">&gt;&gt;</a>&nbsp;&nbsp;&nbsp;SVC_Handler
</UL>
<BR>[Called By]<UL><LI><a href="#[6]">&gt;&gt;</a>&nbsp;&nbsp;&nbsp;SVC_Handler
</UL>
<BR>[Address Reference Count : 1]<UL><LI> startup_sc32f10xx.o(RESET)
</UL>
<P><STRONG><a name="[7]"></a>DebugMon_Handler</STRONG> (Thumb, 2 bytes, Stack size 0 bytes, startup_sc32f10xx.o(.text))
<BR><BR>[Calls]<UL><LI><a href="#[7]">&gt;&gt;</a>&nbsp;&nbsp;&nbsp;DebugMon_Handler
</UL>
<BR>[Called By]<UL><LI><a href="#[7]">&gt;&gt;</a>&nbsp;&nbsp;&nbsp;DebugMon_Handler
</UL>
<BR>[Address Reference Count : 1]<UL><LI> startup_sc32f10xx.o(RESET)
</UL>
<P><STRONG><a name="[8]"></a>PendSV_Handler</STRONG> (Thumb, 2 bytes, Stack size 0 bytes, startup_sc32f10xx.o(.text))
<BR><BR>[Calls]<UL><LI><a href="#[8]">&gt;&gt;</a>&nbsp;&nbsp;&nbsp;PendSV_Handler
</UL>
<BR>[Called By]<UL><LI><a href="#[8]">&gt;&gt;</a>&nbsp;&nbsp;&nbsp;PendSV_Handler
</UL>
<BR>[Address Reference Count : 1]<UL><LI> startup_sc32f10xx.o(RESET)
</UL>
<P><STRONG><a name="[f5]"></a>__aeabi_uidiv</STRONG> (Thumb, 0 bytes, Stack size 12 bytes, uidiv.o(.text), UNUSED)

<P><STRONG><a name="[2e]"></a>__aeabi_uidivmod</STRONG> (Thumb, 44 bytes, Stack size 12 bytes, uidiv.o(.text))
<BR><BR>[Stack]<UL><LI>Max Depth = 12<LI>Call Chain = __aeabi_uidivmod
</UL>
<BR>[Called By]<UL><LI><a href="#[25]">&gt;&gt;</a>&nbsp;&nbsp;&nbsp;main
<LI><a href="#[9e]">&gt;&gt;</a>&nbsp;&nbsp;&nbsp;UART_Init
<LI><a href="#[66]">&gt;&gt;</a>&nbsp;&nbsp;&nbsp;RCC_SYSCLKConfig
<LI><a href="#[2d]">&gt;&gt;</a>&nbsp;&nbsp;&nbsp;__aeabi_idivmod
</UL>

<P><STRONG><a name="[f6]"></a>__aeabi_idiv</STRONG> (Thumb, 0 bytes, Stack size 16 bytes, idiv.o(.text), UNUSED)

<P><STRONG><a name="[2d]"></a>__aeabi_idivmod</STRONG> (Thumb, 40 bytes, Stack size 16 bytes, idiv.o(.text))
<BR><BR>[Stack]<UL><LI>Max Depth = 28<LI>Call Chain = __aeabi_idivmod &rArr; __aeabi_uidivmod
</UL>
<BR>[Calls]<UL><LI><a href="#[2e]">&gt;&gt;</a>&nbsp;&nbsp;&nbsp;__aeabi_uidivmod
</UL>
<BR>[Called By]<UL><LI><a href="#[c2]">&gt;&gt;</a>&nbsp;&nbsp;&nbsp;TK_Init
<LI><a href="#[c0]">&gt;&gt;</a>&nbsp;&nbsp;&nbsp;TK_GetTKYzThreshold
<LI><a href="#[bf]">&gt;&gt;</a>&nbsp;&nbsp;&nbsp;TK_GetTKYzCnt
<LI><a href="#[b7]">&gt;&gt;</a>&nbsp;&nbsp;&nbsp;TK_SingleChannel_ICHAAdjust
<LI><a href="#[ca]">&gt;&gt;</a>&nbsp;&nbsp;&nbsp;TK_SensorRenovate
<LI><a href="#[b3]">&gt;&gt;</a>&nbsp;&nbsp;&nbsp;TK_BaseLineUpdataSW
<LI><a href="#[ab]">&gt;&gt;</a>&nbsp;&nbsp;&nbsp;TKSlideModuleSensorRenovate
</UL>

<P><STRONG><a name="[dd]"></a>__aeabi_memcpy</STRONG> (Thumb, 36 bytes, Stack size 0 bytes, memcpya.o(.text))
<BR><BR>[Called By]<UL><LI><a href="#[dc]">&gt;&gt;</a>&nbsp;&nbsp;&nbsp;UART_DMA_Send
</UL>

<P><STRONG><a name="[4f]"></a>__aeabi_memcpy4</STRONG> (Thumb, 0 bytes, Stack size 0 bytes, memcpya.o(.text))
<BR><BR>[Called By]<UL><LI><a href="#[e4]">&gt;&gt;</a>&nbsp;&nbsp;&nbsp;WIFI_Connect
<LI><a href="#[e0]">&gt;&gt;</a>&nbsp;&nbsp;&nbsp;USER_Connect
<LI><a href="#[5e]">&gt;&gt;</a>&nbsp;&nbsp;&nbsp;Login_URL
<LI><a href="#[58]">&gt;&gt;</a>&nbsp;&nbsp;&nbsp;Get_Ntp_Time
<LI><a href="#[52]">&gt;&gt;</a>&nbsp;&nbsp;&nbsp;Connect_Aliyun_Server
<LI><a href="#[51]">&gt;&gt;</a>&nbsp;&nbsp;&nbsp;Client_Subscribe
<LI><a href="#[4e]">&gt;&gt;</a>&nbsp;&nbsp;&nbsp;Client_Connect
</UL>

<P><STRONG><a name="[f7]"></a>__aeabi_memcpy8</STRONG> (Thumb, 0 bytes, Stack size 0 bytes, memcpya.o(.text), UNUSED)

<P><STRONG><a name="[30]"></a>__aeabi_memset</STRONG> (Thumb, 14 bytes, Stack size 0 bytes, memseta.o(.text))
<BR><BR>[Called By]<UL><LI><a href="#[31]">&gt;&gt;</a>&nbsp;&nbsp;&nbsp;_memset$wrapper
<LI><a href="#[2f]">&gt;&gt;</a>&nbsp;&nbsp;&nbsp;__aeabi_memclr
</UL>

<P><STRONG><a name="[f8]"></a>__aeabi_memset4</STRONG> (Thumb, 0 bytes, Stack size 0 bytes, memseta.o(.text), UNUSED)

<P><STRONG><a name="[f9]"></a>__aeabi_memset8</STRONG> (Thumb, 0 bytes, Stack size 0 bytes, memseta.o(.text), UNUSED)

<P><STRONG><a name="[2f]"></a>__aeabi_memclr</STRONG> (Thumb, 4 bytes, Stack size 0 bytes, memseta.o(.text))
<BR><BR>[Calls]<UL><LI><a href="#[30]">&gt;&gt;</a>&nbsp;&nbsp;&nbsp;__aeabi_memset
</UL>
<BR>[Called By]<UL><LI><a href="#[a9]">&gt;&gt;</a>&nbsp;&nbsp;&nbsp;UART_DMA_Receive
<LI><a href="#[4d]">&gt;&gt;</a>&nbsp;&nbsp;&nbsp;CLR_Buf2
</UL>

<P><STRONG><a name="[fa]"></a>__aeabi_memclr4</STRONG> (Thumb, 0 bytes, Stack size 0 bytes, memseta.o(.text), UNUSED)

<P><STRONG><a name="[fb]"></a>__aeabi_memclr8</STRONG> (Thumb, 0 bytes, Stack size 0 bytes, memseta.o(.text), UNUSED)

<P><STRONG><a name="[31]"></a>_memset$wrapper</STRONG> (Thumb, 18 bytes, Stack size 8 bytes, memseta.o(.text), UNUSED)
<BR><BR>[Calls]<UL><LI><a href="#[30]">&gt;&gt;</a>&nbsp;&nbsp;&nbsp;__aeabi_memset
</UL>

<P><STRONG><a name="[e5]"></a>strcat</STRONG> (Thumb, 24 bytes, Stack size 0 bytes, strcat.o(.text))
<BR><BR>[Called By]<UL><LI><a href="#[e4]">&gt;&gt;</a>&nbsp;&nbsp;&nbsp;WIFI_Connect
</UL>

<P><STRONG><a name="[df]"></a>strlen</STRONG> (Thumb, 14 bytes, Stack size 0 bytes, strlen.o(.text))
<BR><BR>[Called By]<UL><LI><a href="#[50]">&gt;&gt;</a>&nbsp;&nbsp;&nbsp;USART_TxStr
</UL>

<P><STRONG><a name="[32]"></a>__aeabi_fadd</STRONG> (Thumb, 162 bytes, Stack size 24 bytes, fadd.o(.text))
<BR><BR>[Stack]<UL><LI>Max Depth = 36<LI>Call Chain = __aeabi_fadd &rArr; _float_epilogue
</UL>
<BR>[Calls]<UL><LI><a href="#[34]">&gt;&gt;</a>&nbsp;&nbsp;&nbsp;_float_round
<LI><a href="#[33]">&gt;&gt;</a>&nbsp;&nbsp;&nbsp;_float_epilogue
</UL>
<BR>[Called By]<UL><LI><a href="#[35]">&gt;&gt;</a>&nbsp;&nbsp;&nbsp;__aeabi_fsub
<LI><a href="#[ab]">&gt;&gt;</a>&nbsp;&nbsp;&nbsp;TKSlideModuleSensorRenovate
<LI><a href="#[36]">&gt;&gt;</a>&nbsp;&nbsp;&nbsp;__aeabi_frsub
</UL>

<P><STRONG><a name="[35]"></a>__aeabi_fsub</STRONG> (Thumb, 8 bytes, Stack size 0 bytes, fadd.o(.text))
<BR><BR>[Stack]<UL><LI>Max Depth = 36<LI>Call Chain = __aeabi_fsub &rArr; __aeabi_fadd &rArr; _float_epilogue
</UL>
<BR>[Calls]<UL><LI><a href="#[32]">&gt;&gt;</a>&nbsp;&nbsp;&nbsp;__aeabi_fadd
</UL>
<BR>[Called By]<UL><LI><a href="#[ab]">&gt;&gt;</a>&nbsp;&nbsp;&nbsp;TKSlideModuleSensorRenovate
</UL>

<P><STRONG><a name="[36]"></a>__aeabi_frsub</STRONG> (Thumb, 8 bytes, Stack size 0 bytes, fadd.o(.text), UNUSED)
<BR><BR>[Calls]<UL><LI><a href="#[32]">&gt;&gt;</a>&nbsp;&nbsp;&nbsp;__aeabi_fadd
</UL>

<P><STRONG><a name="[ad]"></a>__aeabi_fmul</STRONG> (Thumb, 122 bytes, Stack size 16 bytes, fmul.o(.text))
<BR><BR>[Stack]<UL><LI>Max Depth = 16<LI>Call Chain = __aeabi_fmul
</UL>
<BR>[Called By]<UL><LI><a href="#[ab]">&gt;&gt;</a>&nbsp;&nbsp;&nbsp;TKSlideModuleSensorRenovate
</UL>

<P><STRONG><a name="[37]"></a>__aeabi_fdiv</STRONG> (Thumb, 124 bytes, Stack size 16 bytes, fdiv.o(.text))
<BR><BR>[Stack]<UL><LI>Max Depth = 16<LI>Call Chain = __aeabi_fdiv
</UL>
<BR>[Calls]<UL><LI><a href="#[34]">&gt;&gt;</a>&nbsp;&nbsp;&nbsp;_float_round
</UL>
<BR>[Called By]<UL><LI><a href="#[ab]">&gt;&gt;</a>&nbsp;&nbsp;&nbsp;TKSlideModuleSensorRenovate
</UL>

<P><STRONG><a name="[38]"></a>__aeabi_dadd</STRONG> (Thumb, 330 bytes, Stack size 48 bytes, dadd.o(.text))
<BR><BR>[Stack]<UL><LI>Max Depth = 104<LI>Call Chain = __aeabi_dadd &rArr; _double_epilogue &rArr; __aeabi_llsr
</UL>
<BR>[Calls]<UL><LI><a href="#[3a]">&gt;&gt;</a>&nbsp;&nbsp;&nbsp;__aeabi_lasr
<LI><a href="#[39]">&gt;&gt;</a>&nbsp;&nbsp;&nbsp;__aeabi_llsl
<LI><a href="#[3c]">&gt;&gt;</a>&nbsp;&nbsp;&nbsp;_double_round
<LI><a href="#[3b]">&gt;&gt;</a>&nbsp;&nbsp;&nbsp;_double_epilogue
</UL>
<BR>[Called By]<UL><LI><a href="#[3d]">&gt;&gt;</a>&nbsp;&nbsp;&nbsp;__aeabi_dsub
<LI><a href="#[3e]">&gt;&gt;</a>&nbsp;&nbsp;&nbsp;__aeabi_drsub
</UL>

<P><STRONG><a name="[3d]"></a>__aeabi_dsub</STRONG> (Thumb, 12 bytes, Stack size 8 bytes, dadd.o(.text))
<BR><BR>[Stack]<UL><LI>Max Depth = 112<LI>Call Chain = __aeabi_dsub &rArr; __aeabi_dadd &rArr; _double_epilogue &rArr; __aeabi_llsr
</UL>
<BR>[Calls]<UL><LI><a href="#[38]">&gt;&gt;</a>&nbsp;&nbsp;&nbsp;__aeabi_dadd
</UL>
<BR>[Called By]<UL><LI><a href="#[ab]">&gt;&gt;</a>&nbsp;&nbsp;&nbsp;TKSlideModuleSensorRenovate
</UL>

<P><STRONG><a name="[3e]"></a>__aeabi_drsub</STRONG> (Thumb, 12 bytes, Stack size 8 bytes, dadd.o(.text))
<BR><BR>[Stack]<UL><LI>Max Depth = 112<LI>Call Chain = __aeabi_drsub &rArr; __aeabi_dadd &rArr; _double_epilogue &rArr; __aeabi_llsr
</UL>
<BR>[Calls]<UL><LI><a href="#[38]">&gt;&gt;</a>&nbsp;&nbsp;&nbsp;__aeabi_dadd
</UL>
<BR>[Called By]<UL><LI><a href="#[ab]">&gt;&gt;</a>&nbsp;&nbsp;&nbsp;TKSlideModuleSensorRenovate
</UL>

<P><STRONG><a name="[3f]"></a>__aeabi_dmul</STRONG> (Thumb, 202 bytes, Stack size 72 bytes, dmul.o(.text))
<BR><BR>[Stack]<UL><LI>Max Depth = 128<LI>Call Chain = __aeabi_dmul &rArr; _double_epilogue &rArr; __aeabi_llsr
</UL>
<BR>[Calls]<UL><LI><a href="#[3b]">&gt;&gt;</a>&nbsp;&nbsp;&nbsp;_double_epilogue
</UL>
<BR>[Called By]<UL><LI><a href="#[ab]">&gt;&gt;</a>&nbsp;&nbsp;&nbsp;TKSlideModuleSensorRenovate
</UL>

<P><STRONG><a name="[40]"></a>__aeabi_ddiv</STRONG> (Thumb, 234 bytes, Stack size 40 bytes, ddiv.o(.text))
<BR><BR>[Stack]<UL><LI>Max Depth = 48<LI>Call Chain = __aeabi_ddiv &rArr; _double_round
</UL>
<BR>[Calls]<UL><LI><a href="#[3c]">&gt;&gt;</a>&nbsp;&nbsp;&nbsp;_double_round
</UL>
<BR>[Called By]<UL><LI><a href="#[ab]">&gt;&gt;</a>&nbsp;&nbsp;&nbsp;TKSlideModuleSensorRenovate
</UL>

<P><STRONG><a name="[41]"></a>__aeabi_i2f</STRONG> (Thumb, 22 bytes, Stack size 8 bytes, fflti.o(.text))
<BR><BR>[Stack]<UL><LI>Max Depth = 20<LI>Call Chain = __aeabi_i2f &rArr; _float_epilogue
</UL>
<BR>[Calls]<UL><LI><a href="#[33]">&gt;&gt;</a>&nbsp;&nbsp;&nbsp;_float_epilogue
</UL>
<BR>[Called By]<UL><LI><a href="#[ab]">&gt;&gt;</a>&nbsp;&nbsp;&nbsp;TKSlideModuleSensorRenovate
</UL>

<P><STRONG><a name="[42]"></a>__aeabi_ui2f</STRONG> (Thumb, 14 bytes, Stack size 8 bytes, ffltui.o(.text))
<BR><BR>[Stack]<UL><LI>Max Depth = 20<LI>Call Chain = __aeabi_ui2f &rArr; _float_epilogue
</UL>
<BR>[Calls]<UL><LI><a href="#[33]">&gt;&gt;</a>&nbsp;&nbsp;&nbsp;_float_epilogue
</UL>
<BR>[Called By]<UL><LI><a href="#[ab]">&gt;&gt;</a>&nbsp;&nbsp;&nbsp;TKSlideModuleSensorRenovate
</UL>

<P><STRONG><a name="[43]"></a>__aeabi_i2d</STRONG> (Thumb, 34 bytes, Stack size 16 bytes, dflti.o(.text))
<BR><BR>[Stack]<UL><LI>Max Depth = 72<LI>Call Chain = __aeabi_i2d &rArr; _double_epilogue &rArr; __aeabi_llsr
</UL>
<BR>[Calls]<UL><LI><a href="#[3b]">&gt;&gt;</a>&nbsp;&nbsp;&nbsp;_double_epilogue
</UL>
<BR>[Called By]<UL><LI><a href="#[ab]">&gt;&gt;</a>&nbsp;&nbsp;&nbsp;TKSlideModuleSensorRenovate
</UL>

<P><STRONG><a name="[44]"></a>__aeabi_ui2d</STRONG> (Thumb, 24 bytes, Stack size 16 bytes, dfltui.o(.text))
<BR><BR>[Stack]<UL><LI>Max Depth = 72<LI>Call Chain = __aeabi_ui2d &rArr; _double_epilogue &rArr; __aeabi_llsr
</UL>
<BR>[Calls]<UL><LI><a href="#[3b]">&gt;&gt;</a>&nbsp;&nbsp;&nbsp;_double_epilogue
</UL>
<BR>[Called By]<UL><LI><a href="#[ab]">&gt;&gt;</a>&nbsp;&nbsp;&nbsp;TKSlideModuleSensorRenovate
</UL>

<P><STRONG><a name="[ae]"></a>__aeabi_f2iz</STRONG> (Thumb, 50 bytes, Stack size 0 bytes, ffixi.o(.text))
<BR><BR>[Called By]<UL><LI><a href="#[ab]">&gt;&gt;</a>&nbsp;&nbsp;&nbsp;TKSlideModuleSensorRenovate
</UL>

<P><STRONG><a name="[b2]"></a>__aeabi_f2uiz</STRONG> (Thumb, 40 bytes, Stack size 0 bytes, ffixui.o(.text))
<BR><BR>[Called By]<UL><LI><a href="#[ab]">&gt;&gt;</a>&nbsp;&nbsp;&nbsp;TKSlideModuleSensorRenovate
</UL>

<P><STRONG><a name="[af]"></a>__aeabi_f2d</STRONG> (Thumb, 40 bytes, Stack size 0 bytes, f2d.o(.text))
<BR><BR>[Called By]<UL><LI><a href="#[ab]">&gt;&gt;</a>&nbsp;&nbsp;&nbsp;TKSlideModuleSensorRenovate
</UL>

<P><STRONG><a name="[45]"></a>__aeabi_d2f</STRONG> (Thumb, 56 bytes, Stack size 8 bytes, d2f.o(.text))
<BR><BR>[Stack]<UL><LI>Max Depth = 8<LI>Call Chain = __aeabi_d2f
</UL>
<BR>[Calls]<UL><LI><a href="#[34]">&gt;&gt;</a>&nbsp;&nbsp;&nbsp;_float_round
</UL>
<BR>[Called By]<UL><LI><a href="#[ab]">&gt;&gt;</a>&nbsp;&nbsp;&nbsp;TKSlideModuleSensorRenovate
</UL>

<P><STRONG><a name="[fc]"></a>__aeabi_cfcmpeq</STRONG> (Thumb, 0 bytes, Stack size 0 bytes, cfcmple.o(.text), UNUSED)

<P><STRONG><a name="[b1]"></a>__aeabi_cfcmple</STRONG> (Thumb, 20 bytes, Stack size 0 bytes, cfcmple.o(.text))
<BR><BR>[Called By]<UL><LI><a href="#[ab]">&gt;&gt;</a>&nbsp;&nbsp;&nbsp;TKSlideModuleSensorRenovate
</UL>

<P><STRONG><a name="[b0]"></a>__aeabi_cfrcmple</STRONG> (Thumb, 20 bytes, Stack size 0 bytes, cfrcmple.o(.text))
<BR><BR>[Called By]<UL><LI><a href="#[ab]">&gt;&gt;</a>&nbsp;&nbsp;&nbsp;TKSlideModuleSensorRenovate
</UL>

<P><STRONG><a name="[46]"></a>__aeabi_uldivmod</STRONG> (Thumb, 96 bytes, Stack size 48 bytes, uldiv.o(.text), UNUSED)
<BR><BR>[Calls]<UL><LI><a href="#[47]">&gt;&gt;</a>&nbsp;&nbsp;&nbsp;__aeabi_llsr
<LI><a href="#[39]">&gt;&gt;</a>&nbsp;&nbsp;&nbsp;__aeabi_llsl
</UL>
<BR>[Called By]<UL><LI><a href="#[e9]">&gt;&gt;</a>&nbsp;&nbsp;&nbsp;_printf_core
</UL>

<P><STRONG><a name="[39]"></a>__aeabi_llsl</STRONG> (Thumb, 32 bytes, Stack size 8 bytes, llshl.o(.text))
<BR><BR>[Stack]<UL><LI>Max Depth = 8<LI>Call Chain = __aeabi_llsl
</UL>
<BR>[Called By]<UL><LI><a href="#[46]">&gt;&gt;</a>&nbsp;&nbsp;&nbsp;__aeabi_uldivmod
<LI><a href="#[3b]">&gt;&gt;</a>&nbsp;&nbsp;&nbsp;_double_epilogue
<LI><a href="#[38]">&gt;&gt;</a>&nbsp;&nbsp;&nbsp;__aeabi_dadd
</UL>

<P><STRONG><a name="[fd]"></a>_ll_shift_l</STRONG> (Thumb, 0 bytes, Stack size 8 bytes, llshl.o(.text), UNUSED)

<P><STRONG><a name="[47]"></a>__aeabi_llsr</STRONG> (Thumb, 34 bytes, Stack size 8 bytes, llushr.o(.text))
<BR><BR>[Stack]<UL><LI>Max Depth = 8<LI>Call Chain = __aeabi_llsr
</UL>
<BR>[Called By]<UL><LI><a href="#[46]">&gt;&gt;</a>&nbsp;&nbsp;&nbsp;__aeabi_uldivmod
<LI><a href="#[3b]">&gt;&gt;</a>&nbsp;&nbsp;&nbsp;_double_epilogue
</UL>

<P><STRONG><a name="[fe]"></a>_ll_ushift_r</STRONG> (Thumb, 0 bytes, Stack size 8 bytes, llushr.o(.text), UNUSED)

<P><STRONG><a name="[3a]"></a>__aeabi_lasr</STRONG> (Thumb, 38 bytes, Stack size 8 bytes, llsshr.o(.text))
<BR><BR>[Stack]<UL><LI>Max Depth = 8<LI>Call Chain = __aeabi_lasr
</UL>
<BR>[Called By]<UL><LI><a href="#[38]">&gt;&gt;</a>&nbsp;&nbsp;&nbsp;__aeabi_dadd
</UL>

<P><STRONG><a name="[ff]"></a>_ll_sshift_r</STRONG> (Thumb, 0 bytes, Stack size 8 bytes, llsshr.o(.text), UNUSED)

<P><STRONG><a name="[100]"></a>__I$use$fp</STRONG> (Thumb, 0 bytes, Stack size 0 bytes, iusefp.o(.text), UNUSED)

<P><STRONG><a name="[34]"></a>_float_round</STRONG> (Thumb, 16 bytes, Stack size 0 bytes, fepilogue.o(.text))
<BR><BR>[Called By]<UL><LI><a href="#[37]">&gt;&gt;</a>&nbsp;&nbsp;&nbsp;__aeabi_fdiv
<LI><a href="#[32]">&gt;&gt;</a>&nbsp;&nbsp;&nbsp;__aeabi_fadd
<LI><a href="#[45]">&gt;&gt;</a>&nbsp;&nbsp;&nbsp;__aeabi_d2f
</UL>

<P><STRONG><a name="[33]"></a>_float_epilogue</STRONG> (Thumb, 114 bytes, Stack size 12 bytes, fepilogue.o(.text))
<BR><BR>[Stack]<UL><LI>Max Depth = 12<LI>Call Chain = _float_epilogue
</UL>
<BR>[Called By]<UL><LI><a href="#[42]">&gt;&gt;</a>&nbsp;&nbsp;&nbsp;__aeabi_ui2f
<LI><a href="#[41]">&gt;&gt;</a>&nbsp;&nbsp;&nbsp;__aeabi_i2f
<LI><a href="#[32]">&gt;&gt;</a>&nbsp;&nbsp;&nbsp;__aeabi_fadd
</UL>

<P><STRONG><a name="[3c]"></a>_double_round</STRONG> (Thumb, 26 bytes, Stack size 8 bytes, depilogue.o(.text))
<BR><BR>[Stack]<UL><LI>Max Depth = 8<LI>Call Chain = _double_round
</UL>
<BR>[Called By]<UL><LI><a href="#[40]">&gt;&gt;</a>&nbsp;&nbsp;&nbsp;__aeabi_ddiv
<LI><a href="#[3b]">&gt;&gt;</a>&nbsp;&nbsp;&nbsp;_double_epilogue
<LI><a href="#[38]">&gt;&gt;</a>&nbsp;&nbsp;&nbsp;__aeabi_dadd
</UL>

<P><STRONG><a name="[3b]"></a>_double_epilogue</STRONG> (Thumb, 164 bytes, Stack size 48 bytes, depilogue.o(.text))
<BR><BR>[Stack]<UL><LI>Max Depth = 56<LI>Call Chain = _double_epilogue &rArr; __aeabi_llsr
</UL>
<BR>[Calls]<UL><LI><a href="#[48]">&gt;&gt;</a>&nbsp;&nbsp;&nbsp;__ARM_clz
<LI><a href="#[47]">&gt;&gt;</a>&nbsp;&nbsp;&nbsp;__aeabi_llsr
<LI><a href="#[39]">&gt;&gt;</a>&nbsp;&nbsp;&nbsp;__aeabi_llsl
<LI><a href="#[3c]">&gt;&gt;</a>&nbsp;&nbsp;&nbsp;_double_round
</UL>
<BR>[Called By]<UL><LI><a href="#[44]">&gt;&gt;</a>&nbsp;&nbsp;&nbsp;__aeabi_ui2d
<LI><a href="#[3f]">&gt;&gt;</a>&nbsp;&nbsp;&nbsp;__aeabi_dmul
<LI><a href="#[43]">&gt;&gt;</a>&nbsp;&nbsp;&nbsp;__aeabi_i2d
<LI><a href="#[38]">&gt;&gt;</a>&nbsp;&nbsp;&nbsp;__aeabi_dadd
</UL>

<P><STRONG><a name="[2a]"></a>__scatterload</STRONG> (Thumb, 28 bytes, Stack size 0 bytes, init.o(.text))
<BR><BR>[Calls]<UL><LI><a href="#[49]">&gt;&gt;</a>&nbsp;&nbsp;&nbsp;__main_after_scatterload
</UL>
<BR>[Called By]<UL><LI><a href="#[29]">&gt;&gt;</a>&nbsp;&nbsp;&nbsp;_main_scatterload
</UL>

<P><STRONG><a name="[101]"></a>__scatterload_rt2</STRONG> (Thumb, 0 bytes, Stack size 0 bytes, init.o(.text), UNUSED)

<P><STRONG><a name="[4a]"></a>ADC_ClearFlag</STRONG> (Thumb, 4 bytes, Stack size 0 bytes, sc32f1xxx_adc.o(i.ADC_ClearFlag))
<BR><BR>[Called By]<UL><LI><a href="#[22]">&gt;&gt;</a>&nbsp;&nbsp;&nbsp;ADC_IRQHandler
</UL>

<P><STRONG><a name="[6f]"></a>ADC_Cmd</STRONG> (Thumb, 28 bytes, Stack size 0 bytes, sc32f1xxx_adc.o(i.ADC_Cmd))
<BR><BR>[Called By]<UL><LI><a href="#[68]">&gt;&gt;</a>&nbsp;&nbsp;&nbsp;SC_ADC_Init
</UL>

<P><STRONG><a name="[6c]"></a>ADC_DMACmd</STRONG> (Thumb, 28 bytes, Stack size 0 bytes, sc32f1xxx_adc.o(i.ADC_DMACmd))
<BR><BR>[Called By]<UL><LI><a href="#[68]">&gt;&gt;</a>&nbsp;&nbsp;&nbsp;SC_ADC_Init
</UL>

<P><STRONG><a name="[22]"></a>ADC_IRQHandler</STRONG> (Thumb, 12 bytes, Stack size 8 bytes, sc_it.o(i.ADC_IRQHandler))
<BR><BR>[Stack]<UL><LI>Max Depth = 8<LI>Call Chain = ADC_IRQHandler
</UL>
<BR>[Calls]<UL><LI><a href="#[4a]">&gt;&gt;</a>&nbsp;&nbsp;&nbsp;ADC_ClearFlag
</UL>
<BR>[Address Reference Count : 1]<UL><LI> startup_sc32f10xx.o(RESET)
</UL>
<P><STRONG><a name="[6b]"></a>ADC_ITConfig</STRONG> (Thumb, 20 bytes, Stack size 0 bytes, sc32f1xxx_adc.o(i.ADC_ITConfig))
<BR><BR>[Called By]<UL><LI><a href="#[68]">&gt;&gt;</a>&nbsp;&nbsp;&nbsp;SC_ADC_Init
</UL>

<P><STRONG><a name="[69]"></a>ADC_Init</STRONG> (Thumb, 28 bytes, Stack size 8 bytes, sc32f1xxx_adc.o(i.ADC_Init))
<BR><BR>[Stack]<UL><LI>Max Depth = 8<LI>Call Chain = ADC_Init
</UL>
<BR>[Called By]<UL><LI><a href="#[68]">&gt;&gt;</a>&nbsp;&nbsp;&nbsp;SC_ADC_Init
</UL>

<P><STRONG><a name="[6a]"></a>ADC_SetChannel</STRONG> (Thumb, 18 bytes, Stack size 0 bytes, sc32f1xxx_adc.o(i.ADC_SetChannel))
<BR><BR>[Called By]<UL><LI><a href="#[68]">&gt;&gt;</a>&nbsp;&nbsp;&nbsp;SC_ADC_Init
</UL>

<P><STRONG><a name="[f]"></a>BTM_IRQHandler</STRONG> (Thumb, 2 bytes, Stack size 0 bytes, sc_it.o(i.BTM_IRQHandler))
<BR>[Address Reference Count : 1]<UL><LI> startup_sc32f10xx.o(RESET)
</UL>
<P><STRONG><a name="[4b]"></a>Buzzer_SetVolume</STRONG> (Thumb, 16 bytes, Stack size 8 bytes, buzzer.o(i.Buzzer_SetVolume))
<BR><BR>[Stack]<UL><LI>Max Depth = 8<LI>Call Chain = Buzzer_SetVolume
</UL>
<BR>[Calls]<UL><LI><a href="#[4c]">&gt;&gt;</a>&nbsp;&nbsp;&nbsp;TIM_PWMSetDuty
</UL>
<BR>[Called By]<UL><LI><a href="#[25]">&gt;&gt;</a>&nbsp;&nbsp;&nbsp;main
</UL>

<P><STRONG><a name="[4d]"></a>CLR_Buf2</STRONG> (Thumb, 18 bytes, Stack size 8 bytes, mqtt.o(i.CLR_Buf2))
<BR><BR>[Stack]<UL><LI>Max Depth = 8<LI>Call Chain = CLR_Buf2
</UL>
<BR>[Calls]<UL><LI><a href="#[2f]">&gt;&gt;</a>&nbsp;&nbsp;&nbsp;__aeabi_memclr
</UL>
<BR>[Called By]<UL><LI><a href="#[59]">&gt;&gt;</a>&nbsp;&nbsp;&nbsp;wait_OK
<LI><a href="#[e7]">&gt;&gt;</a>&nbsp;&nbsp;&nbsp;WIFI_Rst
</UL>

<P><STRONG><a name="[23]"></a>CMP_IRQHandler</STRONG> (Thumb, 2 bytes, Stack size 0 bytes, sc_it.o(i.CMP_IRQHandler))
<BR>[Address Reference Count : 1]<UL><LI> startup_sc32f10xx.o(RESET)
</UL>
<P><STRONG><a name="[4e]"></a>Client_Connect</STRONG> (Thumb, 34 bytes, Stack size 104 bytes, mqtt.o(i.Client_Connect))
<BR><BR>[Stack]<UL><LI>Max Depth = 136<LI>Call Chain = Client_Connect &rArr; USART_TxStr &rArr; UART_DMA_Send
</UL>
<BR>[Calls]<UL><LI><a href="#[4f]">&gt;&gt;</a>&nbsp;&nbsp;&nbsp;__aeabi_memcpy4
<LI><a href="#[50]">&gt;&gt;</a>&nbsp;&nbsp;&nbsp;USART_TxStr
</UL>
<BR>[Called By]<UL><LI><a href="#[e6]">&gt;&gt;</a>&nbsp;&nbsp;&nbsp;WIFI_Init
</UL>

<P><STRONG><a name="[51]"></a>Client_Subscribe</STRONG> (Thumb, 34 bytes, Stack size 104 bytes, mqtt.o(i.Client_Subscribe))
<BR><BR>[Stack]<UL><LI>Max Depth = 136<LI>Call Chain = Client_Subscribe &rArr; USART_TxStr &rArr; UART_DMA_Send
</UL>
<BR>[Calls]<UL><LI><a href="#[4f]">&gt;&gt;</a>&nbsp;&nbsp;&nbsp;__aeabi_memcpy4
<LI><a href="#[50]">&gt;&gt;</a>&nbsp;&nbsp;&nbsp;USART_TxStr
</UL>
<BR>[Called By]<UL><LI><a href="#[e6]">&gt;&gt;</a>&nbsp;&nbsp;&nbsp;WIFI_Init
</UL>

<P><STRONG><a name="[52]"></a>Connect_Aliyun_Server</STRONG> (Thumb, 34 bytes, Stack size 104 bytes, mqtt.o(i.Connect_Aliyun_Server))
<BR><BR>[Stack]<UL><LI>Max Depth = 136<LI>Call Chain = Connect_Aliyun_Server &rArr; USART_TxStr &rArr; UART_DMA_Send
</UL>
<BR>[Calls]<UL><LI><a href="#[4f]">&gt;&gt;</a>&nbsp;&nbsp;&nbsp;__aeabi_memcpy4
<LI><a href="#[50]">&gt;&gt;</a>&nbsp;&nbsp;&nbsp;USART_TxStr
</UL>
<BR>[Called By]<UL><LI><a href="#[e6]">&gt;&gt;</a>&nbsp;&nbsp;&nbsp;WIFI_Init
</UL>

<P><STRONG><a name="[14]"></a>DMA0_IRQHandler</STRONG> (Thumb, 16 bytes, Stack size 8 bytes, sc_it.o(i.DMA0_IRQHandler))
<BR><BR>[Stack]<UL><LI>Max Depth = 16<LI>Call Chain = DMA0_IRQHandler &rArr; TIM_TI_DMA_DMA0Handler
</UL>
<BR>[Calls]<UL><LI><a href="#[53]">&gt;&gt;</a>&nbsp;&nbsp;&nbsp;TIM_TI_DMA_DMA0Handler
<LI><a href="#[54]">&gt;&gt;</a>&nbsp;&nbsp;&nbsp;DMA_ClearFlag
</UL>
<BR>[Address Reference Count : 1]<UL><LI> startup_sc32f10xx.o(RESET)
</UL>
<P><STRONG><a name="[15]"></a>DMA1_IRQHandler</STRONG> (Thumb, 12 bytes, Stack size 8 bytes, sc_it.o(i.DMA1_IRQHandler))
<BR><BR>[Stack]<UL><LI>Max Depth = 8<LI>Call Chain = DMA1_IRQHandler
</UL>
<BR>[Calls]<UL><LI><a href="#[54]">&gt;&gt;</a>&nbsp;&nbsp;&nbsp;DMA_ClearFlag
</UL>
<BR>[Address Reference Count : 1]<UL><LI> startup_sc32f10xx.o(RESET)
</UL>
<P><STRONG><a name="[16]"></a>DMA2_IRQHandler</STRONG> (Thumb, 2 bytes, Stack size 0 bytes, sc_it.o(i.DMA2_IRQHandler))
<BR>[Address Reference Count : 1]<UL><LI> startup_sc32f10xx.o(RESET)
</UL>
<P><STRONG><a name="[17]"></a>DMA3_IRQHandler</STRONG> (Thumb, 2 bytes, Stack size 0 bytes, sc_it.o(i.DMA3_IRQHandler))
<BR>[Address Reference Count : 1]<UL><LI> startup_sc32f10xx.o(RESET)
</UL>
<P><STRONG><a name="[54]"></a>DMA_ClearFlag</STRONG> (Thumb, 4 bytes, Stack size 0 bytes, sc32f1xxx_dma.o(i.DMA_ClearFlag))
<BR><BR>[Called By]<UL><LI><a href="#[53]">&gt;&gt;</a>&nbsp;&nbsp;&nbsp;TIM_TI_DMA_DMA0Handler
<LI><a href="#[15]">&gt;&gt;</a>&nbsp;&nbsp;&nbsp;DMA1_IRQHandler
<LI><a href="#[14]">&gt;&gt;</a>&nbsp;&nbsp;&nbsp;DMA0_IRQHandler
<LI><a href="#[dc]">&gt;&gt;</a>&nbsp;&nbsp;&nbsp;UART_DMA_Send
</UL>

<P><STRONG><a name="[75]"></a>DMA_Cmd</STRONG> (Thumb, 24 bytes, Stack size 0 bytes, sc32f1xxx_dma.o(i.DMA_Cmd))
<BR><BR>[Called By]<UL><LI><a href="#[a9]">&gt;&gt;</a>&nbsp;&nbsp;&nbsp;UART_DMA_Receive
<LI><a href="#[76]">&gt;&gt;</a>&nbsp;&nbsp;&nbsp;SC_DMA1_Init
<LI><a href="#[70]">&gt;&gt;</a>&nbsp;&nbsp;&nbsp;SC_DMA0_Init
</UL>

<P><STRONG><a name="[74]"></a>DMA_DMACmd</STRONG> (Thumb, 20 bytes, Stack size 0 bytes, sc32f1xxx_dma.o(i.DMA_DMACmd))
<BR><BR>[Called By]<UL><LI><a href="#[76]">&gt;&gt;</a>&nbsp;&nbsp;&nbsp;SC_DMA1_Init
<LI><a href="#[70]">&gt;&gt;</a>&nbsp;&nbsp;&nbsp;SC_DMA0_Init
</UL>

<P><STRONG><a name="[da]"></a>DMA_GetCurrDataCounter</STRONG> (Thumb, 6 bytes, Stack size 0 bytes, sc32f1xxx_dma.o(i.DMA_GetCurrDataCounter))
<BR><BR>[Called By]<UL><LI><a href="#[a9]">&gt;&gt;</a>&nbsp;&nbsp;&nbsp;UART_DMA_Receive
</UL>

<P><STRONG><a name="[aa]"></a>DMA_GetFlagStatus</STRONG> (Thumb, 20 bytes, Stack size 0 bytes, sc32f1xxx_dma.o(i.DMA_GetFlagStatus))
<BR><BR>[Called By]<UL><LI><a href="#[53]">&gt;&gt;</a>&nbsp;&nbsp;&nbsp;TIM_TI_DMA_DMA0Handler
<LI><a href="#[dc]">&gt;&gt;</a>&nbsp;&nbsp;&nbsp;UART_DMA_Send
</UL>

<P><STRONG><a name="[73]"></a>DMA_ITConfig</STRONG> (Thumb, 20 bytes, Stack size 0 bytes, sc32f1xxx_dma.o(i.DMA_ITConfig))
<BR><BR>[Called By]<UL><LI><a href="#[76]">&gt;&gt;</a>&nbsp;&nbsp;&nbsp;SC_DMA1_Init
<LI><a href="#[70]">&gt;&gt;</a>&nbsp;&nbsp;&nbsp;SC_DMA0_Init
</UL>

<P><STRONG><a name="[72]"></a>DMA_Init</STRONG> (Thumb, 52 bytes, Stack size 8 bytes, sc32f1xxx_dma.o(i.DMA_Init))
<BR><BR>[Stack]<UL><LI>Max Depth = 8<LI>Call Chain = DMA_Init
</UL>
<BR>[Called By]<UL><LI><a href="#[76]">&gt;&gt;</a>&nbsp;&nbsp;&nbsp;SC_DMA1_Init
<LI><a href="#[70]">&gt;&gt;</a>&nbsp;&nbsp;&nbsp;SC_DMA0_Init
</UL>

<P><STRONG><a name="[db]"></a>DMA_SetCurrDataCounter</STRONG> (Thumb, 4 bytes, Stack size 0 bytes, sc32f1xxx_dma.o(i.DMA_SetCurrDataCounter))
<BR><BR>[Called By]<UL><LI><a href="#[dc]">&gt;&gt;</a>&nbsp;&nbsp;&nbsp;UART_DMA_Send
<LI><a href="#[a9]">&gt;&gt;</a>&nbsp;&nbsp;&nbsp;UART_DMA_Receive
</UL>

<P><STRONG><a name="[de]"></a>DMA_SoftwareTrigger</STRONG> (Thumb, 8 bytes, Stack size 0 bytes, sc32f1xxx_dma.o(i.DMA_SoftwareTrigger))
<BR><BR>[Called By]<UL><LI><a href="#[dc]">&gt;&gt;</a>&nbsp;&nbsp;&nbsp;UART_DMA_Send
</UL>

<P><STRONG><a name="[ed]"></a>DataProcessing</STRONG> (Thumb, 44 bytes, Stack size 0 bytes, main.o(i.DataProcessing))
<BR><BR>[Called By]<UL><LI><a href="#[25]">&gt;&gt;</a>&nbsp;&nbsp;&nbsp;main
</UL>

<P><STRONG><a name="[55]"></a>Delay_ms</STRONG> (Thumb, 24 bytes, Stack size 16 bytes, main.o(i.Delay_ms))
<BR><BR>[Stack]<UL><LI>Max Depth = 24<LI>Call Chain = Delay_ms &rArr; Delay_us
</UL>
<BR>[Calls]<UL><LI><a href="#[56]">&gt;&gt;</a>&nbsp;&nbsp;&nbsp;Delay_us
</UL>
<BR>[Called By]<UL><LI><a href="#[e1]">&gt;&gt;</a>&nbsp;&nbsp;&nbsp;UpdateDisplay
<LI><a href="#[e7]">&gt;&gt;</a>&nbsp;&nbsp;&nbsp;WIFI_Rst
</UL>

<P><STRONG><a name="[56]"></a>Delay_us</STRONG> (Thumb, 38 bytes, Stack size 8 bytes, main.o(i.Delay_us))
<BR><BR>[Stack]<UL><LI>Max Depth = 8<LI>Call Chain = Delay_us
</UL>
<BR>[Calls]<UL><LI><a href="#[57]">&gt;&gt;</a>&nbsp;&nbsp;&nbsp;TIM_Cmd
</UL>
<BR>[Called By]<UL><LI><a href="#[55]">&gt;&gt;</a>&nbsp;&nbsp;&nbsp;Delay_ms
<LI><a href="#[59]">&gt;&gt;</a>&nbsp;&nbsp;&nbsp;wait_OK
</UL>

<P><STRONG><a name="[78]"></a>GPIO_Init</STRONG> (Thumb, 112 bytes, Stack size 16 bytes, sc32f1xxx_gpio.o(i.GPIO_Init))
<BR><BR>[Stack]<UL><LI>Max Depth = 16<LI>Call Chain = GPIO_Init
</UL>
<BR>[Called By]<UL><LI><a href="#[7d]">&gt;&gt;</a>&nbsp;&nbsp;&nbsp;SC_UART2_Init
<LI><a href="#[7c]">&gt;&gt;</a>&nbsp;&nbsp;&nbsp;SC_UART1_Init
<LI><a href="#[7e]">&gt;&gt;</a>&nbsp;&nbsp;&nbsp;SC_TWI0_Init
<LI><a href="#[77]">&gt;&gt;</a>&nbsp;&nbsp;&nbsp;SC_GPIO_Init
</UL>

<P><STRONG><a name="[d8]"></a>GPIO_ResetBits</STRONG> (Thumb, 34 bytes, Stack size 8 bytes, sc32f1xxx_gpio.o(i.GPIO_ResetBits))
<BR><BR>[Stack]<UL><LI>Max Depth = 8<LI>Call Chain = GPIO_ResetBits
</UL>
<BR>[Called By]<UL><LI><a href="#[d3]">&gt;&gt;</a>&nbsp;&nbsp;&nbsp;UART2_Handler
<LI><a href="#[25]">&gt;&gt;</a>&nbsp;&nbsp;&nbsp;main
</UL>

<P><STRONG><a name="[e3]"></a>GPIO_SetBits</STRONG> (Thumb, 34 bytes, Stack size 8 bytes, sc32f1xxx_gpio.o(i.GPIO_SetBits))
<BR><BR>[Stack]<UL><LI>Max Depth = 8<LI>Call Chain = GPIO_SetBits
</UL>
<BR>[Called By]<UL><LI><a href="#[e1]">&gt;&gt;</a>&nbsp;&nbsp;&nbsp;UpdateDisplay
</UL>

<P><STRONG><a name="[e2]"></a>GPIO_TogglePins</STRONG> (Thumb, 44 bytes, Stack size 12 bytes, sc32f1xxx_gpio.o(i.GPIO_TogglePins))
<BR><BR>[Stack]<UL><LI>Max Depth = 12<LI>Call Chain = GPIO_TogglePins
</UL>
<BR>[Called By]<UL><LI><a href="#[25]">&gt;&gt;</a>&nbsp;&nbsp;&nbsp;main
<LI><a href="#[e1]">&gt;&gt;</a>&nbsp;&nbsp;&nbsp;UpdateDisplay
</UL>

<P><STRONG><a name="[ec]"></a>Get_Init_Flag</STRONG> (Thumb, 6 bytes, Stack size 0 bytes, mqtt.o(i.Get_Init_Flag))
<BR><BR>[Called By]<UL><LI><a href="#[25]">&gt;&gt;</a>&nbsp;&nbsp;&nbsp;main
</UL>

<P><STRONG><a name="[58]"></a>Get_Ntp_Time</STRONG> (Thumb, 40 bytes, Stack size 104 bytes, mqtt.o(i.Get_Ntp_Time))
<BR><BR>[Stack]<UL><LI>Max Depth = 152<LI>Call Chain = Get_Ntp_Time &rArr; wait_OK &rArr; USART_TxStr &rArr; UART_DMA_Send
</UL>
<BR>[Calls]<UL><LI><a href="#[4f]">&gt;&gt;</a>&nbsp;&nbsp;&nbsp;__aeabi_memcpy4
<LI><a href="#[59]">&gt;&gt;</a>&nbsp;&nbsp;&nbsp;wait_OK
<LI><a href="#[50]">&gt;&gt;</a>&nbsp;&nbsp;&nbsp;USART_TxStr
</UL>
<BR>[Called By]<UL><LI><a href="#[e6]">&gt;&gt;</a>&nbsp;&nbsp;&nbsp;WIFI_Init
</UL>

<P><STRONG><a name="[5a]"></a>Get_Weather</STRONG> (Thumb, 44 bytes, Stack size 8 bytes, mqtt.o(i.Get_Weather))
<BR><BR>[Stack]<UL><LI>Max Depth = 32<LI>Call Chain = Get_Weather &rArr; __2printf
</UL>
<BR>[Calls]<UL><LI><a href="#[5b]">&gt;&gt;</a>&nbsp;&nbsp;&nbsp;__2printf
</UL>
<BR>[Called By]<UL><LI><a href="#[25]">&gt;&gt;</a>&nbsp;&nbsp;&nbsp;main
</UL>

<P><STRONG><a name="[a]"></a>INT0_IRQHandler</STRONG> (Thumb, 2 bytes, Stack size 0 bytes, sc_it.o(i.INT0_IRQHandler))
<BR>[Address Reference Count : 1]<UL><LI> startup_sc32f10xx.o(RESET)
</UL>
<P><STRONG><a name="[d]"></a>INT12_15_IRQHandler</STRONG> (Thumb, 2 bytes, Stack size 0 bytes, sc_it.o(i.INT12_15_IRQHandler))
<BR>[Address Reference Count : 1]<UL><LI> startup_sc32f10xx.o(RESET)
</UL>
<P><STRONG><a name="[b]"></a>INT1_7_IRQHandler</STRONG> (Thumb, 2 bytes, Stack size 0 bytes, sc_it.o(i.INT1_7_IRQHandler))
<BR>[Address Reference Count : 1]<UL><LI> startup_sc32f10xx.o(RESET)
</UL>
<P><STRONG><a name="[c]"></a>INT8_11_IRQHandler</STRONG> (Thumb, 2 bytes, Stack size 0 bytes, sc_it.o(i.INT8_11_IRQHandler))
<BR>[Address Reference Count : 1]<UL><LI> startup_sc32f10xx.o(RESET)
</UL>
<P><STRONG><a name="[5c]"></a>IcResourceInit</STRONG> (Thumb, 8 bytes, Stack size 8 bytes, compctrldefine.o(i.IcResourceInit))
<BR><BR>[Stack]<UL><LI>Max Depth = 176<LI>Call Chain = IcResourceInit &rArr; SC_Init &rArr; SC_GPIO_Init &rArr; GPIO_Init
</UL>
<BR>[Calls]<UL><LI><a href="#[5d]">&gt;&gt;</a>&nbsp;&nbsp;&nbsp;SC_Init
</UL>
<BR>[Called By]<UL><LI><a href="#[25]">&gt;&gt;</a>&nbsp;&nbsp;&nbsp;main
</UL>

<P><STRONG><a name="[1f]"></a>LEDPWM_IRQHandler</STRONG> (Thumb, 2 bytes, Stack size 0 bytes, sc_it.o(i.LEDPWM_IRQHandler))
<BR>[Address Reference Count : 1]<UL><LI> startup_sc32f10xx.o(RESET)
</UL>
<P><STRONG><a name="[5e]"></a>Login_URL</STRONG> (Thumb, 34 bytes, Stack size 104 bytes, mqtt.o(i.Login_URL))
<BR><BR>[Stack]<UL><LI>Max Depth = 136<LI>Call Chain = Login_URL &rArr; USART_TxStr &rArr; UART_DMA_Send
</UL>
<BR>[Calls]<UL><LI><a href="#[4f]">&gt;&gt;</a>&nbsp;&nbsp;&nbsp;__aeabi_memcpy4
<LI><a href="#[50]">&gt;&gt;</a>&nbsp;&nbsp;&nbsp;USART_TxStr
</UL>
<BR>[Called By]<UL><LI><a href="#[e6]">&gt;&gt;</a>&nbsp;&nbsp;&nbsp;WIFI_Init
</UL>

<P><STRONG><a name="[1e]"></a>PWM0_IRQHandler</STRONG> (Thumb, 12 bytes, Stack size 8 bytes, sc_it.o(i.PWM0_IRQHandler))
<BR><BR>[Stack]<UL><LI>Max Depth = 8<LI>Call Chain = PWM0_IRQHandler
</UL>
<BR>[Calls]<UL><LI><a href="#[5f]">&gt;&gt;</a>&nbsp;&nbsp;&nbsp;PWM_ClearFlag
</UL>
<BR>[Address Reference Count : 1]<UL><LI> startup_sc32f10xx.o(RESET)
</UL>
<P><STRONG><a name="[5f]"></a>PWM_ClearFlag</STRONG> (Thumb, 4 bytes, Stack size 0 bytes, sc32f1xxx_pwm.o(i.PWM_ClearFlag))
<BR><BR>[Called By]<UL><LI><a href="#[1e]">&gt;&gt;</a>&nbsp;&nbsp;&nbsp;PWM0_IRQHandler
</UL>

<P><STRONG><a name="[89]"></a>PWM_Cmd</STRONG> (Thumb, 24 bytes, Stack size 0 bytes, sc32f1xxx_pwm.o(i.PWM_Cmd))
<BR><BR>[Called By]<UL><LI><a href="#[82]">&gt;&gt;</a>&nbsp;&nbsp;&nbsp;SC_PWM0_Init
</UL>

<P><STRONG><a name="[87]"></a>PWM_FDCmd</STRONG> (Thumb, 24 bytes, Stack size 0 bytes, sc32f1xxx_pwm.o(i.PWM_FDCmd))
<BR><BR>[Called By]<UL><LI><a href="#[82]">&gt;&gt;</a>&nbsp;&nbsp;&nbsp;SC_PWM0_Init
</UL>

<P><STRONG><a name="[86]"></a>PWM_FDInit</STRONG> (Thumb, 26 bytes, Stack size 0 bytes, sc32f1xxx_pwm.o(i.PWM_FDInit))
<BR><BR>[Called By]<UL><LI><a href="#[82]">&gt;&gt;</a>&nbsp;&nbsp;&nbsp;SC_PWM0_Init
</UL>

<P><STRONG><a name="[88]"></a>PWM_ITConfig</STRONG> (Thumb, 26 bytes, Stack size 8 bytes, sc32f1xxx_pwm.o(i.PWM_ITConfig))
<BR><BR>[Stack]<UL><LI>Max Depth = 8<LI>Call Chain = PWM_ITConfig
</UL>
<BR>[Called By]<UL><LI><a href="#[82]">&gt;&gt;</a>&nbsp;&nbsp;&nbsp;SC_PWM0_Init
</UL>

<P><STRONG><a name="[85]"></a>PWM_Init</STRONG> (Thumb, 40 bytes, Stack size 8 bytes, sc32f1xxx_pwm.o(i.PWM_Init))
<BR><BR>[Stack]<UL><LI>Max Depth = 8<LI>Call Chain = PWM_Init
</UL>
<BR>[Called By]<UL><LI><a href="#[82]">&gt;&gt;</a>&nbsp;&nbsp;&nbsp;SC_PWM0_Init
</UL>

<P><STRONG><a name="[84]"></a>PWM_SetDuty</STRONG> (Thumb, 38 bytes, Stack size 16 bytes, sc32f1xxx_pwm.o(i.PWM_SetDuty))
<BR><BR>[Stack]<UL><LI>Max Depth = 16<LI>Call Chain = PWM_SetDuty
</UL>
<BR>[Called By]<UL><LI><a href="#[82]">&gt;&gt;</a>&nbsp;&nbsp;&nbsp;SC_PWM0_Init
</UL>

<P><STRONG><a name="[71]"></a>RCC_AHBPeriphClockCmd</STRONG> (Thumb, 28 bytes, Stack size 0 bytes, sc32f1xxx_rcc.o(i.RCC_AHBPeriphClockCmd))
<BR><BR>[Called By]<UL><LI><a href="#[76]">&gt;&gt;</a>&nbsp;&nbsp;&nbsp;SC_DMA1_Init
<LI><a href="#[70]">&gt;&gt;</a>&nbsp;&nbsp;&nbsp;SC_DMA0_Init
</UL>

<P><STRONG><a name="[8c]"></a>RCC_APB0Cmd</STRONG> (Thumb, 36 bytes, Stack size 0 bytes, sc32f1xxx_rcc.o(i.RCC_APB0Cmd))
<BR><BR>[Called By]<UL><LI><a href="#[7a]">&gt;&gt;</a>&nbsp;&nbsp;&nbsp;SC_RCC_Init
</UL>

<P><STRONG><a name="[8b]"></a>RCC_APB0Config</STRONG> (Thumb, 24 bytes, Stack size 0 bytes, sc32f1xxx_rcc.o(i.RCC_APB0Config))
<BR><BR>[Called By]<UL><LI><a href="#[7a]">&gt;&gt;</a>&nbsp;&nbsp;&nbsp;SC_RCC_Init
</UL>

<P><STRONG><a name="[83]"></a>RCC_APB0PeriphClockCmd</STRONG> (Thumb, 28 bytes, Stack size 0 bytes, sc32f1xxx_rcc.o(i.RCC_APB0PeriphClockCmd))
<BR><BR>[Called By]<UL><LI><a href="#[7c]">&gt;&gt;</a>&nbsp;&nbsp;&nbsp;SC_UART1_Init
<LI><a href="#[7e]">&gt;&gt;</a>&nbsp;&nbsp;&nbsp;SC_TWI0_Init
<LI><a href="#[81]">&gt;&gt;</a>&nbsp;&nbsp;&nbsp;SC_TIM3_Init
<LI><a href="#[80]">&gt;&gt;</a>&nbsp;&nbsp;&nbsp;SC_TIM2_Init
<LI><a href="#[7f]">&gt;&gt;</a>&nbsp;&nbsp;&nbsp;SC_TIM1_Init
<LI><a href="#[82]">&gt;&gt;</a>&nbsp;&nbsp;&nbsp;SC_PWM0_Init
</UL>

<P><STRONG><a name="[8e]"></a>RCC_APB1Cmd</STRONG> (Thumb, 36 bytes, Stack size 0 bytes, sc32f1xxx_rcc.o(i.RCC_APB1Cmd))
<BR><BR>[Called By]<UL><LI><a href="#[7a]">&gt;&gt;</a>&nbsp;&nbsp;&nbsp;SC_RCC_Init
</UL>

<P><STRONG><a name="[8d]"></a>RCC_APB1Config</STRONG> (Thumb, 24 bytes, Stack size 0 bytes, sc32f1xxx_rcc.o(i.RCC_APB1Config))
<BR><BR>[Called By]<UL><LI><a href="#[7a]">&gt;&gt;</a>&nbsp;&nbsp;&nbsp;SC_RCC_Init
</UL>

<P><STRONG><a name="[a4]"></a>RCC_APB1PeriphClockCmd</STRONG> (Thumb, 28 bytes, Stack size 0 bytes, sc32f1xxx_rcc.o(i.RCC_APB1PeriphClockCmd))
<BR><BR>[Called By]<UL><LI><a href="#[7d]">&gt;&gt;</a>&nbsp;&nbsp;&nbsp;SC_UART2_Init
</UL>

<P><STRONG><a name="[90]"></a>RCC_APB2Cmd</STRONG> (Thumb, 36 bytes, Stack size 0 bytes, sc32f1xxx_rcc.o(i.RCC_APB2Cmd))
<BR><BR>[Called By]<UL><LI><a href="#[c2]">&gt;&gt;</a>&nbsp;&nbsp;&nbsp;TK_Init
<LI><a href="#[7a]">&gt;&gt;</a>&nbsp;&nbsp;&nbsp;SC_RCC_Init
</UL>

<P><STRONG><a name="[8f]"></a>RCC_APB2Config</STRONG> (Thumb, 24 bytes, Stack size 0 bytes, sc32f1xxx_rcc.o(i.RCC_APB2Config))
<BR><BR>[Called By]<UL><LI><a href="#[7a]">&gt;&gt;</a>&nbsp;&nbsp;&nbsp;SC_RCC_Init
</UL>

<P><STRONG><a name="[8a]"></a>RCC_HCLKConfig</STRONG> (Thumb, 24 bytes, Stack size 0 bytes, sc32f1xxx_rcc.o(i.RCC_HCLKConfig))
<BR><BR>[Called By]<UL><LI><a href="#[7a]">&gt;&gt;</a>&nbsp;&nbsp;&nbsp;SC_RCC_Init
</UL>

<P><STRONG><a name="[60]"></a>RCC_HIRCCmd</STRONG> (Thumb, 42 bytes, Stack size 4 bytes, sc32f1xxx_rcc.o(i.RCC_HIRCCmd))
<BR><BR>[Stack]<UL><LI>Max Depth = 4<LI>Call Chain = RCC_HIRCCmd
</UL>
<BR>[Calls]<UL><LI><a href="#[61]">&gt;&gt;</a>&nbsp;&nbsp;&nbsp;RCC_Unlock
</UL>
<BR>[Called By]<UL><LI><a href="#[7a]">&gt;&gt;</a>&nbsp;&nbsp;&nbsp;SC_RCC_Init
</UL>

<P><STRONG><a name="[62]"></a>RCC_HXTCmd</STRONG> (Thumb, 42 bytes, Stack size 4 bytes, sc32f1xxx_rcc.o(i.RCC_HXTCmd))
<BR><BR>[Stack]<UL><LI>Max Depth = 4<LI>Call Chain = RCC_HXTCmd
</UL>
<BR>[Calls]<UL><LI><a href="#[61]">&gt;&gt;</a>&nbsp;&nbsp;&nbsp;RCC_Unlock
</UL>
<BR>[Called By]<UL><LI><a href="#[7a]">&gt;&gt;</a>&nbsp;&nbsp;&nbsp;SC_RCC_Init
</UL>

<P><STRONG><a name="[e]"></a>RCC_IRQHandler</STRONG> (Thumb, 2 bytes, Stack size 0 bytes, sc_it.o(i.RCC_IRQHandler))
<BR>[Address Reference Count : 1]<UL><LI> startup_sc32f10xx.o(RESET)
</UL>
<P><STRONG><a name="[63]"></a>RCC_ITConfig</STRONG> (Thumb, 46 bytes, Stack size 4 bytes, sc32f1xxx_rcc.o(i.RCC_ITConfig))
<BR><BR>[Stack]<UL><LI>Max Depth = 4<LI>Call Chain = RCC_ITConfig
</UL>
<BR>[Calls]<UL><LI><a href="#[61]">&gt;&gt;</a>&nbsp;&nbsp;&nbsp;RCC_Unlock
</UL>
<BR>[Called By]<UL><LI><a href="#[7a]">&gt;&gt;</a>&nbsp;&nbsp;&nbsp;SC_RCC_Init
</UL>

<P><STRONG><a name="[64]"></a>RCC_LIRCCmd</STRONG> (Thumb, 42 bytes, Stack size 4 bytes, sc32f1xxx_rcc.o(i.RCC_LIRCCmd))
<BR><BR>[Stack]<UL><LI>Max Depth = 4<LI>Call Chain = RCC_LIRCCmd
</UL>
<BR>[Calls]<UL><LI><a href="#[61]">&gt;&gt;</a>&nbsp;&nbsp;&nbsp;RCC_Unlock
</UL>
<BR>[Called By]<UL><LI><a href="#[7a]">&gt;&gt;</a>&nbsp;&nbsp;&nbsp;SC_RCC_Init
</UL>

<P><STRONG><a name="[65]"></a>RCC_LXTCmd</STRONG> (Thumb, 42 bytes, Stack size 4 bytes, sc32f1xxx_rcc.o(i.RCC_LXTCmd))
<BR><BR>[Stack]<UL><LI>Max Depth = 4<LI>Call Chain = RCC_LXTCmd
</UL>
<BR>[Calls]<UL><LI><a href="#[61]">&gt;&gt;</a>&nbsp;&nbsp;&nbsp;RCC_Unlock
</UL>
<BR>[Called By]<UL><LI><a href="#[7a]">&gt;&gt;</a>&nbsp;&nbsp;&nbsp;SC_RCC_Init
</UL>

<P><STRONG><a name="[66]"></a>RCC_SYSCLKConfig</STRONG> (Thumb, 206 bytes, Stack size 16 bytes, sc32f1xxx_rcc.o(i.RCC_SYSCLKConfig))
<BR><BR>[Stack]<UL><LI>Max Depth = 28<LI>Call Chain = RCC_SYSCLKConfig &rArr; __aeabi_uidivmod
</UL>
<BR>[Calls]<UL><LI><a href="#[61]">&gt;&gt;</a>&nbsp;&nbsp;&nbsp;RCC_Unlock
<LI><a href="#[2e]">&gt;&gt;</a>&nbsp;&nbsp;&nbsp;__aeabi_uidivmod
</UL>
<BR>[Called By]<UL><LI><a href="#[7a]">&gt;&gt;</a>&nbsp;&nbsp;&nbsp;SC_RCC_Init
</UL>

<P><STRONG><a name="[67]"></a>RCC_SystickCLKConfig</STRONG> (Thumb, 62 bytes, Stack size 4 bytes, sc32f1xxx_rcc.o(i.RCC_SystickCLKConfig))
<BR><BR>[Stack]<UL><LI>Max Depth = 4<LI>Call Chain = RCC_SystickCLKConfig
</UL>
<BR>[Calls]<UL><LI><a href="#[61]">&gt;&gt;</a>&nbsp;&nbsp;&nbsp;RCC_Unlock
</UL>
<BR>[Called By]<UL><LI><a href="#[7b]">&gt;&gt;</a>&nbsp;&nbsp;&nbsp;SC_SYSTICK_Init
</UL>

<P><STRONG><a name="[92]"></a>RCC_SystickCmd</STRONG> (Thumb, 32 bytes, Stack size 0 bytes, sc32f1xxx_rcc.o(i.RCC_SystickCmd))
<BR><BR>[Called By]<UL><LI><a href="#[7b]">&gt;&gt;</a>&nbsp;&nbsp;&nbsp;SC_SYSTICK_Init
</UL>

<P><STRONG><a name="[91]"></a>RCC_SystickSetCounter</STRONG> (Thumb, 18 bytes, Stack size 0 bytes, sc32f1xxx_rcc.o(i.RCC_SystickSetCounter))
<BR><BR>[Called By]<UL><LI><a href="#[7b]">&gt;&gt;</a>&nbsp;&nbsp;&nbsp;SC_SYSTICK_Init
</UL>

<P><STRONG><a name="[61]"></a>RCC_Unlock</STRONG> (Thumb, 18 bytes, Stack size 0 bytes, sc32f1xxx_rcc.o(i.RCC_Unlock))
<BR><BR>[Called By]<UL><LI><a href="#[67]">&gt;&gt;</a>&nbsp;&nbsp;&nbsp;RCC_SystickCLKConfig
<LI><a href="#[66]">&gt;&gt;</a>&nbsp;&nbsp;&nbsp;RCC_SYSCLKConfig
<LI><a href="#[65]">&gt;&gt;</a>&nbsp;&nbsp;&nbsp;RCC_LXTCmd
<LI><a href="#[64]">&gt;&gt;</a>&nbsp;&nbsp;&nbsp;RCC_LIRCCmd
<LI><a href="#[63]">&gt;&gt;</a>&nbsp;&nbsp;&nbsp;RCC_ITConfig
<LI><a href="#[62]">&gt;&gt;</a>&nbsp;&nbsp;&nbsp;RCC_HXTCmd
<LI><a href="#[60]">&gt;&gt;</a>&nbsp;&nbsp;&nbsp;RCC_HIRCCmd
<LI><a href="#[7b]">&gt;&gt;</a>&nbsp;&nbsp;&nbsp;SC_SYSTICK_Init
<LI><a href="#[7a]">&gt;&gt;</a>&nbsp;&nbsp;&nbsp;SC_RCC_Init
<LI><a href="#[82]">&gt;&gt;</a>&nbsp;&nbsp;&nbsp;SC_PWM0_Init
</UL>

<P><STRONG><a name="[68]"></a>SC_ADC_Init</STRONG> (Thumb, 82 bytes, Stack size 24 bytes, sc_init.o(i.SC_ADC_Init))
<BR><BR>[Stack]<UL><LI>Max Depth = 32<LI>Call Chain = SC_ADC_Init &rArr; __NVIC_SetPriority
</UL>
<BR>[Calls]<UL><LI><a href="#[6d]">&gt;&gt;</a>&nbsp;&nbsp;&nbsp;__NVIC_SetPriority
<LI><a href="#[6e]">&gt;&gt;</a>&nbsp;&nbsp;&nbsp;__NVIC_EnableIRQ
<LI><a href="#[6a]">&gt;&gt;</a>&nbsp;&nbsp;&nbsp;ADC_SetChannel
<LI><a href="#[69]">&gt;&gt;</a>&nbsp;&nbsp;&nbsp;ADC_Init
<LI><a href="#[6b]">&gt;&gt;</a>&nbsp;&nbsp;&nbsp;ADC_ITConfig
<LI><a href="#[6c]">&gt;&gt;</a>&nbsp;&nbsp;&nbsp;ADC_DMACmd
<LI><a href="#[6f]">&gt;&gt;</a>&nbsp;&nbsp;&nbsp;ADC_Cmd
</UL>
<BR>[Called By]<UL><LI><a href="#[5d]">&gt;&gt;</a>&nbsp;&nbsp;&nbsp;SC_Init
</UL>

<P><STRONG><a name="[70]"></a>SC_DMA0_Init</STRONG> (Thumb, 102 bytes, Stack size 32 bytes, sc_init.o(i.SC_DMA0_Init))
<BR><BR>[Stack]<UL><LI>Max Depth = 40<LI>Call Chain = SC_DMA0_Init &rArr; DMA_Init
</UL>
<BR>[Calls]<UL><LI><a href="#[71]">&gt;&gt;</a>&nbsp;&nbsp;&nbsp;RCC_AHBPeriphClockCmd
<LI><a href="#[72]">&gt;&gt;</a>&nbsp;&nbsp;&nbsp;DMA_Init
<LI><a href="#[73]">&gt;&gt;</a>&nbsp;&nbsp;&nbsp;DMA_ITConfig
<LI><a href="#[74]">&gt;&gt;</a>&nbsp;&nbsp;&nbsp;DMA_DMACmd
<LI><a href="#[75]">&gt;&gt;</a>&nbsp;&nbsp;&nbsp;DMA_Cmd
</UL>
<BR>[Called By]<UL><LI><a href="#[5d]">&gt;&gt;</a>&nbsp;&nbsp;&nbsp;SC_Init
</UL>

<P><STRONG><a name="[76]"></a>SC_DMA1_Init</STRONG> (Thumb, 100 bytes, Stack size 32 bytes, sc_init.o(i.SC_DMA1_Init))
<BR><BR>[Stack]<UL><LI>Max Depth = 40<LI>Call Chain = SC_DMA1_Init &rArr; DMA_Init
</UL>
<BR>[Calls]<UL><LI><a href="#[71]">&gt;&gt;</a>&nbsp;&nbsp;&nbsp;RCC_AHBPeriphClockCmd
<LI><a href="#[72]">&gt;&gt;</a>&nbsp;&nbsp;&nbsp;DMA_Init
<LI><a href="#[73]">&gt;&gt;</a>&nbsp;&nbsp;&nbsp;DMA_ITConfig
<LI><a href="#[74]">&gt;&gt;</a>&nbsp;&nbsp;&nbsp;DMA_DMACmd
<LI><a href="#[75]">&gt;&gt;</a>&nbsp;&nbsp;&nbsp;DMA_Cmd
</UL>
<BR>[Called By]<UL><LI><a href="#[5d]">&gt;&gt;</a>&nbsp;&nbsp;&nbsp;SC_Init
</UL>

<P><STRONG><a name="[77]"></a>SC_GPIO_Init</STRONG> (Thumb, 398 bytes, Stack size 144 bytes, sc_init.o(i.SC_GPIO_Init))
<BR><BR>[Stack]<UL><LI>Max Depth = 160<LI>Call Chain = SC_GPIO_Init &rArr; GPIO_Init
</UL>
<BR>[Calls]<UL><LI><a href="#[78]">&gt;&gt;</a>&nbsp;&nbsp;&nbsp;GPIO_Init
</UL>
<BR>[Called By]<UL><LI><a href="#[5d]">&gt;&gt;</a>&nbsp;&nbsp;&nbsp;SC_Init
</UL>

<P><STRONG><a name="[5d]"></a>SC_Init</STRONG> (Thumb, 60 bytes, Stack size 8 bytes, sc_init.o(i.SC_Init))
<BR><BR>[Stack]<UL><LI>Max Depth = 168<LI>Call Chain = SC_Init &rArr; SC_GPIO_Init &rArr; GPIO_Init
</UL>
<BR>[Calls]<UL><LI><a href="#[7d]">&gt;&gt;</a>&nbsp;&nbsp;&nbsp;SC_UART2_Init
<LI><a href="#[7c]">&gt;&gt;</a>&nbsp;&nbsp;&nbsp;SC_UART1_Init
<LI><a href="#[7e]">&gt;&gt;</a>&nbsp;&nbsp;&nbsp;SC_TWI0_Init
<LI><a href="#[81]">&gt;&gt;</a>&nbsp;&nbsp;&nbsp;SC_TIM3_Init
<LI><a href="#[80]">&gt;&gt;</a>&nbsp;&nbsp;&nbsp;SC_TIM2_Init
<LI><a href="#[7f]">&gt;&gt;</a>&nbsp;&nbsp;&nbsp;SC_TIM1_Init
<LI><a href="#[7b]">&gt;&gt;</a>&nbsp;&nbsp;&nbsp;SC_SYSTICK_Init
<LI><a href="#[7a]">&gt;&gt;</a>&nbsp;&nbsp;&nbsp;SC_RCC_Init
<LI><a href="#[82]">&gt;&gt;</a>&nbsp;&nbsp;&nbsp;SC_PWM0_Init
<LI><a href="#[79]">&gt;&gt;</a>&nbsp;&nbsp;&nbsp;SC_OPTION_Init
<LI><a href="#[77]">&gt;&gt;</a>&nbsp;&nbsp;&nbsp;SC_GPIO_Init
<LI><a href="#[76]">&gt;&gt;</a>&nbsp;&nbsp;&nbsp;SC_DMA1_Init
<LI><a href="#[70]">&gt;&gt;</a>&nbsp;&nbsp;&nbsp;SC_DMA0_Init
<LI><a href="#[68]">&gt;&gt;</a>&nbsp;&nbsp;&nbsp;SC_ADC_Init
</UL>
<BR>[Called By]<UL><LI><a href="#[5c]">&gt;&gt;</a>&nbsp;&nbsp;&nbsp;IcResourceInit
</UL>

<P><STRONG><a name="[79]"></a>SC_OPTION_Init</STRONG> (Thumb, 28 bytes, Stack size 0 bytes, sc_init.o(i.SC_OPTION_Init))
<BR><BR>[Called By]<UL><LI><a href="#[5d]">&gt;&gt;</a>&nbsp;&nbsp;&nbsp;SC_Init
</UL>

<P><STRONG><a name="[82]"></a>SC_PWM0_Init</STRONG> (Thumb, 186 bytes, Stack size 32 bytes, sc_init.o(i.SC_PWM0_Init))
<BR><BR>[Stack]<UL><LI>Max Depth = 48<LI>Call Chain = SC_PWM0_Init &rArr; PWM_SetDuty
</UL>
<BR>[Calls]<UL><LI><a href="#[61]">&gt;&gt;</a>&nbsp;&nbsp;&nbsp;RCC_Unlock
<LI><a href="#[83]">&gt;&gt;</a>&nbsp;&nbsp;&nbsp;RCC_APB0PeriphClockCmd
<LI><a href="#[84]">&gt;&gt;</a>&nbsp;&nbsp;&nbsp;PWM_SetDuty
<LI><a href="#[85]">&gt;&gt;</a>&nbsp;&nbsp;&nbsp;PWM_Init
<LI><a href="#[88]">&gt;&gt;</a>&nbsp;&nbsp;&nbsp;PWM_ITConfig
<LI><a href="#[86]">&gt;&gt;</a>&nbsp;&nbsp;&nbsp;PWM_FDInit
<LI><a href="#[87]">&gt;&gt;</a>&nbsp;&nbsp;&nbsp;PWM_FDCmd
<LI><a href="#[89]">&gt;&gt;</a>&nbsp;&nbsp;&nbsp;PWM_Cmd
</UL>
<BR>[Called By]<UL><LI><a href="#[5d]">&gt;&gt;</a>&nbsp;&nbsp;&nbsp;SC_Init
</UL>

<P><STRONG><a name="[7a]"></a>SC_RCC_Init</STRONG> (Thumb, 88 bytes, Stack size 8 bytes, sc_init.o(i.SC_RCC_Init))
<BR><BR>[Stack]<UL><LI>Max Depth = 36<LI>Call Chain = SC_RCC_Init &rArr; RCC_SYSCLKConfig &rArr; __aeabi_uidivmod
</UL>
<BR>[Calls]<UL><LI><a href="#[61]">&gt;&gt;</a>&nbsp;&nbsp;&nbsp;RCC_Unlock
<LI><a href="#[66]">&gt;&gt;</a>&nbsp;&nbsp;&nbsp;RCC_SYSCLKConfig
<LI><a href="#[65]">&gt;&gt;</a>&nbsp;&nbsp;&nbsp;RCC_LXTCmd
<LI><a href="#[64]">&gt;&gt;</a>&nbsp;&nbsp;&nbsp;RCC_LIRCCmd
<LI><a href="#[63]">&gt;&gt;</a>&nbsp;&nbsp;&nbsp;RCC_ITConfig
<LI><a href="#[62]">&gt;&gt;</a>&nbsp;&nbsp;&nbsp;RCC_HXTCmd
<LI><a href="#[60]">&gt;&gt;</a>&nbsp;&nbsp;&nbsp;RCC_HIRCCmd
<LI><a href="#[8a]">&gt;&gt;</a>&nbsp;&nbsp;&nbsp;RCC_HCLKConfig
<LI><a href="#[8f]">&gt;&gt;</a>&nbsp;&nbsp;&nbsp;RCC_APB2Config
<LI><a href="#[90]">&gt;&gt;</a>&nbsp;&nbsp;&nbsp;RCC_APB2Cmd
<LI><a href="#[8d]">&gt;&gt;</a>&nbsp;&nbsp;&nbsp;RCC_APB1Config
<LI><a href="#[8e]">&gt;&gt;</a>&nbsp;&nbsp;&nbsp;RCC_APB1Cmd
<LI><a href="#[8b]">&gt;&gt;</a>&nbsp;&nbsp;&nbsp;RCC_APB0Config
<LI><a href="#[8c]">&gt;&gt;</a>&nbsp;&nbsp;&nbsp;RCC_APB0Cmd
</UL>
<BR>[Called By]<UL><LI><a href="#[5d]">&gt;&gt;</a>&nbsp;&nbsp;&nbsp;SC_Init
</UL>

<P><STRONG><a name="[7b]"></a>SC_SYSTICK_Init</STRONG> (Thumb, 38 bytes, Stack size 8 bytes, sc_init.o(i.SC_SYSTICK_Init))
<BR><BR>[Stack]<UL><LI>Max Depth = 16<LI>Call Chain = SC_SYSTICK_Init &rArr; __NVIC_SetPriority
</UL>
<BR>[Calls]<UL><LI><a href="#[6d]">&gt;&gt;</a>&nbsp;&nbsp;&nbsp;__NVIC_SetPriority
<LI><a href="#[61]">&gt;&gt;</a>&nbsp;&nbsp;&nbsp;RCC_Unlock
<LI><a href="#[91]">&gt;&gt;</a>&nbsp;&nbsp;&nbsp;RCC_SystickSetCounter
<LI><a href="#[92]">&gt;&gt;</a>&nbsp;&nbsp;&nbsp;RCC_SystickCmd
<LI><a href="#[67]">&gt;&gt;</a>&nbsp;&nbsp;&nbsp;RCC_SystickCLKConfig
</UL>
<BR>[Called By]<UL><LI><a href="#[5d]">&gt;&gt;</a>&nbsp;&nbsp;&nbsp;SC_Init
</UL>

<P><STRONG><a name="[7f]"></a>SC_TIM1_Init</STRONG> (Thumb, 148 bytes, Stack size 24 bytes, sc_init.o(i.SC_TIM1_Init))
<BR><BR>[Stack]<UL><LI>Max Depth = 32<LI>Call Chain = SC_TIM1_Init &rArr; TIM_TIMBaseInit
</UL>
<BR>[Calls]<UL><LI><a href="#[57]">&gt;&gt;</a>&nbsp;&nbsp;&nbsp;TIM_Cmd
<LI><a href="#[93]">&gt;&gt;</a>&nbsp;&nbsp;&nbsp;TIM_TIMBaseInit
<LI><a href="#[4c]">&gt;&gt;</a>&nbsp;&nbsp;&nbsp;TIM_PWMSetDuty
<LI><a href="#[96]">&gt;&gt;</a>&nbsp;&nbsp;&nbsp;TIM_PWMInit
<LI><a href="#[97]">&gt;&gt;</a>&nbsp;&nbsp;&nbsp;TIM_ITConfig
<LI><a href="#[94]">&gt;&gt;</a>&nbsp;&nbsp;&nbsp;TIM_ICInit
<LI><a href="#[95]">&gt;&gt;</a>&nbsp;&nbsp;&nbsp;TIM_ICCmd
<LI><a href="#[98]">&gt;&gt;</a>&nbsp;&nbsp;&nbsp;TIM_DMACmd
<LI><a href="#[83]">&gt;&gt;</a>&nbsp;&nbsp;&nbsp;RCC_APB0PeriphClockCmd
</UL>
<BR>[Called By]<UL><LI><a href="#[5d]">&gt;&gt;</a>&nbsp;&nbsp;&nbsp;SC_Init
</UL>

<P><STRONG><a name="[80]"></a>SC_TIM2_Init</STRONG> (Thumb, 142 bytes, Stack size 24 bytes, sc_init.o(i.SC_TIM2_Init))
<BR><BR>[Stack]<UL><LI>Max Depth = 32<LI>Call Chain = SC_TIM2_Init &rArr; TIM_TIMBaseInit
</UL>
<BR>[Calls]<UL><LI><a href="#[57]">&gt;&gt;</a>&nbsp;&nbsp;&nbsp;TIM_Cmd
<LI><a href="#[93]">&gt;&gt;</a>&nbsp;&nbsp;&nbsp;TIM_TIMBaseInit
<LI><a href="#[4c]">&gt;&gt;</a>&nbsp;&nbsp;&nbsp;TIM_PWMSetDuty
<LI><a href="#[96]">&gt;&gt;</a>&nbsp;&nbsp;&nbsp;TIM_PWMInit
<LI><a href="#[97]">&gt;&gt;</a>&nbsp;&nbsp;&nbsp;TIM_ITConfig
<LI><a href="#[94]">&gt;&gt;</a>&nbsp;&nbsp;&nbsp;TIM_ICInit
<LI><a href="#[95]">&gt;&gt;</a>&nbsp;&nbsp;&nbsp;TIM_ICCmd
<LI><a href="#[98]">&gt;&gt;</a>&nbsp;&nbsp;&nbsp;TIM_DMACmd
<LI><a href="#[83]">&gt;&gt;</a>&nbsp;&nbsp;&nbsp;RCC_APB0PeriphClockCmd
</UL>
<BR>[Called By]<UL><LI><a href="#[5d]">&gt;&gt;</a>&nbsp;&nbsp;&nbsp;SC_Init
</UL>

<P><STRONG><a name="[81]"></a>SC_TIM3_Init</STRONG> (Thumb, 142 bytes, Stack size 24 bytes, sc_init.o(i.SC_TIM3_Init))
<BR><BR>[Stack]<UL><LI>Max Depth = 32<LI>Call Chain = SC_TIM3_Init &rArr; __NVIC_SetPriority
</UL>
<BR>[Calls]<UL><LI><a href="#[6d]">&gt;&gt;</a>&nbsp;&nbsp;&nbsp;__NVIC_SetPriority
<LI><a href="#[6e]">&gt;&gt;</a>&nbsp;&nbsp;&nbsp;__NVIC_EnableIRQ
<LI><a href="#[57]">&gt;&gt;</a>&nbsp;&nbsp;&nbsp;TIM_Cmd
<LI><a href="#[93]">&gt;&gt;</a>&nbsp;&nbsp;&nbsp;TIM_TIMBaseInit
<LI><a href="#[4c]">&gt;&gt;</a>&nbsp;&nbsp;&nbsp;TIM_PWMSetDuty
<LI><a href="#[96]">&gt;&gt;</a>&nbsp;&nbsp;&nbsp;TIM_PWMInit
<LI><a href="#[97]">&gt;&gt;</a>&nbsp;&nbsp;&nbsp;TIM_ITConfig
<LI><a href="#[94]">&gt;&gt;</a>&nbsp;&nbsp;&nbsp;TIM_ICInit
<LI><a href="#[95]">&gt;&gt;</a>&nbsp;&nbsp;&nbsp;TIM_ICCmd
<LI><a href="#[83]">&gt;&gt;</a>&nbsp;&nbsp;&nbsp;RCC_APB0PeriphClockCmd
</UL>
<BR>[Called By]<UL><LI><a href="#[5d]">&gt;&gt;</a>&nbsp;&nbsp;&nbsp;SC_Init
</UL>

<P><STRONG><a name="[7e]"></a>SC_TWI0_Init</STRONG> (Thumb, 154 bytes, Stack size 32 bytes, sc_init.o(i.SC_TWI0_Init))
<BR><BR>[Stack]<UL><LI>Max Depth = 48<LI>Call Chain = SC_TWI0_Init &rArr; GPIO_Init
</UL>
<BR>[Calls]<UL><LI><a href="#[6d]">&gt;&gt;</a>&nbsp;&nbsp;&nbsp;__NVIC_SetPriority
<LI><a href="#[6e]">&gt;&gt;</a>&nbsp;&nbsp;&nbsp;__NVIC_EnableIRQ
<LI><a href="#[9a]">&gt;&gt;</a>&nbsp;&nbsp;&nbsp;TWI_PinRemapConfig
<LI><a href="#[99]">&gt;&gt;</a>&nbsp;&nbsp;&nbsp;TWI_Init
<LI><a href="#[9b]">&gt;&gt;</a>&nbsp;&nbsp;&nbsp;TWI_ITConfig
<LI><a href="#[9c]">&gt;&gt;</a>&nbsp;&nbsp;&nbsp;TWI_DMACmd
<LI><a href="#[9d]">&gt;&gt;</a>&nbsp;&nbsp;&nbsp;TWI_Cmd
<LI><a href="#[83]">&gt;&gt;</a>&nbsp;&nbsp;&nbsp;RCC_APB0PeriphClockCmd
<LI><a href="#[78]">&gt;&gt;</a>&nbsp;&nbsp;&nbsp;GPIO_Init
</UL>
<BR>[Called By]<UL><LI><a href="#[5d]">&gt;&gt;</a>&nbsp;&nbsp;&nbsp;SC_Init
</UL>

<P><STRONG><a name="[7c]"></a>SC_UART1_Init</STRONG> (Thumb, 174 bytes, Stack size 32 bytes, sc_init.o(i.SC_UART1_Init))
<BR><BR>[Stack]<UL><LI>Max Depth = 60<LI>Call Chain = SC_UART1_Init &rArr; UART_Init &rArr; __aeabi_uidivmod
</UL>
<BR>[Calls]<UL><LI><a href="#[6d]">&gt;&gt;</a>&nbsp;&nbsp;&nbsp;__NVIC_SetPriority
<LI><a href="#[6e]">&gt;&gt;</a>&nbsp;&nbsp;&nbsp;__NVIC_EnableIRQ
<LI><a href="#[a2]">&gt;&gt;</a>&nbsp;&nbsp;&nbsp;UART_TXCmd
<LI><a href="#[a3]">&gt;&gt;</a>&nbsp;&nbsp;&nbsp;UART_RXCmd
<LI><a href="#[a1]">&gt;&gt;</a>&nbsp;&nbsp;&nbsp;UART_PinRemapConfig
<LI><a href="#[9e]">&gt;&gt;</a>&nbsp;&nbsp;&nbsp;UART_Init
<LI><a href="#[9f]">&gt;&gt;</a>&nbsp;&nbsp;&nbsp;UART_ITConfig
<LI><a href="#[a0]">&gt;&gt;</a>&nbsp;&nbsp;&nbsp;UART_DMACmd
<LI><a href="#[83]">&gt;&gt;</a>&nbsp;&nbsp;&nbsp;RCC_APB0PeriphClockCmd
<LI><a href="#[78]">&gt;&gt;</a>&nbsp;&nbsp;&nbsp;GPIO_Init
</UL>
<BR>[Called By]<UL><LI><a href="#[5d]">&gt;&gt;</a>&nbsp;&nbsp;&nbsp;SC_Init
</UL>

<P><STRONG><a name="[7d]"></a>SC_UART2_Init</STRONG> (Thumb, 150 bytes, Stack size 32 bytes, sc_init.o(i.SC_UART2_Init))
<BR><BR>[Stack]<UL><LI>Max Depth = 60<LI>Call Chain = SC_UART2_Init &rArr; UART_Init &rArr; __aeabi_uidivmod
</UL>
<BR>[Calls]<UL><LI><a href="#[6d]">&gt;&gt;</a>&nbsp;&nbsp;&nbsp;__NVIC_SetPriority
<LI><a href="#[6e]">&gt;&gt;</a>&nbsp;&nbsp;&nbsp;__NVIC_EnableIRQ
<LI><a href="#[a2]">&gt;&gt;</a>&nbsp;&nbsp;&nbsp;UART_TXCmd
<LI><a href="#[a3]">&gt;&gt;</a>&nbsp;&nbsp;&nbsp;UART_RXCmd
<LI><a href="#[a1]">&gt;&gt;</a>&nbsp;&nbsp;&nbsp;UART_PinRemapConfig
<LI><a href="#[9e]">&gt;&gt;</a>&nbsp;&nbsp;&nbsp;UART_Init
<LI><a href="#[9f]">&gt;&gt;</a>&nbsp;&nbsp;&nbsp;UART_ITConfig
<LI><a href="#[a4]">&gt;&gt;</a>&nbsp;&nbsp;&nbsp;RCC_APB1PeriphClockCmd
<LI><a href="#[78]">&gt;&gt;</a>&nbsp;&nbsp;&nbsp;GPIO_Init
</UL>
<BR>[Called By]<UL><LI><a href="#[5d]">&gt;&gt;</a>&nbsp;&nbsp;&nbsp;SC_Init
</UL>

<P><STRONG><a name="[12]"></a>SPI0_IRQHandler</STRONG> (Thumb, 2 bytes, Stack size 0 bytes, sc_it.o(i.SPI0_IRQHandler))
<BR>[Address Reference Count : 1]<UL><LI> startup_sc32f10xx.o(RESET)
</UL>
<P><STRONG><a name="[13]"></a>SPI1_IRQHandler</STRONG> (Thumb, 2 bytes, Stack size 0 bytes, sc_it.o(i.SPI1_IRQHandler))
<BR>[Address Reference Count : 1]<UL><LI> startup_sc32f10xx.o(RESET)
</UL>
<P><STRONG><a name="[a5]"></a>Setting_Connect_Work</STRONG> (Thumb, 38 bytes, Stack size 24 bytes, mqtt.o(i.Setting_Connect_Work))
<BR><BR>[Stack]<UL><LI>Max Depth = 56<LI>Call Chain = Setting_Connect_Work &rArr; USART_TxStr &rArr; UART_DMA_Send
</UL>
<BR>[Calls]<UL><LI><a href="#[50]">&gt;&gt;</a>&nbsp;&nbsp;&nbsp;USART_TxStr
</UL>
<BR>[Called By]<UL><LI><a href="#[e6]">&gt;&gt;</a>&nbsp;&nbsp;&nbsp;WIFI_Init
</UL>

<P><STRONG><a name="[9]"></a>SysTick_IRQHandler</STRONG> (Thumb, 2 bytes, Stack size 0 bytes, sc_it.o(i.SysTick_IRQHandler))
<BR>[Address Reference Count : 1]<UL><LI> startup_sc32f10xx.o(RESET)
</UL>
<P><STRONG><a name="[26]"></a>SystemInit</STRONG> (Thumb, 10 bytes, Stack size 0 bytes, system_sc32f1xxx.o(i.SystemInit))
<BR>[Address Reference Count : 1]<UL><LI> startup_sc32f10xx.o(.text)
</UL>
<P><STRONG><a name="[a6]"></a>TIM3_IRQHandler</STRONG> (Thumb, 50 bytes, Stack size 8 bytes, uart_communication_dma.o(i.TIM3_IRQHandler))
<BR><BR>[Stack]<UL><LI>Max Depth = 24<LI>Call Chain = TIM3_IRQHandler &rArr; UART_DMA_Receive &rArr; UART_DMACmd
</UL>
<BR>[Calls]<UL><LI><a href="#[a8]">&gt;&gt;</a>&nbsp;&nbsp;&nbsp;TIM_ClearFlag
<LI><a href="#[57]">&gt;&gt;</a>&nbsp;&nbsp;&nbsp;TIM_Cmd
<LI><a href="#[a7]">&gt;&gt;</a>&nbsp;&nbsp;&nbsp;TIM_GetFlagStatus
<LI><a href="#[a9]">&gt;&gt;</a>&nbsp;&nbsp;&nbsp;UART_DMA_Receive
</UL>
<BR>[Called By]<UL><LI><a href="#[1b]">&gt;&gt;</a>&nbsp;&nbsp;&nbsp;TIMER3_IRQHandler
</UL>

<P><STRONG><a name="[18]"></a>TIMER0_IRQHandler</STRONG> (Thumb, 2 bytes, Stack size 0 bytes, sc_it.o(i.TIMER0_IRQHandler))
<BR>[Address Reference Count : 1]<UL><LI> startup_sc32f10xx.o(RESET)
</UL>
<P><STRONG><a name="[19]"></a>TIMER1_IRQHandler</STRONG> (Thumb, 12 bytes, Stack size 8 bytes, sc_it.o(i.TIMER1_IRQHandler))
<BR><BR>[Stack]<UL><LI>Max Depth = 8<LI>Call Chain = TIMER1_IRQHandler
</UL>
<BR>[Calls]<UL><LI><a href="#[a8]">&gt;&gt;</a>&nbsp;&nbsp;&nbsp;TIM_ClearFlag
</UL>
<BR>[Address Reference Count : 1]<UL><LI> startup_sc32f10xx.o(RESET)
</UL>
<P><STRONG><a name="[1a]"></a>TIMER2_IRQHandler</STRONG> (Thumb, 12 bytes, Stack size 8 bytes, sc_it.o(i.TIMER2_IRQHandler))
<BR><BR>[Stack]<UL><LI>Max Depth = 8<LI>Call Chain = TIMER2_IRQHandler
</UL>
<BR>[Calls]<UL><LI><a href="#[a8]">&gt;&gt;</a>&nbsp;&nbsp;&nbsp;TIM_ClearFlag
</UL>
<BR>[Address Reference Count : 1]<UL><LI> startup_sc32f10xx.o(RESET)
</UL>
<P><STRONG><a name="[1b]"></a>TIMER3_IRQHandler</STRONG> (Thumb, 16 bytes, Stack size 8 bytes, sc_it.o(i.TIMER3_IRQHandler))
<BR><BR>[Stack]<UL><LI>Max Depth = 32<LI>Call Chain = TIMER3_IRQHandler &rArr; TIM3_IRQHandler &rArr; UART_DMA_Receive &rArr; UART_DMACmd
</UL>
<BR>[Calls]<UL><LI><a href="#[a8]">&gt;&gt;</a>&nbsp;&nbsp;&nbsp;TIM_ClearFlag
<LI><a href="#[a6]">&gt;&gt;</a>&nbsp;&nbsp;&nbsp;TIM3_IRQHandler
</UL>
<BR>[Address Reference Count : 1]<UL><LI> startup_sc32f10xx.o(RESET)
</UL>
<P><STRONG><a name="[1c]"></a>TIMER4_5_IRQHandler</STRONG> (Thumb, 2 bytes, Stack size 0 bytes, sc_it.o(i.TIMER4_5_IRQHandler))
<BR>[Address Reference Count : 1]<UL><LI> startup_sc32f10xx.o(RESET)
</UL>
<P><STRONG><a name="[1d]"></a>TIMER6_7_IRQHandler</STRONG> (Thumb, 2 bytes, Stack size 0 bytes, sc_it.o(i.TIMER6_7_IRQHandler))
<BR>[Address Reference Count : 1]<UL><LI> startup_sc32f10xx.o(RESET)
</UL>
<P><STRONG><a name="[a8]"></a>TIM_ClearFlag</STRONG> (Thumb, 4 bytes, Stack size 0 bytes, sc32f1xxx_tim.o(i.TIM_ClearFlag))
<BR><BR>[Called By]<UL><LI><a href="#[a6]">&gt;&gt;</a>&nbsp;&nbsp;&nbsp;TIM3_IRQHandler
<LI><a href="#[1b]">&gt;&gt;</a>&nbsp;&nbsp;&nbsp;TIMER3_IRQHandler
<LI><a href="#[1a]">&gt;&gt;</a>&nbsp;&nbsp;&nbsp;TIMER2_IRQHandler
<LI><a href="#[19]">&gt;&gt;</a>&nbsp;&nbsp;&nbsp;TIMER1_IRQHandler
</UL>

<P><STRONG><a name="[57]"></a>TIM_Cmd</STRONG> (Thumb, 24 bytes, Stack size 0 bytes, sc32f1xxx_tim.o(i.TIM_Cmd))
<BR><BR>[Called By]<UL><LI><a href="#[a6]">&gt;&gt;</a>&nbsp;&nbsp;&nbsp;TIM3_IRQHandler
<LI><a href="#[25]">&gt;&gt;</a>&nbsp;&nbsp;&nbsp;main
<LI><a href="#[56]">&gt;&gt;</a>&nbsp;&nbsp;&nbsp;Delay_us
<LI><a href="#[81]">&gt;&gt;</a>&nbsp;&nbsp;&nbsp;SC_TIM3_Init
<LI><a href="#[80]">&gt;&gt;</a>&nbsp;&nbsp;&nbsp;SC_TIM2_Init
<LI><a href="#[7f]">&gt;&gt;</a>&nbsp;&nbsp;&nbsp;SC_TIM1_Init
</UL>

<P><STRONG><a name="[98]"></a>TIM_DMACmd</STRONG> (Thumb, 26 bytes, Stack size 8 bytes, sc32f1xxx_tim.o(i.TIM_DMACmd))
<BR><BR>[Stack]<UL><LI>Max Depth = 8<LI>Call Chain = TIM_DMACmd
</UL>
<BR>[Called By]<UL><LI><a href="#[80]">&gt;&gt;</a>&nbsp;&nbsp;&nbsp;SC_TIM2_Init
<LI><a href="#[7f]">&gt;&gt;</a>&nbsp;&nbsp;&nbsp;SC_TIM1_Init
</UL>

<P><STRONG><a name="[a7]"></a>TIM_GetFlagStatus</STRONG> (Thumb, 20 bytes, Stack size 0 bytes, sc32f1xxx_tim.o(i.TIM_GetFlagStatus))
<BR><BR>[Called By]<UL><LI><a href="#[a6]">&gt;&gt;</a>&nbsp;&nbsp;&nbsp;TIM3_IRQHandler
</UL>

<P><STRONG><a name="[95]"></a>TIM_ICCmd</STRONG> (Thumb, 24 bytes, Stack size 0 bytes, sc32f1xxx_tim.o(i.TIM_ICCmd))
<BR><BR>[Called By]<UL><LI><a href="#[81]">&gt;&gt;</a>&nbsp;&nbsp;&nbsp;SC_TIM3_Init
<LI><a href="#[80]">&gt;&gt;</a>&nbsp;&nbsp;&nbsp;SC_TIM2_Init
<LI><a href="#[7f]">&gt;&gt;</a>&nbsp;&nbsp;&nbsp;SC_TIM1_Init
</UL>

<P><STRONG><a name="[94]"></a>TIM_ICInit</STRONG> (Thumb, 66 bytes, Stack size 8 bytes, sc32f1xxx_tim.o(i.TIM_ICInit))
<BR><BR>[Stack]<UL><LI>Max Depth = 8<LI>Call Chain = TIM_ICInit
</UL>
<BR>[Called By]<UL><LI><a href="#[81]">&gt;&gt;</a>&nbsp;&nbsp;&nbsp;SC_TIM3_Init
<LI><a href="#[80]">&gt;&gt;</a>&nbsp;&nbsp;&nbsp;SC_TIM2_Init
<LI><a href="#[7f]">&gt;&gt;</a>&nbsp;&nbsp;&nbsp;SC_TIM1_Init
</UL>

<P><STRONG><a name="[97]"></a>TIM_ITConfig</STRONG> (Thumb, 26 bytes, Stack size 8 bytes, sc32f1xxx_tim.o(i.TIM_ITConfig))
<BR><BR>[Stack]<UL><LI>Max Depth = 8<LI>Call Chain = TIM_ITConfig
</UL>
<BR>[Called By]<UL><LI><a href="#[81]">&gt;&gt;</a>&nbsp;&nbsp;&nbsp;SC_TIM3_Init
<LI><a href="#[80]">&gt;&gt;</a>&nbsp;&nbsp;&nbsp;SC_TIM2_Init
<LI><a href="#[7f]">&gt;&gt;</a>&nbsp;&nbsp;&nbsp;SC_TIM1_Init
</UL>

<P><STRONG><a name="[96]"></a>TIM_PWMInit</STRONG> (Thumb, 94 bytes, Stack size 8 bytes, sc32f1xxx_tim.o(i.TIM_PWMInit))
<BR><BR>[Stack]<UL><LI>Max Depth = 8<LI>Call Chain = TIM_PWMInit
</UL>
<BR>[Called By]<UL><LI><a href="#[81]">&gt;&gt;</a>&nbsp;&nbsp;&nbsp;SC_TIM3_Init
<LI><a href="#[80]">&gt;&gt;</a>&nbsp;&nbsp;&nbsp;SC_TIM2_Init
<LI><a href="#[7f]">&gt;&gt;</a>&nbsp;&nbsp;&nbsp;SC_TIM1_Init
</UL>

<P><STRONG><a name="[4c]"></a>TIM_PWMSetDuty</STRONG> (Thumb, 40 bytes, Stack size 0 bytes, sc32f1xxx_tim.o(i.TIM_PWMSetDuty))
<BR><BR>[Called By]<UL><LI><a href="#[4b]">&gt;&gt;</a>&nbsp;&nbsp;&nbsp;Buzzer_SetVolume
<LI><a href="#[81]">&gt;&gt;</a>&nbsp;&nbsp;&nbsp;SC_TIM3_Init
<LI><a href="#[80]">&gt;&gt;</a>&nbsp;&nbsp;&nbsp;SC_TIM2_Init
<LI><a href="#[7f]">&gt;&gt;</a>&nbsp;&nbsp;&nbsp;SC_TIM1_Init
</UL>

<P><STRONG><a name="[93]"></a>TIM_TIMBaseInit</STRONG> (Thumb, 36 bytes, Stack size 8 bytes, sc32f1xxx_tim.o(i.TIM_TIMBaseInit))
<BR><BR>[Stack]<UL><LI>Max Depth = 8<LI>Call Chain = TIM_TIMBaseInit
</UL>
<BR>[Called By]<UL><LI><a href="#[81]">&gt;&gt;</a>&nbsp;&nbsp;&nbsp;SC_TIM3_Init
<LI><a href="#[80]">&gt;&gt;</a>&nbsp;&nbsp;&nbsp;SC_TIM2_Init
<LI><a href="#[7f]">&gt;&gt;</a>&nbsp;&nbsp;&nbsp;SC_TIM1_Init
</UL>

<P><STRONG><a name="[53]"></a>TIM_TI_DMA_DMA0Handler</STRONG> (Thumb, 30 bytes, Stack size 8 bytes, tim_ti_dma.o(i.TIM_TI_DMA_DMA0Handler))
<BR><BR>[Stack]<UL><LI>Max Depth = 8<LI>Call Chain = TIM_TI_DMA_DMA0Handler
</UL>
<BR>[Calls]<UL><LI><a href="#[54]">&gt;&gt;</a>&nbsp;&nbsp;&nbsp;DMA_ClearFlag
<LI><a href="#[aa]">&gt;&gt;</a>&nbsp;&nbsp;&nbsp;DMA_GetFlagStatus
</UL>
<BR>[Called By]<UL><LI><a href="#[14]">&gt;&gt;</a>&nbsp;&nbsp;&nbsp;DMA0_IRQHandler
</UL>

<P><STRONG><a name="[c9]"></a>TKSlideModuleCHIs</STRONG> (Thumb, 98 bytes, Stack size 8 bytes, sc32f10xx_tk_functionresource.o(i.TKSlideModuleCHIs))
<BR><BR>[Stack]<UL><LI>Max Depth = 8<LI>Call Chain = TKSlideModuleCHIs
</UL>
<BR>[Called By]<UL><LI><a href="#[c8]">&gt;&gt;</a>&nbsp;&nbsp;&nbsp;TK_SensorKeyFlag
</UL>

<P><STRONG><a name="[ab]"></a>TKSlideModuleSensorRenovate</STRONG> (Thumb, 832 bytes, Stack size 144 bytes, sc32f10xx_tk_functionresource.o(i.TKSlideModuleSensorRenovate))
<BR><BR>[Stack]<UL><LI>Max Depth = 272<LI>Call Chain = TKSlideModuleSensorRenovate &rArr; __aeabi_dmul &rArr; _double_epilogue &rArr; __aeabi_llsr
</UL>
<BR>[Calls]<UL><LI><a href="#[ac]">&gt;&gt;</a>&nbsp;&nbsp;&nbsp;TK_GetCurrFingerValue
<LI><a href="#[44]">&gt;&gt;</a>&nbsp;&nbsp;&nbsp;__aeabi_ui2d
<LI><a href="#[3f]">&gt;&gt;</a>&nbsp;&nbsp;&nbsp;__aeabi_dmul
<LI><a href="#[40]">&gt;&gt;</a>&nbsp;&nbsp;&nbsp;__aeabi_ddiv
<LI><a href="#[2d]">&gt;&gt;</a>&nbsp;&nbsp;&nbsp;__aeabi_idivmod
<LI><a href="#[42]">&gt;&gt;</a>&nbsp;&nbsp;&nbsp;__aeabi_ui2f
<LI><a href="#[41]">&gt;&gt;</a>&nbsp;&nbsp;&nbsp;__aeabi_i2f
<LI><a href="#[43]">&gt;&gt;</a>&nbsp;&nbsp;&nbsp;__aeabi_i2d
<LI><a href="#[35]">&gt;&gt;</a>&nbsp;&nbsp;&nbsp;__aeabi_fsub
<LI><a href="#[ad]">&gt;&gt;</a>&nbsp;&nbsp;&nbsp;__aeabi_fmul
<LI><a href="#[37]">&gt;&gt;</a>&nbsp;&nbsp;&nbsp;__aeabi_fdiv
<LI><a href="#[32]">&gt;&gt;</a>&nbsp;&nbsp;&nbsp;__aeabi_fadd
<LI><a href="#[b2]">&gt;&gt;</a>&nbsp;&nbsp;&nbsp;__aeabi_f2uiz
<LI><a href="#[ae]">&gt;&gt;</a>&nbsp;&nbsp;&nbsp;__aeabi_f2iz
<LI><a href="#[af]">&gt;&gt;</a>&nbsp;&nbsp;&nbsp;__aeabi_f2d
<LI><a href="#[3d]">&gt;&gt;</a>&nbsp;&nbsp;&nbsp;__aeabi_dsub
<LI><a href="#[3e]">&gt;&gt;</a>&nbsp;&nbsp;&nbsp;__aeabi_drsub
<LI><a href="#[45]">&gt;&gt;</a>&nbsp;&nbsp;&nbsp;__aeabi_d2f
<LI><a href="#[b0]">&gt;&gt;</a>&nbsp;&nbsp;&nbsp;__aeabi_cfrcmple
<LI><a href="#[b1]">&gt;&gt;</a>&nbsp;&nbsp;&nbsp;__aeabi_cfcmple
<LI><a href="#[b3]">&gt;&gt;</a>&nbsp;&nbsp;&nbsp;TK_BaseLineUpdataSW
</UL>
<BR>[Called By]<UL><LI><a href="#[c8]">&gt;&gt;</a>&nbsp;&nbsp;&nbsp;TK_SensorKeyFlag
</UL>

<P><STRONG><a name="[b3]"></a>TK_BaseLineUpdataSW</STRONG> (Thumb, 388 bytes, Stack size 40 bytes, sc32f10xx_tk_functionresource.o(i.TK_BaseLineUpdataSW))
<BR><BR>[Stack]<UL><LI>Max Depth = 68<LI>Call Chain = TK_BaseLineUpdataSW &rArr; __aeabi_idivmod &rArr; __aeabi_uidivmod
</UL>
<BR>[Calls]<UL><LI><a href="#[ac]">&gt;&gt;</a>&nbsp;&nbsp;&nbsp;TK_GetCurrFingerValue
<LI><a href="#[b4]">&gt;&gt;</a>&nbsp;&nbsp;&nbsp;TK_GetBaselineUpdateThreshold
<LI><a href="#[2d]">&gt;&gt;</a>&nbsp;&nbsp;&nbsp;__aeabi_idivmod
</UL>
<BR>[Called By]<UL><LI><a href="#[ab]">&gt;&gt;</a>&nbsp;&nbsp;&nbsp;TKSlideModuleSensorRenovate
</UL>

<P><STRONG><a name="[b5]"></a>TK_FilterAvergeDeal</STRONG> (Thumb, 112 bytes, Stack size 16 bytes, sc32f10xx_tk_functionresource.o(i.TK_FilterAvergeDeal))
<BR><BR>[Stack]<UL><LI>Max Depth = 60<LI>Call Chain = TK_FilterAvergeDeal &rArr; TK_SingleChannel_ICHAAdjust &rArr; __aeabi_idivmod &rArr; __aeabi_uidivmod
</UL>
<BR>[Calls]<UL><LI><a href="#[b9]">&gt;&gt;</a>&nbsp;&nbsp;&nbsp;TK_GetInitAutoUpdateTime
<LI><a href="#[b7]">&gt;&gt;</a>&nbsp;&nbsp;&nbsp;TK_SingleChannel_ICHAAdjust
<LI><a href="#[b8]">&gt;&gt;</a>&nbsp;&nbsp;&nbsp;TK_FilterIIRInit
<LI><a href="#[ba]">&gt;&gt;</a>&nbsp;&nbsp;&nbsp;TK_FilterDataDeal
<LI><a href="#[b6]">&gt;&gt;</a>&nbsp;&nbsp;&nbsp;TK_FilterCommCode
</UL>
<BR>[Called By]<UL><LI><a href="#[c2]">&gt;&gt;</a>&nbsp;&nbsp;&nbsp;TK_Init
</UL>

<P><STRONG><a name="[b6]"></a>TK_FilterCommCode</STRONG> (Thumb, 72 bytes, Stack size 4 bytes, sc32f10xx_tk_functionresource.o(i.TK_FilterCommCode))
<BR><BR>[Stack]<UL><LI>Max Depth = 4<LI>Call Chain = TK_FilterCommCode
</UL>
<BR>[Calls]<UL><LI><a href="#[bb]">&gt;&gt;</a>&nbsp;&nbsp;&nbsp;Usdelay
</UL>
<BR>[Called By]<UL><LI><a href="#[b5]">&gt;&gt;</a>&nbsp;&nbsp;&nbsp;TK_FilterAvergeDeal
</UL>

<P><STRONG><a name="[ba]"></a>TK_FilterDataDeal</STRONG> (Thumb, 186 bytes, Stack size 16 bytes, sc32f10xx_tk_functionresource.o(i.TK_FilterDataDeal))
<BR><BR>[Stack]<UL><LI>Max Depth = 16<LI>Call Chain = TK_FilterDataDeal
</UL>
<BR>[Calls]<UL><LI><a href="#[ac]">&gt;&gt;</a>&nbsp;&nbsp;&nbsp;TK_GetCurrFingerValue
</UL>
<BR>[Called By]<UL><LI><a href="#[c8]">&gt;&gt;</a>&nbsp;&nbsp;&nbsp;TK_SensorKeyFlag
<LI><a href="#[c7]">&gt;&gt;</a>&nbsp;&nbsp;&nbsp;TK_MultipleDeal
<LI><a href="#[b5]">&gt;&gt;</a>&nbsp;&nbsp;&nbsp;TK_FilterAvergeDeal
</UL>

<P><STRONG><a name="[b8]"></a>TK_FilterIIRInit</STRONG> (Thumb, 36 bytes, Stack size 0 bytes, sc32f10xx_tk_functionresource.o(i.TK_FilterIIRInit))
<BR><BR>[Called By]<UL><LI><a href="#[c7]">&gt;&gt;</a>&nbsp;&nbsp;&nbsp;TK_MultipleDeal
<LI><a href="#[b5]">&gt;&gt;</a>&nbsp;&nbsp;&nbsp;TK_FilterAvergeDeal
</UL>

<P><STRONG><a name="[be]"></a>TK_GetBaseLineAdjustValue</STRONG> (Thumb, 8 bytes, Stack size 0 bytes, tkdriver.o(i.TK_GetBaseLineAdjustValue))
<BR><BR>[Called By]<UL><LI><a href="#[bc]">&gt;&gt;</a>&nbsp;&nbsp;&nbsp;TK_GetCfgMsg
<LI><a href="#[b7]">&gt;&gt;</a>&nbsp;&nbsp;&nbsp;TK_SingleChannel_ICHAAdjust
</UL>

<P><STRONG><a name="[b4]"></a>TK_GetBaselineUpdateThreshold</STRONG> (Thumb, 8 bytes, Stack size 0 bytes, tkdriver.o(i.TK_GetBaselineUpdateThreshold))
<BR><BR>[Called By]<UL><LI><a href="#[ca]">&gt;&gt;</a>&nbsp;&nbsp;&nbsp;TK_SensorRenovate
<LI><a href="#[b3]">&gt;&gt;</a>&nbsp;&nbsp;&nbsp;TK_BaseLineUpdataSW
</UL>

<P><STRONG><a name="[bc]"></a>TK_GetCfgMsg</STRONG> (Thumb, 100 bytes, Stack size 8 bytes, tkdriver.o(i.TK_GetCfgMsg))
<BR><BR>[Stack]<UL><LI>Max Depth = 16<LI>Call Chain = TK_GetCfgMsg &rArr; __ARM_common_switch8
</UL>
<BR>[Calls]<UL><LI><a href="#[bd]">&gt;&gt;</a>&nbsp;&nbsp;&nbsp;__ARM_common_switch8
<LI><a href="#[be]">&gt;&gt;</a>&nbsp;&nbsp;&nbsp;TK_GetBaseLineAdjustValue
</UL>
<BR>[Called By]<UL><LI><a href="#[c2]">&gt;&gt;</a>&nbsp;&nbsp;&nbsp;TK_Init
<LI><a href="#[c1]">&gt;&gt;</a>&nbsp;&nbsp;&nbsp;TK_TouchKey_Service
</UL>

<P><STRONG><a name="[cb]"></a>TK_GetCsFunction</STRONG> (Thumb, 4 bytes, Stack size 0 bytes, tkdriver.o(i.TK_GetCsFunction))
<BR><BR>[Called By]<UL><LI><a href="#[ca]">&gt;&gt;</a>&nbsp;&nbsp;&nbsp;TK_SensorRenovate
</UL>

<P><STRONG><a name="[ac]"></a>TK_GetCurrFingerValue</STRONG> (Thumb, 30 bytes, Stack size 0 bytes, tkdriver.o(i.TK_GetCurrFingerValue))
<BR><BR>[Called By]<UL><LI><a href="#[c0]">&gt;&gt;</a>&nbsp;&nbsp;&nbsp;TK_GetTKYzThreshold
<LI><a href="#[ca]">&gt;&gt;</a>&nbsp;&nbsp;&nbsp;TK_SensorRenovate
<LI><a href="#[ba]">&gt;&gt;</a>&nbsp;&nbsp;&nbsp;TK_FilterDataDeal
<LI><a href="#[b3]">&gt;&gt;</a>&nbsp;&nbsp;&nbsp;TK_BaseLineUpdataSW
<LI><a href="#[ab]">&gt;&gt;</a>&nbsp;&nbsp;&nbsp;TKSlideModuleSensorRenovate
</UL>

<P><STRONG><a name="[b9]"></a>TK_GetInitAutoUpdateTime</STRONG> (Thumb, 6 bytes, Stack size 0 bytes, tkdriver.o(i.TK_GetInitAutoUpdateTime))
<BR><BR>[Called By]<UL><LI><a href="#[b5]">&gt;&gt;</a>&nbsp;&nbsp;&nbsp;TK_FilterAvergeDeal
</UL>

<P><STRONG><a name="[d0]"></a>TK_GetIsNeedUpdateBaseline</STRONG> (Thumb, 6 bytes, Stack size 0 bytes, sc32f10xx_tk_functionresource.o(i.TK_GetIsNeedUpdateBaseline))
<BR><BR>[Called By]<UL><LI><a href="#[cf]">&gt;&gt;</a>&nbsp;&nbsp;&nbsp;TK_TouchKeyScan
</UL>

<P><STRONG><a name="[c5]"></a>TK_GetScanTimeValue</STRONG> (Thumb, 14 bytes, Stack size 0 bytes, tkdriver.o(i.TK_GetScanTimeValue))
<BR><BR>[Called By]<UL><LI><a href="#[c2]">&gt;&gt;</a>&nbsp;&nbsp;&nbsp;TK_Init
<LI><a href="#[c1]">&gt;&gt;</a>&nbsp;&nbsp;&nbsp;TK_TouchKey_Service
<LI><a href="#[b7]">&gt;&gt;</a>&nbsp;&nbsp;&nbsp;TK_SingleChannel_ICHAAdjust
</UL>

<P><STRONG><a name="[bf]"></a>TK_GetTKYzCnt</STRONG> (Thumb, 16 bytes, Stack size 8 bytes, tkdriver.o(i.TK_GetTKYzCnt))
<BR><BR>[Stack]<UL><LI>Max Depth = 36<LI>Call Chain = TK_GetTKYzCnt &rArr; __aeabi_idivmod &rArr; __aeabi_uidivmod
</UL>
<BR>[Calls]<UL><LI><a href="#[2d]">&gt;&gt;</a>&nbsp;&nbsp;&nbsp;__aeabi_idivmod
</UL>
<BR>[Called By]<UL><LI><a href="#[ca]">&gt;&gt;</a>&nbsp;&nbsp;&nbsp;TK_SensorRenovate
</UL>

<P><STRONG><a name="[c0]"></a>TK_GetTKYzThreshold</STRONG> (Thumb, 26 bytes, Stack size 16 bytes, tkdriver.o(i.TK_GetTKYzThreshold))
<BR><BR>[Stack]<UL><LI>Max Depth = 44<LI>Call Chain = TK_GetTKYzThreshold &rArr; __aeabi_idivmod &rArr; __aeabi_uidivmod
</UL>
<BR>[Calls]<UL><LI><a href="#[ac]">&gt;&gt;</a>&nbsp;&nbsp;&nbsp;TK_GetCurrFingerValue
<LI><a href="#[2d]">&gt;&gt;</a>&nbsp;&nbsp;&nbsp;__aeabi_idivmod
</UL>
<BR>[Called By]<UL><LI><a href="#[ca]">&gt;&gt;</a>&nbsp;&nbsp;&nbsp;TK_SensorRenovate
</UL>

<P><STRONG><a name="[cd]"></a>TK_GetUpConfirmCnt</STRONG> (Thumb, 8 bytes, Stack size 0 bytes, tkdriver.o(i.TK_GetUpConfirmCnt))
<BR><BR>[Called By]<UL><LI><a href="#[ca]">&gt;&gt;</a>&nbsp;&nbsp;&nbsp;TK_SensorRenovate
</UL>

<P><STRONG><a name="[24]"></a>TK_IRQHandler</STRONG> (Thumb, 8 bytes, Stack size 8 bytes, tkdriver.o(i.TK_IRQHandler))
<BR><BR>[Stack]<UL><LI>Max Depth = 32<LI>Call Chain = TK_IRQHandler &rArr; TK_TouchKey_Service &rArr; TK_GetCfgMsg &rArr; __ARM_common_switch8
</UL>
<BR>[Calls]<UL><LI><a href="#[c1]">&gt;&gt;</a>&nbsp;&nbsp;&nbsp;TK_TouchKey_Service
</UL>
<BR>[Address Reference Count : 1]<UL><LI> startup_sc32f10xx.o(RESET)
</UL>
<P><STRONG><a name="[c2]"></a>TK_Init</STRONG> (Thumb, 344 bytes, Stack size 8 bytes, sc32f10xx_tk_functionresource.o(i.TK_Init))
<BR><BR>[Stack]<UL><LI>Max Depth = 68<LI>Call Chain = TK_Init &rArr; TK_FilterAvergeDeal &rArr; TK_SingleChannel_ICHAAdjust &rArr; __aeabi_idivmod &rArr; __aeabi_uidivmod
</UL>
<BR>[Calls]<UL><LI><a href="#[90]">&gt;&gt;</a>&nbsp;&nbsp;&nbsp;RCC_APB2Cmd
<LI><a href="#[c4]">&gt;&gt;</a>&nbsp;&nbsp;&nbsp;TK_TouchKeyCFGInit
<LI><a href="#[c5]">&gt;&gt;</a>&nbsp;&nbsp;&nbsp;TK_GetScanTimeValue
<LI><a href="#[bc]">&gt;&gt;</a>&nbsp;&nbsp;&nbsp;TK_GetCfgMsg
<LI><a href="#[2d]">&gt;&gt;</a>&nbsp;&nbsp;&nbsp;__aeabi_idivmod
<LI><a href="#[c3]">&gt;&gt;</a>&nbsp;&nbsp;&nbsp;TK_InitializeSensorFlag
<LI><a href="#[c6]">&gt;&gt;</a>&nbsp;&nbsp;&nbsp;TK_InitializeBaselines
<LI><a href="#[b5]">&gt;&gt;</a>&nbsp;&nbsp;&nbsp;TK_FilterAvergeDeal
</UL>
<BR>[Called By]<UL><LI><a href="#[25]">&gt;&gt;</a>&nbsp;&nbsp;&nbsp;main
</UL>

<P><STRONG><a name="[c6]"></a>TK_InitializeBaselines</STRONG> (Thumb, 36 bytes, Stack size 0 bytes, sc32f10xx_tk_functionresource.o(i.TK_InitializeBaselines))
<BR><BR>[Called By]<UL><LI><a href="#[c2]">&gt;&gt;</a>&nbsp;&nbsp;&nbsp;TK_Init
<LI><a href="#[c7]">&gt;&gt;</a>&nbsp;&nbsp;&nbsp;TK_MultipleDeal
</UL>

[...]
<BR><BR>[Stack]<UL><LI>Max Depth = 24<LI>Call Chain = TK_TouchKey_Service &rArr; TK_GetCfgMsg &rArr; __ARM_common_switch8
</UL>
<BR>[Calls]<UL><LI><a href="#[c5]">&gt;&gt;</a>&nbsp;&nbsp;&nbsp;TK_GetScanTimeValue
<LI><a href="#[bc]">&gt;&gt;</a>&nbsp;&nbsp;&nbsp;TK_GetCfgMsg
</UL>
<BR>[Called By]<UL><LI><a href="#[24]">&gt;&gt;</a>&nbsp;&nbsp;&nbsp;TK_IRQHandler
</UL>

<P><STRONG><a name="[20]"></a>TWI0_IRQHandler</STRONG> (Thumb, 2 bytes, Stack size 0 bytes, sc_it.o(i.TWI0_IRQHandler))
<BR>[Address Reference Count : 1]<UL><LI> startup_sc32f10xx.o(RESET)
</UL>
<P><STRONG><a name="[21]"></a>TWI1_IRQHandler</STRONG> (Thumb, 2 bytes, Stack size 0 bytes, sc_it.o(i.TWI1_IRQHandler))
<BR>[Address Reference Count : 1]<UL><LI> startup_sc32f10xx.o(RESET)
</UL>
<P><STRONG><a name="[9d]"></a>TWI_Cmd</STRONG> (Thumb, 24 bytes, Stack size 0 bytes, sc32f1xxx_twi.o(i.TWI_Cmd))
<BR><BR>[Called By]<UL><LI><a href="#[7e]">&gt;&gt;</a>&nbsp;&nbsp;&nbsp;SC_TWI0_Init
</UL>

<P><STRONG><a name="[9c]"></a>TWI_DMACmd</STRONG> (Thumb, 26 bytes, Stack size 8 bytes, sc32f1xxx_twi.o(i.TWI_DMACmd))
<BR><BR>[Stack]<UL><LI>Max Depth = 8<LI>Call Chain = TWI_DMACmd
</UL>
<BR>[Called By]<UL><LI><a href="#[7e]">&gt;&gt;</a>&nbsp;&nbsp;&nbsp;SC_TWI0_Init
</UL>

<P><STRONG><a name="[9b]"></a>TWI_ITConfig</STRONG> (Thumb, 26 bytes, Stack size 8 bytes, sc32f1xxx_twi.o(i.TWI_ITConfig))
<BR><BR>[Stack]<UL><LI>Max Depth = 8<LI>Call Chain = TWI_ITConfig
</UL>
<BR>[Called By]<UL><LI><a href="#[7e]">&gt;&gt;</a>&nbsp;&nbsp;&nbsp;SC_TWI0_Init
</UL>

<P><STRONG><a name="[99]"></a>TWI_Init</STRONG> (Thumb, 48 bytes, Stack size 12 bytes, sc32f1xxx_twi.o(i.TWI_Init))
<BR><BR>[Stack]<UL><LI>Max Depth = 12<LI>Call Chain = TWI_Init
</UL>
<BR>[Called By]<UL><LI><a href="#[7e]">&gt;&gt;</a>&nbsp;&nbsp;&nbsp;SC_TWI0_Init
</UL>

<P><STRONG><a name="[9a]"></a>TWI_PinRemapConfig</STRONG> (Thumb, 36 bytes, Stack size 8 bytes, sc32f1xxx_twi.o(i.TWI_PinRemapConfig))
<BR><BR>[Stack]<UL><LI>Max Depth = 8<LI>Call Chain = TWI_PinRemapConfig
</UL>
<BR>[Called By]<UL><LI><a href="#[7e]">&gt;&gt;</a>&nbsp;&nbsp;&nbsp;SC_TWI0_Init
</UL>

<P><STRONG><a name="[10]"></a>UART0_2_IRQHandler</STRONG> (Thumb, 16 bytes, Stack size 8 bytes, sc_it.o(i.UART0_2_IRQHandler))
<BR><BR>[Stack]<UL><LI>Max Depth = 40<LI>Call Chain = UART0_2_IRQHandler &rArr; UART2_Handler &rArr; GPIO_ResetBits
</UL>
<BR>[Calls]<UL><LI><a href="#[d4]">&gt;&gt;</a>&nbsp;&nbsp;&nbsp;UART_ClearFlag
<LI><a href="#[d3]">&gt;&gt;</a>&nbsp;&nbsp;&nbsp;UART2_Handler
</UL>
<BR>[Address Reference Count : 1]<UL><LI> startup_sc32f10xx.o(RESET)
</UL>
<P><STRONG><a name="[11]"></a>UART1_3_IRQHandler</STRONG> (Thumb, 16 bytes, Stack size 8 bytes, sc_it.o(i.UART1_3_IRQHandler))
<BR><BR>[Stack]<UL><LI>Max Depth = 16<LI>Call Chain = UART1_3_IRQHandler &rArr; UART1_Handler
</UL>
<BR>[Calls]<UL><LI><a href="#[d4]">&gt;&gt;</a>&nbsp;&nbsp;&nbsp;UART_ClearFlag
<LI><a href="#[d5]">&gt;&gt;</a>&nbsp;&nbsp;&nbsp;UART1_Handler
</UL>
<BR>[Address Reference Count : 1]<UL><LI> startup_sc32f10xx.o(RESET)
</UL>
<P><STRONG><a name="[d5]"></a>UART1_Handler</STRONG> (Thumb, 114 bytes, Stack size 8 bytes, mqtt.o(i.UART1_Handler))
<BR><BR>[Stack]<UL><LI>Max Depth = 8<LI>Call Chain = UART1_Handler
</UL>
<BR>[Calls]<UL><LI><a href="#[d4]">&gt;&gt;</a>&nbsp;&nbsp;&nbsp;UART_ClearFlag
<LI><a href="#[d7]">&gt;&gt;</a>&nbsp;&nbsp;&nbsp;UART_GetFlagStatus
<LI><a href="#[d6]">&gt;&gt;</a>&nbsp;&nbsp;&nbsp;UART_ReceiveData
</UL>
<BR>[Called By]<UL><LI><a href="#[11]">&gt;&gt;</a>&nbsp;&nbsp;&nbsp;UART1_3_IRQHandler
</UL>

<P><STRONG><a name="[d3]"></a>UART2_Handler</STRONG> (Thumb, 260 bytes, Stack size 24 bytes, uart_communication.o(i.UART2_Handler))
<BR><BR>[Stack]<UL><LI>Max Depth = 32<LI>Call Chain = UART2_Handler &rArr; GPIO_ResetBits
</UL>
<BR>[Calls]<UL><LI><a href="#[d4]">&gt;&gt;</a>&nbsp;&nbsp;&nbsp;UART_ClearFlag
<LI><a href="#[d9]">&gt;&gt;</a>&nbsp;&nbsp;&nbsp;UART_SendData
<LI><a href="#[d7]">&gt;&gt;</a>&nbsp;&nbsp;&nbsp;UART_GetFlagStatus
<LI><a href="#[d8]">&gt;&gt;</a>&nbsp;&nbsp;&nbsp;GPIO_ResetBits
<LI><a href="#[bd]">&gt;&gt;</a>&nbsp;&nbsp;&nbsp;__ARM_common_switch8
<LI><a href="#[d6]">&gt;&gt;</a>&nbsp;&nbsp;&nbsp;UART_ReceiveData
</UL>
<BR>[Called By]<UL><LI><a href="#[10]">&gt;&gt;</a>&nbsp;&nbsp;&nbsp;UART0_2_IRQHandler
</UL>

<P><STRONG><a name="[d4]"></a>UART_ClearFlag</STRONG> (Thumb, 4 bytes, Stack size 0 bytes, sc32f1xxx_uart.o(i.UART_ClearFlag))
<BR><BR>[Called By]<UL><LI><a href="#[d3]">&gt;&gt;</a>&nbsp;&nbsp;&nbsp;UART2_Handler
<LI><a href="#[d5]">&gt;&gt;</a>&nbsp;&nbsp;&nbsp;UART1_Handler
<LI><a href="#[11]">&gt;&gt;</a>&nbsp;&nbsp;&nbsp;UART1_3_IRQHandler
<LI><a href="#[10]">&gt;&gt;</a>&nbsp;&nbsp;&nbsp;UART0_2_IRQHandler
<LI><a href="#[50]">&gt;&gt;</a>&nbsp;&nbsp;&nbsp;USART_TxStr
</UL>

<P><STRONG><a name="[a0]"></a>UART_DMACmd</STRONG> (Thumb, 26 bytes, Stack size 8 bytes, sc32f1xxx_uart.o(i.UART_DMACmd))
<BR><BR>[Stack]<UL><LI>Max Depth = 8<LI>Call Chain = UART_DMACmd
</UL>
<BR>[Called By]<UL><LI><a href="#[a9]">&gt;&gt;</a>&nbsp;&nbsp;&nbsp;UART_DMA_Receive
<LI><a href="#[7c]">&gt;&gt;</a>&nbsp;&nbsp;&nbsp;SC_UART1_Init
</UL>

<P><STRONG><a name="[a9]"></a>UART_DMA_Receive</STRONG> (Thumb, 74 bytes, Stack size 8 bytes, uart_communication_dma.o(i.UART_DMA_Receive))
<BR><BR>[Stack]<UL><LI>Max Depth = 16<LI>Call Chain = UART_DMA_Receive &rArr; UART_DMACmd
</UL>
<BR>[Calls]<UL><LI><a href="#[db]">&gt;&gt;</a>&nbsp;&nbsp;&nbsp;DMA_SetCurrDataCounter
<LI><a href="#[da]">&gt;&gt;</a>&nbsp;&nbsp;&nbsp;DMA_GetCurrDataCounter
<LI><a href="#[a0]">&gt;&gt;</a>&nbsp;&nbsp;&nbsp;UART_DMACmd
<LI><a href="#[75]">&gt;&gt;</a>&nbsp;&nbsp;&nbsp;DMA_Cmd
<LI><a href="#[2f]">&gt;&gt;</a>&nbsp;&nbsp;&nbsp;__aeabi_memclr
</UL>
<BR>[Called By]<UL><LI><a href="#[a6]">&gt;&gt;</a>&nbsp;&nbsp;&nbsp;TIM3_IRQHandler
</UL>

<P><STRONG><a name="[dc]"></a>UART_DMA_Send</STRONG> (Thumb, 54 bytes, Stack size 16 bytes, uart_communication_dma.o(i.UART_DMA_Send))
<BR><BR>[Stack]<UL><LI>Max Depth = 16<LI>Call Chain = UART_DMA_Send
</UL>
<BR>[Calls]<UL><LI><a href="#[54]">&gt;&gt;</a>&nbsp;&nbsp;&nbsp;DMA_ClearFlag
<LI><a href="#[de]">&gt;&gt;</a>&nbsp;&nbsp;&nbsp;DMA_SoftwareTrigger
<LI><a href="#[db]">&gt;&gt;</a>&nbsp;&nbsp;&nbsp;DMA_SetCurrDataCounter
<LI><a href="#[aa]">&gt;&gt;</a>&nbsp;&nbsp;&nbsp;DMA_GetFlagStatus
<LI><a href="#[dd]">&gt;&gt;</a>&nbsp;&nbsp;&nbsp;__aeabi_memcpy
</UL>
<BR>[Called By]<UL><LI><a href="#[50]">&gt;&gt;</a>&nbsp;&nbsp;&nbsp;USART_TxStr
</UL>

<P><STRONG><a name="[d7]"></a>UART_GetFlagStatus</STRONG> (Thumb, 20 bytes, Stack size 0 bytes, sc32f1xxx_uart.o(i.UART_GetFlagStatus))
<BR><BR>[Called By]<UL><LI><a href="#[d3]">&gt;&gt;</a>&nbsp;&nbsp;&nbsp;UART2_Handler
<LI><a href="#[d5]">&gt;&gt;</a>&nbsp;&nbsp;&nbsp;UART1_Handler
<LI><a href="#[28]">&gt;&gt;</a>&nbsp;&nbsp;&nbsp;fputc
<LI><a href="#[50]">&gt;&gt;</a>&nbsp;&nbsp;&nbsp;USART_TxStr
</UL>

<P><STRONG><a name="[9f]"></a>UART_ITConfig</STRONG> (Thumb, 26 bytes, Stack size 8 bytes, sc32f1xxx_uart.o(i.UART_ITConfig))
<BR><BR>[Stack]<UL><LI>Max Depth = 8<LI>Call Chain = UART_ITConfig
</UL>
<BR>[Called By]<UL><LI><a href="#[7d]">&gt;&gt;</a>&nbsp;&nbsp;&nbsp;SC_UART2_Init
<LI><a href="#[7c]">&gt;&gt;</a>&nbsp;&nbsp;&nbsp;SC_UART1_Init
</UL>

<P><STRONG><a name="[9e]"></a>UART_Init</STRONG> (Thumb, 72 bytes, Stack size 16 bytes, sc32f1xxx_uart.o(i.UART_Init))
<BR><BR>[Stack]<UL><LI>Max Depth = 28<LI>Call Chain = UART_Init &rArr; __aeabi_uidivmod
</UL>
<BR>[Calls]<UL><LI><a href="#[2e]">&gt;&gt;</a>&nbsp;&nbsp;&nbsp;__aeabi_uidivmod
</UL>
<BR>[Called By]<UL><LI><a href="#[7d]">&gt;&gt;</a>&nbsp;&nbsp;&nbsp;SC_UART2_Init
<LI><a href="#[7c]">&gt;&gt;</a>&nbsp;&nbsp;&nbsp;SC_UART1_Init
</UL>

<P><STRONG><a name="[a1]"></a>UART_PinRemapConfig</STRONG> (Thumb, 32 bytes, Stack size 8 bytes, sc32f1xxx_uart.o(i.UART_PinRemapConfig))
<BR><BR>[Stack]<UL><LI>Max Depth = 8<LI>Call Chain = UART_PinRemapConfig
</UL>
<BR>[Called By]<UL><LI><a href="#[7d]">&gt;&gt;</a>&nbsp;&nbsp;&nbsp;SC_UART2_Init
<LI><a href="#[7c]">&gt;&gt;</a>&nbsp;&nbsp;&nbsp;SC_UART1_Init
</UL>

<P><STRONG><a name="[a3]"></a>UART_RXCmd</STRONG> (Thumb, 24 bytes, Stack size 0 bytes, sc32f1xxx_uart.o(i.UART_RXCmd))
<BR><BR>[Called By]<UL><LI><a href="#[7d]">&gt;&gt;</a>&nbsp;&nbsp;&nbsp;SC_UART2_Init
<LI><a href="#[7c]">&gt;&gt;</a>&nbsp;&nbsp;&nbsp;SC_UART1_Init
</UL>

<P><STRONG><a name="[d6]"></a>UART_ReceiveData</STRONG> (Thumb, 10 bytes, Stack size 0 bytes, sc32f1xxx_uart.o(i.UART_ReceiveData))
<BR><BR>[Called By]<UL><LI><a href="#[d3]">&gt;&gt;</a>&nbsp;&nbsp;&nbsp;UART2_Handler
<LI><a href="#[d5]">&gt;&gt;</a>&nbsp;&nbsp;&nbsp;UART1_Handler
</UL>

<P><STRONG><a name="[d9]"></a>UART_SendData</STRONG> (Thumb, 8 bytes, Stack size 0 bytes, sc32f1xxx_uart.o(i.UART_SendData))
<BR><BR>[Called By]<UL><LI><a href="#[d3]">&gt;&gt;</a>&nbsp;&nbsp;&nbsp;UART2_Handler
<LI><a href="#[28]">&gt;&gt;</a>&nbsp;&nbsp;&nbsp;fputc
<LI><a href="#[50]">&gt;&gt;</a>&nbsp;&nbsp;&nbsp;USART_TxStr
</UL>

<P><STRONG><a name="[a2]"></a>UART_TXCmd</STRONG> (Thumb, 24 bytes, Stack size 0 bytes, sc32f1xxx_uart.o(i.UART_TXCmd))
<BR><BR>[Called By]<UL><LI><a href="#[7d]">&gt;&gt;</a>&nbsp;&nbsp;&nbsp;SC_UART2_Init
<LI><a href="#[7c]">&gt;&gt;</a>&nbsp;&nbsp;&nbsp;SC_UART1_Init
</UL>

<P><STRONG><a name="[50]"></a>USART_TxStr</STRONG> (Thumb, 78 bytes, Stack size 16 bytes, mqtt.o(i.USART_TxStr))
<BR><BR>[Stack]<UL><LI>Max Depth = 32<LI>Call Chain = USART_TxStr &rArr; UART_DMA_Send
</UL>
<BR>[Calls]<UL><LI><a href="#[d4]">&gt;&gt;</a>&nbsp;&nbsp;&nbsp;UART_ClearFlag
<LI><a href="#[d9]">&gt;&gt;</a>&nbsp;&nbsp;&nbsp;UART_SendData
<LI><a href="#[d7]">&gt;&gt;</a>&nbsp;&nbsp;&nbsp;UART_GetFlagStatus
<LI><a href="#[dc]">&gt;&gt;</a>&nbsp;&nbsp;&nbsp;UART_DMA_Send
<LI><a href="#[df]">&gt;&gt;</a>&nbsp;&nbsp;&nbsp;strlen
</UL>
<BR>[Called By]<UL><LI><a href="#[59]">&gt;&gt;</a>&nbsp;&nbsp;&nbsp;wait_OK
<LI><a href="#[e7]">&gt;&gt;</a>&nbsp;&nbsp;&nbsp;WIFI_Rst
<LI><a href="#[e4]">&gt;&gt;</a>&nbsp;&nbsp;&nbsp;WIFI_Connect
<LI><a href="#[e0]">&gt;&gt;</a>&nbsp;&nbsp;&nbsp;USER_Connect
<LI><a href="#[a5]">&gt;&gt;</a>&nbsp;&nbsp;&nbsp;Setting_Connect_Work
<LI><a href="#[5e]">&gt;&gt;</a>&nbsp;&nbsp;&nbsp;Login_URL
<LI><a href="#[58]">&gt;&gt;</a>&nbsp;&nbsp;&nbsp;Get_Ntp_Time
<LI><a href="#[52]">&gt;&gt;</a>&nbsp;&nbsp;&nbsp;Connect_Aliyun_Server
<LI><a href="#[51]">&gt;&gt;</a>&nbsp;&nbsp;&nbsp;Client_Subscribe
<LI><a href="#[4e]">&gt;&gt;</a>&nbsp;&nbsp;&nbsp;Client_Connect
</UL>

<P><STRONG><a name="[e0]"></a>USER_Connect</STRONG> (Thumb, 34 bytes, Stack size 208 bytes, mqtt.o(i.USER_Connect))
<BR><BR>[Stack]<UL><LI>Max Depth = 240<LI>Call Chain = USER_Connect &rArr; USART_TxStr &rArr; UART_DMA_Send
</UL>
<BR>[Calls]<UL><LI><a href="#[4f]">&gt;&gt;</a>&nbsp;&nbsp;&nbsp;__aeabi_memcpy4
<LI><a href="#[50]">&gt;&gt;</a>&nbsp;&nbsp;&nbsp;USART_TxStr
</UL>
<BR>[Called By]<UL><LI><a href="#[e6]">&gt;&gt;</a>&nbsp;&nbsp;&nbsp;WIFI_Init
</UL>

<P><STRONG><a name="[e1]"></a>UpdateDisplay</STRONG> (Thumb, 112 bytes, Stack size 8 bytes, main.o(i.UpdateDisplay))
<BR><BR>[Stack]<UL><LI>Max Depth = 32<LI>Call Chain = UpdateDisplay &rArr; Delay_ms &rArr; Delay_us
</UL>
<BR>[Calls]<UL><LI><a href="#[e2]">&gt;&gt;</a>&nbsp;&nbsp;&nbsp;GPIO_TogglePins
<LI><a href="#[e3]">&gt;&gt;</a>&nbsp;&nbsp;&nbsp;GPIO_SetBits
<LI><a href="#[55]">&gt;&gt;</a>&nbsp;&nbsp;&nbsp;Delay_ms
</UL>
<BR>[Called By]<UL><LI><a href="#[25]">&gt;&gt;</a>&nbsp;&nbsp;&nbsp;main
</UL>

<P><STRONG><a name="[bb]"></a>Usdelay</STRONG> (Thumb, 16 bytes, Stack size 0 bytes, sc32f10xx_tk_functionresource.o(i.Usdelay))
<BR><BR>[Called By]<UL><LI><a href="#[b6]">&gt;&gt;</a>&nbsp;&nbsp;&nbsp;TK_FilterCommCode
</UL>

<P><STRONG><a name="[e4]"></a>WIFI_Connect</STRONG> (Thumb, 70 bytes, Stack size 112 bytes, mqtt.o(i.WIFI_Connect))
<BR><BR>[Stack]<UL><LI>Max Depth = 144<LI>Call Chain = WIFI_Connect &rArr; USART_TxStr &rArr; UART_DMA_Send
</UL>
<BR>[Calls]<UL><LI><a href="#[e5]">&gt;&gt;</a>&nbsp;&nbsp;&nbsp;strcat
<LI><a href="#[4f]">&gt;&gt;</a>&nbsp;&nbsp;&nbsp;__aeabi_memcpy4
<LI><a href="#[50]">&gt;&gt;</a>&nbsp;&nbsp;&nbsp;USART_TxStr
</UL>
<BR>[Called By]<UL><LI><a href="#[e6]">&gt;&gt;</a>&nbsp;&nbsp;&nbsp;WIFI_Init
</UL>

<P><STRONG><a name="[e6]"></a>WIFI_Init</STRONG> (Thumb, 88 bytes, Stack size 8 bytes, mqtt.o(i.WIFI_Init))
<BR><BR>[Stack]<UL><LI>Max Depth = 248<LI>Call Chain = WIFI_Init &rArr; USER_Connect &rArr; USART_TxStr &rArr; UART_DMA_Send
</UL>
<BR>[Calls]<UL><LI><a href="#[59]">&gt;&gt;</a>&nbsp;&nbsp;&nbsp;wait_OK
<LI><a href="#[e7]">&gt;&gt;</a>&nbsp;&nbsp;&nbsp;WIFI_Rst
<LI><a href="#[e4]">&gt;&gt;</a>&nbsp;&nbsp;&nbsp;WIFI_Connect
<LI><a href="#[e0]">&gt;&gt;</a>&nbsp;&nbsp;&nbsp;USER_Connect
<LI><a href="#[a5]">&gt;&gt;</a>&nbsp;&nbsp;&nbsp;Setting_Connect_Work
<LI><a href="#[5e]">&gt;&gt;</a>&nbsp;&nbsp;&nbsp;Login_URL
<LI><a href="#[58]">&gt;&gt;</a>&nbsp;&nbsp;&nbsp;Get_Ntp_Time
<LI><a href="#[52]">&gt;&gt;</a>&nbsp;&nbsp;&nbsp;Connect_Aliyun_Server
<LI><a href="#[51]">&gt;&gt;</a>&nbsp;&nbsp;&nbsp;Client_Subscribe
<LI><a href="#[4e]">&gt;&gt;</a>&nbsp;&nbsp;&nbsp;Client_Connect
</UL>
<BR>[Called By]<UL><LI><a href="#[25]">&gt;&gt;</a>&nbsp;&nbsp;&nbsp;main
</UL>

<P><STRONG><a name="[e7]"></a>WIFI_Rst</STRONG> (Thumb, 86 bytes, Stack size 16 bytes, mqtt.o(i.WIFI_Rst))
<BR><BR>[Stack]<UL><LI>Max Depth = 48<LI>Call Chain = WIFI_Rst &rArr; USART_TxStr &rArr; UART_DMA_Send
</UL>
<BR>[Calls]<UL><LI><a href="#[55]">&gt;&gt;</a>&nbsp;&nbsp;&nbsp;Delay_ms
<LI><a href="#[50]">&gt;&gt;</a>&nbsp;&nbsp;&nbsp;USART_TxStr
<LI><a href="#[4d]">&gt;&gt;</a>&nbsp;&nbsp;&nbsp;CLR_Buf2
</UL>
<BR>[Called By]<UL><LI><a href="#[e6]">&gt;&gt;</a>&nbsp;&nbsp;&nbsp;WIFI_Init
</UL>

<P><STRONG><a name="[e8]"></a>__0printf$8</STRONG> (Thumb, 24 bytes, Stack size 24 bytes, printf8.o(i.__0printf$8), UNUSED)
<BR><BR>[Calls]<UL><LI><a href="#[e9]">&gt;&gt;</a>&nbsp;&nbsp;&nbsp;_printf_core
</UL>

<P><STRONG><a name="[102]"></a>__1printf$8</STRONG> (Thumb, 0 bytes, Stack size 24 bytes, printf8.o(i.__0printf$8), UNUSED)

<P><STRONG><a name="[5b]"></a>__2printf</STRONG> (Thumb, 0 bytes, Stack size 24 bytes, printf8.o(i.__0printf$8))
<BR><BR>[Stack]<UL><LI>Max Depth = 24<LI>Call Chain = __2printf
</UL>
<BR>[Called By]<UL><LI><a href="#[5a]">&gt;&gt;</a>&nbsp;&nbsp;&nbsp;Get_Weather
</UL>

<P><STRONG><a name="[48]"></a>__ARM_clz</STRONG> (Thumb, 46 bytes, Stack size 0 bytes, depilogue.o(i.__ARM_clz))
<BR><BR>[Called By]<UL><LI><a href="#[3b]">&gt;&gt;</a>&nbsp;&nbsp;&nbsp;_double_epilogue
</UL>

<P><STRONG><a name="[bd]"></a>__ARM_common_switch8</STRONG> (Thumb, 28 bytes, Stack size 8 bytes, main.o(i.__ARM_common_switch8))
<BR><BR>[Stack]<UL><LI>Max Depth = 8<LI>Call Chain = __ARM_common_switch8
</UL>
<BR>[Called By]<UL><LI><a href="#[d3]">&gt;&gt;</a>&nbsp;&nbsp;&nbsp;UART2_Handler
<LI><a href="#[25]">&gt;&gt;</a>&nbsp;&nbsp;&nbsp;main
<LI><a href="#[bc]">&gt;&gt;</a>&nbsp;&nbsp;&nbsp;TK_GetCfgMsg
</UL>

<P><STRONG><a name="[103]"></a>__scatterload_copy</STRONG> (Thumb, 14 bytes, Stack size unknown bytes, handlers.o(i.__scatterload_copy), UNUSED)

<P><STRONG><a name="[104]"></a>__scatterload_null</STRONG> (Thumb, 2 bytes, Stack size unknown bytes, handlers.o(i.__scatterload_null), UNUSED)

<P><STRONG><a name="[105]"></a>__scatterload_zeroinit</STRONG> (Thumb, 14 bytes, Stack size unknown bytes, handlers.o(i.__scatterload_zeroinit), UNUSED)

<P><STRONG><a name="[28]"></a>fputc</STRONG> (Thumb, 32 bytes, Stack size 16 bytes, main.o(i.fputc))
<BR><BR>[Stack]<UL><LI>Max Depth = 16<LI>Call Chain = fputc
</UL>
<BR>[Calls]<UL><LI><a href="#[d9]">&gt;&gt;</a>&nbsp;&nbsp;&nbsp;UART_SendData
<LI><a href="#[d7]">&gt;&gt;</a>&nbsp;&nbsp;&nbsp;UART_GetFlagStatus
</UL>
<BR>[Address Reference Count : 1]<UL><LI> printf8.o(i.__0printf$8)
</UL>
<P><STRONG><a name="[25]"></a>main</STRONG> (Thumb, 248 bytes, Stack size 0 bytes, main.o(i.main))
<BR><BR>[Stack]<UL><LI>Max Depth = 312<LI>Call Chain = main &rArr; TK_TouchKeyScan &rArr; TK_SensorKeyFlag &rArr; TKSlideModuleSensorRenovate &rArr; __aeabi_dmul &rArr; _double_epilogue &rArr; __aeabi_llsr
</UL>
<BR>[Calls]<UL><LI><a href="#[e6]">&gt;&gt;</a>&nbsp;&nbsp;&nbsp;WIFI_Init
<LI><a href="#[cf]">&gt;&gt;</a>&nbsp;&nbsp;&nbsp;TK_TouchKeyScan
<LI><a href="#[ee]">&gt;&gt;</a>&nbsp;&nbsp;&nbsp;TK_Restart
<LI><a href="#[c2]">&gt;&gt;</a>&nbsp;&nbsp;&nbsp;TK_Init
<LI><a href="#[57]">&gt;&gt;</a>&nbsp;&nbsp;&nbsp;TIM_Cmd
<LI><a href="#[5c]">&gt;&gt;</a>&nbsp;&nbsp;&nbsp;IcResourceInit
<LI><a href="#[5a]">&gt;&gt;</a>&nbsp;&nbsp;&nbsp;Get_Weather
<LI><a href="#[ec]">&gt;&gt;</a>&nbsp;&nbsp;&nbsp;Get_Init_Flag
<LI><a href="#[e2]">&gt;&gt;</a>&nbsp;&nbsp;&nbsp;GPIO_TogglePins
<LI><a href="#[d8]">&gt;&gt;</a>&nbsp;&nbsp;&nbsp;GPIO_ResetBits
<LI><a href="#[4b]">&gt;&gt;</a>&nbsp;&nbsp;&nbsp;Buzzer_SetVolume
<LI><a href="#[bd]">&gt;&gt;</a>&nbsp;&nbsp;&nbsp;__ARM_common_switch8
<LI><a href="#[e1]">&gt;&gt;</a>&nbsp;&nbsp;&nbsp;UpdateDisplay
<LI><a href="#[ed]">&gt;&gt;</a>&nbsp;&nbsp;&nbsp;DataProcessing
<LI><a href="#[2e]">&gt;&gt;</a>&nbsp;&nbsp;&nbsp;__aeabi_uidivmod
</UL>
<BR>[Address Reference Count : 1]<UL><LI> entry9a.o(.ARM.Collect$$$$0000000B)
</UL>
<P><STRONG><a name="[59]"></a>wait_OK</STRONG> (Thumb, 58 bytes, Stack size 16 bytes, mqtt.o(i.wait_OK))
<BR><BR>[Stack]<UL><LI>Max Depth = 48<LI>Call Chain = wait_OK &rArr; USART_TxStr &rArr; UART_DMA_Send
</UL>
<BR>[Calls]<UL><LI><a href="#[56]">&gt;&gt;</a>&nbsp;&nbsp;&nbsp;Delay_us
<LI><a href="#[50]">&gt;&gt;</a>&nbsp;&nbsp;&nbsp;USART_TxStr
<LI><a href="#[4d]">&gt;&gt;</a>&nbsp;&nbsp;&nbsp;CLR_Buf2
</UL>
<BR>[Called By]<UL><LI><a href="#[e6]">&gt;&gt;</a>&nbsp;&nbsp;&nbsp;WIFI_Init
<LI><a href="#[58]">&gt;&gt;</a>&nbsp;&nbsp;&nbsp;Get_Ntp_Time
</UL>
<P>
<H3>
Local Symbols
</H3>
<P><STRONG><a name="[6e]"></a>__NVIC_EnableIRQ</STRONG> (Thumb, 18 bytes, Stack size 0 bytes, sc_init.o(i.__NVIC_EnableIRQ))
<BR><BR>[Called By]<UL><LI><a href="#[7d]">&gt;&gt;</a>&nbsp;&nbsp;&nbsp;SC_UART2_Init
<LI><a href="#[7c]">&gt;&gt;</a>&nbsp;&nbsp;&nbsp;SC_UART1_Init
<LI><a href="#[7e]">&gt;&gt;</a>&nbsp;&nbsp;&nbsp;SC_TWI0_Init
<LI><a href="#[81]">&gt;&gt;</a>&nbsp;&nbsp;&nbsp;SC_TIM3_Init
<LI><a href="#[68]">&gt;&gt;</a>&nbsp;&nbsp;&nbsp;SC_ADC_Init
</UL>

<P><STRONG><a name="[6d]"></a>__NVIC_SetPriority</STRONG> (Thumb, 110 bytes, Stack size 8 bytes, sc_init.o(i.__NVIC_SetPriority))
<BR><BR>[Stack]<UL><LI>Max Depth = 8<LI>Call Chain = __NVIC_SetPriority
</UL>
<BR>[Called By]<UL><LI><a href="#[7d]">&gt;&gt;</a>&nbsp;&nbsp;&nbsp;SC_UART2_Init
<LI><a href="#[7c]">&gt;&gt;</a>&nbsp;&nbsp;&nbsp;SC_UART1_Init
<LI><a href="#[7e]">&gt;&gt;</a>&nbsp;&nbsp;&nbsp;SC_TWI0_Init
<LI><a href="#[81]">&gt;&gt;</a>&nbsp;&nbsp;&nbsp;SC_TIM3_Init
<LI><a href="#[7b]">&gt;&gt;</a>&nbsp;&nbsp;&nbsp;SC_SYSTICK_Init
<LI><a href="#[68]">&gt;&gt;</a>&nbsp;&nbsp;&nbsp;SC_ADC_Init
</UL>

<P><STRONG><a name="[e9]"></a>_printf_core</STRONG> (Thumb, 1020 bytes, Stack size 104 bytes, printf8.o(i._printf_core), UNUSED)
<BR><BR>[Calls]<UL><LI><a href="#[ea]">&gt;&gt;</a>&nbsp;&nbsp;&nbsp;_printf_pre_padding
<LI><a href="#[eb]">&gt;&gt;</a>&nbsp;&nbsp;&nbsp;_printf_post_padding
<LI><a href="#[46]">&gt;&gt;</a>&nbsp;&nbsp;&nbsp;__aeabi_uldivmod
</UL>
<BR>[Called By]<UL><LI><a href="#[e8]">&gt;&gt;</a>&nbsp;&nbsp;&nbsp;__0printf$8
</UL>

<P><STRONG><a name="[eb]"></a>_printf_post_padding</STRONG> (Thumb, 32 bytes, Stack size 24 bytes, printf8.o(i._printf_post_padding), UNUSED)
<BR><BR>[Called By]<UL><LI><a href="#[e9]">&gt;&gt;</a>&nbsp;&nbsp;&nbsp;_printf_core
</UL>

<P><STRONG><a name="[ea]"></a>_printf_pre_padding</STRONG> (Thumb, 44 bytes, Stack size 40 bytes, printf8.o(i._printf_pre_padding), UNUSED)
<BR><BR>[Called By]<UL><LI><a href="#[e9]">&gt;&gt;</a>&nbsp;&nbsp;&nbsp;_printf_core
</UL>
<P>
<H3>
Undefined Global Symbols
</H3>
<P><STRONG><a name="[2c]"></a>__arm_fini_</STRONG> (Unknown, 0 bytes, Stack size 0 bytes, UNDEFINED)
<BR><BR>[Called By]<UL><LI><a href="#[2b]">&gt;&gt;</a>&nbsp;&nbsp;&nbsp;__rt_lib_shutdown_fini
</UL>
<HR></body></html>
