<html>
<body>
<pre>
<h1>�Vision Build Log</h1>
<h2>Tool Versions:</h2>
IDE-Version: ��Vision V5.34.0.0
Copyright (C) 2021 ARM Ltd and ARM Germany GmbH. All rights reserved.
License Information: 1 1, 1, LIC=QF82M-XL56N-56RQ2-9Y3FW-L82HB-12FEU
 
Tool Versions:
Toolchain:       MDK-ARM Plus  Version: 5.34.0.0
Toolchain Path:  D:\keil\ARM\ARMCC\Bin
C Compiler:      Armcc.exe V5.06 update 7 (build 960)
Assembler:       Armasm.exe V5.06 update 7 (build 960)
Linker/Locator:  ArmLink.exe V5.06 update 7 (build 960)
Library Manager: ArmAr.exe V5.06 update 7 (build 960)
Hex Converter:   FromElf.exe V5.06 update 7 (build 960)
CPU DLL:         SARMCM3.DLL V5.34.0.0
Dialog DLL:      DARMCM1.DLL V1.19.4.0
Target DLL:      SOC_MDK_Driver\SOC_MDK_Driver.dll V1.00
Dialog DLL:      TARMCM1.DLL V1.14.3.0
 
<h2>Project:</h2>
C:\Users\86139\Desktop\SOC_test\Comp\Comp\Keil_C\Project\Comp.uvprojx
Project File Date:  12/08/2024

<h2>Output:</h2>
*** Using Compiler 'V5.06 update 7 (build 960)', folder: 'D:\keil\ARM\ARMCC\Bin'
Build target '<Comp>'
compiling UART_Communication.C...
compiling mqtt.c...
..\Mqtt\Src\mqtt.c(92): warning:  #870-D: invalid multibyte character sequence
      USART_TxStr(UART2,"连接客户�?...\r\n");
..\Mqtt\Src\mqtt.c(108): warning:  #870-D: invalid multibyte character sequence
      USART_TxStr(UART2,"客户端订阅消�?...\r\n");
..\Mqtt\Src\mqtt.c: 2 warnings, 0 errors
linking...
Program Size: Code=14960 RO-data=1072 RW-data=188 ZI-data=1692  
FromELF: creating hex file...
"..\Output\Comp.axf" - 0 Error(s), 2 Warning(s).

<h2>Software Packages used:</h2>

Package Vendor: SinOne
                https://www.socmcu.com/SinOne.SC32F1xxx_DFP.1.0.0.pack
                SinOne.SC32F1xxx_DFP.1.0.0
                SinOneMicroelectronics ARM Series Device Support

<h2>Collection of Component include folders:</h2>
  D:\keil\ARM\PACK\Keil\SC32F1xxx_DFP\1.0.6\Device\SC32F10xx\FWLib\SC32_Lib\inc

<h2>Collection of Component Files used:</h2>
Build Time Elapsed:  00:00:02
</pre>
</body>
</html>
