Component: ARM Compiler 5.06 update 7 (build 960) Tool: armlink [4d3601]

==============================================================================

Section Cross References

    Buzzer.o(i.Buzzer_Play) refers to sc32f1xxx_tim.o(i.TIM_Cmd) for TIM_Cmd
    Buzzer.o(i.Buzzer_Play) refers to Buzzer.o(i.PWM_SetHz) for PWM_SetHz
    Buzzer.o(i.Buzzer_Play) refers to main.o(i.Delay_ms) for Delay_ms
    Buzzer.o(i.Buzzer_Play) refers to Buzzer.o(.constdata) for .constdata
    Buzzer.o(i.Buzzer_Play) refers to Buzzer.o(.data) for .data
    Buzzer.o(i.PWM_SetHz) refers to dflti.o(.text) for __aeabi_ui2d
    Buzzer.o(i.PWM_SetHz) refers to dmul.o(.text) for __aeabi_dmul
    Buzzer.o(i.PWM_SetHz) refers to ddiv.o(.text) for __aeabi_ddiv
    Buzzer.o(i.PWM_SetHz) refers to dfixui.o(.text) for __aeabi_d2uiz
    Buzzer.o(i.PWM_SetHz) refers to sc32f1xxx_tim.o(i.TIM_SetAutoreload) for TIM_SetAutoreload
    Buzzer.o(i.test_Buzz) refers to sc32f1xxx_tim.o(i.TIM_Cmd) for TIM_Cmd
    Buzzer.o(i.test_Buzz) refers to Buzzer.o(i.PWM_SetHz) for PWM_SetHz
    Buzzer.o(i.test_Buzz) refers to main.o(i.Delay_ms) for Delay_ms
    CompCtrlDefine.o(i.IcResourceInit) refers to SC_Init.o(i.SC_Init) for SC_Init
    main.o(i.Delay_ms) refers to main.o(i.Delay_us) for Delay_us
    main.o(i.Delay_us) refers to sc32f1xxx_tim.o(i.TIM_Cmd) for TIM_Cmd
    main.o(i.main) refers to CompCtrlDefine.o(i.IcResourceInit) for IcResourceInit
    main.o(i.main) refers to main.o(i.__ARM_common_switch8) for __ARM_common_switch8
    main.o(i.main) refers to main.o(i.Delay_ms) for Delay_ms
    main.o(i.main) refers to sc32f1xxx_gpio.o(i.GPIO_ResetBits) for GPIO_ResetBits
    main.o(i.main) refers to Buzzer.o(i.Buzzer_Play) for Buzzer_Play
    main.o(i.main) refers to sc32f1xxx_gpio.o(i.GPIO_SetBits) for GPIO_SetBits
    sc32f1xxx_pwm.o(i.PWM_DeInit) refers to sc32f1xxx_rcc.o(i.RCC_APB0PeriphResetCmd) for RCC_APB0PeriphResetCmd
    sc32f1xxx_rcc.o(i.RCC_BTMCLKConfig) refers to sc32f1xxx_rcc.o(i.RCC_Unlock) for RCC_Unlock
    sc32f1xxx_rcc.o(i.RCC_GetClocksFreq) refers to aeabi_sdiv.o(.text) for __aeabi_uidivmod
    sc32f1xxx_rcc.o(i.RCC_HIRCCmd) refers to sc32f1xxx_rcc.o(i.RCC_Unlock) for RCC_Unlock
    sc32f1xxx_rcc.o(i.RCC_HXTCmd) refers to sc32f1xxx_rcc.o(i.RCC_Unlock) for RCC_Unlock
    sc32f1xxx_rcc.o(i.RCC_ITConfig) refers to sc32f1xxx_rcc.o(i.RCC_Unlock) for RCC_Unlock
    sc32f1xxx_rcc.o(i.RCC_LCDLEDCLKConfig) refers to sc32f1xxx_rcc.o(i.RCC_Unlock) for RCC_Unlock
    sc32f1xxx_rcc.o(i.RCC_LIRCCmd) refers to sc32f1xxx_rcc.o(i.RCC_Unlock) for RCC_Unlock
    sc32f1xxx_rcc.o(i.RCC_LXTCmd) refers to sc32f1xxx_rcc.o(i.RCC_Unlock) for RCC_Unlock
    sc32f1xxx_rcc.o(i.RCC_PLLCmd) refers to sc32f1xxx_rcc.o(i.RCC_Unlock) for RCC_Unlock
    sc32f1xxx_rcc.o(i.RCC_PLLConfig) refers to sc32f1xxx_rcc.o(i.RCC_Unlock) for RCC_Unlock
    sc32f1xxx_rcc.o(i.RCC_PLLRCmd) refers to sc32f1xxx_rcc.o(i.RCC_Unlock) for RCC_Unlock
    sc32f1xxx_rcc.o(i.RCC_SYSCLKConfig) refers to sc32f1xxx_rcc.o(i.RCC_Unlock) for RCC_Unlock
    sc32f1xxx_rcc.o(i.RCC_SYSCLKConfig) refers to aeabi_sdiv.o(.text) for __aeabi_uidivmod
    sc32f1xxx_rcc.o(i.RCC_SystickCLKConfig) refers to sc32f1xxx_rcc.o(i.RCC_Unlock) for RCC_Unlock
    sc32f1xxx_rcc.o(i.RCC_WaitConfig) refers to sc32f1xxx_rcc.o(i.RCC_Unlock) for RCC_Unlock
    sc32f1xxx_tim.o(i.TIM_DeInit) refers to sc32f1xxx_rcc.o(i.RCC_APB0PeriphResetCmd) for RCC_APB0PeriphResetCmd
    sc32f1xxx_tim.o(i.TIM_DeInit) refers to sc32f1xxx_rcc.o(i.RCC_APB1PeriphResetCmd) for RCC_APB1PeriphResetCmd
    sc32f1xxx_twi.o(i.TWI_DeInit) refers to sc32f1xxx_rcc.o(i.RCC_APB0PeriphResetCmd) for RCC_APB0PeriphResetCmd
    sc32f1xxx_twi.o(i.TWI_DeInit) refers to sc32f1xxx_rcc.o(i.RCC_APB1PeriphResetCmd) for RCC_APB1PeriphResetCmd
    SC_Init.o(i.SC_ADC_Init) refers to sc32f1xxx_adc.o(i.ADC_Init) for ADC_Init
    SC_Init.o(i.SC_ADC_Init) refers to sc32f1xxx_adc.o(i.ADC_SetChannel) for ADC_SetChannel
    SC_Init.o(i.SC_ADC_Init) refers to sc32f1xxx_adc.o(i.ADC_ITConfig) for ADC_ITConfig
    SC_Init.o(i.SC_ADC_Init) refers to sc32f1xxx_adc.o(i.ADC_DMACmd) for ADC_DMACmd
    SC_Init.o(i.SC_ADC_Init) refers to SC_Init.o(i.__NVIC_SetPriority) for __NVIC_SetPriority
    SC_Init.o(i.SC_ADC_Init) refers to SC_Init.o(i.__NVIC_EnableIRQ) for __NVIC_EnableIRQ
    SC_Init.o(i.SC_ADC_Init) refers to sc32f1xxx_adc.o(i.ADC_Cmd) for ADC_Cmd
    SC_Init.o(i.SC_GPIO_Init) refers to sc32f1xxx_gpio.o(i.GPIO_Init) for GPIO_Init
    SC_Init.o(i.SC_Init) refers to SC_Init.o(i.SC_GPIO_Init) for SC_GPIO_Init
    SC_Init.o(i.SC_Init) refers to SC_Init.o(i.SC_OPTION_Init) for SC_OPTION_Init
    SC_Init.o(i.SC_Init) refers to SC_Init.o(i.SC_RCC_Init) for SC_RCC_Init
    SC_Init.o(i.SC_Init) refers to SC_Init.o(i.SC_SYSTICK_Init) for SC_SYSTICK_Init
    SC_Init.o(i.SC_Init) refers to SC_Init.o(i.SC_TWI0_Init) for SC_TWI0_Init
    SC_Init.o(i.SC_Init) refers to SC_Init.o(i.SC_TIM1_Init) for SC_TIM1_Init
    SC_Init.o(i.SC_Init) refers to SC_Init.o(i.SC_TIM2_Init) for SC_TIM2_Init
[...]
    dmul.o(.text) refers (Special) to usenofp.o(x$fpl$usenofp) for __I$use$fp
    __rtentry.o(.ARM.Collect$$rtentry$$00000000) refers (Special) to __rtentry2.o(.ARM.Collect$$rtentry$$0000000A) for __rt_entry_li
    __rtentry.o(.ARM.Collect$$rtentry$$00000000) refers (Special) to __rtentry2.o(.ARM.Collect$$rtentry$$0000000D) for __rt_entry_main
    __rtentry.o(.ARM.Collect$$rtentry$$00000000) refers (Special) to __rtentry2.o(.ARM.Collect$$rtentry$$0000000C) for __rt_entry_postli_1
    __rtentry.o(.ARM.Collect$$rtentry$$00000000) refers (Special) to __rtentry2.o(.ARM.Collect$$rtentry$$00000009) for __rt_entry_postsh_1
    __rtentry.o(.ARM.Collect$$rtentry$$00000000) refers (Special) to __rtentry2.o(.ARM.Collect$$rtentry$$00000002) for __rt_entry_presh_1
    __rtentry.o(.ARM.Collect$$rtentry$$00000000) refers (Special) to __rtentry4.o(.ARM.Collect$$rtentry$$00000004) for __rt_entry_sh
    aeabi_idiv0_sigfpe.o(.text) refers to rt_div0.o(.text) for __rt_div0
    __rtentry2.o(.ARM.Collect$$rtentry$$00000008) refers to boardinit2.o(.text) for _platform_post_stackheap_init
    __rtentry2.o(.ARM.Collect$$rtentry$$0000000A) refers to libinit.o(.ARM.Collect$$libinit$$00000000) for __rt_lib_init
    __rtentry2.o(.ARM.Collect$$rtentry$$0000000B) refers to boardinit3.o(.text) for _platform_post_lib_init
    __rtentry2.o(.ARM.Collect$$rtentry$$0000000D) refers to main.o(i.main) for main
    __rtentry2.o(.ARM.Collect$$rtentry$$0000000D) refers to exit.o(.text) for exit
    __rtentry2.o(.ARM.exidx) refers to __rtentry2.o(.ARM.Collect$$rtentry$$00000001) for .ARM.Collect$$rtentry$$00000001
    __rtentry2.o(.ARM.exidx) refers to __rtentry2.o(.ARM.Collect$$rtentry$$00000008) for .ARM.Collect$$rtentry$$00000008
    __rtentry2.o(.ARM.exidx) refers to __rtentry2.o(.ARM.Collect$$rtentry$$0000000A) for .ARM.Collect$$rtentry$$0000000A
    __rtentry2.o(.ARM.exidx) refers to __rtentry2.o(.ARM.Collect$$rtentry$$0000000B) for .ARM.Collect$$rtentry$$0000000B
    __rtentry2.o(.ARM.exidx) refers to __rtentry2.o(.ARM.Collect$$rtentry$$0000000D) for .ARM.Collect$$rtentry$$0000000D
    __rtentry4.o(.ARM.Collect$$rtentry$$00000004) refers to sys_stackheap_outer.o(.text) for __user_setup_stackheap
    __rtentry4.o(.ARM.exidx) refers to __rtentry4.o(.ARM.Collect$$rtentry$$00000004) for .ARM.Collect$$rtentry$$00000004
    rt_div0.o(.text) refers to defsig_fpe_outer.o(.text) for __rt_SIGFPE
    sys_stackheap_outer.o(.text) refers to libspace.o(.text) for __user_perproc_libspace
    sys_stackheap_outer.o(.text) refers to startup_sc32f10xx.o(.text) for __user_initial_stackheap
    sys_stackheap_outer.o(__vectab_stack_and_reset_area) refers to tempstk.o(.text) for __temporary_stack_top
    sys_stackheap_outer.o(__vectab_stack_and_reset_area) refers to __main.o(!!!main) for __main
    exit.o(.text) refers to rtexit.o(.ARM.Collect$$rtexit$$00000000) for __rt_exit
    defsig_fpe_outer.o(.text) refers to defsig_fpe_inner.o(.text) for __rt_SIGFPE_inner
    defsig_fpe_outer.o(.text) refers to defsig_exit.o(.text) for __sig_exit
    defsig_fpe_formal.o(.text) refers to rt_raise.o(.text) for __rt_raise
    libinit.o(.ARM.Collect$$libinit$$00000000) refers (Special) to libinit2.o(.ARM.Collect$$libinit$$0000002E) for __rt_lib_init_alloca_1
    libinit.o(.ARM.Collect$$libinit$$00000000) refers (Special) to libinit2.o(.ARM.Collect$$libinit$$0000002C) for __rt_lib_init_argv_1
    libinit.o(.ARM.Collect$$libinit$$00000000) refers (Special) to libinit2.o(.ARM.Collect$$libinit$$0000001B) for __rt_lib_init_atexit_1
    libinit.o(.ARM.Collect$$libinit$$00000000) refers (Special) to libinit2.o(.ARM.Collect$$libinit$$00000021) for __rt_lib_init_clock_1
    libinit.o(.ARM.Collect$$libinit$$00000000) refers (Special) to libinit2.o(.ARM.Collect$$libinit$$00000032) for __rt_lib_init_cpp_1
    libinit.o(.ARM.Collect$$libinit$$00000000) refers (Special) to libinit2.o(.ARM.Collect$$libinit$$00000030) for __rt_lib_init_exceptions_1
    libinit.o(.ARM.Collect$$libinit$$00000000) refers (Special) to libinit2.o(.ARM.Collect$$libinit$$00000002) for __rt_lib_init_fp_1
    libinit.o(.ARM.Collect$$libinit$$00000000) refers (Special) to libinit2.o(.ARM.Collect$$libinit$$0000001F) for __rt_lib_init_fp_trap_1
    libinit.o(.ARM.Collect$$libinit$$00000000) refers (Special) to libinit2.o(.ARM.Collect$$libinit$$00000023) for __rt_lib_init_getenv_1
    libinit.o(.ARM.Collect$$libinit$$00000000) refers (Special) to libinit2.o(.ARM.Collect$$libinit$$0000000A) for __rt_lib_init_heap_1
    libinit.o(.ARM.Collect$$libinit$$00000000) refers (Special) to libinit2.o(.ARM.Collect$$libinit$$00000011) for __rt_lib_init_lc_collate_1
    libinit.o(.ARM.Collect$$libinit$$00000000) refers (Special) to libinit2.o(.ARM.Collect$$libinit$$00000013) for __rt_lib_init_lc_ctype_1
    libinit.o(.ARM.Collect$$libinit$$00000000) refers (Special) to libinit2.o(.ARM.Collect$$libinit$$00000015) for __rt_lib_init_lc_monetary_1
    libinit.o(.ARM.Collect$$libinit$$00000000) refers (Special) to libinit2.o(.ARM.Collect$$libinit$$00000017) for __rt_lib_init_lc_numeric_1
    libinit.o(.ARM.Collect$$libinit$$00000000) refers (Special) to libinit2.o(.ARM.Collect$$libinit$$00000019) for __rt_lib_init_lc_time_1
    libinit.o(.ARM.Collect$$libinit$$00000000) refers (Special) to libinit2.o(.ARM.Collect$$libinit$$00000004) for __rt_lib_init_preinit_1
    libinit.o(.ARM.Collect$$libinit$$00000000) refers (Special) to libinit2.o(.ARM.Collect$$libinit$$0000000E) for __rt_lib_init_rand_1
    libinit.o(.ARM.Collect$$libinit$$00000000) refers (Special) to libinit2.o(.ARM.Collect$$libinit$$00000033) for __rt_lib_init_return
    libinit.o(.ARM.Collect$$libinit$$00000000) refers (Special) to libinit2.o(.ARM.Collect$$libinit$$0000001D) for __rt_lib_init_signal_1
    libinit.o(.ARM.Collect$$libinit$$00000000) refers (Special) to libinit2.o(.ARM.Collect$$libinit$$00000025) for __rt_lib_init_stdio_1
    libinit.o(.ARM.Collect$$libinit$$00000000) refers (Special) to libinit2.o(.ARM.Collect$$libinit$$0000000C) for __rt_lib_init_user_alloc_1
    libspace.o(.text) refers to libspace.o(.bss) for __libspace_start
    rtexit.o(.ARM.Collect$$rtexit$$00000000) refers (Special) to rtexit2.o(.ARM.Collect$$rtexit$$00000004) for __rt_exit_exit
    rtexit.o(.ARM.Collect$$rtexit$$00000000) refers (Special) to rtexit2.o(.ARM.Collect$$rtexit$$00000003) for __rt_exit_ls
    rtexit.o(.ARM.Collect$$rtexit$$00000000) refers (Special) to rtexit2.o(.ARM.Collect$$rtexit$$00000002) for __rt_exit_prels_1
    rtexit.o(.ARM.exidx) refers (Special) to rtexit2.o(.ARM.Collect$$rtexit$$00000004) for __rt_exit_exit
    rtexit.o(.ARM.exidx) refers (Special) to rtexit2.o(.ARM.Collect$$rtexit$$00000003) for __rt_exit_ls
    rtexit.o(.ARM.exidx) refers (Special) to rtexit2.o(.ARM.Collect$$rtexit$$00000002) for __rt_exit_prels_1
    rtexit.o(.ARM.exidx) refers to rtexit.o(.ARM.Collect$$rtexit$$00000000) for .ARM.Collect$$rtexit$$00000000
    rt_raise.o(.text) refers to __raise.o(.text) for __raise
    rt_raise.o(.text) refers to sys_exit.o(.text) for _sys_exit
    defsig_exit.o(.text) refers to sys_exit.o(.text) for _sys_exit
    defsig_fpe_inner.o(.text) refers to defsig_general.o(.text) for __default_signal_display
    libinit2.o(.ARM.Collect$$libinit$$00000010) refers to libinit2.o(.ARM.Collect$$libinit$$0000000F) for .ARM.Collect$$libinit$$0000000F
    libinit2.o(.ARM.Collect$$libinit$$00000012) refers to libinit2.o(.ARM.Collect$$libinit$$0000000F) for .ARM.Collect$$libinit$$0000000F
    libinit2.o(.ARM.Collect$$libinit$$00000014) refers to libinit2.o(.ARM.Collect$$libinit$$0000000F) for .ARM.Collect$$libinit$$0000000F
    libinit2.o(.ARM.Collect$$libinit$$00000016) refers to libinit2.o(.ARM.Collect$$libinit$$0000000F) for .ARM.Collect$$libinit$$0000000F
    libinit2.o(.ARM.Collect$$libinit$$00000018) refers to libinit2.o(.ARM.Collect$$libinit$$0000000F) for .ARM.Collect$$libinit$$0000000F
    libinit2.o(.ARM.Collect$$libinit$$00000026) refers to argv_veneer.o(.text) for __ARM_argv_veneer
    libinit2.o(.ARM.Collect$$libinit$$00000027) refers to argv_veneer.o(.text) for __ARM_argv_veneer
    sys_exit.o(.text) refers (Special) to use_no_semi.o(.text) for __I$use$semihosting
    sys_exit.o(.text) refers (Special) to indicate_semi.o(.text) for __semihosting_library_function
    rtexit2.o(.ARM.Collect$$rtexit$$00000003) refers to libshutdown.o(.ARM.Collect$$libshutdown$$00000000) for __rt_lib_shutdown
    rtexit2.o(.ARM.Collect$$rtexit$$00000004) refers to sys_exit.o(.text) for _sys_exit
    rtexit2.o(.ARM.exidx) refers to rtexit2.o(.ARM.Collect$$rtexit$$00000001) for .ARM.Collect$$rtexit$$00000001
    rtexit2.o(.ARM.exidx) refers to rtexit2.o(.ARM.Collect$$rtexit$$00000003) for .ARM.Collect$$rtexit$$00000003
    rtexit2.o(.ARM.exidx) refers to rtexit2.o(.ARM.Collect$$rtexit$$00000004) for .ARM.Collect$$rtexit$$00000004
    __raise.o(.text) refers to defsig.o(CL$$defsig) for __default_signal_handler
    defsig_general.o(.text) refers to sys_wrch.o(.text) for _ttywrch
    sys_wrch.o(.text) refers (Special) to use_no_semi.o(.text) for __I$use$semihosting
    sys_wrch.o(.text) refers (Special) to indicate_semi.o(.text) for __semihosting_library_function
    defsig.o(CL$$defsig) refers to defsig_fpe_inner.o(.text) for __rt_SIGFPE_inner
    defsig.o(CL$$defsig) refers to defsig_rtmem_inner.o(.text) for __rt_SIGRTMEM_inner
    _get_argv_nomalloc.o(.text) refers (Special) to hrguard.o(.text) for __heap_region$guard
    _get_argv_nomalloc.o(.text) refers to defsig_rtmem_outer.o(.text) for __rt_SIGRTMEM
    _get_argv_nomalloc.o(.text) refers to sys_command.o(.text) for _sys_command_string
    libshutdown.o(.ARM.Collect$$libshutdown$$00000000) refers (Special) to libshutdown2.o(.ARM.Collect$$libshutdown$$00000004) for __rt_lib_shutdown_cpp_1
    libshutdown.o(.ARM.Collect$$libshutdown$$00000000) refers (Special) to libshutdown2.o(.ARM.Collect$$libshutdown$$00000002) for __rt_lib_shutdown_fini_1
    libshutdown.o(.ARM.Collect$$libshutdown$$00000000) refers (Special) to libshutdown2.o(.ARM.Collect$$libshutdown$$00000009) for __rt_lib_shutdown_fp_trap_1
    libshutdown.o(.ARM.Collect$$libshutdown$$00000000) refers (Special) to libshutdown2.o(.ARM.Collect$$libshutdown$$00000011) for __rt_lib_shutdown_heap_1
    libshutdown.o(.ARM.Collect$$libshutdown$$00000000) refers (Special) to libshutdown2.o(.ARM.Collect$$libshutdown$$00000012) for __rt_lib_shutdown_return
    libshutdown.o(.ARM.Collect$$libshutdown$$00000000) refers (Special) to libshutdown2.o(.ARM.Collect$$libshutdown$$0000000C) for __rt_lib_shutdown_signal_1
    libshutdown.o(.ARM.Collect$$libshutdown$$00000000) refers (Special) to libshutdown2.o(.ARM.Collect$$libshutdown$$00000006) for __rt_lib_shutdown_stdio_1
    libshutdown.o(.ARM.Collect$$libshutdown$$00000000) refers (Special) to libshutdown2.o(.ARM.Collect$$libshutdown$$0000000E) for __rt_lib_shutdown_user_alloc_1
    sys_command.o(.text) refers (Special) to use_no_semi.o(.text) for __I$use$semihosting
    sys_command.o(.text) refers (Special) to indicate_semi.o(.text) for __semihosting_library_function
    defsig_abrt_inner.o(.text) refers to defsig_general.o(.text) for __default_signal_display
    defsig_rtred_inner.o(.text) refers to defsig_general.o(.text) for __default_signal_display
    defsig_rtmem_inner.o(.text) refers to defsig_general.o(.text) for __default_signal_display
    defsig_rtmem_outer.o(.text) refers to defsig_rtmem_inner.o(.text) for __rt_SIGRTMEM_inner
    defsig_rtmem_outer.o(.text) refers to defsig_exit.o(.text) for __sig_exit
    defsig_rtmem_formal.o(.text) refers to rt_raise.o(.text) for __rt_raise
    defsig_stak_inner.o(.text) refers to defsig_general.o(.text) for __default_signal_display
    defsig_pvfn_inner.o(.text) refers to defsig_general.o(.text) for __default_signal_display
    defsig_cppl_inner.o(.text) refers to defsig_general.o(.text) for __default_signal_display
    defsig_segv_inner.o(.text) refers to defsig_general.o(.text) for __default_signal_display
    defsig_other.o(.text) refers to defsig_general.o(.text) for __default_signal_display


==============================================================================

Removing Unused input sections from the image.

    Removing Buzzer.o(.rev16_text), (4 bytes).
    Removing Buzzer.o(.revsh_text), (4 bytes).
    Removing Buzzer.o(i.test_Buzz), (104 bytes).
    Removing CallBackFunction.o(.rev16_text), (4 bytes).
    Removing CallBackFunction.o(.revsh_text), (4 bytes).
    Removing CallBackFunction.o(i.Customer_BTM_Dispose), (2 bytes).
    Removing CallBackFunction.o(i.Customer_IntoLowPowerMode_Init), (2 bytes).
    Removing CallBackFunction.o(i.Customer_QuitLowPowerMode_Init), (2 bytes).
    Removing CompCtrlDefine.o(.rev16_text), (4 bytes).
    Removing CompCtrlDefine.o(.revsh_text), (4 bytes).
    Removing main.o(.rev16_text), (4 bytes).
    Removing main.o(.revsh_text), (4 bytes).
    Removing sc32f1xxx_adc.o(.rev16_text), (4 bytes).
    Removing sc32f1xxx_adc.o(.revsh_text), (4 bytes).
    Removing sc32f1xxx_adc.o(i.ADC_ConvModeConfig), (20 bytes).
    Removing sc32f1xxx_adc.o(i.ADC_DeInit), (14 bytes).
    Removing sc32f1xxx_adc.o(i.ADC_GetChannel), (8 bytes).
    Removing sc32f1xxx_adc.o(i.ADC_GetConversionValue), (6 bytes).
    Removing sc32f1xxx_adc.o(i.ADC_GetFlagStatus), (14 bytes).
    Removing sc32f1xxx_adc.o(i.ADC_SoftwareStartConv), (10 bytes).
    Removing sc32f1xxx_adc.o(i.ADC_StructInit), (16 bytes).
    Removing sc32f1xxx_gpio.o(.rev16_text), (4 bytes).
    Removing sc32f1xxx_gpio.o(.revsh_text), (4 bytes).
    Removing sc32f1xxx_gpio.o(i.GPIO_DeInit), (32 bytes).
    Removing sc32f1xxx_gpio.o(i.GPIO_ReadData), (6 bytes).
    Removing sc32f1xxx_gpio.o(i.GPIO_ReadDataBit), (10 bytes).
    Removing sc32f1xxx_gpio.o(i.GPIO_SetDriveLevel), (40 bytes).
    Removing sc32f1xxx_gpio.o(i.GPIO_TogglePins), (34 bytes).
    Removing sc32f1xxx_gpio.o(i.GPIO_Write), (4 bytes).
    Removing sc32f1xxx_gpio.o(i.GPIO_WriteBit), (16 bytes).
    Removing sc32f1xxx_option.o(.rev16_text), (4 bytes).
    Removing sc32f1xxx_option.o(.revsh_text), (4 bytes).
    Removing sc32f1xxx_option.o(i.OPTION_IAPPORA), (20 bytes).
    Removing sc32f1xxx_option.o(i.OPTION_IAPPORB), (20 bytes).
    Removing sc32f1xxx_option.o(i.OPTION_JTAGCmd), (32 bytes).
    Removing sc32f1xxx_option.o(i.OPTION_LVRConfig), (28 bytes).
    Removing sc32f1xxx_option.o(i.OPTION_WDTCmd), (32 bytes).
    Removing sc32f1xxx_pwm.o(.rev16_text), (4 bytes).
    Removing sc32f1xxx_pwm.o(.revsh_text), (4 bytes).
    Removing sc32f1xxx_pwm.o(i.PWM_DeInit), (32 bytes).
    Removing sc32f1xxx_pwm.o(i.PWM_FDStructInit), (10 bytes).
    Removing sc32f1xxx_pwm.o(i.PWM_FallingDeadTimeConfig), (16 bytes).
    Removing sc32f1xxx_pwm.o(i.PWM_GetCycle), (6 bytes).
    Removing sc32f1xxx_pwm.o(i.PWM_GetDuty), (36 bytes).
    Removing sc32f1xxx_pwm.o(i.PWM_GetFlagStatus), (14 bytes).
    Removing sc32f1xxx_pwm.o(i.PWM_GetPrescaler), (8 bytes).
    Removing sc32f1xxx_pwm.o(i.PWM_RisingDeadTimeConfig), (12 bytes).
    Removing sc32f1xxx_pwm.o(i.PWM_SetCycle), (4 bytes).
    Removing sc32f1xxx_pwm.o(i.PWM_SetPrescaler), (20 bytes).
    Removing sc32f1xxx_pwm.o(i.PWM_StructInit), (16 bytes).
    Removing sc32f1xxx_rcc.o(.rev16_text), (4 bytes).
    Removing sc32f1xxx_rcc.o(.revsh_text), (4 bytes).
    Removing sc32f1xxx_rcc.o(i.RCC_AHBPeriphClockCmd), (24 bytes).
    Removing sc32f1xxx_rcc.o(i.RCC_AHBPeriphResetCmd), (24 bytes).
    Removing sc32f1xxx_rcc.o(i.RCC_APB0PeriphResetCmd), (24 bytes).
    Removing sc32f1xxx_rcc.o(i.RCC_APB1Cmd), (28 bytes).
    Removing sc32f1xxx_rcc.o(i.RCC_APB1Config), (24 bytes).
    Removing sc32f1xxx_rcc.o(i.RCC_APB1PeriphClockCmd), (24 bytes).
    Removing sc32f1xxx_rcc.o(i.RCC_APB1PeriphResetCmd), (24 bytes).
    Removing sc32f1xxx_rcc.o(i.RCC_APB2PeriphClockCmd), (24 bytes).
    Removing sc32f1xxx_rcc.o(i.RCC_APB2PeriphResetCmd), (24 bytes).
    Removing sc32f1xxx_rcc.o(i.RCC_BTMCLKConfig), (32 bytes).
    Removing sc32f1xxx_rcc.o(i.RCC_DeInit), (28 bytes).
    Removing sc32f1xxx_rcc.o(i.RCC_GetClocksFreq), (168 bytes).
    Removing sc32f1xxx_rcc.o(i.RCC_GetFlagStatus), (20 bytes).
    Removing sc32f1xxx_rcc.o(i.RCC_GetSYSCLKSource), (32 bytes).
    Removing sc32f1xxx_rcc.o(i.RCC_LCDLEDCLKConfig), (32 bytes).
    Removing sc32f1xxx_rcc.o(i.RCC_NMICmd), (32 bytes).
    Removing sc32f1xxx_rcc.o(i.RCC_PLLCmd), (36 bytes).
    Removing sc32f1xxx_rcc.o(i.RCC_PLLConfig), (52 bytes).
    Removing sc32f1xxx_rcc.o(i.RCC_PLLRCmd), (36 bytes).
    Removing sc32f1xxx_rcc.o(i.RCC_SystickGetFlagStatus), (20 bytes).
    Removing sc32f1xxx_rcc.o(i.RCC_WaitConfig), (36 bytes).
    Removing sc32f1xxx_tim.o(.rev16_text), (4 bytes).
    Removing sc32f1xxx_tim.o(.revsh_text), (4 bytes).
    Removing sc32f1xxx_tim.o(i.TIM_ClockOutputCmd), (20 bytes).
    Removing sc32f1xxx_tim.o(i.TIM_DeInit), (192 bytes).
    Removing sc32f1xxx_tim.o(i.TIM_GetAutoreload), (6 bytes).
    Removing sc32f1xxx_tim.o(i.TIM_GetCounter), (4 bytes).
    Removing sc32f1xxx_tim.o(i.TIM_GetFailingCapture), (4 bytes).
    Removing sc32f1xxx_tim.o(i.TIM_GetFlagStatus), (14 bytes).
    Removing sc32f1xxx_tim.o(i.TIM_GetPrescaler), (10 bytes).
    Removing sc32f1xxx_tim.o(i.TIM_GetRisingCapture), (4 bytes).
    Removing sc32f1xxx_tim.o(i.TIM_ICStructInit), (8 bytes).
    Removing sc32f1xxx_tim.o(i.TIM_PWMGetDuty), (14 bytes).
    Removing sc32f1xxx_tim.o(i.TIM_PWMStructInit), (8 bytes).
    Removing sc32f1xxx_tim.o(i.TIM_SetCounter), (4 bytes).
    Removing sc32f1xxx_tim.o(i.TIM_SetPerscaler), (18 bytes).
    Removing sc32f1xxx_tim.o(i.TIM_TimeBaseStructInit), (14 bytes).
    Removing sc32f1xxx_twi.o(.rev16_text), (4 bytes).
    Removing sc32f1xxx_twi.o(.revsh_text), (4 bytes).
    Removing sc32f1xxx_twi.o(i.TWI_AcknowledgeConfig), (24 bytes).
    Removing sc32f1xxx_twi.o(i.TWI_ClearFlag), (8 bytes).
    Removing sc32f1xxx_twi.o(i.TWI_DeInit), (60 bytes).
    Removing sc32f1xxx_twi.o(i.TWI_GeneralCallCmd), (24 bytes).
    Removing sc32f1xxx_twi.o(i.TWI_GenerateSTART), (24 bytes).
    Removing sc32f1xxx_twi.o(i.TWI_GenerateSTOP), (24 bytes).
    Removing sc32f1xxx_twi.o(i.TWI_GetFlagStatus), (14 bytes).
    Removing sc32f1xxx_twi.o(i.TWI_GetNbytes), (8 bytes).
    Removing sc32f1xxx_twi.o(i.TWI_GetStateMachine), (10 bytes).
    Removing sc32f1xxx_twi.o(i.TWI_ReceiveData), (6 bytes).
    Removing sc32f1xxx_twi.o(i.TWI_Send7bitAddress), (22 bytes).
    Removing sc32f1xxx_twi.o(i.TWI_SendData), (4 bytes).
    Removing sc32f1xxx_twi.o(i.TWI_SetNbytes), (6 bytes).
    Removing sc32f1xxx_twi.o(i.TWI_StretchClockConfig), (24 bytes).
    Removing sc32f1xxx_twi.o(i.TWI_StructInit), (16 bytes).
    Removing SC_Init.o(.rev16_text), (4 bytes).
    Removing SC_Init.o(.revsh_text), (4 bytes).
    Removing SC_Init.o(i.SC_ACMP0_Init), (2 bytes).
    Removing SC_Init.o(i.SC_ACMP1_Init), (2 bytes).
    Removing SC_Init.o(i.SC_ACMP2_Init), (2 bytes).
    Removing SC_Init.o(i.SC_ACMP3_Init), (2 bytes).
    Removing SC_Init.o(i.SC_ACMP_Init), (2 bytes).
    Removing SC_Init.o(i.SC_BTM_Init), (2 bytes).
    Removing SC_Init.o(i.SC_CAN_Init), (2 bytes).
    Removing SC_Init.o(i.SC_CRC_Init), (2 bytes).
    Removing SC_Init.o(i.SC_DAC_Init), (2 bytes).
    Removing SC_Init.o(i.SC_DMA0_Init), (2 bytes).
    Removing SC_Init.o(i.SC_DMA1_Init), (2 bytes).
    Removing SC_Init.o(i.SC_DMA2_Init), (2 bytes).
    Removing SC_Init.o(i.SC_DMA3_Init), (2 bytes).
    Removing SC_Init.o(i.SC_EPWM_Init), (2 bytes).
    Removing SC_Init.o(i.SC_IAP_Init), (2 bytes).
    Removing SC_Init.o(i.SC_INT_Init), (2 bytes).
    Removing SC_Init.o(i.SC_LCD_Init), (2 bytes).
    Removing SC_Init.o(i.SC_LEDPWM_Init), (2 bytes).
    Removing SC_Init.o(i.SC_LED_Init), (2 bytes).
    Removing SC_Init.o(i.SC_MR_Init), (2 bytes).
    Removing SC_Init.o(i.SC_NVIC_Init), (2 bytes).
    Removing SC_Init.o(i.SC_OP0_Init), (2 bytes).
    Removing SC_Init.o(i.SC_OP1_Init), (2 bytes).
    Removing SC_Init.o(i.SC_OP2_Init), (2 bytes).
    Removing SC_Init.o(i.SC_OP_Init), (2 bytes).
    Removing SC_Init.o(i.SC_PCAP_Init), (2 bytes).
    Removing SC_Init.o(i.SC_PWR_Init), (2 bytes).
    Removing SC_Init.o(i.SC_QEP0_Init), (2 bytes).
    Removing SC_Init.o(i.SC_QEP1_Init), (2 bytes).
    Removing SC_Init.o(i.SC_SPI0_Init), (2 bytes).
    Removing SC_Init.o(i.SC_SPI1_Init), (2 bytes).
    Removing SC_Init.o(i.SC_SPI2_Init), (2 bytes).
    Removing SC_Init.o(i.SC_TIM0_Init), (2 bytes).
    Removing SC_Init.o(i.SC_TIM3_Init), (2 bytes).
    Removing SC_Init.o(i.SC_TIM4_Init), (2 bytes).
    Removing SC_Init.o(i.SC_TIM5_Init), (2 bytes).
    Removing SC_Init.o(i.SC_TIM6_Init), (2 bytes).
    Removing SC_Init.o(i.SC_TIM7_Init), (2 bytes).
    Removing SC_Init.o(i.SC_TWI1_Init), (2 bytes).
    Removing SC_Init.o(i.SC_TemperSensor_Init), (2 bytes).
    Removing SC_Init.o(i.SC_UART0_Init), (2 bytes).
    Removing SC_Init.o(i.SC_UART1_Init), (2 bytes).
    Removing SC_Init.o(i.SC_UART2_Init), (2 bytes).
    Removing SC_Init.o(i.SC_UART3_Init), (2 bytes).
    Removing SC_Init.o(i.SC_UART4_Init), (2 bytes).
    Removing SC_Init.o(i.SC_UART5_Init), (2 bytes).
    Removing SC_Init.o(i.SC_VREF_Init), (2 bytes).
    Removing SC_Init.o(i.SC_WDT_Init), (2 bytes).
    Removing SC_it.o(.rev16_text), (4 bytes).
    Removing SC_it.o(.revsh_text), (4 bytes).
    Removing SC_it.o(i.CAN_IRQHandler), (2 bytes).
    Removing SC_it.o(i.CMP0_1_2_IRQHandler), (2 bytes).
    Removing SC_it.o(i.CMP3_IRQHandler), (2 bytes).
    Removing SC_it.o(i.EPWM_IRQHandler), (2 bytes).
    Removing SC_it.o(i.OP1_OP2_IRQHandler), (2 bytes).
    Removing SC_it.o(i.PCAP_IRQHandler), (2 bytes).
    Removing SC_it.o(i.QEP0_IRQHandler), (2 bytes).
    Removing SC_it.o(i.QEP1_IRQHandler), (2 bytes).
    Removing SC_it.o(i.SPI1_2_IRQHandler), (2 bytes).
    Removing SC_it.o(i.SPI1_TWI1_IRQHandler), (2 bytes).
    Removing SC_it.o(i.UART0_2_4_IRQHandler), (2 bytes).
    Removing SC_it.o(i.UART1_3_5_IRQHandler), (2 bytes).
    Removing SC_it.o(i.UART1_IRQHandler), (2 bytes).
    Removing SysFunVarDefine.o(.rev16_text), (4 bytes).
    Removing SysFunVarDefine.o(.revsh_text), (4 bytes).
    Removing system_sc32f1xxx.o(.rev16_text), (4 bytes).
    Removing system_sc32f1xxx.o(.revsh_text), (4 bytes).

175 unused section(s) (total 2226 bytes) removed from the image.

==============================================================================

Image Symbol Table

    Local Symbols

    Symbol Name                              Value     Ov Type        Size  Object(Section)

    ../clib/angel/boardlib.s                 0x00000000   Number         0  boardinit1.o ABSOLUTE
    ../clib/angel/boardlib.s                 0x00000000   Number         0  boardinit3.o ABSOLUTE
    ../clib/angel/boardlib.s                 0x00000000   Number         0  boardshut.o ABSOLUTE
    ../clib/angel/boardlib.s                 0x00000000   Number         0  boardinit2.o ABSOLUTE
    ../clib/angel/handlers.s                 0x00000000   Number         0  __scatter_copy.o ABSOLUTE
    ../clib/angel/handlers.s                 0x00000000   Number         0  __scatter_zi.o ABSOLUTE
    ../clib/angel/kernel.s                   0x00000000   Number         0  rtexit.o ABSOLUTE
    ../clib/angel/kernel.s                   0x00000000   Number         0  __rtentry.o ABSOLUTE
    ../clib/angel/kernel.s                   0x00000000   Number         0  rtexit2.o ABSOLUTE
    ../clib/angel/kernel.s                   0x00000000   Number         0  __rtentry2.o ABSOLUTE
    ../clib/angel/kernel.s                   0x00000000   Number         0  __rtentry4.o ABSOLUTE
    ../clib/angel/rt.s                       0x00000000   Number         0  aeabi_idiv0.o ABSOLUTE
    ../clib/angel/rt.s                       0x00000000   Number         0  rt_raise.o ABSOLUTE
    ../clib/angel/rt.s                       0x00000000   Number         0  aeabi_idiv0_sigfpe.o ABSOLUTE
    ../clib/angel/rt.s                       0x00000000   Number         0  rt_div0.o ABSOLUTE
    ../clib/angel/scatterp.s                 0x00000000   Number         0  __scatter.o ABSOLUTE
    ../clib/angel/startup.s                  0x00000000   Number         0  __main.o ABSOLUTE
    ../clib/angel/sys.s                      0x00000000   Number         0  sys_stackheap_outer.o ABSOLUTE
    ../clib/angel/sys.s                      0x00000000   Number         0  indicate_semi.o ABSOLUTE
    ../clib/angel/sys.s                      0x00000000   Number         0  tempstk.o ABSOLUTE
    ../clib/angel/sys.s                      0x00000000   Number         0  libspace.o ABSOLUTE
    ../clib/angel/sys.s                      0x00000000   Number         0  use_no_semi.o ABSOLUTE
    ../clib/angel/sysapp.c                   0x00000000   Number         0  sys_command.o ABSOLUTE
    ../clib/angel/sysapp.c                   0x00000000   Number         0  sys_wrch.o ABSOLUTE
    ../clib/angel/sysapp.c                   0x00000000   Number         0  sys_exit.o ABSOLUTE
    ../clib/armsys.c                         0x00000000   Number         0  no_argv.o ABSOLUTE
    ../clib/armsys.c                         0x00000000   Number         0  _get_argv_nomalloc.o ABSOLUTE
    ../clib/armsys.c                         0x00000000   Number         0  argv_veneer.o ABSOLUTE
    ../clib/division.s                       0x00000000   Number         0  aeabi_sdiv_div0.o ABSOLUTE
    ../clib/division.s                       0x00000000   Number         0  aeabi_sdiv.o ABSOLUTE
    ../clib/heapalloc.c                      0x00000000   Number         0  hrguard.o ABSOLUTE
    ../clib/heapaux.c                        0x00000000   Number         0  heapauxi.o ABSOLUTE
    ../clib/libinit.s                        0x00000000   Number         0  libshutdown2.o ABSOLUTE
    ../clib/libinit.s                        0x00000000   Number         0  libinit2.o ABSOLUTE
    ../clib/libinit.s                        0x00000000   Number         0  libinit.o ABSOLUTE
    ../clib/libinit.s                        0x00000000   Number         0  libshutdown.o ABSOLUTE
    ../clib/signal.c                         0x00000000   Number         0  defsig_rtred_inner.o ABSOLUTE
    ../clib/signal.c                         0x00000000   Number         0  defsig_abrt_inner.o ABSOLUTE
    ../clib/signal.c                         0x00000000   Number         0  defsig_general.o ABSOLUTE
    ../clib/signal.c                         0x00000000   Number         0  defsig_rtmem_outer.o ABSOLUTE
    ../clib/signal.c                         0x00000000   Number         0  __raise.o ABSOLUTE
    ../clib/signal.c                         0x00000000   Number         0  defsig_fpe_inner.o ABSOLUTE
    ../clib/signal.c                         0x00000000   Number         0  defsig_exit.o ABSOLUTE
    ../clib/signal.c                         0x00000000   Number         0  defsig_fpe_formal.o ABSOLUTE
    ../clib/signal.c                         0x00000000   Number         0  defsig_fpe_outer.o ABSOLUTE
    ../clib/signal.c                         0x00000000   Number         0  defsig_other.o ABSOLUTE
    ../clib/signal.c                         0x00000000   Number         0  defsig_segv_inner.o ABSOLUTE
    ../clib/signal.c                         0x00000000   Number         0  defsig_cppl_inner.o ABSOLUTE
    ../clib/signal.c                         0x00000000   Number         0  defsig_pvfn_inner.o ABSOLUTE
    ../clib/signal.c                         0x00000000   Number         0  defsig_stak_inner.o ABSOLUTE
    ../clib/signal.c                         0x00000000   Number         0  defsig_rtmem_formal.o ABSOLUTE
    ../clib/signal.c                         0x00000000   Number         0  defsig_rtmem_inner.o ABSOLUTE
    ../clib/signal.s                         0x00000000   Number         0  defsig.o ABSOLUTE
    ../clib/stdlib.c                         0x00000000   Number         0  exit.o ABSOLUTE
    ../fplib/cfplib/ddiv.c                   0x00000000   Number         0  ddiv.o ABSOLUTE
    ../fplib/cfplib/dmul.c                   0x00000000   Number         0  dmul.o ABSOLUTE
    ../fplib/cfplib/ffix.c                   0x00000000   Number         0  dfixui.o ABSOLUTE
    ../fplib/cfplib/fflt.c                   0x00000000   Number         0  dflti.o ABSOLUTE
    ../fplib/cfplib/fpinit.c                 0x00000000   Number         0  fpinit.o ABSOLUTE
    ../fplib/usenofp.s                       0x00000000   Number         0  usenofp.o ABSOLUTE
    ..\Buzz\Src\Buzzer.c                     0x00000000   Number         0  Buzzer.o ABSOLUTE
    ..\FWLib\SC32F1XXX_Lib\src\sc32f1xxx_adc.c 0x00000000   Number         0  sc32f1xxx_adc.o ABSOLUTE
    ..\FWLib\SC32F1XXX_Lib\src\sc32f1xxx_gpio.c 0x00000000   Number         0  sc32f1xxx_gpio.o ABSOLUTE
    ..\FWLib\SC32F1XXX_Lib\src\sc32f1xxx_option.c 0x00000000   Number         0  sc32f1xxx_option.o ABSOLUTE
    ..\FWLib\SC32F1XXX_Lib\src\sc32f1xxx_pwm.c 0x00000000   Number         0  sc32f1xxx_pwm.o ABSOLUTE
    ..\FWLib\SC32F1XXX_Lib\src\sc32f1xxx_rcc.c 0x00000000   Number         0  sc32f1xxx_rcc.o ABSOLUTE
    ..\FWLib\SC32F1XXX_Lib\src\sc32f1xxx_tim.c 0x00000000   Number         0  sc32f1xxx_tim.o ABSOLUTE
    ..\FWLib\SC32F1XXX_Lib\src\sc32f1xxx_twi.c 0x00000000   Number         0  sc32f1xxx_twi.o ABSOLUTE
    ..\User\CallBackFunction.c               0x00000000   Number         0  CallBackFunction.o ABSOLUTE
    ..\User\CompCtrlDefine.c                 0x00000000   Number         0  CompCtrlDefine.o ABSOLUTE
    ..\User\Delay.c                          0x00000000   Number         0  Delay.o ABSOLUTE
    ..\User\SC_Init.c                        0x00000000   Number         0  SC_Init.o ABSOLUTE
    ..\User\SC_it.c                          0x00000000   Number         0  SC_it.o ABSOLUTE
    ..\User\SysFunVarDefine.c                0x00000000   Number         0  SysFunVarDefine.o ABSOLUTE
    ..\User\main.c                           0x00000000   Number         0  main.o ABSOLUTE
    ..\User\system_sc32f1xxx.c               0x00000000   Number         0  system_sc32f1xxx.o ABSOLUTE
    ..\\Buzz\\Src\\Buzzer.c                  0x00000000   Number         0  Buzzer.o ABSOLUTE
    ..\\FWLib\\SC32F1XXX_Lib\\src\\sc32f1xxx_adc.c 0x00000000   Number         0  sc32f1xxx_adc.o ABSOLUTE
    ..\\FWLib\\SC32F1XXX_Lib\\src\\sc32f1xxx_gpio.c 0x00000000   Number         0  sc32f1xxx_gpio.o ABSOLUTE
    ..\\FWLib\\SC32F1XXX_Lib\\src\\sc32f1xxx_option.c 0x00000000   Number         0  sc32f1xxx_option.o ABSOLUTE
    ..\\FWLib\\SC32F1XXX_Lib\\src\\sc32f1xxx_pwm.c 0x00000000   Number         0  sc32f1xxx_pwm.o ABSOLUTE
    ..\\FWLib\\SC32F1XXX_Lib\\src\\sc32f1xxx_rcc.c 0x00000000   Number         0  sc32f1xxx_rcc.o ABSOLUTE
    ..\\FWLib\\SC32F1XXX_Lib\\src\\sc32f1xxx_tim.c 0x00000000   Number         0  sc32f1xxx_tim.o ABSOLUTE
    ..\\FWLib\\SC32F1XXX_Lib\\src\\sc32f1xxx_twi.c 0x00000000   Number         0  sc32f1xxx_twi.o ABSOLUTE
    ..\\User\\CallBackFunction.c             0x00000000   Number         0  CallBackFunction.o ABSOLUTE
    ..\\User\\CompCtrlDefine.c               0x00000000   Number         0  CompCtrlDefine.o ABSOLUTE
    ..\\User\\SC_Init.c                      0x00000000   Number         0  SC_Init.o ABSOLUTE
    ..\\User\\SC_it.c                        0x00000000   Number         0  SC_it.o ABSOLUTE
    ..\\User\\SysFunVarDefine.c              0x00000000   Number         0  SysFunVarDefine.o ABSOLUTE
    ..\\User\\main.c                         0x00000000   Number         0  main.o ABSOLUTE
    ..\\User\\system_sc32f1xxx.c             0x00000000   Number         0  system_sc32f1xxx.o ABSOLUTE
    .\startup_sc32f10xx.s                    0x00000000   Number         0  startup_sc32f10xx.o ABSOLUTE
    dc.s                                     0x00000000   Number         0  dc.o ABSOLUTE
    RESET                                    0x08000000   Section      192  startup_sc32f10xx.o(RESET)
    !!!main                                  0x080000c0   Section        8  __main.o(!!!main)
    !!!scatter                               0x080000c8   Section       60  __scatter.o(!!!scatter)
    !!handler_copy                           0x08000104   Section       26  __scatter_copy.o(!!handler_copy)
    !!handler_zi                             0x08000120   Section       28  __scatter_zi.o(!!handler_zi)
    .ARM.Collect$$libinit$$00000000          0x0800013c   Section        2  libinit.o(.ARM.Collect$$libinit$$00000000)
    .ARM.Collect$$libinit$$00000002          0x0800013e   Section        0  libinit2.o(.ARM.Collect$$libinit$$00000002)
    .ARM.Collect$$libinit$$00000004          0x0800013e   Section        0  libinit2.o(.ARM.Collect$$libinit$$00000004)
    .ARM.Collect$$libinit$$0000000A          0x0800013e   Section        0  libinit2.o(.ARM.Collect$$libinit$$0000000A)
    .ARM.Collect$$libinit$$0000000C          0x0800013e   Section        0  libinit2.o(.ARM.Collect$$libinit$$0000000C)
    .ARM.Collect$$libinit$$0000000E          0x0800013e   Section        0  libinit2.o(.ARM.Collect$$libinit$$0000000E)
    .ARM.Collect$$libinit$$00000011          0x0800013e   Section        0  libinit2.o(.ARM.Collect$$libinit$$00000011)
    .ARM.Collect$$libinit$$00000013          0x0800013e   Section        0  libinit2.o(.ARM.Collect$$libinit$$00000013)
    .ARM.Collect$$libinit$$00000015          0x0800013e   Section        0  libinit2.o(.ARM.Collect$$libinit$$00000015)
    .ARM.Collect$$libinit$$00000017          0x0800013e   Section        0  libinit2.o(.ARM.Collect$$libinit$$00000017)
    .ARM.Collect$$libinit$$00000019          0x0800013e   Section        0  libinit2.o(.ARM.Collect$$libinit$$00000019)
    .ARM.Collect$$libinit$$0000001B          0x0800013e   Section        0  libinit2.o(.ARM.Collect$$libinit$$0000001B)
    .ARM.Collect$$libinit$$0000001D          0x0800013e   Section        0  libinit2.o(.ARM.Collect$$libinit$$0000001D)
    .ARM.Collect$$libinit$$0000001F          0x0800013e   Section        0  libinit2.o(.ARM.Collect$$libinit$$0000001F)
    .ARM.Collect$$libinit$$00000021          0x0800013e   Section        0  libinit2.o(.ARM.Collect$$libinit$$00000021)
    .ARM.Collect$$libinit$$00000023          0x0800013e   Section        0  libinit2.o(.ARM.Collect$$libinit$$00000023)
    .ARM.Collect$$libinit$$00000025          0x0800013e   Section        0  libinit2.o(.ARM.Collect$$libinit$$00000025)
    .ARM.Collect$$libinit$$0000002C          0x0800013e   Section        0  libinit2.o(.ARM.Collect$$libinit$$0000002C)
    .ARM.Collect$$libinit$$0000002E          0x0800013e   Section        0  libinit2.o(.ARM.Collect$$libinit$$0000002E)
    .ARM.Collect$$libinit$$00000030          0x0800013e   Section        0  libinit2.o(.ARM.Collect$$libinit$$00000030)
    .ARM.Collect$$libinit$$00000032          0x0800013e   Section        0  libinit2.o(.ARM.Collect$$libinit$$00000032)
    .ARM.Collect$$libinit$$00000033          0x0800013e   Section        2  libinit2.o(.ARM.Collect$$libinit$$00000033)
    .ARM.Collect$$libshutdown$$00000000      0x08000140   Section        2  libshutdown.o(.ARM.Collect$$libshutdown$$00000000)
    .ARM.Collect$$libshutdown$$00000002      0x08000142   Section        0  libshutdown2.o(.ARM.Collect$$libshutdown$$00000002)
    .ARM.Collect$$libshutdown$$00000004      0x08000142   Section        0  libshutdown2.o(.ARM.Collect$$libshutdown$$00000004)
    .ARM.Collect$$libshutdown$$00000006      0x08000142   Section        0  libshutdown2.o(.ARM.Collect$$libshutdown$$00000006)
    .ARM.Collect$$libshutdown$$00000009      0x08000142   Section        0  libshutdown2.o(.ARM.Collect$$libshutdown$$00000009)
    .ARM.Collect$$libshutdown$$0000000C      0x08000142   Section        0  libshutdown2.o(.ARM.Collect$$libshutdown$$0000000C)
    .ARM.Collect$$libshutdown$$0000000E      0x08000142   Section        0  libshutdown2.o(.ARM.Collect$$libshutdown$$0000000E)
    .ARM.Collect$$libshutdown$$00000011      0x08000142   Section        0  libshutdown2.o(.ARM.Collect$$libshutdown$$00000011)
    .ARM.Collect$$libshutdown$$00000012      0x08000142   Section        2  libshutdown2.o(.ARM.Collect$$libshutdown$$00000012)
    .ARM.Collect$$rtentry$$00000000          0x08000144   Section        0  __rtentry.o(.ARM.Collect$$rtentry$$00000000)
    .ARM.Collect$$rtentry$$00000002          0x08000144   Section        0  __rtentry2.o(.ARM.Collect$$rtentry$$00000002)
    .ARM.Collect$$rtentry$$00000004          0x08000144   Section        6  __rtentry4.o(.ARM.Collect$$rtentry$$00000004)
    .ARM.Collect$$rtentry$$00000009          0x0800014a   Section        0  __rtentry2.o(.ARM.Collect$$rtentry$$00000009)
    .ARM.Collect$$rtentry$$0000000A          0x0800014a   Section        4  __rtentry2.o(.ARM.Collect$$rtentry$$0000000A)
    .ARM.Collect$$rtentry$$0000000C          0x0800014e   Section        0  __rtentry2.o(.ARM.Collect$$rtentry$$0000000C)
    .ARM.Collect$$rtentry$$0000000D          0x0800014e   Section        8  __rtentry2.o(.ARM.Collect$$rtentry$$0000000D)
    .ARM.Collect$$rtexit$$00000000           0x08000156   Section        2  rtexit.o(.ARM.Collect$$rtexit$$00000000)
    .ARM.Collect$$rtexit$$00000002           0x08000158   Section        0  rtexit2.o(.ARM.Collect$$rtexit$$00000002)
    .ARM.Collect$$rtexit$$00000003           0x08000158   Section        4  rtexit2.o(.ARM.Collect$$rtexit$$00000003)
    .ARM.Collect$$rtexit$$00000004           0x0800015c   Section        6  rtexit2.o(.ARM.Collect$$rtexit$$00000004)
    .text                                    0x08000164   Section      132  startup_sc32f10xx.o(.text)
    .text                                    0x080001e8   Section      346  aeabi_sdiv.o(.text)
    .text                                    0x08000342   Section        0  heapauxi.o(.text)
    .text                                    0x08000348   Section        0  ddiv.o(.text)
    .text                                    0x08000790   Section        0  dfixui.o(.text)
    .text                                    0x080007d8   Section        0  dflti.o(.text)
    .text                                    0x08000830   Section        0  dmul.o(.text)
    .text                                    0x08000a78   Section       62  sys_stackheap_outer.o(.text)
    .text                                    0x08000ab6   Section        0  exit.o(.text)
    .text                                    0x08000ac8   Section        8  libspace.o(.text)
    .text                                    0x08000ad0   Section        0  sys_exit.o(.text)
    .text                                    0x08000adc   Section        2  use_no_semi.o(.text)
    .text                                    0x08000ade   Section        0  indicate_semi.o(.text)
    i.ADC_ClearFlag                          0x08000ade   Section        0  sc32f1xxx_adc.o(i.ADC_ClearFlag)
    i.ADC_Cmd                                0x08000ae2   Section        0  sc32f1xxx_adc.o(i.ADC_Cmd)
    i.ADC_DMACmd                             0x08000af6   Section        0  sc32f1xxx_adc.o(i.ADC_DMACmd)
    i.ADC_IRQHandler                         0x08000b0c   Section        0  SC_it.o(i.ADC_IRQHandler)
    i.ADC_ITConfig                           0x08000b1c   Section        0  sc32f1xxx_adc.o(i.ADC_ITConfig)
    i.ADC_Init                               0x08000b2c   Section        0  sc32f1xxx_adc.o(i.ADC_Init)
    i.ADC_SetChannel                         0x08000b4c   Section        0  sc32f1xxx_adc.o(i.ADC_SetChannel)
    i.BTM_IRQHandler                         0x08000b58   Section        0  SC_it.o(i.BTM_IRQHandler)
    i.Buzzer_Play                            0x08000b5c   Section        0  Buzzer.o(i.Buzzer_Play)
    i.CMP_IRQHandler                         0x08000bc0   Section        0  SC_it.o(i.CMP_IRQHandler)
    i.DMA0_IRQHandler                        0x08000bc2   Section        0  SC_it.o(i.DMA0_IRQHandler)
    i.DMA1_IRQHandler                        0x08000bc4   Section        0  SC_it.o(i.DMA1_IRQHandler)
    i.DMA2_IRQHandler                        0x08000bc6   Section        0  SC_it.o(i.DMA2_IRQHandler)
    i.DMA3_IRQHandler                        0x08000bc8   Section        0  SC_it.o(i.DMA3_IRQHandler)
    i.Delay_ms                               0x08000bca   Section        0  main.o(i.Delay_ms)
    i.Delay_us                               0x08000be4   Section        0  main.o(i.Delay_us)
    i.GPIO_Init                              0x08000c08   Section        0  sc32f1xxx_gpio.o(i.GPIO_Init)
    i.GPIO_ResetBits                         0x08000c68   Section        0  sc32f1xxx_gpio.o(i.GPIO_ResetBits)
    i.GPIO_SetBits                           0x08000c86   Section        0  sc32f1xxx_gpio.o(i.GPIO_SetBits)
    i.INT0_IRQHandler                        0x08000ca4   Section        0  SC_it.o(i.INT0_IRQHandler)
    i.INT12_15_IRQHandler                    0x08000ca6   Section        0  SC_it.o(i.INT12_15_IRQHandler)
    i.INT1_7_IRQHandler                      0x08000ca8   Section        0  SC_it.o(i.INT1_7_IRQHandler)
    i.INT8_11_IRQHandler                     0x08000caa   Section        0  SC_it.o(i.INT8_11_IRQHandler)
    i.IcResourceInit                         0x08000cac   Section        0  CompCtrlDefine.o(i.IcResourceInit)
    i.LEDPWM_IRQHandler                      0x08000cb4   Section        0  SC_it.o(i.LEDPWM_IRQHandler)
    i.PWM0_IRQHandler                        0x08000cb8   Section        0  SC_it.o(i.PWM0_IRQHandler)
    i.PWM_ClearFlag                          0x08000cc8   Section        0  sc32f1xxx_pwm.o(i.PWM_ClearFlag)
    i.PWM_Cmd                                0x08000ccc   Section        0  sc32f1xxx_pwm.o(i.PWM_Cmd)
    i.PWM_FDCmd                              0x08000ce4   Section        0  sc32f1xxx_pwm.o(i.PWM_FDCmd)
    i.PWM_FDInit                             0x08000cfc   Section        0  sc32f1xxx_pwm.o(i.PWM_FDInit)
    i.PWM_ITConfig                           0x08000d16   Section        0  sc32f1xxx_pwm.o(i.PWM_ITConfig)
    i.PWM_Init                               0x08000d2a   Section        0  sc32f1xxx_pwm.o(i.PWM_Init)
    i.PWM_SetDuty                            0x08000d4e   Section        0  sc32f1xxx_pwm.o(i.PWM_SetDuty)
    i.PWM_SetHz                              0x08000d6c   Section        0  Buzzer.o(i.PWM_SetHz)
    i.RCC_APB0Cmd                            0x08000da4   Section        0  sc32f1xxx_rcc.o(i.RCC_APB0Cmd)
    i.RCC_APB0Config                         0x08000dbc   Section        0  sc32f1xxx_rcc.o(i.RCC_APB0Config)
    i.RCC_APB0PeriphClockCmd                 0x08000dd4   Section        0  sc32f1xxx_rcc.o(i.RCC_APB0PeriphClockCmd)
    i.RCC_APB2Cmd                            0x08000dec   Section        0  sc32f1xxx_rcc.o(i.RCC_APB2Cmd)
    i.RCC_APB2Config                         0x08000e08   Section        0  sc32f1xxx_rcc.o(i.RCC_APB2Config)
    i.RCC_HCLKConfig                         0x08000e20   Section        0  sc32f1xxx_rcc.o(i.RCC_HCLKConfig)
    i.RCC_HIRCCmd                            0x08000e38   Section        0  sc32f1xxx_rcc.o(i.RCC_HIRCCmd)
    i.RCC_HXTCmd                             0x08000e5c   Section        0  sc32f1xxx_rcc.o(i.RCC_HXTCmd)
    i.RCC_IRQHandler                         0x08000e80   Section        0  SC_it.o(i.RCC_IRQHandler)
    i.RCC_ITConfig                           0x08000e84   Section        0  sc32f1xxx_rcc.o(i.RCC_ITConfig)
    i.RCC_LIRCCmd                            0x08000ea8   Section        0  sc32f1xxx_rcc.o(i.RCC_LIRCCmd)
    i.RCC_LXTCmd                             0x08000ecc   Section        0  sc32f1xxx_rcc.o(i.RCC_LXTCmd)
    i.RCC_SYSCLKConfig                       0x08000ef0   Section        0  sc32f1xxx_rcc.o(i.RCC_SYSCLKConfig)
    i.RCC_SystickCLKConfig                   0x08000f88   Section        0  sc32f1xxx_rcc.o(i.RCC_SystickCLKConfig)
    i.RCC_SystickCmd                         0x08000fc4   Section        0  sc32f1xxx_rcc.o(i.RCC_SystickCmd)
    i.RCC_SystickSetCounter                  0x08000fe0   Section        0  sc32f1xxx_rcc.o(i.RCC_SystickSetCounter)
    i.RCC_Unlock                             0x08000ffc   Section        0  sc32f1xxx_rcc.o(i.RCC_Unlock)
    i.SC_ADC_Init                            0x08001010   Section        0  SC_Init.o(i.SC_ADC_Init)
    i.SC_GPIO_Init                           0x08001068   Section        0  SC_Init.o(i.SC_GPIO_Init)
    i.SC_Init                                0x0800109c   Section        0  SC_Init.o(i.SC_Init)
    i.SC_OPTION_Init                         0x080010c4   Section        0  SC_Init.o(i.SC_OPTION_Init)
    i.SC_PWM0_Init                           0x080010e4   Section        0  SC_Init.o(i.SC_PWM0_Init)
    i.SC_RCC_Init                            0x080011a0   Section        0  SC_Init.o(i.SC_RCC_Init)
    i.SC_SYSTICK_Init                        0x080011f0   Section        0  SC_Init.o(i.SC_SYSTICK_Init)
    i.SC_TIM1_Init                           0x08001218   Section        0  SC_Init.o(i.SC_TIM1_Init)
    i.SC_TIM2_Init                           0x080012ac   Section        0  SC_Init.o(i.SC_TIM2_Init)
    i.SC_TWI0_Init                           0x0800134c   Section        0  SC_Init.o(i.SC_TWI0_Init)
    i.SPI0_IRQHandler                        0x080013ec   Section        0  SC_it.o(i.SPI0_IRQHandler)
    i.SPI1_IRQHandler                        0x080013ee   Section        0  SC_it.o(i.SPI1_IRQHandler)
    i.SysTick_IRQHandler                     0x080013f0   Section        0  SC_it.o(i.SysTick_IRQHandler)
    i.SystemInit                             0x080013f4   Section        0  system_sc32f1xxx.o(i.SystemInit)
    i.TIMER0_IRQHandler                      0x08001404   Section        0  SC_it.o(i.TIMER0_IRQHandler)
    i.TIMER1_IRQHandler                      0x08001408   Section        0  SC_it.o(i.TIMER1_IRQHandler)
    i.TIMER2_IRQHandler                      0x08001418   Section        0  SC_it.o(i.TIMER2_IRQHandler)
    i.TIMER3_IRQHandler                      0x0800141a   Section        0  SC_it.o(i.TIMER3_IRQHandler)
    i.TIMER4_5_IRQHandler                    0x0800141c   Section        0  SC_it.o(i.TIMER4_5_IRQHandler)
    i.TIMER6_7_IRQHandler                    0x0800141e   Section        0  SC_it.o(i.TIMER6_7_IRQHandler)
    i.TIM_ClearFlag                          0x08001420   Section        0  sc32f1xxx_tim.o(i.TIM_ClearFlag)
    i.TIM_Cmd                                0x08001424   Section        0  sc32f1xxx_tim.o(i.TIM_Cmd)
    i.TIM_DMACmd                             0x0800143c   Section        0  sc32f1xxx_tim.o(i.TIM_DMACmd)
    i.TIM_ICCmd                              0x08001450   Section        0  sc32f1xxx_tim.o(i.TIM_ICCmd)
    i.TIM_ICInit                             0x08001468   Section        0  sc32f1xxx_tim.o(i.TIM_ICInit)
    i.TIM_ITConfig                           0x08001490   Section        0  sc32f1xxx_tim.o(i.TIM_ITConfig)
    i.TIM_PWMInit                            0x080014a4   Section        0  sc32f1xxx_tim.o(i.TIM_PWMInit)
    i.TIM_PWMSetDuty                         0x080014dc   Section        0  sc32f1xxx_tim.o(i.TIM_PWMSetDuty)
    i.TIM_PinRemapConfig                     0x080014fc   Section        0  sc32f1xxx_tim.o(i.TIM_PinRemapConfig)
    i.TIM_SetAutoreload                      0x0800150a   Section        0  sc32f1xxx_tim.o(i.TIM_SetAutoreload)
    i.TIM_TIMBaseInit                        0x08001510   Section        0  sc32f1xxx_tim.o(i.TIM_TIMBaseInit)
    i.TWI0_IRQHandler                        0x08001538   Section        0  SC_it.o(i.TWI0_IRQHandler)
    i.TWI1_IRQHandler                        0x0800153a   Section        0  SC_it.o(i.TWI1_IRQHandler)
    i.TWI_Cmd                                0x0800153c   Section        0  sc32f1xxx_twi.o(i.TWI_Cmd)
    i.TWI_DMACmd                             0x08001554   Section        0  sc32f1xxx_twi.o(i.TWI_DMACmd)
    i.TWI_ITConfig                           0x08001568   Section        0  sc32f1xxx_twi.o(i.TWI_ITConfig)
    i.TWI_Init                               0x0800157c   Section        0  sc32f1xxx_twi.o(i.TWI_Init)
    i.TWI_PinRemapConfig                     0x080015ac   Section        0  sc32f1xxx_twi.o(i.TWI_PinRemapConfig)
    i.UART0_2_IRQHandler                     0x080015ba   Section        0  SC_it.o(i.UART0_2_IRQHandler)
    i.UART1_3_IRQHandler                     0x080015bc   Section        0  SC_it.o(i.UART1_3_IRQHandler)
    i.__ARM_common_switch8                   0x080015be   Section        0  main.o(i.__ARM_common_switch8)
    i.__NVIC_EnableIRQ                       0x080015d8   Section        0  SC_Init.o(i.__NVIC_EnableIRQ)
    __NVIC_EnableIRQ                         0x080015d9   Thumb Code    18  SC_Init.o(i.__NVIC_EnableIRQ)
    i.__NVIC_SetPriority                     0x080015f0   Section        0  SC_Init.o(i.__NVIC_SetPriority)
    __NVIC_SetPriority                       0x080015f1   Thumb Code    60  SC_Init.o(i.__NVIC_SetPriority)
    i.main                                   0x08001634   Section        0  main.o(i.main)
    .constdata                               0x08001678   Section      482  Buzzer.o(.constdata)
    x$fpl$usenofp                            0x08001678   Section        0  usenofp.o(x$fpl$usenofp)
    .constdata                               0x0800185a   Section      128  ddiv.o(.constdata)
    ddiv_reciptbl                            0x0800185a   Data         128  ddiv.o(.constdata)
    .data                                    0x20000000   Section        4  Buzzer.o(.data)
    MusicSelect                              0x20000000   Data           2  Buzzer.o(.data)
    TimeSelect                               0x20000002   Data           2  Buzzer.o(.data)
    .bss                                     0x20000004   Section       96  libspace.o(.bss)
    HEAP                                     0x20000068   Section      512  startup_sc32f10xx.o(HEAP)
    Heap_Mem                                 0x20000068   Data         512  startup_sc32f10xx.o(HEAP)
    STACK                                    0x20000268   Section     1024  startup_sc32f10xx.o(STACK)
    Stack_Mem                                0x20000268   Data        1024  startup_sc32f10xx.o(STACK)
    __initial_sp                             0x20000668   Data           0  startup_sc32f10xx.o(STACK)

    Global Symbols

    Symbol Name                              Value     Ov Type        Size  Object(Section)

    BuildAttributes$$THM_ISAv3M$S$PE$A:L22$X:L11$S22$IEEE1$IW$USESV6$~STKCKD$USESV7$~SHL$OSPACE$ROPI$EBA8$UX$STANDARDLIB$REQ8$PRES8$EABIv2 0x00000000   Number         0  anon$$obj.o ABSOLUTE
    __ARM_use_no_argv                        0x00000000   Number         0  main.o ABSOLUTE
    __ARM_exceptions_init                     - Undefined Weak Reference
    __alloca_initialize                       - Undefined Weak Reference
    __arm_fini_                               - Undefined Weak Reference
    __arm_preinit_                            - Undefined Weak Reference
    __cpp_initialize__aeabi_                  - Undefined Weak Reference
    __cxa_finalize                            - Undefined Weak Reference
    __rt_locale                               - Undefined Weak Reference
    __sigvec_lookup                           - Undefined Weak Reference
    _atexit_init                              - Undefined Weak Reference
    _call_atexit_fns                          - Undefined Weak Reference
    _clock_init                               - Undefined Weak Reference
    _fp_trap_init                             - Undefined Weak Reference
    _fp_trap_shutdown                         - Undefined Weak Reference
    _get_lc_collate                           - Undefined Weak Reference
    _get_lc_ctype                             - Undefined Weak Reference
    _get_lc_monetary                          - Undefined Weak Reference
    _get_lc_numeric                           - Undefined Weak Reference
    _get_lc_time                              - Undefined Weak Reference
    _getenv_init                              - Undefined Weak Reference
    _handle_redirection                       - Undefined Weak Reference
    _init_alloc                               - Undefined Weak Reference
    _init_user_alloc                          - Undefined Weak Reference
    _initio                                   - Undefined Weak Reference
    _rand_init                                - Undefined Weak Reference
    _signal_finish                            - Undefined Weak Reference
    _signal_init                              - Undefined Weak Reference
    _terminate_alloc                          - Undefined Weak Reference
    _terminate_user_alloc                     - Undefined Weak Reference
    _terminateio                              - Undefined Weak Reference
    __Vectors_Size                           0x000000c0   Number         0  startup_sc32f10xx.o ABSOLUTE
    __Vectors                                0x08000000   Data           4  startup_sc32f10xx.o(RESET)
    __Vectors_End                            0x080000c0   Data           0  startup_sc32f10xx.o(RESET)
    __main                                   0x080000c1   Thumb Code     8  __main.o(!!!main)
    __scatterload                            0x080000c9   Thumb Code     0  __scatter.o(!!!scatter)
    __scatterload_rt2                        0x080000c9   Thumb Code    52  __scatter.o(!!!scatter)
    __scatterload_rt2_thumb_only             0x080000c9   Thumb Code     0  __scatter.o(!!!scatter)
    __scatterload_null                       0x080000d9   Thumb Code     0  __scatter.o(!!!scatter)
    __scatterload_copy                       0x08000105   Thumb Code    26  __scatter_copy.o(!!handler_copy)
    __scatterload_zeroinit                   0x08000121   Thumb Code    28  __scatter_zi.o(!!handler_zi)
    __rt_lib_init                            0x0800013d   Thumb Code     0  libinit.o(.ARM.Collect$$libinit$$00000000)
    __rt_lib_init_alloca_1                   0x0800013f   Thumb Code     0  libinit2.o(.ARM.Collect$$libinit$$0000002E)
    __rt_lib_init_argv_1                     0x0800013f   Thumb Code     0  libinit2.o(.ARM.Collect$$libinit$$0000002C)
    __rt_lib_init_atexit_1                   0x0800013f   Thumb Code     0  libinit2.o(.ARM.Collect$$libinit$$0000001B)
    __rt_lib_init_clock_1                    0x0800013f   Thumb Code     0  libinit2.o(.ARM.Collect$$libinit$$00000021)
    __rt_lib_init_cpp_1                      0x0800013f   Thumb Code     0  libinit2.o(.ARM.Collect$$libinit$$00000032)
    __rt_lib_init_exceptions_1               0x0800013f   Thumb Code     0  libinit2.o(.ARM.Collect$$libinit$$00000030)
    __rt_lib_init_fp_1                       0x0800013f   Thumb Code     0  libinit2.o(.ARM.Collect$$libinit$$00000002)
    __rt_lib_init_fp_trap_1                  0x0800013f   Thumb Code     0  libinit2.o(.ARM.Collect$$libinit$$0000001F)
    __rt_lib_init_getenv_1                   0x0800013f   Thumb Code     0  libinit2.o(.ARM.Collect$$libinit$$00000023)
    __rt_lib_init_heap_1                     0x0800013f   Thumb Code     0  libinit2.o(.ARM.Collect$$libinit$$0000000A)
    __rt_lib_init_lc_collate_1               0x0800013f   Thumb Code     0  libinit2.o(.ARM.Collect$$libinit$$00000011)
    __rt_lib_init_lc_ctype_1                 0x0800013f   Thumb Code     0  libinit2.o(.ARM.Collect$$libinit$$00000013)
    __rt_lib_init_lc_monetary_1              0x0800013f   Thumb Code     0  libinit2.o(.ARM.Collect$$libinit$$00000015)
    __rt_lib_init_lc_numeric_1               0x0800013f   Thumb Code     0  libinit2.o(.ARM.Collect$$libinit$$00000017)
    __rt_lib_init_lc_time_1                  0x0800013f   Thumb Code     0  libinit2.o(.ARM.Collect$$libinit$$00000019)
    __rt_lib_init_preinit_1                  0x0800013f   Thumb Code     0  libinit2.o(.ARM.Collect$$libinit$$00000004)
    __rt_lib_init_rand_1                     0x0800013f   Thumb Code     0  libinit2.o(.ARM.Collect$$libinit$$0000000E)
    __rt_lib_init_return                     0x0800013f   Thumb Code     0  libinit2.o(.ARM.Collect$$libinit$$00000033)
    __rt_lib_init_signal_1                   0x0800013f   Thumb Code     0  libinit2.o(.ARM.Collect$$libinit$$0000001D)
    __rt_lib_init_stdio_1                    0x0800013f   Thumb Code     0  libinit2.o(.ARM.Collect$$libinit$$00000025)
    __rt_lib_init_user_alloc_1               0x0800013f   Thumb Code     0  libinit2.o(.ARM.Collect$$libinit$$0000000C)
    __rt_lib_shutdown                        0x08000141   Thumb Code     0  libshutdown.o(.ARM.Collect$$libshutdown$$00000000)
    __rt_lib_shutdown_cpp_1                  0x08000143   Thumb Code     0  libshutdown2.o(.ARM.Collect$$libshutdown$$00000004)
    __rt_lib_shutdown_fini_1                 0x08000143   Thumb Code     0  libshutdown2.o(.ARM.Collect$$libshutdown$$00000002)
    __rt_lib_shutdown_fp_trap_1              0x08000143   Thumb Code     0  libshutdown2.o(.ARM.Collect$$libshutdown$$00000009)
    __rt_lib_shutdown_heap_1                 0x08000143   Thumb Code     0  libshutdown2.o(.ARM.Collect$$libshutdown$$00000011)
    __rt_lib_shutdown_return                 0x08000143   Thumb Code     0  libshutdown2.o(.ARM.Collect$$libshutdown$$00000012)
    __rt_lib_shutdown_signal_1               0x08000143   Thumb Code     0  libshutdown2.o(.ARM.Collect$$libshutdown$$0000000C)
    __rt_lib_shutdown_stdio_1                0x08000143   Thumb Code     0  libshutdown2.o(.ARM.Collect$$libshutdown$$00000006)
    __rt_lib_shutdown_user_alloc_1           0x08000143   Thumb Code     0  libshutdown2.o(.ARM.Collect$$libshutdown$$0000000E)
    __rt_entry                               0x08000145   Thumb Code     0  __rtentry.o(.ARM.Collect$$rtentry$$00000000)
    __rt_entry_presh_1                       0x08000145   Thumb Code     0  __rtentry2.o(.ARM.Collect$$rtentry$$00000002)
    __rt_entry_sh                            0x08000145   Thumb Code     0  __rtentry4.o(.ARM.Collect$$rtentry$$00000004)
    __rt_entry_li                            0x0800014b   Thumb Code     0  __rtentry2.o(.ARM.Collect$$rtentry$$0000000A)
    __rt_entry_postsh_1                      0x0800014b   Thumb Code     0  __rtentry2.o(.ARM.Collect$$rtentry$$00000009)
    __rt_entry_main                          0x0800014f   Thumb Code     0  __rtentry2.o(.ARM.Collect$$rtentry$$0000000D)
    __rt_entry_postli_1                      0x0800014f   Thumb Code     0  __rtentry2.o(.ARM.Collect$$rtentry$$0000000C)
    __rt_exit                                0x08000157   Thumb Code     0  rtexit.o(.ARM.Collect$$rtexit$$00000000)
    __rt_exit_ls                             0x08000159   Thumb Code     0  rtexit2.o(.ARM.Collect$$rtexit$$00000003)
    __rt_exit_prels_1                        0x08000159   Thumb Code     0  rtexit2.o(.ARM.Collect$$rtexit$$00000002)
    __rt_exit_exit                           0x0800015d   Thumb Code     0  rtexit2.o(.ARM.Collect$$rtexit$$00000004)
    Reset_Handler                            0x08000165   Thumb Code    38  startup_sc32f10xx.o(.text)
    NMI_Handler                              0x0800018b   Thumb Code     2  startup_sc32f10xx.o(.text)
    HardFault_Handler                        0x0800018d   Thumb Code     2  startup_sc32f10xx.o(.text)
    MemManage_Handler                        0x0800018f   Thumb Code     2  startup_sc32f10xx.o(.text)
    BusFault_Handler                         0x08000191   Thumb Code     2  startup_sc32f10xx.o(.text)
    UsageFault_Handler                       0x08000193   Thumb Code     2  startup_sc32f10xx.o(.text)
    SVC_Handler                              0x08000195   Thumb Code     2  startup_sc32f10xx.o(.text)
    DebugMon_Handler                         0x08000197   Thumb Code     2  startup_sc32f10xx.o(.text)
    PendSV_Handler                           0x08000199   Thumb Code     2  startup_sc32f10xx.o(.text)
    TK_IRQHandler                            0x0800019d   Thumb Code     0  startup_sc32f10xx.o(.text)
    __user_initial_stackheap                 0x080001a1   Thumb Code     0  startup_sc32f10xx.o(.text)
    __aeabi_uidiv                            0x080001e9   Thumb Code     0  aeabi_sdiv.o(.text)
    __aeabi_uidivmod                         0x080001e9   Thumb Code    20  aeabi_sdiv.o(.text)
    __aeabi_idiv                             0x080001fd   Thumb Code     0  aeabi_sdiv.o(.text)
    __aeabi_idivmod                          0x080001fd   Thumb Code   326  aeabi_sdiv.o(.text)
    __use_two_region_memory                  0x08000343   Thumb Code     2  heapauxi.o(.text)
    __rt_heap_escrow$2region                 0x08000345   Thumb Code     2  heapauxi.o(.text)
    __rt_heap_expand$2region                 0x08000347   Thumb Code     2  heapauxi.o(.text)
    __aeabi_ddiv                             0x08000349   Thumb Code     0  ddiv.o(.text)
    _ddiv                                    0x08000349   Thumb Code  1072  ddiv.o(.text)
    _drdiv                                   0x08000779   Thumb Code    20  ddiv.o(.text)
    __aeabi_d2uiz                            0x08000791   Thumb Code     0  dfixui.o(.text)
    _dfixu                                   0x08000791   Thumb Code    68  dfixui.o(.text)
    __aeabi_i2d_normalise                    0x080007d9   Thumb Code    66  dflti.o(.text)
    __aeabi_i2d                              0x0800081b   Thumb Code    16  dflti.o(.text)
    _dflt                                    0x0800081b   Thumb Code     0  dflti.o(.text)
    __aeabi_ui2d                             0x0800082b   Thumb Code     6  dflti.o(.text)
    _dfltu                                   0x0800082b   Thumb Code     0  dflti.o(.text)
    __aeabi_dmul                             0x08000831   Thumb Code     0  dmul.o(.text)
    _dmul                                    0x08000831   Thumb Code   558  dmul.o(.text)
    __user_setup_stackheap                   0x08000a79   Thumb Code    62  sys_stackheap_outer.o(.text)
    exit                                     0x08000ab7   Thumb Code    16  exit.o(.text)
    __user_libspace                          0x08000ac9   Thumb Code     8  libspace.o(.text)
    __user_perproc_libspace                  0x08000ac9   Thumb Code     0  libspace.o(.text)
    __user_perthread_libspace                0x08000ac9   Thumb Code     0  libspace.o(.text)
    _sys_exit                                0x08000ad1   Thumb Code     8  sys_exit.o(.text)
    __I$use$semihosting                      0x08000add   Thumb Code     0  use_no_semi.o(.text)
    __use_no_semihosting_swi                 0x08000add   Thumb Code     2  use_no_semi.o(.text)
    ADC_ClearFlag                            0x08000adf   Thumb Code     4  sc32f1xxx_adc.o(i.ADC_ClearFlag)
    __semihosting_library_function           0x08000adf   Thumb Code     0  indicate_semi.o(.text)
    ADC_Cmd                                  0x08000ae3   Thumb Code    20  sc32f1xxx_adc.o(i.ADC_Cmd)
    ADC_DMACmd                               0x08000af7   Thumb Code    20  sc32f1xxx_adc.o(i.ADC_DMACmd)
    ADC_IRQHandler                           0x08000b0d   Thumb Code    12  SC_it.o(i.ADC_IRQHandler)
    ADC_ITConfig                             0x08000b1d   Thumb Code    16  sc32f1xxx_adc.o(i.ADC_ITConfig)
    ADC_Init                                 0x08000b2d   Thumb Code    28  sc32f1xxx_adc.o(i.ADC_Init)
    ADC_SetChannel                           0x08000b4d   Thumb Code    12  sc32f1xxx_adc.o(i.ADC_SetChannel)
    BTM_IRQHandler                           0x08000b59   Thumb Code     2  SC_it.o(i.BTM_IRQHandler)
    Buzzer_Play                              0x08000b5d   Thumb Code    88  Buzzer.o(i.Buzzer_Play)
    CMP_IRQHandler                           0x08000bc1   Thumb Code     2  SC_it.o(i.CMP_IRQHandler)
    DMA0_IRQHandler                          0x08000bc3   Thumb Code     2  SC_it.o(i.DMA0_IRQHandler)
    DMA1_IRQHandler                          0x08000bc5   Thumb Code     2  SC_it.o(i.DMA1_IRQHandler)
    DMA2_IRQHandler                          0x08000bc7   Thumb Code     2  SC_it.o(i.DMA2_IRQHandler)
    DMA3_IRQHandler                          0x08000bc9   Thumb Code     2  SC_it.o(i.DMA3_IRQHandler)
    Delay_ms                                 0x08000bcb   Thumb Code    26  main.o(i.Delay_ms)
    Delay_us                                 0x08000be5   Thumb Code    32  main.o(i.Delay_us)
    GPIO_Init                                0x08000c09   Thumb Code    96  sc32f1xxx_gpio.o(i.GPIO_Init)
    GPIO_ResetBits                           0x08000c69   Thumb Code    30  sc32f1xxx_gpio.o(i.GPIO_ResetBits)
    GPIO_SetBits                             0x08000c87   Thumb Code    30  sc32f1xxx_gpio.o(i.GPIO_SetBits)
    INT0_IRQHandler                          0x08000ca5   Thumb Code     2  SC_it.o(i.INT0_IRQHandler)
    INT12_15_IRQHandler                      0x08000ca7   Thumb Code     2  SC_it.o(i.INT12_15_IRQHandler)
    INT1_7_IRQHandler                        0x08000ca9   Thumb Code     2  SC_it.o(i.INT1_7_IRQHandler)
    INT8_11_IRQHandler                       0x08000cab   Thumb Code     2  SC_it.o(i.INT8_11_IRQHandler)
    IcResourceInit                           0x08000cad   Thumb Code     8  CompCtrlDefine.o(i.IcResourceInit)
    LEDPWM_IRQHandler                        0x08000cb5   Thumb Code     2  SC_it.o(i.LEDPWM_IRQHandler)
    PWM0_IRQHandler                          0x08000cb9   Thumb Code    12  SC_it.o(i.PWM0_IRQHandler)
    PWM_ClearFlag                            0x08000cc9   Thumb Code     4  sc32f1xxx_pwm.o(i.PWM_ClearFlag)
    PWM_Cmd                                  0x08000ccd   Thumb Code    20  sc32f1xxx_pwm.o(i.PWM_Cmd)
    PWM_FDCmd                                0x08000ce5   Thumb Code    20  sc32f1xxx_pwm.o(i.PWM_FDCmd)
    PWM_FDInit                               0x08000cfd   Thumb Code    26  sc32f1xxx_pwm.o(i.PWM_FDInit)
    PWM_ITConfig                             0x08000d17   Thumb Code    20  sc32f1xxx_pwm.o(i.PWM_ITConfig)
    PWM_Init                                 0x08000d2b   Thumb Code    36  sc32f1xxx_pwm.o(i.PWM_Init)
    PWM_SetDuty                              0x08000d4f   Thumb Code    28  sc32f1xxx_pwm.o(i.PWM_SetDuty)
    PWM_SetHz                                0x08000d6d   Thumb Code    40  Buzzer.o(i.PWM_SetHz)
    RCC_APB0Cmd                              0x08000da5   Thumb Code    20  sc32f1xxx_rcc.o(i.RCC_APB0Cmd)
    RCC_APB0Config                           0x08000dbd   Thumb Code    20  sc32f1xxx_rcc.o(i.RCC_APB0Config)
    RCC_APB0PeriphClockCmd                   0x08000dd5   Thumb Code    18  sc32f1xxx_rcc.o(i.RCC_APB0PeriphClockCmd)
    RCC_APB2Cmd                              0x08000ded   Thumb Code    22  sc32f1xxx_rcc.o(i.RCC_APB2Cmd)
    RCC_APB2Config                           0x08000e09   Thumb Code    20  sc32f1xxx_rcc.o(i.RCC_APB2Config)
    RCC_HCLKConfig                           0x08000e21   Thumb Code    20  sc32f1xxx_rcc.o(i.RCC_HCLKConfig)
    RCC_HIRCCmd                              0x08000e39   Thumb Code    30  sc32f1xxx_rcc.o(i.RCC_HIRCCmd)
    RCC_HXTCmd                               0x08000e5d   Thumb Code    30  sc32f1xxx_rcc.o(i.RCC_HXTCmd)
    RCC_IRQHandler                           0x08000e81   Thumb Code     2  SC_it.o(i.RCC_IRQHandler)
    RCC_ITConfig                             0x08000e85   Thumb Code    30  sc32f1xxx_rcc.o(i.RCC_ITConfig)
    RCC_LIRCCmd                              0x08000ea9   Thumb Code    30  sc32f1xxx_rcc.o(i.RCC_LIRCCmd)
    RCC_LXTCmd                               0x08000ecd   Thumb Code    32  sc32f1xxx_rcc.o(i.RCC_LXTCmd)
    RCC_SYSCLKConfig                         0x08000ef1   Thumb Code   144  sc32f1xxx_rcc.o(i.RCC_SYSCLKConfig)
    RCC_SystickCLKConfig                     0x08000f89   Thumb Code    50  sc32f1xxx_rcc.o(i.RCC_SystickCLKConfig)
    RCC_SystickCmd                           0x08000fc5   Thumb Code    22  sc32f1xxx_rcc.o(i.RCC_SystickCmd)
    RCC_SystickSetCounter                    0x08000fe1   Thumb Code    18  sc32f1xxx_rcc.o(i.RCC_SystickSetCounter)
    RCC_Unlock                               0x08000ffd   Thumb Code    16  sc32f1xxx_rcc.o(i.RCC_Unlock)
    SC_ADC_Init                              0x08001011   Thumb Code    82  SC_Init.o(i.SC_ADC_Init)
    SC_GPIO_Init                             0x08001069   Thumb Code    46  SC_Init.o(i.SC_GPIO_Init)
    SC_Init                                  0x0800109d   Thumb Code    40  SC_Init.o(i.SC_Init)
    SC_OPTION_Init                           0x080010c5   Thumb Code    24  SC_Init.o(i.SC_OPTION_Init)
    SC_PWM0_Init                             0x080010e5   Thumb Code   182  SC_Init.o(i.SC_PWM0_Init)
    SC_RCC_Init                              0x080011a1   Thumb Code    76  SC_Init.o(i.SC_RCC_Init)
    SC_SYSTICK_Init                          0x080011f1   Thumb Code    38  SC_Init.o(i.SC_SYSTICK_Init)
    SC_TIM1_Init                             0x08001219   Thumb Code   142  SC_Init.o(i.SC_TIM1_Init)
    SC_TIM2_Init                             0x080012ad   Thumb Code   150  SC_Init.o(i.SC_TIM2_Init)
    SC_TWI0_Init                             0x0800134d   Thumb Code   150  SC_Init.o(i.SC_TWI0_Init)
    SPI0_IRQHandler                          0x080013ed   Thumb Code     2  SC_it.o(i.SPI0_IRQHandler)
    SPI1_IRQHandler                          0x080013ef   Thumb Code     2  SC_it.o(i.SPI1_IRQHandler)
    SysTick_IRQHandler                       0x080013f1   Thumb Code     2  SC_it.o(i.SysTick_IRQHandler)
    SystemInit                               0x080013f5   Thumb Code    10  system_sc32f1xxx.o(i.SystemInit)
    TIMER0_IRQHandler                        0x08001405   Thumb Code     2  SC_it.o(i.TIMER0_IRQHandler)
    TIMER1_IRQHandler                        0x08001409   Thumb Code    12  SC_it.o(i.TIMER1_IRQHandler)
    TIMER2_IRQHandler                        0x08001419   Thumb Code     2  SC_it.o(i.TIMER2_IRQHandler)
    TIMER3_IRQHandler                        0x0800141b   Thumb Code     2  SC_it.o(i.TIMER3_IRQHandler)
    TIMER4_5_IRQHandler                      0x0800141d   Thumb Code     2  SC_it.o(i.TIMER4_5_IRQHandler)
    TIMER6_7_IRQHandler                      0x0800141f   Thumb Code     2  SC_it.o(i.TIMER6_7_IRQHandler)
    TIM_ClearFlag                            0x08001421   Thumb Code     4  sc32f1xxx_tim.o(i.TIM_ClearFlag)
    TIM_Cmd                                  0x08001425   Thumb Code    20  sc32f1xxx_tim.o(i.TIM_Cmd)
    TIM_DMACmd                               0x0800143d   Thumb Code    20  sc32f1xxx_tim.o(i.TIM_DMACmd)
    TIM_ICCmd                                0x08001451   Thumb Code    20  sc32f1xxx_tim.o(i.TIM_ICCmd)
    TIM_ICInit                               0x08001469   Thumb Code    34  sc32f1xxx_tim.o(i.TIM_ICInit)
    TIM_ITConfig                             0x08001491   Thumb Code    20  sc32f1xxx_tim.o(i.TIM_ITConfig)
    TIM_PWMInit                              0x080014a5   Thumb Code    52  sc32f1xxx_tim.o(i.TIM_PWMInit)
    TIM_PWMSetDuty                           0x080014dd   Thumb Code    26  sc32f1xxx_tim.o(i.TIM_PWMSetDuty)
    TIM_PinRemapConfig                       0x080014fd   Thumb Code    14  sc32f1xxx_tim.o(i.TIM_PinRemapConfig)
    TIM_SetAutoreload                        0x0800150b   Thumb Code     4  sc32f1xxx_tim.o(i.TIM_SetAutoreload)
    TIM_TIMBaseInit                          0x08001511   Thumb Code    36  sc32f1xxx_tim.o(i.TIM_TIMBaseInit)
    TWI0_IRQHandler                          0x08001539   Thumb Code     2  SC_it.o(i.TWI0_IRQHandler)
    TWI1_IRQHandler                          0x0800153b   Thumb Code     2  SC_it.o(i.TWI1_IRQHandler)
    TWI_Cmd                                  0x0800153d   Thumb Code    20  sc32f1xxx_twi.o(i.TWI_Cmd)
    TWI_DMACmd                               0x08001555   Thumb Code    20  sc32f1xxx_twi.o(i.TWI_DMACmd)
    TWI_ITConfig                             0x08001569   Thumb Code    20  sc32f1xxx_twi.o(i.TWI_ITConfig)
    TWI_Init                                 0x0800157d   Thumb Code    44  sc32f1xxx_twi.o(i.TWI_Init)
    TWI_PinRemapConfig                       0x080015ad   Thumb Code    14  sc32f1xxx_twi.o(i.TWI_PinRemapConfig)
    UART0_2_IRQHandler                       0x080015bb   Thumb Code     2  SC_it.o(i.UART0_2_IRQHandler)
    UART1_3_IRQHandler                       0x080015bd   Thumb Code     2  SC_it.o(i.UART1_3_IRQHandler)
    __ARM_common_switch8                     0x080015bf   Thumb Code    26  main.o(i.__ARM_common_switch8)
    main                                     0x08001635   Thumb Code    62  main.o(i.main)
    Music                                    0x08001678   Data         482  Buzzer.o(.constdata)
    __I$use$fp                               0x08001678   Number         0  usenofp.o(x$fpl$usenofp)
    Region$$Table$$Base                      0x080018dc   Number         0  anon$$obj.o(Region$$Table)
    Region$$Table$$Limit                     0x080018fc   Number         0  anon$$obj.o(Region$$Table)
    __libspace_start                         0x20000004   Data          96  libspace.o(.bss)
    __temporary_stack_top$libspace           0x20000064   Data           0  libspace.o(.bss)



==============================================================================

Memory Map of the image

  Image Entry point : 0x080000c1

  Load Region LR_IROM1 (Base: 0x08000000, Size: 0x00001900, Max: 0x00040000, ABSOLUTE)

    Execution Region ER_IROM1 (Base: 0x08000000, Size: 0x000018fc, Max: 0x00040000, ABSOLUTE)

    Base Addr    Size         Type   Attr      Idx    E Section Name        Object

    0x08000000   0x000000c0   Data   RO         1764    RESET               startup_sc32f10xx.o
    0x080000c0   0x00000008   Code   RO         1811  * !!!main             c_p.l(__main.o)
    0x080000c8   0x0000003c   Code   RO         1992    !!!scatter          c_p.l(__scatter.o)
    0x08000104   0x0000001a   Code   RO         1994    !!handler_copy      c_p.l(__scatter_copy.o)
    0x0800011e   0x00000002   PAD
    0x08000120   0x0000001c   Code   RO         1996    !!handler_zi        c_p.l(__scatter_zi.o)
    0x0800013c   0x00000002   Code   RO         1859    .ARM.Collect$$libinit$$00000000  c_p.l(libinit.o)
    0x0800013e   0x00000000   Code   RO         1873    .ARM.Collect$$libinit$$00000002  c_p.l(libinit2.o)
    0x0800013e   0x00000000   Code   RO         1875    .ARM.Collect$$libinit$$00000004  c_p.l(libinit2.o)
    0x0800013e   0x00000000   Code   RO         1878    .ARM.Collect$$libinit$$0000000A  c_p.l(libinit2.o)
    0x0800013e   0x00000000   Code   RO         1880    .ARM.Collect$$libinit$$0000000C  c_p.l(libinit2.o)
    0x0800013e   0x00000000   Code   RO         1882    .ARM.Collect$$libinit$$0000000E  c_p.l(libinit2.o)
    0x0800013e   0x00000000   Code   RO         1885    .ARM.Collect$$libinit$$00000011  c_p.l(libinit2.o)
    0x0800013e   0x00000000   Code   RO         1887    .ARM.Collect$$libinit$$00000013  c_p.l(libinit2.o)
    0x0800013e   0x00000000   Code   RO         1889    .ARM.Collect$$libinit$$00000015  c_p.l(libinit2.o)
    0x0800013e   0x00000000   Code   RO         1891    .ARM.Collect$$libinit$$00000017  c_p.l(libinit2.o)
    0x0800013e   0x00000000   Code   RO         1893    .ARM.Collect$$libinit$$00000019  c_p.l(libinit2.o)
    0x0800013e   0x00000000   Code   RO         1895    .ARM.Collect$$libinit$$0000001B  c_p.l(libinit2.o)
    0x0800013e   0x00000000   Code   RO         1897    .ARM.Collect$$libinit$$0000001D  c_p.l(libinit2.o)
    0x0800013e   0x00000000   Code   RO         1899    .ARM.Collect$$libinit$$0000001F  c_p.l(libinit2.o)
    0x0800013e   0x00000000   Code   RO         1901    .ARM.Collect$$libinit$$00000021  c_p.l(libinit2.o)
    0x0800013e   0x00000000   Code   RO         1903    .ARM.Collect$$libinit$$00000023  c_p.l(libinit2.o)
    0x0800013e   0x00000000   Code   RO         1905    .ARM.Collect$$libinit$$00000025  c_p.l(libinit2.o)
    0x0800013e   0x00000000   Code   RO         1909    .ARM.Collect$$libinit$$0000002C  c_p.l(libinit2.o)
    0x0800013e   0x00000000   Code   RO         1911    .ARM.Collect$$libinit$$0000002E  c_p.l(libinit2.o)
    0x0800013e   0x00000000   Code   RO         1913    .ARM.Collect$$libinit$$00000030  c_p.l(libinit2.o)
    0x0800013e   0x00000000   Code   RO         1915    .ARM.Collect$$libinit$$00000032  c_p.l(libinit2.o)
    0x0800013e   0x00000002   Code   RO         1916    .ARM.Collect$$libinit$$00000033  c_p.l(libinit2.o)
    0x08000140   0x00000002   Code   RO         1947    .ARM.Collect$$libshutdown$$00000000  c_p.l(libshutdown.o)
    0x08000142   0x00000000   Code   RO         1973    .ARM.Collect$$libshutdown$$00000002  c_p.l(libshutdown2.o)
    0x08000142   0x00000000   Code   RO         1975    .ARM.Collect$$libshutdown$$00000004  c_p.l(libshutdown2.o)
    0x08000142   0x00000000   Code   RO         1977    .ARM.Collect$$libshutdown$$00000006  c_p.l(libshutdown2.o)
    0x08000142   0x00000000   Code   RO         1980    .ARM.Collect$$libshutdown$$00000009  c_p.l(libshutdown2.o)
    0x08000142   0x00000000   Code   RO         1983    .ARM.Collect$$libshutdown$$0000000C  c_p.l(libshutdown2.o)
    0x08000142   0x00000000   Code   RO         1985    .ARM.Collect$$libshutdown$$0000000E  c_p.l(libshutdown2.o)
    0x08000142   0x00000000   Code   RO         1988    .ARM.Collect$$libshutdown$$00000011  c_p.l(libshutdown2.o)
    0x08000142   0x00000002   Code   RO         1989    .ARM.Collect$$libshutdown$$00000012  c_p.l(libshutdown2.o)
    0x08000144   0x00000000   Code   RO         1822    .ARM.Collect$$rtentry$$00000000  c_p.l(__rtentry.o)
    0x08000144   0x00000000   Code   RO         1829    .ARM.Collect$$rtentry$$00000002  c_p.l(__rtentry2.o)
    0x08000144   0x00000006   Code   RO         1841    .ARM.Collect$$rtentry$$00000004  c_p.l(__rtentry4.o)
    0x0800014a   0x00000000   Code   RO         1831    .ARM.Collect$$rtentry$$00000009  c_p.l(__rtentry2.o)
    0x0800014a   0x00000004   Code   RO         1832    .ARM.Collect$$rtentry$$0000000A  c_p.l(__rtentry2.o)
    0x0800014e   0x00000000   Code   RO         1834    .ARM.Collect$$rtentry$$0000000C  c_p.l(__rtentry2.o)
    0x0800014e   0x00000008   Code   RO         1835    .ARM.Collect$$rtentry$$0000000D  c_p.l(__rtentry2.o)
    0x08000156   0x00000002   Code   RO         1864    .ARM.Collect$$rtexit$$00000000  c_p.l(rtexit.o)
    0x08000158   0x00000000   Code   RO         1920    .ARM.Collect$$rtexit$$00000002  c_p.l(rtexit2.o)
    0x08000158   0x00000004   Code   RO         1921    .ARM.Collect$$rtexit$$00000003  c_p.l(rtexit2.o)
    0x0800015c   0x00000006   Code   RO         1922    .ARM.Collect$$rtexit$$00000004  c_p.l(rtexit2.o)
    0x08000162   0x00000002   PAD
    0x08000164   0x00000084   Code   RO         1765    .text               startup_sc32f10xx.o
    0x080001e8   0x0000015a   Code   RO         1805    .text               c_p.l(aeabi_sdiv.o)
    0x08000342   0x00000006   Code   RO         1809    .text               c_p.l(heapauxi.o)
    0x08000348   0x00000448   Code   RO         1813    .text               fz_ps.l(ddiv.o)
    0x08000790   0x00000048   Code   RO         1816    .text               fz_ps.l(dfixui.o)
    0x080007d8   0x00000058   Code   RO         1818    .text               fz_ps.l(dflti.o)
    0x08000830   0x00000248   Code   RO         1820    .text               fz_ps.l(dmul.o)
    0x08000a78   0x0000003e   Code   RO         1845    .text               c_p.l(sys_stackheap_outer.o)
    0x08000ab6   0x00000010   Code   RO         1848    .text               c_p.l(exit.o)
    0x08000ac6   0x00000002   PAD
    0x08000ac8   0x00000008   Code   RO         1860    .text               c_p.l(libspace.o)
    0x08000ad0   0x0000000c   Code   RO         1917    .text               c_p.l(sys_exit.o)
    0x08000adc   0x00000002   Code   RO         1936    .text               c_p.l(use_no_semi.o)
    0x08000ade   0x00000000   Code   RO         1938    .text               c_p.l(indicate_semi.o)
    0x08000ade   0x00000004   Code   RO          258    i.ADC_ClearFlag     sc32f1xxx_adc.o
    0x08000ae2   0x00000014   Code   RO          259    i.ADC_Cmd           sc32f1xxx_adc.o
    0x08000af6   0x00000014   Code   RO          261    i.ADC_DMACmd        sc32f1xxx_adc.o
    0x08000b0a   0x00000002   PAD
    0x08000b0c   0x00000010   Code   RO         1510    i.ADC_IRQHandler    SC_it.o
    0x08000b1c   0x00000010   Code   RO          266    i.ADC_ITConfig      sc32f1xxx_adc.o
    0x08000b2c   0x00000020   Code   RO          267    i.ADC_Init          sc32f1xxx_adc.o
    0x08000b4c   0x0000000c   Code   RO          268    i.ADC_SetChannel    sc32f1xxx_adc.o
    0x08000b58   0x00000002   Code   RO         1511    i.BTM_IRQHandler    SC_it.o
    0x08000b5a   0x00000002   PAD
    0x08000b5c   0x00000064   Code   RO            3    i.Buzzer_Play       Buzzer.o
    0x08000bc0   0x00000002   Code   RO         1515    i.CMP_IRQHandler    SC_it.o
    0x08000bc2   0x00000002   Code   RO         1516    i.DMA0_IRQHandler   SC_it.o
    0x08000bc4   0x00000002   Code   RO         1517    i.DMA1_IRQHandler   SC_it.o
    0x08000bc6   0x00000002   Code   RO         1518    i.DMA2_IRQHandler   SC_it.o
    0x08000bc8   0x00000002   Code   RO         1519    i.DMA3_IRQHandler   SC_it.o
    0x08000bca   0x0000001a   Code   RO          225    i.Delay_ms          main.o
    0x08000be4   0x00000024   Code   RO          226    i.Delay_us          main.o
    0x08000c08   0x00000060   Code   RO          351    i.GPIO_Init         sc32f1xxx_gpio.o
    0x08000c68   0x0000001e   Code   RO          354    i.GPIO_ResetBits    sc32f1xxx_gpio.o
    0x08000c86   0x0000001e   Code   RO          355    i.GPIO_SetBits      sc32f1xxx_gpio.o
    0x08000ca4   0x00000002   Code   RO         1521    i.INT0_IRQHandler   SC_it.o
    0x08000ca6   0x00000002   Code   RO         1522    i.INT12_15_IRQHandler  SC_it.o
    0x08000ca8   0x00000002   Code   RO         1523    i.INT1_7_IRQHandler  SC_it.o
    0x08000caa   0x00000002   Code   RO         1524    i.INT8_11_IRQHandler  SC_it.o
    0x08000cac   0x00000008   Code   RO          202    i.IcResourceInit    CompCtrlDefine.o
    0x08000cb4   0x00000002   Code   RO         1525    i.LEDPWM_IRQHandler  SC_it.o
    0x08000cb6   0x00000002   PAD
    0x08000cb8   0x00000010   Code   RO         1528    i.PWM0_IRQHandler   SC_it.o
    0x08000cc8   0x00000004   Code   RO          471    i.PWM_ClearFlag     sc32f1xxx_pwm.o
    0x08000ccc   0x00000018   Code   RO          472    i.PWM_Cmd           sc32f1xxx_pwm.o
    0x08000ce4   0x00000018   Code   RO          474    i.PWM_FDCmd         sc32f1xxx_pwm.o
    0x08000cfc   0x0000001a   Code   RO          475    i.PWM_FDInit        sc32f1xxx_pwm.o
    0x08000d16   0x00000014   Code   RO          482    i.PWM_ITConfig      sc32f1xxx_pwm.o
    0x08000d2a   0x00000024   Code   RO          483    i.PWM_Init          sc32f1xxx_pwm.o
    0x08000d4e   0x0000001c   Code   RO          486    i.PWM_SetDuty       sc32f1xxx_pwm.o
    0x08000d6a   0x00000002   PAD
    0x08000d6c   0x00000038   Code   RO            4    i.PWM_SetHz         Buzzer.o
    0x08000da4   0x00000018   Code   RO          595    i.RCC_APB0Cmd       sc32f1xxx_rcc.o
    0x08000dbc   0x00000018   Code   RO          596    i.RCC_APB0Config    sc32f1xxx_rcc.o
    0x08000dd4   0x00000018   Code   RO          597    i.RCC_APB0PeriphClockCmd  sc32f1xxx_rcc.o
    0x08000dec   0x0000001c   Code   RO          603    i.RCC_APB2Cmd       sc32f1xxx_rcc.o
    0x08000e08   0x00000018   Code   RO          604    i.RCC_APB2Config    sc32f1xxx_rcc.o
    0x08000e20   0x00000018   Code   RO          612    i.RCC_HCLKConfig    sc32f1xxx_rcc.o
    0x08000e38   0x00000024   Code   RO          613    i.RCC_HIRCCmd       sc32f1xxx_rcc.o
    0x08000e5c   0x00000024   Code   RO          614    i.RCC_HXTCmd        sc32f1xxx_rcc.o
    0x08000e80   0x00000002   Code   RO         1531    i.RCC_IRQHandler    SC_it.o
    0x08000e82   0x00000002   PAD
    0x08000e84   0x00000024   Code   RO          615    i.RCC_ITConfig      sc32f1xxx_rcc.o
    0x08000ea8   0x00000024   Code   RO          617    i.RCC_LIRCCmd       sc32f1xxx_rcc.o
    0x08000ecc   0x00000024   Code   RO          618    i.RCC_LXTCmd        sc32f1xxx_rcc.o
    0x08000ef0   0x00000098   Code   RO          623    i.RCC_SYSCLKConfig  sc32f1xxx_rcc.o
    0x08000f88   0x0000003c   Code   RO          624    i.RCC_SystickCLKConfig  sc32f1xxx_rcc.o
    0x08000fc4   0x0000001c   Code   RO          625    i.RCC_SystickCmd    sc32f1xxx_rcc.o
    0x08000fe0   0x0000001c   Code   RO          627    i.RCC_SystickSetCounter  sc32f1xxx_rcc.o
    0x08000ffc   0x00000014   Code   RO          628    i.RCC_Unlock        sc32f1xxx_rcc.o
    0x08001010   0x00000058   Code   RO         1132    i.SC_ADC_Init       SC_Init.o
    0x08001068   0x00000034   Code   RO         1142    i.SC_GPIO_Init      SC_Init.o
    0x0800109c   0x00000028   Code   RO         1145    i.SC_Init           SC_Init.o
    0x080010c4   0x00000020   Code   RO         1154    i.SC_OPTION_Init    SC_Init.o
    0x080010e4   0x000000bc   Code   RO         1157    i.SC_PWM0_Init      SC_Init.o
    0x080011a0   0x00000050   Code   RO         1161    i.SC_RCC_Init       SC_Init.o
    0x080011f0   0x00000026   Code   RO         1165    i.SC_SYSTICK_Init   SC_Init.o
    0x08001216   0x00000002   PAD
    0x08001218   0x00000094   Code   RO         1167    i.SC_TIM1_Init      SC_Init.o
    0x080012ac   0x000000a0   Code   RO         1168    i.SC_TIM2_Init      SC_Init.o
    0x0800134c   0x000000a0   Code   RO         1174    i.SC_TWI0_Init      SC_Init.o
    0x080013ec   0x00000002   Code   RO         1532    i.SPI0_IRQHandler   SC_it.o
    0x080013ee   0x00000002   Code   RO         1534    i.SPI1_IRQHandler   SC_it.o
    0x080013f0   0x00000002   Code   RO         1536    i.SysTick_IRQHandler  SC_it.o
    0x080013f2   0x00000002   PAD
    0x080013f4   0x00000010   Code   RO         1785    i.SystemInit        system_sc32f1xxx.o
    0x08001404   0x00000002   Code   RO         1537    i.TIMER0_IRQHandler  SC_it.o
    0x08001406   0x00000002   PAD
    0x08001408   0x00000010   Code   RO         1538    i.TIMER1_IRQHandler  SC_it.o
    0x08001418   0x00000002   Code   RO         1539    i.TIMER2_IRQHandler  SC_it.o
    0x0800141a   0x00000002   Code   RO         1540    i.TIMER3_IRQHandler  SC_it.o
    0x0800141c   0x00000002   Code   RO         1541    i.TIMER4_5_IRQHandler  SC_it.o
    0x0800141e   0x00000002   Code   RO         1542    i.TIMER6_7_IRQHandler  SC_it.o
    0x08001420   0x00000004   Code   RO          829    i.TIM_ClearFlag     sc32f1xxx_tim.o
    0x08001424   0x00000018   Code   RO          831    i.TIM_Cmd           sc32f1xxx_tim.o
    0x0800143c   0x00000014   Code   RO          832    i.TIM_DMACmd        sc32f1xxx_tim.o
    0x08001450   0x00000018   Code   RO          840    i.TIM_ICCmd         sc32f1xxx_tim.o
    0x08001468   0x00000028   Code   RO          841    i.TIM_ICInit        sc32f1xxx_tim.o
    0x08001490   0x00000014   Code   RO          843    i.TIM_ITConfig      sc32f1xxx_tim.o
    0x080014a4   0x00000038   Code   RO          845    i.TIM_PWMInit       sc32f1xxx_tim.o
    0x080014dc   0x00000020   Code   RO          846    i.TIM_PWMSetDuty    sc32f1xxx_tim.o
    0x080014fc   0x0000000e   Code   RO          848    i.TIM_PinRemapConfig  sc32f1xxx_tim.o
    0x0800150a   0x00000004   Code   RO          849    i.TIM_SetAutoreload  sc32f1xxx_tim.o
    0x0800150e   0x00000002   PAD
    0x08001510   0x00000028   Code   RO          852    i.TIM_TIMBaseInit   sc32f1xxx_tim.o
    0x08001538   0x00000002   Code   RO         1543    i.TWI0_IRQHandler   SC_it.o
    0x0800153a   0x00000002   Code   RO         1544    i.TWI1_IRQHandler   SC_it.o
    0x0800153c   0x00000018   Code   RO          995    i.TWI_Cmd           sc32f1xxx_twi.o
    0x08001554   0x00000014   Code   RO          996    i.TWI_DMACmd        sc32f1xxx_twi.o
    0x08001568   0x00000014   Code   RO         1004    i.TWI_ITConfig      sc32f1xxx_twi.o
    0x0800157c   0x00000030   Code   RO         1005    i.TWI_Init          sc32f1xxx_twi.o
    0x080015ac   0x0000000e   Code   RO         1006    i.TWI_PinRemapConfig  sc32f1xxx_twi.o
    0x080015ba   0x00000002   Code   RO         1546    i.UART0_2_IRQHandler  SC_it.o
    0x080015bc   0x00000002   Code   RO         1548    i.UART1_3_IRQHandler  SC_it.o
    0x080015be   0x0000001a   Code   RO          250    i.__ARM_common_switch8  main.o
    0x080015d8   0x00000018   Code   RO         1185    i.__NVIC_EnableIRQ  SC_Init.o
    0x080015f0   0x00000044   Code   RO         1186    i.__NVIC_SetPriority  SC_Init.o
    0x08001634   0x00000044   Code   RO          227    i.main              main.o
    0x08001678   0x00000000   Code   RO         1827    x$fpl$usenofp       fz_ps.l(usenofp.o)
    0x08001678   0x000001e2   Data   RO            6    .constdata          Buzzer.o
    0x0800185a   0x00000080   Data   RO         1814    .constdata          fz_ps.l(ddiv.o)
    0x080018da   0x00000002   PAD
    0x080018dc   0x00000020   Data   RO         1990    Region$$Table       anon$$obj.o


    Execution Region RW_IRAM1 (Base: 0x20000000, Size: 0x00000668, Max: 0x00002000, ABSOLUTE)

    Base Addr    Size         Type   Attr      Idx    E Section Name        Object

    0x20000000   0x00000004   Data   RW            7    .data               Buzzer.o
    0x20000004   0x00000060   Zero   RW         1861    .bss                c_p.l(libspace.o)
    0x20000064   0x00000004   PAD
    0x20000068   0x00000200   Zero   RW         1763    HEAP                startup_sc32f10xx.o
    0x20000268   0x00000400   Zero   RW         1762    STACK               startup_sc32f10xx.o


==============================================================================

Image component sizes


      Code (inc. data)   RO Data    RW Data    ZI Data      Debug   Object Name

       156         28        482          4          0      68910   Buzzer.o
         0          0          0          0          0      11252   CallBackFunction.o
         8          0          0          0          0        441   CompCtrlDefine.o
      1078         70          0          0          0      15934   SC_Init.o
        96         12          0          0          0      10846   SC_it.o
       156         16          0          0          0       1983   main.o
       104          4          0          0          0       3674   sc32f1xxx_adc.o
       156          0          0          0          0       2360   sc32f1xxx_gpio.o
       162          8          0          0          0       4343   sc32f1xxx_pwm.o
       616         94          0          0          0       9289   sc32f1xxx_rcc.o
       278         28          0          0          0       6745   sc32f1xxx_tim.o
       126          8          0          0          0       3230   sc32f1xxx_twi.o
       132         64        192          0       1536        804   startup_sc32f10xx.o
        16          6          0          0          0        413   system_sc32f1xxx.o

    ----------------------------------------------------------------------
      3102        338        706          4       1536     140224   Object Totals
         0          0         32          0          0          0   (incl. Generated)
        18          0          0          0          0          0   (incl. Padding)

    ----------------------------------------------------------------------

      Code (inc. data)   RO Data    RW Data    ZI Data      Debug   Library Member Name

         8          0          0          0          0         68   __main.o
         0          0          0          0          0          0   __rtentry.o
        12          0          0          0          0          0   __rtentry2.o
         6          0          0          0          0          0   __rtentry4.o
        60          8          0          0          0          0   __scatter.o
        26          0          0          0          0          0   __scatter_copy.o
        28          0          0          0          0          0   __scatter_zi.o
       346          0          0          0          0         92   aeabi_sdiv.o
        16          0          0          0          0         68   exit.o
         6          0          0          0          0        136   heapauxi.o
         0          0          0          0          0          0   indicate_semi.o
         2          0          0          0          0          0   libinit.o
         2          0          0          0          0          0   libinit2.o
         2          0          0          0          0          0   libshutdown.o
         2          0          0          0          0          0   libshutdown2.o
         8          4          0          0         96         68   libspace.o
         2          0          0          0          0          0   rtexit.o
        10          0          0          0          0          0   rtexit2.o
        12          4          0          0          0         60   sys_exit.o
        62          0          0          0          0         80   sys_stackheap_outer.o
         2          0          0          0          0         68   use_no_semi.o
      1096         26        128          0          0        112   ddiv.o
        72          4          0          0          0         68   dfixui.o
        88          0          0          0          0         92   dflti.o
       584         26          0          0          0         84   dmul.o
         0          0          0          0          0          0   usenofp.o

    ----------------------------------------------------------------------
      2458         72        130          0        100        996   Library Totals
         6          0          2          0          4          0   (incl. Padding)

    ----------------------------------------------------------------------

      Code (inc. data)   RO Data    RW Data    ZI Data      Debug   Library Name

       612         16          0          0         96        640   c_p.l
      1840         56        128          0          0        356   fz_ps.l

    ----------------------------------------------------------------------
      2458         72        130          0        100        996   Library Totals

    ----------------------------------------------------------------------

==============================================================================


      Code (inc. data)   RO Data    RW Data    ZI Data      Debug   

      5560        410        836          4       1636     136896   Grand Totals
      5560        410        836          4       1636     136896   ELF Image Totals
      5560        410        836          4          0          0   ROM Totals

==============================================================================

    Total RO  Size (Code + RO Data)                 6396 (   6.25kB)
    Total RW  Size (RW Data + ZI Data)              1640 (   1.60kB)
    Total ROM Size (Code + RO Data + RW Data)       6400 (   6.25kB)

==============================================================================

