Component: ARM Compiler 5.06 update 7 (build 960) Tool: armlink [4d3601]

==============================================================================

Section Cross References

    main.o(i.Delay_ms) refers to main.o(i.Delay_us) for Delay_us
    main.o(i.Delay_us) refers to sc32f1xxx_tim.o(i.TIM_Cmd) for TIM_Cmd
    main.o(i.main) refers to compctrldefine.o(i.IcResourceInit) for IcResourceInit
    main.o(i.main) refers to sc32f1xxx_tim.o(i.TIM_Cmd) for TIM_Cmd
    main.o(i.main) refers to buzzer.o(i.Buzzer_SetVolume) for Buzzer_SetVolume
    main.o(i.main) refers to sc32f10xx_tk_functionresource.o(i.TK_Init) for TK_Init
    main.o(i.main) refers to iap_program.o(i.IAP_Program) for IAP_Program
    main.o(i.main) refers to main.o(i.__ARM_common_switch8) for __ARM_common_switch8
    main.o(i.main) refers to sc32f1xxx_gpio.o(i.GPIO_ResetBits) for GPIO_ResetBits
    main.o(i.main) refers to adc_iap.o(i.readADC) for readADC
    main.o(i.main) refers to adc_iap.o(i.adcToVoltage) for adcToVoltage
    main.o(i.main) refers to sc32f1xxx_adc.o(i.ADC_GetChannel) for ADC_GetChannel
    main.o(i.main) refers to main.o(.data) for Task_state
    sc_it.o(i.ADC_IRQHandler) refers to sc32f1xxx_adc.o(i.ADC_ClearFlag) for ADC_ClearFlag
    sc_it.o(i.PWM0_IRQHandler) refers to sc32f1xxx_pwm.o(i.PWM_ClearFlag) for PWM_ClearFlag
    sc_it.o(i.TIMER1_IRQHandler) refers to sc32f1xxx_tim.o(i.TIM_ClearFlag) for TIM_ClearFlag
    sc_init.o(i.SC_ADC_Init) refers to sc32f1xxx_adc.o(i.ADC_Init) for ADC_Init
    sc_init.o(i.SC_ADC_Init) refers to sc32f1xxx_adc.o(i.ADC_SetChannel) for ADC_SetChannel
    sc_init.o(i.SC_ADC_Init) refers to sc32f1xxx_adc.o(i.ADC_ITConfig) for ADC_ITConfig
    sc_init.o(i.SC_ADC_Init) refers to sc32f1xxx_adc.o(i.ADC_DMACmd) for ADC_DMACmd
    sc_init.o(i.SC_ADC_Init) refers to sc_init.o(i.__NVIC_SetPriority) for __NVIC_SetPriority
    sc_init.o(i.SC_ADC_Init) refers to sc_init.o(i.__NVIC_EnableIRQ) for __NVIC_EnableIRQ
    sc_init.o(i.SC_ADC_Init) refers to sc32f1xxx_adc.o(i.ADC_Cmd) for ADC_Cmd
    sc_init.o(i.SC_GPIO_Init) refers to sc32f1xxx_gpio.o(i.GPIO_Init) for GPIO_Init
    sc_init.o(i.SC_Init) refers to sc_init.o(i.SC_GPIO_Init) for SC_GPIO_Init
    sc_init.o(i.SC_Init) refers to sc_init.o(i.SC_OPTION_Init) for SC_OPTION_Init
    sc_init.o(i.SC_Init) refers to sc_init.o(i.SC_RCC_Init) for SC_RCC_Init
    sc_init.o(i.SC_Init) refers to sc_init.o(i.SC_SYSTICK_Init) for SC_SYSTICK_Init
    sc_init.o(i.SC_Init) refers to sc_init.o(i.SC_TWI0_Init) for SC_TWI0_Init
    sc_init.o(i.SC_Init) refers to sc_init.o(i.SC_TIM1_Init) for SC_TIM1_Init
    sc_init.o(i.SC_Init) refers to sc_init.o(i.SC_TIM2_Init) for SC_TIM2_Init
    sc_init.o(i.SC_Init) refers to sc_init.o(i.SC_PWM0_Init) for SC_PWM0_Init
    sc_init.o(i.SC_Init) refers to sc_init.o(i.SC_ADC_Init) for SC_ADC_Init
    sc_init.o(i.SC_Init) refers to sc_init.o(i.SC_IAP_Init) for SC_IAP_Init
    sc_init.o(i.SC_PWM0_Init) refers to sc32f1xxx_rcc.o(i.RCC_Unlock) for RCC_Unlock
    sc_init.o(i.SC_PWM0_Init) refers to sc32f1xxx_rcc.o(i.RCC_APB0PeriphClockCmd) for RCC_APB0PeriphClockCmd
    sc_init.o(i.SC_PWM0_Init) refers to sc32f1xxx_pwm.o(i.PWM_SetDuty) for PWM_SetDuty
    sc_init.o(i.SC_PWM0_Init) refers to sc32f1xxx_pwm.o(i.PWM_Init) for PWM_Init
    sc_init.o(i.SC_PWM0_Init) refers to sc32f1xxx_pwm.o(i.PWM_FDInit) for PWM_FDInit
    sc_init.o(i.SC_PWM0_Init) refers to sc32f1xxx_pwm.o(i.PWM_FDCmd) for PWM_FDCmd
    sc_init.o(i.SC_PWM0_Init) refers to sc32f1xxx_pwm.o(i.PWM_ITConfig) for PWM_ITConfig
    sc_init.o(i.SC_PWM0_Init) refers to sc32f1xxx_pwm.o(i.PWM_Cmd) for PWM_Cmd
    sc_init.o(i.SC_RCC_Init) refers to sc32f1xxx_rcc.o(i.RCC_Unlock) for RCC_Unlock
    sc_init.o(i.SC_RCC_Init) refers to sc32f1xxx_rcc.o(i.RCC_HXTCmd) for RCC_HXTCmd
    sc_init.o(i.SC_RCC_Init) refers to sc32f1xxx_rcc.o(i.RCC_LXTCmd) for RCC_LXTCmd
    sc_init.o(i.SC_RCC_Init) refers to sc32f1xxx_rcc.o(i.RCC_LIRCCmd) for RCC_LIRCCmd
    sc_init.o(i.SC_RCC_Init) refers to sc32f1xxx_rcc.o(i.RCC_HIRCCmd) for RCC_HIRCCmd
    sc_init.o(i.SC_RCC_Init) refers to sc32f1xxx_rcc.o(i.RCC_ITConfig) for RCC_ITConfig
    sc_init.o(i.SC_RCC_Init) refers to sc32f1xxx_rcc.o(i.RCC_SYSCLKConfig) for RCC_SYSCLKConfig
    sc_init.o(i.SC_RCC_Init) refers to sc32f1xxx_rcc.o(i.RCC_HCLKConfig) for RCC_HCLKConfig
    sc_init.o(i.SC_RCC_Init) refers to sc32f1xxx_rcc.o(i.RCC_APB0Config) for RCC_APB0Config
    sc_init.o(i.SC_RCC_Init) refers to sc32f1xxx_rcc.o(i.RCC_APB0Cmd) for RCC_APB0Cmd
    sc_init.o(i.SC_RCC_Init) refers to sc32f1xxx_rcc.o(i.RCC_APB2Config) for RCC_APB2Config
    sc_init.o(i.SC_RCC_Init) refers to sc32f1xxx_rcc.o(i.RCC_APB2Cmd) for RCC_APB2Cmd
    sc_init.o(i.SC_SYSTICK_Init) refers to sc32f1xxx_rcc.o(i.RCC_Unlock) for RCC_Unlock
    sc_init.o(i.SC_SYSTICK_Init) refers to sc32f1xxx_rcc.o(i.RCC_SystickCLKConfig) for RCC_SystickCLKConfig
    sc_init.o(i.SC_SYSTICK_Init) refers to sc32f1xxx_rcc.o(i.RCC_SystickSetCounter) for RCC_SystickSetCounter
[...]
    sc32f10xx_tk_functionresource.o(i.TK_SingleChannel_ICHAAdjust) refers to tkdriver.o(i.TK_GetBaseLineAdjustValue) for TK_GetBaseLineAdjustValue
    sc32f10xx_tk_functionresource.o(i.TK_SingleChannel_ICHAAdjust) refers to idiv.o(.text) for __aeabi_idivmod
    sc32f10xx_tk_functionresource.o(i.TK_SingleChannel_ICHAAdjust) refers to tkdriver.o(i.TK_GetScanTimeValue) for TK_GetScanTimeValue
    sc32f10xx_tk_functionresource.o(i.TK_SingleChannel_ICHAAdjust) refers to sc32f10xx_tk_functionresource.o(.data) for ScanTime
    sc32f10xx_tk_functionresource.o(i.TK_SingleChannel_ICHAAdjust) refers to tkdriver.o(.bss) for SingleChannelsBaseLineUpdatePar
    sc32f10xx_tk_functionresource.o(i.TK_SingleChannel_ICHAAdjust) refers to tkdriver.o(.data) for SingleParameterBufferSet
    sc32f10xx_tk_functionresource.o(i.TK_TouchKey_Service) refers to tkdriver.o(i.TK_GetScanTimeValue) for TK_GetScanTimeValue
    sc32f10xx_tk_functionresource.o(i.TK_TouchKey_Service) refers to tkdriver.o(i.TK_GetCfgMsg) for TK_GetCfgMsg
    sc32f10xx_tk_functionresource.o(i.TK_TouchKey_Service) refers to sc32f10xx_tk_functionresource.o(.data) for CurrentIndex
    sc32f10xx_tk_functionresource.o(i.TK_TouchKey_Service) refers to tkdriver.o(.bss) for SingleChannelsBaseLineUpdatePar
    sc32f10xx_tk_functionresource.o(i.TK_TouchKey_Service) refers to tkdriver.o(.data) for TK_TouchKeyStatus
    entry.o(.ARM.Collect$$$$00000000) refers (Special) to entry10a.o(.ARM.Collect$$$$0000000F) for __rt_final_cpp
    entry.o(.ARM.Collect$$$$00000000) refers (Special) to entry11a.o(.ARM.Collect$$$$00000011) for __rt_final_exit
    entry.o(.ARM.Collect$$$$00000000) refers (Special) to entry12b.o(.ARM.Collect$$$$0000000E) for __rt_lib_shutdown_fini
    entry.o(.ARM.Collect$$$$00000000) refers (Special) to entry7b.o(.ARM.Collect$$$$00000008) for _main_clock
    entry.o(.ARM.Collect$$$$00000000) refers (Special) to entry8b.o(.ARM.Collect$$$$0000000A) for _main_cpp_init
    entry.o(.ARM.Collect$$$$00000000) refers (Special) to entry9a.o(.ARM.Collect$$$$0000000B) for _main_init
    entry.o(.ARM.Collect$$$$00000000) refers (Special) to entry5.o(.ARM.Collect$$$$00000004) for _main_scatterload
    entry.o(.ARM.Collect$$$$00000000) refers (Special) to entry2.o(.ARM.Collect$$$$00000001) for _main_stk
    idiv.o(.text) refers to uidiv.o(.text) for __aeabi_uidivmod
    fadd.o(.text) refers (Special) to iusefp.o(.text) for __I$use$fp
    fadd.o(.text) refers to fepilogue.o(.text) for _float_epilogue
    fmul.o(.text) refers (Special) to iusefp.o(.text) for __I$use$fp
    fdiv.o(.text) refers (Special) to iusefp.o(.text) for __I$use$fp
    fdiv.o(.text) refers to fepilogue.o(.text) for _float_round
    dadd.o(.text) refers (Special) to iusefp.o(.text) for __I$use$fp
    dadd.o(.text) refers to llshl.o(.text) for __aeabi_llsl
    dadd.o(.text) refers to llsshr.o(.text) for __aeabi_lasr
    dadd.o(.text) refers to depilogue.o(.text) for _double_epilogue
    dmul.o(.text) refers (Special) to iusefp.o(.text) for __I$use$fp
    dmul.o(.text) refers to depilogue.o(.text) for _double_epilogue
    ddiv.o(.text) refers (Special) to iusefp.o(.text) for __I$use$fp
    ddiv.o(.text) refers to depilogue.o(.text) for _double_round
    fflti.o(.text) refers (Special) to iusefp.o(.text) for __I$use$fp
    fflti.o(.text) refers to fepilogue.o(.text) for _float_epilogue
    ffltui.o(.text) refers (Special) to iusefp.o(.text) for __I$use$fp
    ffltui.o(.text) refers to fepilogue.o(.text) for _float_epilogue
    dflti.o(.text) refers (Special) to iusefp.o(.text) for __I$use$fp
    dflti.o(.text) refers to depilogue.o(.text) for _double_epilogue
    dfltui.o(.text) refers (Special) to iusefp.o(.text) for __I$use$fp
    dfltui.o(.text) refers to depilogue.o(.text) for _double_epilogue
    ffixi.o(.text) refers (Special) to iusefp.o(.text) for __I$use$fp
    ffixui.o(.text) refers (Special) to iusefp.o(.text) for __I$use$fp
    dfixui.o(.text) refers (Special) to iusefp.o(.text) for __I$use$fp
    dfixui.o(.text) refers to llushr.o(.text) for __aeabi_llsr
    f2d.o(.text) refers (Special) to iusefp.o(.text) for __I$use$fp
    cdcmple.o(.text) refers (Special) to iusefp.o(.text) for __I$use$fp
    d2f.o(.text) refers (Special) to iusefp.o(.text) for __I$use$fp
    d2f.o(.text) refers to fepilogue.o(.text) for _float_round
    cfcmple.o(.text) refers (Special) to iusefp.o(.text) for __I$use$fp
    cfrcmple.o(.text) refers (Special) to iusefp.o(.text) for __I$use$fp
    entry2.o(.ARM.Collect$$$$00000001) refers to entry2.o(.ARM.Collect$$$$00002712) for __lit__00000000
    entry2.o(.ARM.Collect$$$$00002712) refers to startup_sc32f10xx.o(STACK) for __initial_sp
    entry2.o(__vectab_stack_and_reset_area) refers to startup_sc32f10xx.o(STACK) for __initial_sp
    entry2.o(__vectab_stack_and_reset_area) refers to entry.o(.ARM.Collect$$$$00000000) for __main
    entry5.o(.ARM.Collect$$$$00000004) refers to init.o(.text) for __scatterload
    entry9a.o(.ARM.Collect$$$$0000000B) refers to main.o(i.main) for main
    entry9b.o(.ARM.Collect$$$$0000000C) refers to main.o(i.main) for main
    depilogue.o(.text) refers to depilogue.o(i.__ARM_clz) for __ARM_clz
    depilogue.o(.text) refers to llshl.o(.text) for __aeabi_llsl
    depilogue.o(.text) refers to llushr.o(.text) for __aeabi_llsr
    init.o(.text) refers to entry5.o(.ARM.Collect$$$$00000004) for __main_after_scatterload


==============================================================================

Removing Unused input sections from the image.

    Removing main.o(.rev16_text), (4 bytes).
    Removing main.o(.revsh_text), (4 bytes).
    Removing main.o(i.Delay_ms), (24 bytes).
    Removing main.o(i.Delay_us), (44 bytes).
    Removing system_sc32f1xxx.o(.rev16_text), (4 bytes).
    Removing system_sc32f1xxx.o(.revsh_text), (4 bytes).
    Removing sc_it.o(.rev16_text), (4 bytes).
    Removing sc_it.o(.revsh_text), (4 bytes).
    Removing sc_it.o(i.CAN_IRQHandler), (2 bytes).
    Removing sc_it.o(i.CMP0_1_2_IRQHandler), (2 bytes).
    Removing sc_it.o(i.CMP3_IRQHandler), (2 bytes).
    Removing sc_it.o(i.EPWM_IRQHandler), (2 bytes).
    Removing sc_it.o(i.OP1_OP2_IRQHandler), (2 bytes).
    Removing sc_it.o(i.PCAP_IRQHandler), (2 bytes).
    Removing sc_it.o(i.QEP0_IRQHandler), (2 bytes).
    Removing sc_it.o(i.QEP1_IRQHandler), (2 bytes).
    Removing sc_it.o(i.SPI1_2_IRQHandler), (2 bytes).
    Removing sc_it.o(i.SPI1_TWI1_IRQHandler), (2 bytes).
    Removing sc_it.o(i.UART0_2_4_IRQHandler), (2 bytes).
    Removing sc_it.o(i.UART1_3_5_IRQHandler), (2 bytes).
    Removing sc_it.o(i.UART1_IRQHandler), (2 bytes).
    Removing sc_init.o(.rev16_text), (4 bytes).
    Removing sc_init.o(.revsh_text), (4 bytes).
    Removing sc_init.o(i.SC_ACMP0_Init), (2 bytes).
    Removing sc_init.o(i.SC_ACMP1_Init), (2 bytes).
    Removing sc_init.o(i.SC_ACMP2_Init), (2 bytes).
    Removing sc_init.o(i.SC_ACMP3_Init), (2 bytes).
    Removing sc_init.o(i.SC_ACMP_Init), (2 bytes).
    Removing sc_init.o(i.SC_BTM_Init), (2 bytes).
    Removing sc_init.o(i.SC_CAN_Init), (2 bytes).
    Removing sc_init.o(i.SC_CRC_Init), (2 bytes).
    Removing sc_init.o(i.SC_DAC_Init), (2 bytes).
    Removing sc_init.o(i.SC_DMA0_Init), (2 bytes).
    Removing sc_init.o(i.SC_DMA1_Init), (2 bytes).
    Removing sc_init.o(i.SC_DMA2_Init), (2 bytes).
    Removing sc_init.o(i.SC_DMA3_Init), (2 bytes).
    Removing sc_init.o(i.SC_EPWM_Init), (2 bytes).
    Removing sc_init.o(i.SC_INT_Init), (2 bytes).
    Removing sc_init.o(i.SC_LCD_Init), (2 bytes).
    Removing sc_init.o(i.SC_LEDPWM_Init), (2 bytes).
    Removing sc_init.o(i.SC_LED_Init), (2 bytes).
    Removing sc_init.o(i.SC_MR_Init), (2 bytes).
    Removing sc_init.o(i.SC_NVIC_Init), (2 bytes).
    Removing sc_init.o(i.SC_OP0_Init), (2 bytes).
    Removing sc_init.o(i.SC_OP1_Init), (2 bytes).
    Removing sc_init.o(i.SC_OP2_Init), (2 bytes).
    Removing sc_init.o(i.SC_OP_Init), (2 bytes).
    Removing sc_init.o(i.SC_PCAP_Init), (2 bytes).
    Removing sc_init.o(i.SC_PWR_Init), (2 bytes).
    Removing sc_init.o(i.SC_QEP0_Init), (2 bytes).
    Removing sc_init.o(i.SC_QEP1_Init), (2 bytes).
    Removing sc_init.o(i.SC_SPI0_Init), (2 bytes).
    Removing sc_init.o(i.SC_SPI1_Init), (2 bytes).
    Removing sc_init.o(i.SC_SPI2_Init), (2 bytes).
    Removing sc_init.o(i.SC_TIM0_Init), (2 bytes).
    Removing sc_init.o(i.SC_TIM3_Init), (2 bytes).
    Removing sc_init.o(i.SC_TIM4_Init), (2 bytes).
    Removing sc_init.o(i.SC_TIM5_Init), (2 bytes).
    Removing sc_init.o(i.SC_TIM6_Init), (2 bytes).
    Removing sc_init.o(i.SC_TIM7_Init), (2 bytes).
    Removing sc_init.o(i.SC_TWI1_Init), (2 bytes).
    Removing sc_init.o(i.SC_TemperSensor_Init), (2 bytes).
    Removing sc_init.o(i.SC_UART0_Init), (2 bytes).
    Removing sc_init.o(i.SC_UART1_Init), (2 bytes).
    Removing sc_init.o(i.SC_UART2_Init), (2 bytes).
    Removing sc_init.o(i.SC_UART3_Init), (2 bytes).
    Removing sc_init.o(i.SC_UART4_Init), (2 bytes).
    Removing sc_init.o(i.SC_UART5_Init), (2 bytes).
    Removing sc_init.o(i.SC_VREF_Init), (2 bytes).
    Removing sc_init.o(i.SC_WDT_Init), (2 bytes).
    Removing sysfunvardefine.o(.rev16_text), (4 bytes).
    Removing sysfunvardefine.o(.revsh_text), (4 bytes).
    Removing compctrldefine.o(.rev16_text), (4 bytes).
    Removing compctrldefine.o(.revsh_text), (4 bytes).
    Removing callbackfunction.o(.rev16_text), (4 bytes).
    Removing callbackfunction.o(.revsh_text), (4 bytes).
    Removing callbackfunction.o(i.Customer_BTM_Dispose), (2 bytes).
    Removing callbackfunction.o(i.Customer_IntoLowPowerMode_Init), (2 bytes).
    Removing callbackfunction.o(i.Customer_QuitLowPowerMode_Init), (2 bytes).
    Removing iap_program.o(.rev16_text), (4 bytes).
    Removing iap_program.o(.revsh_text), (4 bytes).
    Removing sc32f1xxx_iap.o(.rev16_text), (4 bytes).
    Removing sc32f1xxx_iap.o(.revsh_text), (4 bytes).
    Removing sc32f1xxx_iap.o(i.IAP_SoftwareReset), (16 bytes).
    Removing sc32f1xxx_tim.o(.rev16_text), (4 bytes).
    Removing sc32f1xxx_tim.o(.revsh_text), (4 bytes).
    Removing sc32f1xxx_tim.o(i.TIM_ClockOutputCmd), (28 bytes).
    Removing sc32f1xxx_tim.o(i.TIM_DeInit), (216 bytes).
    Removing sc32f1xxx_tim.o(i.TIM_GetAutoreload), (8 bytes).
    Removing sc32f1xxx_tim.o(i.TIM_GetCounter), (6 bytes).
    Removing sc32f1xxx_tim.o(i.TIM_GetFailingCapture), (6 bytes).
    Removing sc32f1xxx_tim.o(i.TIM_GetFlagStatus), (20 bytes).
    Removing sc32f1xxx_tim.o(i.TIM_GetPrescaler), (12 bytes).
    Removing sc32f1xxx_tim.o(i.TIM_GetRisingCapture), (6 bytes).
    Removing sc32f1xxx_tim.o(i.TIM_ICStructInit), (8 bytes).
    Removing sc32f1xxx_tim.o(i.TIM_PWMGetDuty), (20 bytes).
    Removing sc32f1xxx_tim.o(i.TIM_PWMStructInit), (8 bytes).
    Removing sc32f1xxx_tim.o(i.TIM_SetAutoreload), (4 bytes).
    Removing sc32f1xxx_tim.o(i.TIM_SetCounter), (4 bytes).
    Removing sc32f1xxx_tim.o(i.TIM_SetPerscaler), (18 bytes).
    Removing sc32f1xxx_tim.o(i.TIM_TimeBaseStructInit), (14 bytes).
    Removing sc32f1xxx_adc.o(.rev16_text), (4 bytes).
    Removing sc32f1xxx_adc.o(.revsh_text), (4 bytes).
    Removing sc32f1xxx_adc.o(i.ADC_ConvModeConfig), (28 bytes).
    Removing sc32f1xxx_adc.o(i.ADC_DeInit), (14 bytes).
    Removing sc32f1xxx_adc.o(i.ADC_StructInit), (18 bytes).
    Removing sc32f1xxx_pwm.o(.rev16_text), (4 bytes).
    Removing sc32f1xxx_pwm.o(.revsh_text), (4 bytes).
    Removing sc32f1xxx_pwm.o(i.PWM_DeInit), (32 bytes).
    Removing sc32f1xxx_pwm.o(i.PWM_FDStructInit), (10 bytes).
    Removing sc32f1xxx_pwm.o(i.PWM_FallingDeadTimeConfig), (24 bytes).
    Removing sc32f1xxx_pwm.o(i.PWM_GetCycle), (8 bytes).
    Removing sc32f1xxx_pwm.o(i.PWM_GetDuty), (46 bytes).
    Removing sc32f1xxx_pwm.o(i.PWM_GetFlagStatus), (20 bytes).
    Removing sc32f1xxx_pwm.o(i.PWM_GetPrescaler), (10 bytes).
    Removing sc32f1xxx_pwm.o(i.PWM_RisingDeadTimeConfig), (18 bytes).
    Removing sc32f1xxx_pwm.o(i.PWM_SetCycle), (4 bytes).
    Removing sc32f1xxx_pwm.o(i.PWM_SetPrescaler), (20 bytes).
    Removing sc32f1xxx_pwm.o(i.PWM_StructInit), (16 bytes).
    Removing sc32f1xxx_twi.o(.rev16_text), (4 bytes).
    Removing sc32f1xxx_twi.o(.revsh_text), (4 bytes).
    Removing sc32f1xxx_twi.o(i.TWI_AcknowledgeConfig), (28 bytes).
    Removing sc32f1xxx_twi.o(i.TWI_ClearFlag), (8 bytes).
    Removing sc32f1xxx_twi.o(i.TWI_DeInit), (60 bytes).
    Removing sc32f1xxx_twi.o(i.TWI_GeneralCallCmd), (28 bytes).
    Removing sc32f1xxx_twi.o(i.TWI_GenerateSTART), (28 bytes).
    Removing sc32f1xxx_twi.o(i.TWI_GenerateSTOP), (28 bytes).
    Removing sc32f1xxx_twi.o(i.TWI_GetFlagStatus), (20 bytes).
    Removing sc32f1xxx_twi.o(i.TWI_GetNbytes), (10 bytes).
    Removing sc32f1xxx_twi.o(i.TWI_GetStateMachine), (12 bytes).
    Removing sc32f1xxx_twi.o(i.TWI_ReceiveData), (8 bytes).
    Removing sc32f1xxx_twi.o(i.TWI_Send7bitAddress), (22 bytes).
    Removing sc32f1xxx_twi.o(i.TWI_SendData), (4 bytes).
    Removing sc32f1xxx_twi.o(i.TWI_SetNbytes), (6 bytes).
    Removing sc32f1xxx_twi.o(i.TWI_StretchClockConfig), (28 bytes).
    Removing sc32f1xxx_twi.o(i.TWI_StructInit), (16 bytes).
    Removing sc32f1xxx_option.o(.rev16_text), (4 bytes).
    Removing sc32f1xxx_option.o(.revsh_text), (4 bytes).
    Removing sc32f1xxx_option.o(i.OPTION_IAPPORA), (24 bytes).
    Removing sc32f1xxx_option.o(i.OPTION_IAPPORB), (24 bytes).
    Removing sc32f1xxx_option.o(i.OPTION_JTAGCmd), (44 bytes).
    Removing sc32f1xxx_option.o(i.OPTION_LVRConfig), (32 bytes).
    Removing sc32f1xxx_option.o(i.OPTION_WDTCmd), (40 bytes).
    Removing sc32f1xxx_rcc.o(.rev16_text), (4 bytes).
    Removing sc32f1xxx_rcc.o(.revsh_text), (4 bytes).
    Removing sc32f1xxx_rcc.o(i.RCC_AHBPeriphClockCmd), (32 bytes).
    Removing sc32f1xxx_rcc.o(i.RCC_AHBPeriphResetCmd), (32 bytes).
    Removing sc32f1xxx_rcc.o(i.RCC_APB0PeriphResetCmd), (32 bytes).
    Removing sc32f1xxx_rcc.o(i.RCC_APB1Cmd), (40 bytes).
    Removing sc32f1xxx_rcc.o(i.RCC_APB1Config), (28 bytes).
    Removing sc32f1xxx_rcc.o(i.RCC_APB1PeriphClockCmd), (32 bytes).
    Removing sc32f1xxx_rcc.o(i.RCC_APB1PeriphResetCmd), (32 bytes).
    Removing sc32f1xxx_rcc.o(i.RCC_APB2PeriphClockCmd), (32 bytes).
    Removing sc32f1xxx_rcc.o(i.RCC_APB2PeriphResetCmd), (32 bytes).
    Removing sc32f1xxx_rcc.o(i.RCC_BTMCLKConfig), (36 bytes).
    Removing sc32f1xxx_rcc.o(i.RCC_DeInit), (28 bytes).
    Removing sc32f1xxx_rcc.o(i.RCC_GetClocksFreq), (236 bytes).
    Removing sc32f1xxx_rcc.o(i.RCC_GetFlagStatus), (24 bytes).
    Removing sc32f1xxx_rcc.o(i.RCC_GetSYSCLKSource), (36 bytes).
    Removing sc32f1xxx_rcc.o(i.RCC_LCDLEDCLKConfig), (36 bytes).
    Removing sc32f1xxx_rcc.o(i.RCC_NMICmd), (44 bytes).
    Removing sc32f1xxx_rcc.o(i.RCC_PLLCmd), (48 bytes).
    Removing sc32f1xxx_rcc.o(i.RCC_PLLConfig), (56 bytes).
    Removing sc32f1xxx_rcc.o(i.RCC_PLLRCmd), (48 bytes).
    Removing sc32f1xxx_rcc.o(i.RCC_SystickGetFlagStatus), (28 bytes).
    Removing sc32f1xxx_rcc.o(i.RCC_WaitConfig), (40 bytes).
    Removing sc32f1xxx_gpio.o(.rev16_text), (4 bytes).
    Removing sc32f1xxx_gpio.o(.revsh_text), (4 bytes).
    Removing sc32f1xxx_gpio.o(i.GPIO_DeInit), (32 bytes).
    Removing sc32f1xxx_gpio.o(i.GPIO_ReadData), (8 bytes).
    Removing sc32f1xxx_gpio.o(i.GPIO_ReadDataBit), (18 bytes).
    Removing sc32f1xxx_gpio.o(i.GPIO_SetBits), (34 bytes).
    Removing sc32f1xxx_gpio.o(i.GPIO_SetDriveLevel), (54 bytes).
    Removing sc32f1xxx_gpio.o(i.GPIO_TogglePins), (44 bytes).
    Removing sc32f1xxx_gpio.o(i.GPIO_Write), (4 bytes).
    Removing sc32f1xxx_gpio.o(i.GPIO_WriteBit), (20 bytes).
    Removing startup_sc32f10xx.o(HEAP), (512 bytes).
    Removing buzzer.o(.rev16_text), (4 bytes).
    Removing buzzer.o(.revsh_text), (4 bytes).
    Removing buzzer.o(i.Buzzer_Play), (400 bytes).
    Removing buzzer.o(i.PWM_SetHz), (72 bytes).
    Removing buzzer.o(i.test_Buzz), (140 bytes).
    Removing buzzer.o(.constdata), (5842 bytes).
    Removing buzzer.o(.data), (4 bytes).
    Removing tkdriver.o(.rev16_text), (4 bytes).
    Removing tkdriver.o(.revsh_text), (4 bytes).
    Removing tkdriver.o(i.TK_GetBaselineUpdateThreshold), (12 bytes).
    Removing tkdriver.o(i.TK_GetCsFunction), (4 bytes).
    Removing tkdriver.o(i.TK_GetTKYzCnt), (20 bytes).
    Removing tkdriver.o(i.TK_GetTKYzThreshold), (26 bytes).
    Removing tkdriver.o(i.TK_GetUpConfirmCnt), (12 bytes).
    Removing tkdriver.o(i.TK_IsDoubleKeyOrSlideKey), (12 bytes).
    Removing tkdriver.o(i.TK_SetOneKeyPushResetTime), (12 bytes).
    Removing tkdriver.o(i.TK_TouchKeyScan), (408 bytes).
    Removing adc_iap.o(.rev16_text), (4 bytes).
    Removing adc_iap.o(.revsh_text), (4 bytes).
    Removing adc_iap.o(i.checkPowerLoss), (48 bytes).
    Removing adc_iap.o(i.eraseFlashPage), (18 bytes).
    Removing adc_iap.o(i.initIAP), (24 bytes).
    Removing adc_iap.o(i.loadAlarmSettings), (32 bytes).
    Removing adc_iap.o(i.readFlash), (28 bytes).
    Removing adc_iap.o(i.saveAlarmSettings), (36 bytes).
    Removing adc_iap.o(i.setAlarm), (2 bytes).
    Removing adc_iap.o(i.writeFlash), (28 bytes).
    Removing adc_iap.o(.constdata), (3 bytes).
    Removing sc32f10xx_tk_functionresource.o(.rev16_text), (4 bytes).
    Removing sc32f10xx_tk_functionresource.o(.revsh_text), (4 bytes).
    Removing sc32f10xx_tk_functionresource.o(i.TKSlideModuleCHIs), (108 bytes).
    Removing sc32f10xx_tk_functionresource.o(i.TKSlideModuleSensorRenovate), (852 bytes).
    Removing sc32f10xx_tk_functionresource.o(i.TK_BaseLineUpdataSW), (420 bytes).
    Removing sc32f10xx_tk_functionresource.o(i.TK_GetIsNeedUpdateBaseline), (12 bytes).
    Removing sc32f10xx_tk_functionresource.o(i.TK_MultipleDeal), (344 bytes).
    Removing sc32f10xx_tk_functionresource.o(i.TK_Restart), (20 bytes).
    Removing sc32f10xx_tk_functionresource.o(i.TK_SensorKeyFlag), (112 bytes).
    Removing sc32f10xx_tk_functionresource.o(i.TK_SensorRenovate), (1060 bytes).
    Removing sc32f10xx_tk_functionresource.o(i.TK_SetNeedUpdateBaseline), (12 bytes).
    Removing fadd.o(.text), (178 bytes).
    Removing fmul.o(.text), (122 bytes).
    Removing fdiv.o(.text), (124 bytes).
    Removing dadd.o(.text), (360 bytes).
    Removing fflti.o(.text), (22 bytes).
    Removing ffltui.o(.text), (14 bytes).
    Removing dflti.o(.text), (40 bytes).
    Removing ffixi.o(.text), (50 bytes).
    Removing ffixui.o(.text), (40 bytes).
    Removing dfixui.o(.text), (60 bytes).
    Removing f2d.o(.text), (40 bytes).
    Removing cdcmple.o(.text), (40 bytes).
    Removing cfcmple.o(.text), (20 bytes).
    Removing cfrcmple.o(.text), (20 bytes).

230 unused section(s) (total 14417 bytes) removed from the image.

==============================================================================

Image Symbol Table

    Local Symbols

    Symbol Name                              Value     Ov Type        Size  Object(Section)

    ../clib/microlib/division.c              0x00000000   Number         0  idiv.o ABSOLUTE
    ../clib/microlib/division.c              0x00000000   Number         0  uidiv.o ABSOLUTE
    ../clib/microlib/init/entry.s            0x00000000   Number         0  entry2.o ABSOLUTE
    ../clib/microlib/init/entry.s            0x00000000   Number         0  entry9a.o ABSOLUTE
    ../clib/microlib/init/entry.s            0x00000000   Number         0  entry11a.o ABSOLUTE
    ../clib/microlib/init/entry.s            0x00000000   Number         0  entry5.o ABSOLUTE
    ../clib/microlib/init/entry.s            0x00000000   Number         0  entry8a.o ABSOLUTE
    ../clib/microlib/init/entry.s            0x00000000   Number         0  entry10b.o ABSOLUTE
    ../clib/microlib/init/entry.s            0x00000000   Number         0  entry9b.o ABSOLUTE
    ../clib/microlib/init/entry.s            0x00000000   Number         0  entry12b.o ABSOLUTE
    ../clib/microlib/init/entry.s            0x00000000   Number         0  entry12a.o ABSOLUTE
    ../clib/microlib/init/entry.s            0x00000000   Number         0  entry7b.o ABSOLUTE
    ../clib/microlib/init/entry.s            0x00000000   Number         0  entry.o ABSOLUTE
    ../clib/microlib/init/entry.s            0x00000000   Number         0  entry11b.o ABSOLUTE
    ../clib/microlib/init/entry.s            0x00000000   Number         0  entry10a.o ABSOLUTE
    ../clib/microlib/init/entry.s            0x00000000   Number         0  entry8b.o ABSOLUTE
    ../clib/microlib/init/entry.s            0x00000000   Number         0  entry7a.o ABSOLUTE
    ../clib/microlib/longlong.c              0x00000000   Number         0  llushr.o ABSOLUTE
    ../clib/microlib/longlong.c              0x00000000   Number         0  llsshr.o ABSOLUTE
    ../clib/microlib/longlong.c              0x00000000   Number         0  llshl.o ABSOLUTE
    ../clib/microlib/stubs.s                 0x00000000   Number         0  iusefp.o ABSOLUTE
    ../fplib/microlib/d2f.c                  0x00000000   Number         0  d2f.o ABSOLUTE
    ../fplib/microlib/f2d.c                  0x00000000   Number         0  f2d.o ABSOLUTE
    ../fplib/microlib/fpadd.c                0x00000000   Number         0  dadd.o ABSOLUTE
    ../fplib/microlib/fpadd.c                0x00000000   Number         0  fadd.o ABSOLUTE
    ../fplib/microlib/fpdiv.c                0x00000000   Number         0  fdiv.o ABSOLUTE
    ../fplib/microlib/fpdiv.c                0x00000000   Number         0  ddiv.o ABSOLUTE
    ../fplib/microlib/fpepilogue.c           0x00000000   Number         0  depilogue.o ABSOLUTE
    ../fplib/microlib/fpepilogue.c           0x00000000   Number         0  fepilogue.o ABSOLUTE
    ../fplib/microlib/fpfix.c                0x00000000   Number         0  ffixi.o ABSOLUTE
    ../fplib/microlib/fpfix.c                0x00000000   Number         0  dfixui.o ABSOLUTE
    ../fplib/microlib/fpfix.c                0x00000000   Number         0  ffixui.o ABSOLUTE
    ../fplib/microlib/fpflt.c                0x00000000   Number         0  dflti.o ABSOLUTE
    ../fplib/microlib/fpflt.c                0x00000000   Number         0  fflti.o ABSOLUTE
    ../fplib/microlib/fpflt.c                0x00000000   Number         0  dfltui.o ABSOLUTE
    ../fplib/microlib/fpflt.c                0x00000000   Number         0  ffltui.o ABSOLUTE
    ../fplib/microlib/fpmul.c                0x00000000   Number         0  dmul.o ABSOLUTE
    ../fplib/microlib/fpmul.c                0x00000000   Number         0  fmul.o ABSOLUTE
    ..\ADC_IAP\Src\ADC_IAP.c                 0x00000000   Number         0  adc_iap.o ABSOLUTE
    ..\Apps\IAP_Program.C                    0x00000000   Number         0  iap_program.o ABSOLUTE
    ..\Buzz\Src\Buzzer.c                     0x00000000   Number         0  buzzer.o ABSOLUTE
    ..\Drivers\TKDriver\C\TKDriver.C         0x00000000   Number         0  tkdriver.o ABSOLUTE
    ..\FWLib\SC32F1XXX_Lib\src\sc32f1xxx_adc.c 0x00000000   Number         0  sc32f1xxx_adc.o ABSOLUTE
    ..\FWLib\SC32F1XXX_Lib\src\sc32f1xxx_gpio.c 0x00000000   Number         0  sc32f1xxx_gpio.o ABSOLUTE
    ..\FWLib\SC32F1XXX_Lib\src\sc32f1xxx_iap.c 0x00000000   Number         0  sc32f1xxx_iap.o ABSOLUTE
    ..\FWLib\SC32F1XXX_Lib\src\sc32f1xxx_option.c 0x00000000   Number         0  sc32f1xxx_option.o ABSOLUTE
    ..\FWLib\SC32F1XXX_Lib\src\sc32f1xxx_pwm.c 0x00000000   Number         0  sc32f1xxx_pwm.o ABSOLUTE
    ..\FWLib\SC32F1XXX_Lib\src\sc32f1xxx_rcc.c 0x00000000   Number         0  sc32f1xxx_rcc.o ABSOLUTE
    ..\FWLib\SC32F1XXX_Lib\src\sc32f1xxx_tim.c 0x00000000   Number         0  sc32f1xxx_tim.o ABSOLUTE
    ..\FWLib\SC32F1XXX_Lib\src\sc32f1xxx_twi.c 0x00000000   Number         0  sc32f1xxx_twi.o ABSOLUTE
    ..\User\CallBackFunction.c               0x00000000   Number         0  callbackfunction.o ABSOLUTE
    ..\User\CompCtrlDefine.c                 0x00000000   Number         0  compctrldefine.o ABSOLUTE
    ..\User\Delay.c                          0x00000000   Number         0  delay.o ABSOLUTE
    ..\User\SC_Init.c                        0x00000000   Number         0  sc_init.o ABSOLUTE
    ..\User\SC_it.c                          0x00000000   Number         0  sc_it.o ABSOLUTE
    ..\User\SysFunVarDefine.c                0x00000000   Number         0  sysfunvardefine.o ABSOLUTE
    ..\User\main.c                           0x00000000   Number         0  main.o ABSOLUTE
    ..\User\system_sc32f1xxx.c               0x00000000   Number         0  system_sc32f1xxx.o ABSOLUTE
    ..\\ADC_IAP\\Src\\ADC_IAP.c              0x00000000   Number         0  adc_iap.o ABSOLUTE
    ..\\Apps\\IAP_Program.C                  0x00000000   Number         0  iap_program.o ABSOLUTE
    ..\\Buzz\\Src\\Buzzer.c                  0x00000000   Number         0  buzzer.o ABSOLUTE
    ..\\Drivers\\TKDriver\\C\\TKDriver.C     0x00000000   Number         0  tkdriver.o ABSOLUTE
    ..\\FWLib\\SC32F1XXX_Lib\\src\\sc32f1xxx_adc.c 0x00000000   Number         0  sc32f1xxx_adc.o ABSOLUTE
    ..\\FWLib\\SC32F1XXX_Lib\\src\\sc32f1xxx_gpio.c 0x00000000   Number         0  sc32f1xxx_gpio.o ABSOLUTE
    ..\\FWLib\\SC32F1XXX_Lib\\src\\sc32f1xxx_iap.c 0x00000000   Number         0  sc32f1xxx_iap.o ABSOLUTE
    ..\\FWLib\\SC32F1XXX_Lib\\src\\sc32f1xxx_option.c 0x00000000   Number         0  sc32f1xxx_option.o ABSOLUTE
    ..\\FWLib\\SC32F1XXX_Lib\\src\\sc32f1xxx_pwm.c 0x00000000   Number         0  sc32f1xxx_pwm.o ABSOLUTE
    ..\\FWLib\\SC32F1XXX_Lib\\src\\sc32f1xxx_rcc.c 0x00000000   Number         0  sc32f1xxx_rcc.o ABSOLUTE
    ..\\FWLib\\SC32F1XXX_Lib\\src\\sc32f1xxx_tim.c 0x00000000   Number         0  sc32f1xxx_tim.o ABSOLUTE
    ..\\FWLib\\SC32F1XXX_Lib\\src\\sc32f1xxx_twi.c 0x00000000   Number         0  sc32f1xxx_twi.o ABSOLUTE
    ..\\User\\CallBackFunction.c             0x00000000   Number         0  callbackfunction.o ABSOLUTE
    ..\\User\\CompCtrlDefine.c               0x00000000   Number         0  compctrldefine.o ABSOLUTE
    ..\\User\\SC_Init.c                      0x00000000   Number         0  sc_init.o ABSOLUTE
    ..\\User\\SC_it.c                        0x00000000   Number         0  sc_it.o ABSOLUTE
    ..\\User\\SysFunVarDefine.c              0x00000000   Number         0  sysfunvardefine.o ABSOLUTE
    ..\\User\\main.c                         0x00000000   Number         0  main.o ABSOLUTE
    ..\\User\\system_sc32f1xxx.c             0x00000000   Number         0  system_sc32f1xxx.o ABSOLUTE
    LIB\\sc32f10xx_TK_FunctionResource.c     0x00000000   Number         0  sc32f10xx_tk_functionresource.o ABSOLUTE
    LIB\sc32f10xx_TK_FunctionResource.c      0x00000000   Number         0  sc32f10xx_tk_functionresource.o ABSOLUTE
    cdcmple.s                                0x00000000   Number         0  cdcmple.o ABSOLUTE
    cfcmple.s                                0x00000000   Number         0  cfcmple.o ABSOLUTE
    cfrcmple.s                               0x00000000   Number         0  cfrcmple.o ABSOLUTE
    dc.s                                     0x00000000   Number         0  dc.o ABSOLUTE
    handlers.s                               0x00000000   Number         0  handlers.o ABSOLUTE
    init.s                                   0x00000000   Number         0  init.o ABSOLUTE
    startup_sc32f10xx.s                      0x00000000   Number         0  startup_sc32f10xx.o ABSOLUTE
    RESET                                    0x08000000   Section      192  startup_sc32f10xx.o(RESET)
    .ARM.Collect$$$$00000000                 0x080000c0   Section        0  entry.o(.ARM.Collect$$$$00000000)
    .ARM.Collect$$$$00000001                 0x080000c0   Section        4  entry2.o(.ARM.Collect$$$$00000001)
    .ARM.Collect$$$$00000004                 0x080000c4   Section        4  entry5.o(.ARM.Collect$$$$00000004)
    .ARM.Collect$$$$00000008                 0x080000c8   Section        0  entry7b.o(.ARM.Collect$$$$00000008)
    .ARM.Collect$$$$0000000A                 0x080000c8   Section        0  entry8b.o(.ARM.Collect$$$$0000000A)
    .ARM.Collect$$$$0000000B                 0x080000c8   Section        8  entry9a.o(.ARM.Collect$$$$0000000B)
    .ARM.Collect$$$$0000000E                 0x080000d0   Section        4  entry12b.o(.ARM.Collect$$$$0000000E)
    .ARM.Collect$$$$0000000F                 0x080000d4   Section        0  entry10a.o(.ARM.Collect$$$$0000000F)
    .ARM.Collect$$$$00000011                 0x080000d4   Section        0  entry11a.o(.ARM.Collect$$$$00000011)
    .ARM.Collect$$$$00002712                 0x080000d4   Section        4  entry2.o(.ARM.Collect$$$$00002712)
    __lit__00000000                          0x080000d4   Data           4  entry2.o(.ARM.Collect$$$$00002712)
    .text                                    0x080000d8   Section      104  startup_sc32f10xx.o(.text)
    .text                                    0x08000140   Section        0  uidiv.o(.text)
    .text                                    0x0800016c   Section        0  idiv.o(.text)
    .text                                    0x08000194   Section        0  dmul.o(.text)
    .text                                    0x08000264   Section        0  ddiv.o(.text)
    .text                                    0x08000354   Section        0  dfltui.o(.text)
    .text                                    0x08000370   Section        0  d2f.o(.text)
    .text                                    0x080003a8   Section        0  llshl.o(.text)
    .text                                    0x080003c8   Section        0  llushr.o(.text)
    .text                                    0x080003ea   Section        0  fepilogue.o(.text)
    .text                                    0x080003ea   Section        0  iusefp.o(.text)
    .text                                    0x0800046c   Section        0  depilogue.o(.text)
    .text                                    0x0800052c   Section       36  init.o(.text)
    i.ADC_ClearFlag                          0x08000550   Section        0  sc32f1xxx_adc.o(i.ADC_ClearFlag)
    i.ADC_Cmd                                0x08000554   Section        0  sc32f1xxx_adc.o(i.ADC_Cmd)
    i.ADC_DMACmd                             0x08000570   Section        0  sc32f1xxx_adc.o(i.ADC_DMACmd)
    i.ADC_GetChannel                         0x0800058c   Section        0  sc32f1xxx_adc.o(i.ADC_GetChannel)
    i.ADC_GetConversionValue                 0x08000596   Section        0  sc32f1xxx_adc.o(i.ADC_GetConversionValue)
    i.ADC_GetFlagStatus                      0x0800059e   Section        0  sc32f1xxx_adc.o(i.ADC_GetFlagStatus)
    i.ADC_IRQHandler                         0x080005b4   Section        0  sc_it.o(i.ADC_IRQHandler)
    i.ADC_ITConfig                           0x080005c4   Section        0  sc32f1xxx_adc.o(i.ADC_ITConfig)
    i.ADC_Init                               0x080005d8   Section        0  sc32f1xxx_adc.o(i.ADC_Init)
    i.ADC_SetChannel                         0x080005f8   Section        0  sc32f1xxx_adc.o(i.ADC_SetChannel)
    i.ADC_SoftwareStartConv                  0x0800060a   Section        0  sc32f1xxx_adc.o(i.ADC_SoftwareStartConv)
    i.BTM_IRQHandler                         0x08000614   Section        0  sc_it.o(i.BTM_IRQHandler)
    i.Buzzer_SetVolume                       0x08000618   Section        0  buzzer.o(i.Buzzer_SetVolume)
    i.CMP_IRQHandler                         0x0800062c   Section        0  sc_it.o(i.CMP_IRQHandler)
    i.DMA0_IRQHandler                        0x0800062e   Section        0  sc_it.o(i.DMA0_IRQHandler)
    i.DMA1_IRQHandler                        0x08000630   Section        0  sc_it.o(i.DMA1_IRQHandler)
    i.DMA2_IRQHandler                        0x08000632   Section        0  sc_it.o(i.DMA2_IRQHandler)
    i.DMA3_IRQHandler                        0x08000634   Section        0  sc_it.o(i.DMA3_IRQHandler)
    i.GPIO_Init                              0x08000636   Section        0  sc32f1xxx_gpio.o(i.GPIO_Init)
    i.GPIO_ResetBits                         0x080006a6   Section        0  sc32f1xxx_gpio.o(i.GPIO_ResetBits)
    i.IAP_EraseSector                        0x080006c8   Section        0  sc32f1xxx_iap.o(i.IAP_EraseSector)
    i.IAP_Lock                               0x080006f8   Section        0  sc32f1xxx_iap.o(i.IAP_Lock)
    i.IAP_Program                            0x08000708   Section        0  iap_program.o(i.IAP_Program)
    i.IAP_ProgramByte                        0x08000820   Section        0  sc32f1xxx_iap.o(i.IAP_ProgramByte)
    i.IAP_ProgramByteArray                   0x08000832   Section        0  sc32f1xxx_iap.o(i.IAP_ProgramByteArray)
    i.IAP_ProgramHalfWord                    0x08000858   Section        0  sc32f1xxx_iap.o(i.IAP_ProgramHalfWord)
    i.IAP_ProgramHalfWordArray               0x0800086a   Section        0  sc32f1xxx_iap.o(i.IAP_ProgramHalfWordArray)
    i.IAP_ProgramWord                        0x0800089c   Section        0  sc32f1xxx_iap.o(i.IAP_ProgramWord)
    i.IAP_ProgramWordArray                   0x080008ae   Section        0  sc32f1xxx_iap.o(i.IAP_ProgramWordArray)
    i.IAP_ReadByte                           0x080008e0   Section        0  sc32f1xxx_iap.o(i.IAP_ReadByte)
    i.IAP_ReadByteArray                      0x080008e6   Section        0  sc32f1xxx_iap.o(i.IAP_ReadByteArray)
    i.IAP_ReadHalfWord                       0x08000900   Section        0  sc32f1xxx_iap.o(i.IAP_ReadHalfWord)
    i.IAP_ReadHalfWordArray                  0x08000906   Section        0  sc32f1xxx_iap.o(i.IAP_ReadHalfWordArray)
    i.IAP_ReadWord                           0x0800092a   Section        0  sc32f1xxx_iap.o(i.IAP_ReadWord)
    i.IAP_ReadWordArray                      0x08000930   Section        0  sc32f1xxx_iap.o(i.IAP_ReadWordArray)
    i.IAP_Unlock                             0x08000954   Section        0  sc32f1xxx_iap.o(i.IAP_Unlock)
    i.IAP_WriteCmd                           0x08000988   Section        0  sc32f1xxx_iap.o(i.IAP_WriteCmd)
    i.INT0_IRQHandler                        0x080009ac   Section        0  sc_it.o(i.INT0_IRQHandler)
    i.INT12_15_IRQHandler                    0x080009ae   Section        0  sc_it.o(i.INT12_15_IRQHandler)
    i.INT1_7_IRQHandler                      0x080009b0   Section        0  sc_it.o(i.INT1_7_IRQHandler)
    i.INT8_11_IRQHandler                     0x080009b2   Section        0  sc_it.o(i.INT8_11_IRQHandler)
    i.IcResourceInit                         0x080009b4   Section        0  compctrldefine.o(i.IcResourceInit)
    i.LEDPWM_IRQHandler                      0x080009bc   Section        0  sc_it.o(i.LEDPWM_IRQHandler)
    i.PWM0_IRQHandler                        0x080009c0   Section        0  sc_it.o(i.PWM0_IRQHandler)
    i.PWM_ClearFlag                          0x080009d0   Section        0  sc32f1xxx_pwm.o(i.PWM_ClearFlag)
    i.PWM_Cmd                                0x080009d4   Section        0  sc32f1xxx_pwm.o(i.PWM_Cmd)
    i.PWM_FDCmd                              0x080009f0   Section        0  sc32f1xxx_pwm.o(i.PWM_FDCmd)
    i.PWM_FDInit                             0x08000a0c   Section        0  sc32f1xxx_pwm.o(i.PWM_FDInit)
    i.PWM_ITConfig                           0x08000a26   Section        0  sc32f1xxx_pwm.o(i.PWM_ITConfig)
    i.PWM_Init                               0x08000a40   Section        0  sc32f1xxx_pwm.o(i.PWM_Init)
    i.PWM_SetDuty                            0x08000a68   Section        0  sc32f1xxx_pwm.o(i.PWM_SetDuty)
    i.RCC_APB0Cmd                            0x08000a90   Section        0  sc32f1xxx_rcc.o(i.RCC_APB0Cmd)
    i.RCC_APB0Config                         0x08000ab8   Section        0  sc32f1xxx_rcc.o(i.RCC_APB0Config)
    i.RCC_APB0PeriphClockCmd                 0x08000ad4   Section        0  sc32f1xxx_rcc.o(i.RCC_APB0PeriphClockCmd)
    i.RCC_APB2Cmd                            0x08000af4   Section        0  sc32f1xxx_rcc.o(i.RCC_APB2Cmd)
    i.RCC_APB2Config                         0x08000b1c   Section        0  sc32f1xxx_rcc.o(i.RCC_APB2Config)
    i.RCC_HCLKConfig                         0x08000b38   Section        0  sc32f1xxx_rcc.o(i.RCC_HCLKConfig)
    i.RCC_HIRCCmd                            0x08000b54   Section        0  sc32f1xxx_rcc.o(i.RCC_HIRCCmd)
    i.RCC_HXTCmd                             0x08000b84   Section        0  sc32f1xxx_rcc.o(i.RCC_HXTCmd)
    i.RCC_IRQHandler                         0x08000bb4   Section        0  sc_it.o(i.RCC_IRQHandler)
    i.RCC_ITConfig                           0x08000bb8   Section        0  sc32f1xxx_rcc.o(i.RCC_ITConfig)
    i.RCC_LIRCCmd                            0x08000bec   Section        0  sc32f1xxx_rcc.o(i.RCC_LIRCCmd)
    i.RCC_LXTCmd                             0x08000c1c   Section        0  sc32f1xxx_rcc.o(i.RCC_LXTCmd)
    i.RCC_SYSCLKConfig                       0x08000c4c   Section        0  sc32f1xxx_rcc.o(i.RCC_SYSCLKConfig)
    i.RCC_SystickCLKConfig                   0x08000d24   Section        0  sc32f1xxx_rcc.o(i.RCC_SystickCLKConfig)
    i.RCC_SystickCmd                         0x08000d6c   Section        0  sc32f1xxx_rcc.o(i.RCC_SystickCmd)
    i.RCC_SystickSetCounter                  0x08000d90   Section        0  sc32f1xxx_rcc.o(i.RCC_SystickSetCounter)
    i.RCC_Unlock                             0x08000dac   Section        0  sc32f1xxx_rcc.o(i.RCC_Unlock)
    i.SC_ADC_Init                            0x08000dc4   Section        0  sc_init.o(i.SC_ADC_Init)
    i.SC_GPIO_Init                           0x08000e1c   Section        0  sc_init.o(i.SC_GPIO_Init)
    i.SC_IAP_Init                            0x08000f6c   Section        0  sc_init.o(i.SC_IAP_Init)
    i.SC_Init                                0x08000f6e   Section        0  sc_init.o(i.SC_Init)
    i.SC_OPTION_Init                         0x08000f9c   Section        0  sc_init.o(i.SC_OPTION_Init)
    i.SC_PWM0_Init                           0x08000fc0   Section        0  sc_init.o(i.SC_PWM0_Init)
    i.SC_RCC_Init                            0x08001080   Section        0  sc_init.o(i.SC_RCC_Init)
    i.SC_SYSTICK_Init                        0x080010d0   Section        0  sc_init.o(i.SC_SYSTICK_Init)
    i.SC_TIM1_Init                           0x080010f8   Section        0  sc_init.o(i.SC_TIM1_Init)
    i.SC_TIM2_Init                           0x08001190   Section        0  sc_init.o(i.SC_TIM2_Init)
    i.SC_TWI0_Init                           0x08001234   Section        0  sc_init.o(i.SC_TWI0_Init)
    i.SPI0_IRQHandler                        0x080012d8   Section        0  sc_it.o(i.SPI0_IRQHandler)
    i.SPI1_IRQHandler                        0x080012da   Section        0  sc_it.o(i.SPI1_IRQHandler)
    i.SysTick_IRQHandler                     0x080012dc   Section        0  sc_it.o(i.SysTick_IRQHandler)
    i.SystemInit                             0x080012e0   Section        0  system_sc32f1xxx.o(i.SystemInit)
    i.TIMER0_IRQHandler                      0x080012f0   Section        0  sc_it.o(i.TIMER0_IRQHandler)
    i.TIMER1_IRQHandler                      0x080012f4   Section        0  sc_it.o(i.TIMER1_IRQHandler)
    i.TIMER2_IRQHandler                      0x08001304   Section        0  sc_it.o(i.TIMER2_IRQHandler)
    i.TIMER3_IRQHandler                      0x08001306   Section        0  sc_it.o(i.TIMER3_IRQHandler)
    i.TIMER4_5_IRQHandler                    0x08001308   Section        0  sc_it.o(i.TIMER4_5_IRQHandler)
    i.TIMER6_7_IRQHandler                    0x0800130a   Section        0  sc_it.o(i.TIMER6_7_IRQHandler)
    i.TIM_ClearFlag                          0x0800130c   Section        0  sc32f1xxx_tim.o(i.TIM_ClearFlag)
    i.TIM_Cmd                                0x08001310   Section        0  sc32f1xxx_tim.o(i.TIM_Cmd)
    i.TIM_DMACmd                             0x0800132c   Section        0  sc32f1xxx_tim.o(i.TIM_DMACmd)
    i.TIM_ICCmd                              0x08001348   Section        0  sc32f1xxx_tim.o(i.TIM_ICCmd)
    i.TIM_ICInit                             0x08001364   Section        0  sc32f1xxx_tim.o(i.TIM_ICInit)
    i.TIM_ITConfig                           0x080013ac   Section        0  sc32f1xxx_tim.o(i.TIM_ITConfig)
    i.TIM_PWMInit                            0x080013c8   Section        0  sc32f1xxx_tim.o(i.TIM_PWMInit)
    i.TIM_PWMSetDuty                         0x0800142c   Section        0  sc32f1xxx_tim.o(i.TIM_PWMSetDuty)
    i.TIM_PinRemapConfig                     0x08001458   Section        0  sc32f1xxx_tim.o(i.TIM_PinRemapConfig)
    i.TIM_TIMBaseInit                        0x08001474   Section        0  sc32f1xxx_tim.o(i.TIM_TIMBaseInit)
    i.TK_FilterAvergeDeal                    0x0800149c   Section        0  sc32f10xx_tk_functionresource.o(i.TK_FilterAvergeDeal)
    i.TK_FilterCommCode                      0x08001518   Section        0  sc32f10xx_tk_functionresource.o(i.TK_FilterCommCode)
    i.TK_FilterDataDeal                      0x0800156c   Section        0  sc32f10xx_tk_functionresource.o(i.TK_FilterDataDeal)
    i.TK_FilterIIRInit                       0x0800162c   Section        0  sc32f10xx_tk_functionresource.o(i.TK_FilterIIRInit)
    i.TK_GetBaseLineAdjustValue              0x08001658   Section        0  tkdriver.o(i.TK_GetBaseLineAdjustValue)
    i.TK_GetCfgMsg                           0x08001664   Section        0  tkdriver.o(i.TK_GetCfgMsg)
    i.TK_GetCurrFingerValue                  0x080016d0   Section        0  tkdriver.o(i.TK_GetCurrFingerValue)
    i.TK_GetInitAutoUpdateTime               0x080016f4   Section        0  tkdriver.o(i.TK_GetInitAutoUpdateTime)
    i.TK_GetScanTimeValue                    0x08001700   Section        0  tkdriver.o(i.TK_GetScanTimeValue)
    i.TK_IRQHandler                          0x08001714   Section        0  tkdriver.o(i.TK_IRQHandler)
    i.TK_Init                                0x0800171c   Section        0  sc32f10xx_tk_functionresource.o(i.TK_Init)
    i.TK_InitializeBaselines                 0x08001890   Section        0  sc32f10xx_tk_functionresource.o(i.TK_InitializeBaselines)
    i.TK_InitializeSensorFlag                0x080018bc   Section        0  sc32f10xx_tk_functionresource.o(i.TK_InitializeSensorFlag)
    i.TK_SingleChannel_ICHAAdjust            0x08001924   Section        0  sc32f10xx_tk_functionresource.o(i.TK_SingleChannel_ICHAAdjust)
    i.TK_SingleCurrentSensorChoose           0x080019b0   Section        0  tkdriver.o(i.TK_SingleCurrentSensorChoose)
    i.TK_TouchKeyCFGInit                     0x08001a4c   Section        0  tkdriver.o(i.TK_TouchKeyCFGInit)
    i.TK_TouchKey_Service                    0x08001ad0   Section        0  sc32f10xx_tk_functionresource.o(i.TK_TouchKey_Service)
    i.TWI0_IRQHandler                        0x08001c18   Section        0  sc_it.o(i.TWI0_IRQHandler)
    i.TWI1_IRQHandler                        0x08001c1a   Section        0  sc_it.o(i.TWI1_IRQHandler)
    i.TWI_Cmd                                0x08001c1c   Section        0  sc32f1xxx_twi.o(i.TWI_Cmd)
    i.TWI_DMACmd                             0x08001c38   Section        0  sc32f1xxx_twi.o(i.TWI_DMACmd)
    i.TWI_ITConfig                           0x08001c52   Section        0  sc32f1xxx_twi.o(i.TWI_ITConfig)
    i.TWI_Init                               0x08001c6c   Section        0  sc32f1xxx_twi.o(i.TWI_Init)
    i.TWI_PinRemapConfig                     0x08001ca0   Section        0  sc32f1xxx_twi.o(i.TWI_PinRemapConfig)
    i.UART0_2_IRQHandler                     0x08001cc8   Section        0  sc_it.o(i.UART0_2_IRQHandler)
    i.UART1_3_IRQHandler                     0x08001cca   Section        0  sc_it.o(i.UART1_3_IRQHandler)
    i.Usdelay                                0x08001ccc   Section        0  sc32f10xx_tk_functionresource.o(i.Usdelay)
    i.__ARM_clz                              0x08001cdc   Section        0  depilogue.o(i.__ARM_clz)
    i.__ARM_common_switch8                   0x08001d0a   Section        0  main.o(i.__ARM_common_switch8)
    i.__NVIC_EnableIRQ                       0x08001d28   Section        0  sc_init.o(i.__NVIC_EnableIRQ)
    __NVIC_EnableIRQ                         0x08001d29   Thumb Code    18  sc_init.o(i.__NVIC_EnableIRQ)
    i.__NVIC_SetPriority                     0x08001d40   Section        0  sc_init.o(i.__NVIC_SetPriority)
    __NVIC_SetPriority                       0x08001d41   Thumb Code   110  sc_init.o(i.__NVIC_SetPriority)
    i.__scatterload_copy                     0x08001db8   Section       14  handlers.o(i.__scatterload_copy)
    i.__scatterload_null                     0x08001dc6   Section        2  handlers.o(i.__scatterload_null)
    i.__scatterload_zeroinit                 0x08001dc8   Section       14  handlers.o(i.__scatterload_zeroinit)
    i.adcToVoltage                           0x08001dd8   Section        0  adc_iap.o(i.adcToVoltage)
    i.main                                   0x08001e08   Section        0  main.o(i.main)
    i.readADC                                0x08001eb8   Section        0  adc_iap.o(i.readADC)
    .constdata                               0x08001ef0   Section       22  iap_program.o(.constdata)
    .constdata                               0x08001f08   Section      148  tkdriver.o(.constdata)
    .data                                    0x20000000   Section       12  main.o(.data)
    .data                                    0x2000000c   Section        1  iap_program.o(.data)
    IAP_Flag                                 0x2000000c   Data           1  iap_program.o(.data)
    .data                                    0x2000000e   Section      129  tkdriver.o(.data)
    .data                                    0x20000090   Section       25  sc32f10xx_tk_functionresource.o(.data)
    InitSensorCnt                            0x200000a8   Data           1  sc32f10xx_tk_functionresource.o(.data)
    .bss                                     0x200000ac   Section       64  tkdriver.o(.bss)
    STACK                                    0x200000f0   Section     1024  startup_sc32f10xx.o(STACK)

    Global Symbols

    Symbol Name                              Value     Ov Type        Size  Object(Section)

    BuildAttributes$$THM_ISAv3M$S$PE$A:L22$X:L11$S22$IEEE1$IW$USESV6$~STKCKD$USESV7$~SHL$OTIME$ROPI$EBA8$MICROLIB$REQ8$PRES8$EABIv2 0x00000000   Number         0  anon$$obj.o ABSOLUTE
    __ARM_use_no_argv                        0x00000000   Number         0  main.o ABSOLUTE
    __arm_fini_                               - Undefined Weak Reference
    __cpp_initialize__aeabi_                  - Undefined Weak Reference
    __cxa_finalize                            - Undefined Weak Reference
    __decompress                              - Undefined Weak Reference
    _clock_init                               - Undefined Weak Reference
    _microlib_exit                            - Undefined Weak Reference
    __Vectors_Size                           0x000000c0   Number         0  startup_sc32f10xx.o ABSOLUTE
    __Vectors                                0x08000000   Data           4  startup_sc32f10xx.o(RESET)
    __Vectors_End                            0x080000c0   Data           0  startup_sc32f10xx.o(RESET)
    __main                                   0x080000c1   Thumb Code     0  entry.o(.ARM.Collect$$$$00000000)
    _main_stk                                0x080000c1   Thumb Code     0  entry2.o(.ARM.Collect$$$$00000001)
    _main_scatterload                        0x080000c5   Thumb Code     0  entry5.o(.ARM.Collect$$$$00000004)
    __main_after_scatterload                 0x080000c9   Thumb Code     0  entry5.o(.ARM.Collect$$$$00000004)
    _main_clock                              0x080000c9   Thumb Code     0  entry7b.o(.ARM.Collect$$$$00000008)
    _main_cpp_init                           0x080000c9   Thumb Code     0  entry8b.o(.ARM.Collect$$$$0000000A)
    _main_init                               0x080000c9   Thumb Code     0  entry9a.o(.ARM.Collect$$$$0000000B)
    __rt_lib_shutdown_fini                   0x080000d1   Thumb Code     0  entry12b.o(.ARM.Collect$$$$0000000E)
    __rt_final_cpp                           0x080000d5   Thumb Code     0  entry10a.o(.ARM.Collect$$$$0000000F)
    __rt_final_exit                          0x080000d5   Thumb Code     0  entry11a.o(.ARM.Collect$$$$00000011)
    Reset_Handler                            0x080000d9   Thumb Code    38  startup_sc32f10xx.o(.text)
    NMI_Handler                              0x080000ff   Thumb Code     2  startup_sc32f10xx.o(.text)
    HardFault_Handler                        0x08000101   Thumb Code     2  startup_sc32f10xx.o(.text)
    MemManage_Handler                        0x08000103   Thumb Code     2  startup_sc32f10xx.o(.text)
    BusFault_Handler                         0x08000105   Thumb Code     2  startup_sc32f10xx.o(.text)
    UsageFault_Handler                       0x08000107   Thumb Code     2  startup_sc32f10xx.o(.text)
    SVC_Handler                              0x08000109   Thumb Code     2  startup_sc32f10xx.o(.text)
    DebugMon_Handler                         0x0800010b   Thumb Code     2  startup_sc32f10xx.o(.text)
    PendSV_Handler                           0x0800010d   Thumb Code     2  startup_sc32f10xx.o(.text)
    __aeabi_uidiv                            0x08000141   Thumb Code     0  uidiv.o(.text)
    __aeabi_uidivmod                         0x08000141   Thumb Code    44  uidiv.o(.text)
    __aeabi_idiv                             0x0800016d   Thumb Code     0  idiv.o(.text)
    __aeabi_idivmod                          0x0800016d   Thumb Code    40  idiv.o(.text)
    __aeabi_dmul                             0x08000195   Thumb Code   202  dmul.o(.text)
    __aeabi_ddiv                             0x08000265   Thumb Code   234  ddiv.o(.text)
    __aeabi_ui2d                             0x08000355   Thumb Code    24  dfltui.o(.text)
    __aeabi_d2f                              0x08000371   Thumb Code    56  d2f.o(.text)
    __aeabi_llsl                             0x080003a9   Thumb Code    32  llshl.o(.text)
    _ll_shift_l                              0x080003a9   Thumb Code     0  llshl.o(.text)
    __aeabi_llsr                             0x080003c9   Thumb Code    34  llushr.o(.text)
    _ll_ushift_r                             0x080003c9   Thumb Code     0  llushr.o(.text)
    __I$use$fp                               0x080003eb   Thumb Code     0  iusefp.o(.text)
    _float_round                             0x080003eb   Thumb Code    16  fepilogue.o(.text)
    _float_epilogue                          0x080003fb   Thumb Code   114  fepilogue.o(.text)
    _double_round                            0x0800046d   Thumb Code    26  depilogue.o(.text)
    _double_epilogue                         0x08000487   Thumb Code   164  depilogue.o(.text)
    __scatterload                            0x0800052d   Thumb Code    28  init.o(.text)
    __scatterload_rt2                        0x0800052d   Thumb Code     0  init.o(.text)
    ADC_ClearFlag                            0x08000551   Thumb Code     4  sc32f1xxx_adc.o(i.ADC_ClearFlag)
    ADC_Cmd                                  0x08000555   Thumb Code    28  sc32f1xxx_adc.o(i.ADC_Cmd)
    ADC_DMACmd                               0x08000571   Thumb Code    28  sc32f1xxx_adc.o(i.ADC_DMACmd)
    ADC_GetChannel                           0x0800058d   Thumb Code    10  sc32f1xxx_adc.o(i.ADC_GetChannel)
    ADC_GetConversionValue                   0x08000597   Thumb Code     8  sc32f1xxx_adc.o(i.ADC_GetConversionValue)
    ADC_GetFlagStatus                        0x0800059f   Thumb Code    20  sc32f1xxx_adc.o(i.ADC_GetFlagStatus)
    ADC_IRQHandler                           0x080005b5   Thumb Code    12  sc_it.o(i.ADC_IRQHandler)
    ADC_ITConfig                             0x080005c5   Thumb Code    20  sc32f1xxx_adc.o(i.ADC_ITConfig)
    ADC_Init                                 0x080005d9   Thumb Code    28  sc32f1xxx_adc.o(i.ADC_Init)
    ADC_SetChannel                           0x080005f9   Thumb Code    18  sc32f1xxx_adc.o(i.ADC_SetChannel)
    ADC_SoftwareStartConv                    0x0800060b   Thumb Code    10  sc32f1xxx_adc.o(i.ADC_SoftwareStartConv)
    BTM_IRQHandler                           0x08000615   Thumb Code     2  sc_it.o(i.BTM_IRQHandler)
    Buzzer_SetVolume                         0x08000619   Thumb Code    16  buzzer.o(i.Buzzer_SetVolume)
    CMP_IRQHandler                           0x0800062d   Thumb Code     2  sc_it.o(i.CMP_IRQHandler)
    DMA0_IRQHandler                          0x0800062f   Thumb Code     2  sc_it.o(i.DMA0_IRQHandler)
    DMA1_IRQHandler                          0x08000631   Thumb Code     2  sc_it.o(i.DMA1_IRQHandler)
    DMA2_IRQHandler                          0x08000633   Thumb Code     2  sc_it.o(i.DMA2_IRQHandler)
    DMA3_IRQHandler                          0x08000635   Thumb Code     2  sc_it.o(i.DMA3_IRQHandler)
    GPIO_Init                                0x08000637   Thumb Code   112  sc32f1xxx_gpio.o(i.GPIO_Init)
    GPIO_ResetBits                           0x080006a7   Thumb Code    34  sc32f1xxx_gpio.o(i.GPIO_ResetBits)
    IAP_EraseSector                          0x080006c9   Thumb Code    44  sc32f1xxx_iap.o(i.IAP_EraseSector)
    IAP_Lock                                 0x080006f9   Thumb Code    10  sc32f1xxx_iap.o(i.IAP_Lock)
    IAP_Program                              0x08000709   Thumb Code   252  iap_program.o(i.IAP_Program)
    IAP_ProgramByte                          0x08000821   Thumb Code    18  sc32f1xxx_iap.o(i.IAP_ProgramByte)
    IAP_ProgramByteArray                     0x08000833   Thumb Code    38  sc32f1xxx_iap.o(i.IAP_ProgramByteArray)
    IAP_ProgramHalfWord                      0x08000859   Thumb Code    18  sc32f1xxx_iap.o(i.IAP_ProgramHalfWord)
    IAP_ProgramHalfWordArray                 0x0800086b   Thumb Code    50  sc32f1xxx_iap.o(i.IAP_ProgramHalfWordArray)
    IAP_ProgramWord                          0x0800089d   Thumb Code    18  sc32f1xxx_iap.o(i.IAP_ProgramWord)
    IAP_ProgramWordArray                     0x080008af   Thumb Code    50  sc32f1xxx_iap.o(i.IAP_ProgramWordArray)
    IAP_ReadByte                             0x080008e1   Thumb Code     6  sc32f1xxx_iap.o(i.IAP_ReadByte)
    IAP_ReadByteArray                        0x080008e7   Thumb Code    26  sc32f1xxx_iap.o(i.IAP_ReadByteArray)
    IAP_ReadHalfWord                         0x08000901   Thumb Code     6  sc32f1xxx_iap.o(i.IAP_ReadHalfWord)
    IAP_ReadHalfWordArray                    0x08000907   Thumb Code    36  sc32f1xxx_iap.o(i.IAP_ReadHalfWordArray)
    IAP_ReadWord                             0x0800092b   Thumb Code     6  sc32f1xxx_iap.o(i.IAP_ReadWord)
    IAP_ReadWordArray                        0x08000931   Thumb Code    36  sc32f1xxx_iap.o(i.IAP_ReadWordArray)
    IAP_Unlock                               0x08000955   Thumb Code    38  sc32f1xxx_iap.o(i.IAP_Unlock)
    IAP_WriteCmd                             0x08000989   Thumb Code    32  sc32f1xxx_iap.o(i.IAP_WriteCmd)
    INT0_IRQHandler                          0x080009ad   Thumb Code     2  sc_it.o(i.INT0_IRQHandler)
    INT12_15_IRQHandler                      0x080009af   Thumb Code     2  sc_it.o(i.INT12_15_IRQHandler)
    INT1_7_IRQHandler                        0x080009b1   Thumb Code     2  sc_it.o(i.INT1_7_IRQHandler)
    INT8_11_IRQHandler                       0x080009b3   Thumb Code     2  sc_it.o(i.INT8_11_IRQHandler)
    IcResourceInit                           0x080009b5   Thumb Code     8  compctrldefine.o(i.IcResourceInit)
    LEDPWM_IRQHandler                        0x080009bd   Thumb Code     2  sc_it.o(i.LEDPWM_IRQHandler)
    PWM0_IRQHandler                          0x080009c1   Thumb Code    12  sc_it.o(i.PWM0_IRQHandler)
    PWM_ClearFlag                            0x080009d1   Thumb Code     4  sc32f1xxx_pwm.o(i.PWM_ClearFlag)
    PWM_Cmd                                  0x080009d5   Thumb Code    24  sc32f1xxx_pwm.o(i.PWM_Cmd)
    PWM_FDCmd                                0x080009f1   Thumb Code    24  sc32f1xxx_pwm.o(i.PWM_FDCmd)
    PWM_FDInit                               0x08000a0d   Thumb Code    26  sc32f1xxx_pwm.o(i.PWM_FDInit)
    PWM_ITConfig                             0x08000a27   Thumb Code    26  sc32f1xxx_pwm.o(i.PWM_ITConfig)
    PWM_Init                                 0x08000a41   Thumb Code    40  sc32f1xxx_pwm.o(i.PWM_Init)
    PWM_SetDuty                              0x08000a69   Thumb Code    38  sc32f1xxx_pwm.o(i.PWM_SetDuty)
    RCC_APB0Cmd                              0x08000a91   Thumb Code    36  sc32f1xxx_rcc.o(i.RCC_APB0Cmd)
    RCC_APB0Config                           0x08000ab9   Thumb Code    24  sc32f1xxx_rcc.o(i.RCC_APB0Config)
    RCC_APB0PeriphClockCmd                   0x08000ad5   Thumb Code    28  sc32f1xxx_rcc.o(i.RCC_APB0PeriphClockCmd)
    RCC_APB2Cmd                              0x08000af5   Thumb Code    36  sc32f1xxx_rcc.o(i.RCC_APB2Cmd)
    RCC_APB2Config                           0x08000b1d   Thumb Code    24  sc32f1xxx_rcc.o(i.RCC_APB2Config)
    RCC_HCLKConfig                           0x08000b39   Thumb Code    24  sc32f1xxx_rcc.o(i.RCC_HCLKConfig)
    RCC_HIRCCmd                              0x08000b55   Thumb Code    42  sc32f1xxx_rcc.o(i.RCC_HIRCCmd)
    RCC_HXTCmd                               0x08000b85   Thumb Code    42  sc32f1xxx_rcc.o(i.RCC_HXTCmd)
    RCC_IRQHandler                           0x08000bb5   Thumb Code     2  sc_it.o(i.RCC_IRQHandler)
    RCC_ITConfig                             0x08000bb9   Thumb Code    46  sc32f1xxx_rcc.o(i.RCC_ITConfig)
    RCC_LIRCCmd                              0x08000bed   Thumb Code    42  sc32f1xxx_rcc.o(i.RCC_LIRCCmd)
    RCC_LXTCmd                               0x08000c1d   Thumb Code    42  sc32f1xxx_rcc.o(i.RCC_LXTCmd)
    RCC_SYSCLKConfig                         0x08000c4d   Thumb Code   206  sc32f1xxx_rcc.o(i.RCC_SYSCLKConfig)
    RCC_SystickCLKConfig                     0x08000d25   Thumb Code    62  sc32f1xxx_rcc.o(i.RCC_SystickCLKConfig)
    RCC_SystickCmd                           0x08000d6d   Thumb Code    32  sc32f1xxx_rcc.o(i.RCC_SystickCmd)
    RCC_SystickSetCounter                    0x08000d91   Thumb Code    18  sc32f1xxx_rcc.o(i.RCC_SystickSetCounter)
    RCC_Unlock                               0x08000dad   Thumb Code    18  sc32f1xxx_rcc.o(i.RCC_Unlock)
    SC_ADC_Init                              0x08000dc5   Thumb Code    82  sc_init.o(i.SC_ADC_Init)
    SC_GPIO_Init                             0x08000e1d   Thumb Code   324  sc_init.o(i.SC_GPIO_Init)
    SC_IAP_Init                              0x08000f6d   Thumb Code     2  sc_init.o(i.SC_IAP_Init)
    SC_Init                                  0x08000f6f   Thumb Code    44  sc_init.o(i.SC_Init)
    SC_OPTION_Init                           0x08000f9d   Thumb Code    28  sc_init.o(i.SC_OPTION_Init)
    SC_PWM0_Init                             0x08000fc1   Thumb Code   186  sc_init.o(i.SC_PWM0_Init)
    SC_RCC_Init                              0x08001081   Thumb Code    76  sc_init.o(i.SC_RCC_Init)
    SC_SYSTICK_Init                          0x080010d1   Thumb Code    38  sc_init.o(i.SC_SYSTICK_Init)
    SC_TIM1_Init                             0x080010f9   Thumb Code   148  sc_init.o(i.SC_TIM1_Init)
    SC_TIM2_Init                             0x08001191   Thumb Code   156  sc_init.o(i.SC_TIM2_Init)
    SC_TWI0_Init                             0x08001235   Thumb Code   154  sc_init.o(i.SC_TWI0_Init)
    SPI0_IRQHandler                          0x080012d9   Thumb Code     2  sc_it.o(i.SPI0_IRQHandler)
    SPI1_IRQHandler                          0x080012db   Thumb Code     2  sc_it.o(i.SPI1_IRQHandler)
    SysTick_IRQHandler                       0x080012dd   Thumb Code     2  sc_it.o(i.SysTick_IRQHandler)
    SystemInit                               0x080012e1   Thumb Code    10  system_sc32f1xxx.o(i.SystemInit)
    TIMER0_IRQHandler                        0x080012f1   Thumb Code     2  sc_it.o(i.TIMER0_IRQHandler)
    TIMER1_IRQHandler                        0x080012f5   Thumb Code    12  sc_it.o(i.TIMER1_IRQHandler)
    TIMER2_IRQHandler                        0x08001305   Thumb Code     2  sc_it.o(i.TIMER2_IRQHandler)
    TIMER3_IRQHandler                        0x08001307   Thumb Code     2  sc_it.o(i.TIMER3_IRQHandler)
    TIMER4_5_IRQHandler                      0x08001309   Thumb Code     2  sc_it.o(i.TIMER4_5_IRQHandler)
    TIMER6_7_IRQHandler                      0x0800130b   Thumb Code     2  sc_it.o(i.TIMER6_7_IRQHandler)
    TIM_ClearFlag                            0x0800130d   Thumb Code     4  sc32f1xxx_tim.o(i.TIM_ClearFlag)
    TIM_Cmd                                  0x08001311   Thumb Code    24  sc32f1xxx_tim.o(i.TIM_Cmd)
    TIM_DMACmd                               0x0800132d   Thumb Code    26  sc32f1xxx_tim.o(i.TIM_DMACmd)
    TIM_ICCmd                                0x08001349   Thumb Code    24  sc32f1xxx_tim.o(i.TIM_ICCmd)
    TIM_ICInit                               0x08001365   Thumb Code    66  sc32f1xxx_tim.o(i.TIM_ICInit)
    TIM_ITConfig                             0x080013ad   Thumb Code    26  sc32f1xxx_tim.o(i.TIM_ITConfig)
    TIM_PWMInit                              0x080013c9   Thumb Code    94  sc32f1xxx_tim.o(i.TIM_PWMInit)
    TIM_PWMSetDuty                           0x0800142d   Thumb Code    40  sc32f1xxx_tim.o(i.TIM_PWMSetDuty)
    TIM_PinRemapConfig                       0x08001459   Thumb Code    26  sc32f1xxx_tim.o(i.TIM_PinRemapConfig)
    TIM_TIMBaseInit                          0x08001475   Thumb Code    36  sc32f1xxx_tim.o(i.TIM_TIMBaseInit)
    TK_FilterAvergeDeal                      0x0800149d   Thumb Code   112  sc32f10xx_tk_functionresource.o(i.TK_FilterAvergeDeal)
    TK_FilterCommCode                        0x08001519   Thumb Code    72  sc32f10xx_tk_functionresource.o(i.TK_FilterCommCode)
    TK_FilterDataDeal                        0x0800156d   Thumb Code   186  sc32f10xx_tk_functionresource.o(i.TK_FilterDataDeal)
    TK_FilterIIRInit                         0x0800162d   Thumb Code    36  sc32f10xx_tk_functionresource.o(i.TK_FilterIIRInit)
    TK_GetBaseLineAdjustValue                0x08001659   Thumb Code     8  tkdriver.o(i.TK_GetBaseLineAdjustValue)
    TK_GetCfgMsg                             0x08001665   Thumb Code   100  tkdriver.o(i.TK_GetCfgMsg)
    TK_GetCurrFingerValue                    0x080016d1   Thumb Code    30  tkdriver.o(i.TK_GetCurrFingerValue)
    TK_GetInitAutoUpdateTime                 0x080016f5   Thumb Code     6  tkdriver.o(i.TK_GetInitAutoUpdateTime)
    TK_GetScanTimeValue                      0x08001701   Thumb Code    14  tkdriver.o(i.TK_GetScanTimeValue)
    TK_IRQHandler                            0x08001715   Thumb Code     8  tkdriver.o(i.TK_IRQHandler)
    TK_Init                                  0x0800171d   Thumb Code   344  sc32f10xx_tk_functionresource.o(i.TK_Init)
    TK_InitializeBaselines                   0x08001891   Thumb Code    36  sc32f10xx_tk_functionresource.o(i.TK_InitializeBaselines)
    TK_InitializeSensorFlag                  0x080018bd   Thumb Code    64  sc32f10xx_tk_functionresource.o(i.TK_InitializeSensorFlag)
    TK_SingleChannel_ICHAAdjust              0x08001925   Thumb Code   122  sc32f10xx_tk_functionresource.o(i.TK_SingleChannel_ICHAAdjust)
    TK_SingleCurrentSensorChoose             0x080019b1   Thumb Code   140  tkdriver.o(i.TK_SingleCurrentSensorChoose)
    TK_TouchKeyCFGInit                       0x08001a4d   Thumb Code    96  tkdriver.o(i.TK_TouchKeyCFGInit)
    TK_TouchKey_Service                      0x08001ad1   Thumb Code   300  sc32f10xx_tk_functionresource.o(i.TK_TouchKey_Service)
    TWI0_IRQHandler                          0x08001c19   Thumb Code     2  sc_it.o(i.TWI0_IRQHandler)
    TWI1_IRQHandler                          0x08001c1b   Thumb Code     2  sc_it.o(i.TWI1_IRQHandler)
    TWI_Cmd                                  0x08001c1d   Thumb Code    24  sc32f1xxx_twi.o(i.TWI_Cmd)
    TWI_DMACmd                               0x08001c39   Thumb Code    26  sc32f1xxx_twi.o(i.TWI_DMACmd)
    TWI_ITConfig                             0x08001c53   Thumb Code    26  sc32f1xxx_twi.o(i.TWI_ITConfig)
    TWI_Init                                 0x08001c6d   Thumb Code    48  sc32f1xxx_twi.o(i.TWI_Init)
    TWI_PinRemapConfig                       0x08001ca1   Thumb Code    36  sc32f1xxx_twi.o(i.TWI_PinRemapConfig)
    UART0_2_IRQHandler                       0x08001cc9   Thumb Code     2  sc_it.o(i.UART0_2_IRQHandler)
    UART1_3_IRQHandler                       0x08001ccb   Thumb Code     2  sc_it.o(i.UART1_3_IRQHandler)
    Usdelay                                  0x08001ccd   Thumb Code    16  sc32f10xx_tk_functionresource.o(i.Usdelay)
    __ARM_clz                                0x08001cdd   Thumb Code    46  depilogue.o(i.__ARM_clz)
    __ARM_common_switch8                     0x08001d0b   Thumb Code    28  main.o(i.__ARM_common_switch8)
    __scatterload_copy                       0x08001db9   Thumb Code    14  handlers.o(i.__scatterload_copy)
    __scatterload_null                       0x08001dc7   Thumb Code     2  handlers.o(i.__scatterload_null)
    __scatterload_zeroinit                   0x08001dc9   Thumb Code    14  handlers.o(i.__scatterload_zeroinit)
    adcToVoltage                             0x08001dd9   Thumb Code    40  adc_iap.o(i.adcToVoltage)
    main                                     0x08001e09   Thumb Code   144  main.o(i.main)
    readADC                                  0x08001eb9   Thumb Code    52  adc_iap.o(i.readADC)
    TKCFG                                    0x08001f08   Data          68  tkdriver.o(.constdata)
    TKChannelCfg                             0x08001f4c   Data          80  tkdriver.o(.constdata)
    Region$$Table$$Base                      0x08001f9c   Number         0  anon$$obj.o(Region$$Table)
    Region$$Table$$Limit                     0x08001fbc   Number         0  anon$$obj.o(Region$$Table)
    Task_state                               0x20000000   Data           1  main.o(.data)
    ADC_value1                               0x20000002   Data           2  main.o(.data)
    ADC_value2                               0x20000004   Data           2  main.o(.data)
    Channel                                  0x20000006   Data           1  main.o(.data)
    Voltage                                  0x20000008   Data           4  main.o(.data)
    TK_TouchKeyStatus                        0x2000000e   Data           1  tkdriver.o(.data)
    CurrentChannel                           0x2000000f   Data           8  tkdriver.o(.data)
    RestAreaCnt                              0x20000017   Data           8  tkdriver.o(.data)
    TouchCnt                                 0x2000001f   Data           8  tkdriver.o(.data)
    NoTouchCnt                               0x20000027   Data           8  tkdriver.o(.data)
    LowFingerDataCnt                         0x2000002f   Data           8  tkdriver.o(.data)
    FloatAreaCnt                             0x20000037   Data           8  tkdriver.o(.data)
    SingleParameterBufferSet                 0x2000003f   Data           8  tkdriver.o(.data)
    CombineParameterBufferSet                0x20000047   Data           8  tkdriver.o(.data)
    ConfirmTouchCnt                          0x2000004f   Data           1  tkdriver.o(.data)
    SetNoiseThreshold                        0x20000050   Data           1  tkdriver.o(.data)
    MultipleDealTpye                         0x20000051   Data           1  tkdriver.o(.data)
    UpdateBaseLNum                           0x20000052   Data           2  tkdriver.o(.data)
    MultipleLNum                             0x20000054   Data           2  tkdriver.o(.data)
    TKSlideModulePCBArray                    0x20000056   Data          54  tkdriver.o(.data)
    CFG_OVERLOW_MAX_COUNT                    0x2000008c   Data           1  tkdriver.o(.data)
    CFG_RESET_BASELINE_CNT                   0x2000008d   Data           1  tkdriver.o(.data)
    CFG_CYCLE_CNT                            0x2000008e   Data           1  tkdriver.o(.data)
    SingleCurrentChannelMax                  0x20000090   Data           1  sc32f10xx_tk_functionresource.o(.data)
    KeyFlag                                  0x20000094   Data           4  sc32f10xx_tk_functionresource.o(.data)
    KeyMark                                  0x20000098   Data           4  sc32f10xx_tk_functionresource.o(.data)
    UsingTKSlideModuleNumber                 0x2000009c   Data           1  sc32f10xx_tk_functionresource.o(.data)
    CurrentIndex                             0x2000009d   Data           1  sc32f10xx_tk_functionresource.o(.data)
    ScanTime                                 0x2000009e   Data           2  sc32f10xx_tk_functionresource.o(.data)
    IsInNosicValue                           0x200000a0   Data           1  sc32f10xx_tk_functionresource.o(.data)
    bMultiple                                0x200000a1   Data           1  sc32f10xx_tk_functionresource.o(.data)
    bNeedUpdate                              0x200000a2   Data           1  sc32f10xx_tk_functionresource.o(.data)
    MultipleDealIndex                        0x200000a3   Data           1  sc32f10xx_tk_functionresource.o(.data)
    FlowFingerRoundIndex                     0x200000a4   Data           1  sc32f10xx_tk_functionresource.o(.data)
    FlowFingerRoundCnt                       0x200000a6   Data           2  sc32f10xx_tk_functionresource.o(.data)
    DifferAccum                              0x200000ac   Data          16  tkdriver.o(.bss)
    SingleChannelsBaseLineUpdatePar          0x200000bc   Data          48  tkdriver.o(.bss)
    __initial_sp                             0x200004f0   Data           0  startup_sc32f10xx.o(STACK)



==============================================================================

Memory Map of the image

  Image Entry point : 0x080000c1

  Load Region LR_IROM1 (Base: 0x08000000, Size: 0x00002068, Max: 0x00040000, ABSOLUTE)

    Execution Region ER_IROM1 (Exec base: 0x08000000, Load base: 0x08000000, Size: 0x00001fbc, Max: 0x00040000, ABSOLUTE)

    Exec Addr    Load Addr    Size         Type   Attr      Idx    E Section Name        Object

    0x08000000   0x08000000   0x000000c0   Data   RO         1930    RESET               startup_sc32f10xx.o
    0x080000c0   0x080000c0   0x00000000   Code   RO         2352  * .ARM.Collect$$$$00000000  mc_p.l(entry.o)
    0x080000c0   0x080000c0   0x00000004   Code   RO         2395    .ARM.Collect$$$$00000001  mc_p.l(entry2.o)
    0x080000c4   0x080000c4   0x00000004   Code   RO         2398    .ARM.Collect$$$$00000004  mc_p.l(entry5.o)
    0x080000c8   0x080000c8   0x00000000   Code   RO         2400    .ARM.Collect$$$$00000008  mc_p.l(entry7b.o)
    0x080000c8   0x080000c8   0x00000000   Code   RO         2402    .ARM.Collect$$$$0000000A  mc_p.l(entry8b.o)
    0x080000c8   0x080000c8   0x00000008   Code   RO         2403    .ARM.Collect$$$$0000000B  mc_p.l(entry9a.o)
    0x080000d0   0x080000d0   0x00000004   Code   RO         2410    .ARM.Collect$$$$0000000E  mc_p.l(entry12b.o)
    0x080000d4   0x080000d4   0x00000000   Code   RO         2405    .ARM.Collect$$$$0000000F  mc_p.l(entry10a.o)
    0x080000d4   0x080000d4   0x00000000   Code   RO         2407    .ARM.Collect$$$$00000011  mc_p.l(entry11a.o)
    0x080000d4   0x080000d4   0x00000004   Code   RO         2396    .ARM.Collect$$$$00002712  mc_p.l(entry2.o)
    0x080000d8   0x080000d8   0x00000068   Code   RO         1931    .text               startup_sc32f10xx.o
    0x08000140   0x08000140   0x0000002c   Code   RO         2355    .text               mc_p.l(uidiv.o)
    0x0800016c   0x0800016c   0x00000028   Code   RO         2357    .text               mc_p.l(idiv.o)
    0x08000194   0x08000194   0x000000d0   Code   RO         2367    .text               mf_p.l(dmul.o)
    0x08000264   0x08000264   0x000000f0   Code   RO         2369    .text               mf_p.l(ddiv.o)
    0x08000354   0x08000354   0x0000001c   Code   RO         2377    .text               mf_p.l(dfltui.o)
    0x08000370   0x08000370   0x00000038   Code   RO         2389    .text               mf_p.l(d2f.o)
    0x080003a8   0x080003a8   0x00000020   Code   RO         2411    .text               mc_p.l(llshl.o)
    0x080003c8   0x080003c8   0x00000022   Code   RO         2413    .text               mc_p.l(llushr.o)
    0x080003ea   0x080003ea   0x00000000   Code   RO         2417    .text               mc_p.l(iusefp.o)
    0x080003ea   0x080003ea   0x00000082   Code   RO         2418    .text               mf_p.l(fepilogue.o)
    0x0800046c   0x0800046c   0x000000be   Code   RO         2420    .text               mf_p.l(depilogue.o)
    0x0800052a   0x0800052a   0x00000002   PAD
    0x0800052c   0x0800052c   0x00000024   Code   RO         2424    .text               mc_p.l(init.o)
    0x08000550   0x08000550   0x00000004   Code   RO         1225    i.ADC_ClearFlag     sc32f1xxx_adc.o
    0x08000554   0x08000554   0x0000001c   Code   RO         1226    i.ADC_Cmd           sc32f1xxx_adc.o
    0x08000570   0x08000570   0x0000001c   Code   RO         1228    i.ADC_DMACmd        sc32f1xxx_adc.o
    0x0800058c   0x0800058c   0x0000000a   Code   RO         1230    i.ADC_GetChannel    sc32f1xxx_adc.o
    0x08000596   0x08000596   0x00000008   Code   RO         1231    i.ADC_GetConversionValue  sc32f1xxx_adc.o
    0x0800059e   0x0800059e   0x00000014   Code   RO         1232    i.ADC_GetFlagStatus  sc32f1xxx_adc.o
    0x080005b2   0x080005b2   0x00000002   PAD
    0x080005b4   0x080005b4   0x00000010   Code   RO          205    i.ADC_IRQHandler    sc_it.o
    0x080005c4   0x080005c4   0x00000014   Code   RO         1233    i.ADC_ITConfig      sc32f1xxx_adc.o
    0x080005d8   0x080005d8   0x00000020   Code   RO         1234    i.ADC_Init          sc32f1xxx_adc.o
    0x080005f8   0x080005f8   0x00000012   Code   RO         1235    i.ADC_SetChannel    sc32f1xxx_adc.o
    0x0800060a   0x0800060a   0x0000000a   Code   RO         1236    i.ADC_SoftwareStartConv  sc32f1xxx_adc.o
    0x08000614   0x08000614   0x00000002   Code   RO          206    i.BTM_IRQHandler    sc_it.o
    0x08000616   0x08000616   0x00000002   PAD
    0x08000618   0x08000618   0x00000014   Code   RO         1938    i.Buzzer_SetVolume  buzzer.o
    0x0800062c   0x0800062c   0x00000002   Code   RO          210    i.CMP_IRQHandler    sc_it.o
    0x0800062e   0x0800062e   0x00000002   Code   RO          211    i.DMA0_IRQHandler   sc_it.o
    0x08000630   0x08000630   0x00000002   Code   RO          212    i.DMA1_IRQHandler   sc_it.o
    0x08000632   0x08000632   0x00000002   Code   RO          213    i.DMA2_IRQHandler   sc_it.o
    0x08000634   0x08000634   0x00000002   Code   RO          214    i.DMA3_IRQHandler   sc_it.o
    0x08000636   0x08000636   0x00000070   Code   RO         1857    i.GPIO_Init         sc32f1xxx_gpio.o
    0x080006a6   0x080006a6   0x00000022   Code   RO         1860    i.GPIO_ResetBits    sc32f1xxx_gpio.o
    0x080006c8   0x080006c8   0x00000030   Code   RO          945    i.IAP_EraseSector   sc32f1xxx_iap.o
    0x080006f8   0x080006f8   0x00000010   Code   RO          946    i.IAP_Lock          sc32f1xxx_iap.o
    0x08000708   0x08000708   0x00000118   Code   RO          919    i.IAP_Program       iap_program.o
    0x08000820   0x08000820   0x00000012   Code   RO          947    i.IAP_ProgramByte   sc32f1xxx_iap.o
    0x08000832   0x08000832   0x00000026   Code   RO          948    i.IAP_ProgramByteArray  sc32f1xxx_iap.o
    0x08000858   0x08000858   0x00000012   Code   RO          949    i.IAP_ProgramHalfWord  sc32f1xxx_iap.o
    0x0800086a   0x0800086a   0x00000032   Code   RO          950    i.IAP_ProgramHalfWordArray  sc32f1xxx_iap.o
    0x0800089c   0x0800089c   0x00000012   Code   RO          951    i.IAP_ProgramWord   sc32f1xxx_iap.o
    0x080008ae   0x080008ae   0x00000032   Code   RO          952    i.IAP_ProgramWordArray  sc32f1xxx_iap.o
    0x080008e0   0x080008e0   0x00000006   Code   RO          953    i.IAP_ReadByte      sc32f1xxx_iap.o
    0x080008e6   0x080008e6   0x0000001a   Code   RO          954    i.IAP_ReadByteArray  sc32f1xxx_iap.o
    0x08000900   0x08000900   0x00000006   Code   RO          955    i.IAP_ReadHalfWord  sc32f1xxx_iap.o
    0x08000906   0x08000906   0x00000024   Code   RO          956    i.IAP_ReadHalfWordArray  sc32f1xxx_iap.o
    0x0800092a   0x0800092a   0x00000006   Code   RO          957    i.IAP_ReadWord      sc32f1xxx_iap.o
    0x08000930   0x08000930   0x00000024   Code   RO          958    i.IAP_ReadWordArray  sc32f1xxx_iap.o
    0x08000954   0x08000954   0x00000034   Code   RO          960    i.IAP_Unlock        sc32f1xxx_iap.o
    0x08000988   0x08000988   0x00000024   Code   RO          961    i.IAP_WriteCmd      sc32f1xxx_iap.o
    0x080009ac   0x080009ac   0x00000002   Code   RO          216    i.INT0_IRQHandler   sc_it.o
    0x080009ae   0x080009ae   0x00000002   Code   RO          217    i.INT12_15_IRQHandler  sc_it.o
    0x080009b0   0x080009b0   0x00000002   Code   RO          218    i.INT1_7_IRQHandler  sc_it.o
    0x080009b2   0x080009b2   0x00000002   Code   RO          219    i.INT8_11_IRQHandler  sc_it.o
    0x080009b4   0x080009b4   0x00000008   Code   RO          864    i.IcResourceInit    compctrldefine.o
    0x080009bc   0x080009bc   0x00000002   Code   RO          220    i.LEDPWM_IRQHandler  sc_it.o
    0x080009be   0x080009be   0x00000002   PAD
    0x080009c0   0x080009c0   0x00000010   Code   RO          223    i.PWM0_IRQHandler   sc_it.o
    0x080009d0   0x080009d0   0x00000004   Code   RO         1317    i.PWM_ClearFlag     sc32f1xxx_pwm.o
    0x080009d4   0x080009d4   0x0000001c   Code   RO         1318    i.PWM_Cmd           sc32f1xxx_pwm.o
    0x080009f0   0x080009f0   0x0000001c   Code   RO         1320    i.PWM_FDCmd         sc32f1xxx_pwm.o
    0x08000a0c   0x08000a0c   0x0000001a   Code   RO         1321    i.PWM_FDInit        sc32f1xxx_pwm.o
    0x08000a26   0x08000a26   0x0000001a   Code   RO         1328    i.PWM_ITConfig      sc32f1xxx_pwm.o
    0x08000a40   0x08000a40   0x00000028   Code   RO         1329    i.PWM_Init          sc32f1xxx_pwm.o
    0x08000a68   0x08000a68   0x00000026   Code   RO         1332    i.PWM_SetDuty       sc32f1xxx_pwm.o
    0x08000a8e   0x08000a8e   0x00000002   PAD
    0x08000a90   0x08000a90   0x00000028   Code   RO         1622    i.RCC_APB0Cmd       sc32f1xxx_rcc.o
    0x08000ab8   0x08000ab8   0x0000001c   Code   RO         1623    i.RCC_APB0Config    sc32f1xxx_rcc.o
    0x08000ad4   0x08000ad4   0x00000020   Code   RO         1624    i.RCC_APB0PeriphClockCmd  sc32f1xxx_rcc.o
    0x08000af4   0x08000af4   0x00000028   Code   RO         1630    i.RCC_APB2Cmd       sc32f1xxx_rcc.o
    0x08000b1c   0x08000b1c   0x0000001c   Code   RO         1631    i.RCC_APB2Config    sc32f1xxx_rcc.o
    0x08000b38   0x08000b38   0x0000001c   Code   RO         1639    i.RCC_HCLKConfig    sc32f1xxx_rcc.o
    0x08000b54   0x08000b54   0x00000030   Code   RO         1640    i.RCC_HIRCCmd       sc32f1xxx_rcc.o
    0x08000b84   0x08000b84   0x00000030   Code   RO         1641    i.RCC_HXTCmd        sc32f1xxx_rcc.o
    0x08000bb4   0x08000bb4   0x00000002   Code   RO          226    i.RCC_IRQHandler    sc_it.o
    0x08000bb6   0x08000bb6   0x00000002   PAD
    0x08000bb8   0x08000bb8   0x00000034   Code   RO         1642    i.RCC_ITConfig      sc32f1xxx_rcc.o
    0x08000bec   0x08000bec   0x00000030   Code   RO         1644    i.RCC_LIRCCmd       sc32f1xxx_rcc.o
    0x08000c1c   0x08000c1c   0x00000030   Code   RO         1645    i.RCC_LXTCmd        sc32f1xxx_rcc.o
    0x08000c4c   0x08000c4c   0x000000d8   Code   RO         1650    i.RCC_SYSCLKConfig  sc32f1xxx_rcc.o
    0x08000d24   0x08000d24   0x00000048   Code   RO         1651    i.RCC_SystickCLKConfig  sc32f1xxx_rcc.o
    0x08000d6c   0x08000d6c   0x00000024   Code   RO         1652    i.RCC_SystickCmd    sc32f1xxx_rcc.o
    0x08000d90   0x08000d90   0x0000001c   Code   RO         1654    i.RCC_SystickSetCounter  sc32f1xxx_rcc.o
    0x08000dac   0x08000dac   0x00000018   Code   RO         1655    i.RCC_Unlock        sc32f1xxx_rcc.o
    0x08000dc4   0x08000dc4   0x00000058   Code   RO          480    i.SC_ADC_Init       sc_init.o
    0x08000e1c   0x08000e1c   0x00000150   Code   RO          490    i.SC_GPIO_Init      sc_init.o
    0x08000f6c   0x08000f6c   0x00000002   Code   RO          491    i.SC_IAP_Init       sc_init.o
    0x08000f6e   0x08000f6e   0x0000002c   Code   RO          493    i.SC_Init           sc_init.o
    0x08000f9a   0x08000f9a   0x00000002   PAD
    0x08000f9c   0x08000f9c   0x00000024   Code   RO          502    i.SC_OPTION_Init    sc_init.o
    0x08000fc0   0x08000fc0   0x000000c0   Code   RO          505    i.SC_PWM0_Init      sc_init.o
    0x08001080   0x08001080   0x00000050   Code   RO          509    i.SC_RCC_Init       sc_init.o
    0x080010d0   0x080010d0   0x00000026   Code   RO          513    i.SC_SYSTICK_Init   sc_init.o
    0x080010f6   0x080010f6   0x00000002   PAD
    0x080010f8   0x080010f8   0x00000098   Code   RO          515    i.SC_TIM1_Init      sc_init.o
    0x08001190   0x08001190   0x000000a4   Code   RO          516    i.SC_TIM2_Init      sc_init.o
    0x08001234   0x08001234   0x000000a4   Code   RO          522    i.SC_TWI0_Init      sc_init.o
    0x080012d8   0x080012d8   0x00000002   Code   RO          227    i.SPI0_IRQHandler   sc_it.o
    0x080012da   0x080012da   0x00000002   Code   RO          229    i.SPI1_IRQHandler   sc_it.o
    0x080012dc   0x080012dc   0x00000002   Code   RO          231    i.SysTick_IRQHandler  sc_it.o
    0x080012de   0x080012de   0x00000002   PAD
    0x080012e0   0x080012e0   0x00000010   Code   RO          185    i.SystemInit        system_sc32f1xxx.o
    0x080012f0   0x080012f0   0x00000002   Code   RO          232    i.TIMER0_IRQHandler  sc_it.o
    0x080012f2   0x080012f2   0x00000002   PAD
    0x080012f4   0x080012f4   0x00000010   Code   RO          233    i.TIMER1_IRQHandler  sc_it.o
    0x08001304   0x08001304   0x00000002   Code   RO          234    i.TIMER2_IRQHandler  sc_it.o
    0x08001306   0x08001306   0x00000002   Code   RO          235    i.TIMER3_IRQHandler  sc_it.o
    0x08001308   0x08001308   0x00000002   Code   RO          236    i.TIMER4_5_IRQHandler  sc_it.o
    0x0800130a   0x0800130a   0x00000002   Code   RO          237    i.TIMER6_7_IRQHandler  sc_it.o
    0x0800130c   0x0800130c   0x00000004   Code   RO         1061    i.TIM_ClearFlag     sc32f1xxx_tim.o
    0x08001310   0x08001310   0x0000001c   Code   RO         1063    i.TIM_Cmd           sc32f1xxx_tim.o
    0x0800132c   0x0800132c   0x0000001a   Code   RO         1064    i.TIM_DMACmd        sc32f1xxx_tim.o
    0x08001346   0x08001346   0x00000002   PAD
    0x08001348   0x08001348   0x0000001c   Code   RO         1072    i.TIM_ICCmd         sc32f1xxx_tim.o
    0x08001364   0x08001364   0x00000048   Code   RO         1073    i.TIM_ICInit        sc32f1xxx_tim.o
    0x080013ac   0x080013ac   0x0000001a   Code   RO         1075    i.TIM_ITConfig      sc32f1xxx_tim.o
    0x080013c6   0x080013c6   0x00000002   PAD
    0x080013c8   0x080013c8   0x00000064   Code   RO         1077    i.TIM_PWMInit       sc32f1xxx_tim.o
    0x0800142c   0x0800142c   0x0000002c   Code   RO         1078    i.TIM_PWMSetDuty    sc32f1xxx_tim.o
    0x08001458   0x08001458   0x0000001a   Code   RO         1080    i.TIM_PinRemapConfig  sc32f1xxx_tim.o
    0x08001472   0x08001472   0x00000002   PAD
    0x08001474   0x08001474   0x00000028   Code   RO         1084    i.TIM_TIMBaseInit   sc32f1xxx_tim.o
    0x0800149c   0x0800149c   0x0000007c   Code   RO         2186    i.TK_FilterAvergeDeal  sc32f10xx_HighSensitive_lib_T1Slider_V0.3.lib(sc32f10xx_tk_functionresource.o)
    0x08001518   0x08001518   0x00000054   Code   RO         2187    i.TK_FilterCommCode  sc32f10xx_HighSensitive_lib_T1Slider_V0.3.lib(sc32f10xx_tk_functionresource.o)
    0x0800156c   0x0800156c   0x000000c0   Code   RO         2188    i.TK_FilterDataDeal  sc32f10xx_HighSensitive_lib_T1Slider_V0.3.lib(sc32f10xx_tk_functionresource.o)
    0x0800162c   0x0800162c   0x0000002c   Code   RO         2189    i.TK_FilterIIRInit  sc32f10xx_HighSensitive_lib_T1Slider_V0.3.lib(sc32f10xx_tk_functionresource.o)
    0x08001658   0x08001658   0x0000000c   Code   RO         1979    i.TK_GetBaseLineAdjustValue  tkdriver.o
    0x08001664   0x08001664   0x0000006c   Code   RO         1981    i.TK_GetCfgMsg      tkdriver.o
    0x080016d0   0x080016d0   0x00000024   Code   RO         1983    i.TK_GetCurrFingerValue  tkdriver.o
    0x080016f4   0x080016f4   0x0000000c   Code   RO         1984    i.TK_GetInitAutoUpdateTime  tkdriver.o
    0x08001700   0x08001700   0x00000014   Code   RO         1985    i.TK_GetScanTimeValue  tkdriver.o
    0x08001714   0x08001714   0x00000008   Code   RO         1989    i.TK_IRQHandler     tkdriver.o
    0x0800171c   0x0800171c   0x00000174   Code   RO         2191    i.TK_Init           sc32f10xx_HighSensitive_lib_T1Slider_V0.3.lib(sc32f10xx_tk_functionresource.o)
    0x08001890   0x08001890   0x0000002c   Code   RO         2192    i.TK_InitializeBaselines  sc32f10xx_HighSensitive_lib_T1Slider_V0.3.lib(sc32f10xx_tk_functionresource.o)
    0x080018bc   0x080018bc   0x00000068   Code   RO         2193    i.TK_InitializeSensorFlag  sc32f10xx_HighSensitive_lib_T1Slider_V0.3.lib(sc32f10xx_tk_functionresource.o)
    0x08001924   0x08001924   0x0000008c   Code   RO         2199    i.TK_SingleChannel_ICHAAdjust  sc32f10xx_HighSensitive_lib_T1Slider_V0.3.lib(sc32f10xx_tk_functionresource.o)
    0x080019b0   0x080019b0   0x0000009c   Code   RO         1992    i.TK_SingleCurrentSensorChoose  tkdriver.o
    0x08001a4c   0x08001a4c   0x00000084   Code   RO         1993    i.TK_TouchKeyCFGInit  tkdriver.o
    0x08001ad0   0x08001ad0   0x00000148   Code   RO         2200    i.TK_TouchKey_Service  sc32f10xx_HighSensitive_lib_T1Slider_V0.3.lib(sc32f10xx_tk_functionresource.o)
    0x08001c18   0x08001c18   0x00000002   Code   RO          238    i.TWI0_IRQHandler   sc_it.o
    0x08001c1a   0x08001c1a   0x00000002   Code   RO          239    i.TWI1_IRQHandler   sc_it.o
    0x08001c1c   0x08001c1c   0x0000001c   Code   RO         1441    i.TWI_Cmd           sc32f1xxx_twi.o
    0x08001c38   0x08001c38   0x0000001a   Code   RO         1442    i.TWI_DMACmd        sc32f1xxx_twi.o
    0x08001c52   0x08001c52   0x0000001a   Code   RO         1450    i.TWI_ITConfig      sc32f1xxx_twi.o
    0x08001c6c   0x08001c6c   0x00000034   Code   RO         1451    i.TWI_Init          sc32f1xxx_twi.o
    0x08001ca0   0x08001ca0   0x00000028   Code   RO         1452    i.TWI_PinRemapConfig  sc32f1xxx_twi.o
    0x08001cc8   0x08001cc8   0x00000002   Code   RO          241    i.UART0_2_IRQHandler  sc_it.o
    0x08001cca   0x08001cca   0x00000002   Code   RO          243    i.UART1_3_IRQHandler  sc_it.o
    0x08001ccc   0x08001ccc   0x00000010   Code   RO         2201    i.Usdelay           sc32f10xx_HighSensitive_lib_T1Slider_V0.3.lib(sc32f10xx_tk_functionresource.o)
    0x08001cdc   0x08001cdc   0x0000002e   Code   RO         2422    i.__ARM_clz         mf_p.l(depilogue.o)
    0x08001d0a   0x08001d0a   0x0000001c   Code   RO           34    i.__ARM_common_switch8  main.o
    0x08001d26   0x08001d26   0x00000002   PAD
    0x08001d28   0x08001d28   0x00000018   Code   RO          533    i.__NVIC_EnableIRQ  sc_init.o
    0x08001d40   0x08001d40   0x00000078   Code   RO          534    i.__NVIC_SetPriority  sc_init.o
    0x08001db8   0x08001db8   0x0000000e   Code   RO         2428    i.__scatterload_copy  mc_p.l(handlers.o)
    0x08001dc6   0x08001dc6   0x00000002   Code   RO         2429    i.__scatterload_null  mc_p.l(handlers.o)
    0x08001dc8   0x08001dc8   0x0000000e   Code   RO         2430    i.__scatterload_zeroinit  mc_p.l(handlers.o)
    0x08001dd6   0x08001dd6   0x00000002   PAD
    0x08001dd8   0x08001dd8   0x00000030   Code   RO         2108    i.adcToVoltage      adc_iap.o
    0x08001e08   0x08001e08   0x000000b0   Code   RO            5    i.main              main.o
    0x08001eb8   0x08001eb8   0x00000038   Code   RO         2113    i.readADC           adc_iap.o
    0x08001ef0   0x08001ef0   0x00000016   Data   RO          920    .constdata          iap_program.o
    0x08001f06   0x08001f06   0x00000002   PAD
    0x08001f08   0x08001f08   0x00000094   Data   RO         1996    .constdata          tkdriver.o
    0x08001f9c   0x08001f9c   0x00000020   Data   RO         2426    Region$$Table       anon$$obj.o


    Execution Region RW_IRAM1 (Exec base: 0x20000000, Load base: 0x08001fbc, Size: 0x000004f0, Max: 0x00002000, ABSOLUTE)

    Exec Addr    Load Addr    Size         Type   Attr      Idx    E Section Name        Object

    0x20000000   0x08001fbc   0x0000000c   Data   RW            6    .data               main.o
    0x2000000c   0x08001fc8   0x00000001   Data   RW          921    .data               iap_program.o
    0x2000000d   0x08001fc9   0x00000001   PAD
    0x2000000e   0x08001fca   0x00000081   Data   RW         1997    .data               tkdriver.o
    0x2000008f   0x0800204b   0x00000001   PAD
    0x20000090   0x0800204c   0x00000019   Data   RW         2202    .data               sc32f10xx_HighSensitive_lib_T1Slider_V0.3.lib(sc32f10xx_tk_functionresource.o)
    0x200000a9   0x08002065   0x00000003   PAD
    0x200000ac        -       0x00000040   Zero   RW         1995    .bss                tkdriver.o
    0x200000ec   0x08002065   0x00000004   PAD
    0x200000f0        -       0x00000400   Zero   RW         1928    STACK               startup_sc32f10xx.o


==============================================================================

Image component sizes


      Code (inc. data)   RO Data    RW Data    ZI Data      Debug   Object Name

       104         12          0          0          0       1069   adc_iap.o
        20          4          0          0          0        487   buzzer.o
         8          0          0          0          0        441   compctrldefine.o
       280         28         22          1          0       1566   iap_program.o
       204         40          0         12          0      79258   main.o
       178          4          0          0          0       5836   sc32f1xxx_adc.o
       146          0          0          0          0       1661   sc32f1xxx_gpio.o
       460         28          0          0          0       9925   sc32f1xxx_iap.o
       190          8          0          0          0       4319   sc32f1xxx_pwm.o
       816         94          0          0          0       8749   sc32f1xxx_rcc.o
       394         28          0          0          0       6229   sc32f1xxx_tim.o
       172         12          0          0          0       3274   sc32f1xxx_twi.o
      1440         74          0          0          0      16578   sc_init.o
        96         12          0          0          0      10846   sc_it.o
       104         46        192          0       1024        780   startup_sc32f10xx.o
        16          6          0          0          0        413   system_sc32f1xxx.o
       484         92        148        129         64       9491   tkdriver.o

    ----------------------------------------------------------------------
      5138        488        396        144       1092     160922   Object Totals
         0          0         32          0          0          0   (incl. Generated)
        26          0          2          2          4          0   (incl. Padding)

    ----------------------------------------------------------------------

      Code (inc. data)   RO Data    RW Data    ZI Data      Debug   Library Member Name

         0          0          0          0          0          0   entry.o
         0          0          0          0          0          0   entry10a.o
         0          0          0          0          0          0   entry11a.o
         4          0          0          0          0          0   entry12b.o
         8          4          0          0          0          0   entry2.o
         4          0          0          0          0          0   entry5.o
         0          0          0          0          0          0   entry7b.o
         0          0          0          0          0          0   entry8b.o
         8          4          0          0          0          0   entry9a.o
        30          0          0          0          0          0   handlers.o
        40          0          0          0          0         72   idiv.o
        36          8          0          0          0         68   init.o
         0          0          0          0          0          0   iusefp.o
        32          0          0          0          0         68   llshl.o
        34          0          0          0          0         68   llushr.o
        44          0          0          0          0         72   uidiv.o
        56          0          0          0          0         68   d2f.o
       240          6          0          0          0         84   ddiv.o
       236          0          0          0          0        216   depilogue.o
        28          4          0          0          0         68   dfltui.o
       208          6          0          0          0         88   dmul.o
       130          0          0          0          0        144   fepilogue.o
      1448        160          0         25          0      74526   sc32f10xx_tk_functionresource.o

    ----------------------------------------------------------------------
      2590        192          0         28          0      75542   Library Totals
         4          0          0          3          0          0   (incl. Padding)

    ----------------------------------------------------------------------

      Code (inc. data)   RO Data    RW Data    ZI Data      Debug   Library Name

       240         16          0          0          0        348   mc_p.l
       898         16          0          0          0        668   mf_p.l
      1448        160          0         25          0      74526   sc32f10xx_HighSensitive_lib_T1Slider_V0.3.lib

    ----------------------------------------------------------------------
      2590        192          0         28          0      75542   Library Totals

    ----------------------------------------------------------------------

==============================================================================


      Code (inc. data)   RO Data    RW Data    ZI Data      Debug   

      7728        680        396        172       1092     230544   Grand Totals
      7728        680        396        172       1092     230544   ELF Image Totals
      7728        680        396        172          0          0   ROM Totals

==============================================================================

    Total RO  Size (Code + RO Data)                 8124 (   7.93kB)
    Total RW  Size (RW Data + ZI Data)              1264 (   1.23kB)
    Total ROM Size (Code + RO Data + RW Data)       8296 (   8.10kB)

==============================================================================

