Component: ARM Compiler 5.06 update 7 (build 960) Tool: armlink [4d3601]

==============================================================================

Section Cross References

    main.o(i.Delay_ms) refers to main.o(i.Delay_us) for Delay_us
    main.o(i.Delay_us) refers to sc32f1xxx_tim.o(i.TIM_Cmd) for TIM_Cmd
    main.o(i.main) refers to compctrldefine.o(i.IcResourceInit) for IcResourceInit
    main.o(i.main) refers to main.o(i.__ARM_common_switch8) for __ARM_common_switch8
    main.o(i.main) refers to buzzer.o(i.test_Buzz) for test_Buzz
    main.o(i.main) refers to main.o(i.Delay_ms) for Delay_ms
    sc_it.o(i.ADC_IRQHandler) refers to sc32f1xxx_adc.o(i.ADC_ClearFlag) for ADC_ClearFlag
    sc_it.o(i.PWM0_IRQHandler) refers to sc32f1xxx_pwm.o(i.PWM_ClearFlag) for PWM_ClearFlag
    sc_it.o(i.TIMER1_IRQHandler) refers to sc32f1xxx_tim.o(i.TIM_ClearFlag) for TIM_ClearFlag
    sc_init.o(i.SC_ADC_Init) refers to sc32f1xxx_adc.o(i.ADC_Init) for ADC_Init
    sc_init.o(i.SC_ADC_Init) refers to sc32f1xxx_adc.o(i.ADC_SetChannel) for ADC_SetChannel
    sc_init.o(i.SC_ADC_Init) refers to sc32f1xxx_adc.o(i.ADC_ITConfig) for ADC_ITConfig
    sc_init.o(i.SC_ADC_Init) refers to sc32f1xxx_adc.o(i.ADC_DMACmd) for ADC_DMACmd
    sc_init.o(i.SC_ADC_Init) refers to sc_init.o(i.__NVIC_SetPriority) for __NVIC_SetPriority
    sc_init.o(i.SC_ADC_Init) refers to sc_init.o(i.__NVIC_EnableIRQ) for __NVIC_EnableIRQ
    sc_init.o(i.SC_ADC_Init) refers to sc32f1xxx_adc.o(i.ADC_Cmd) for ADC_Cmd
    sc_init.o(i.SC_GPIO_Init) refers to sc32f1xxx_gpio.o(i.GPIO_Init) for GPIO_Init
    sc_init.o(i.SC_Init) refers to sc_init.o(i.SC_GPIO_Init) for SC_GPIO_Init
    sc_init.o(i.SC_Init) refers to sc_init.o(i.SC_OPTION_Init) for SC_OPTION_Init
    sc_init.o(i.SC_Init) refers to sc_init.o(i.SC_RCC_Init) for SC_RCC_Init
    sc_init.o(i.SC_Init) refers to sc_init.o(i.SC_SYSTICK_Init) for SC_SYSTICK_Init
    sc_init.o(i.SC_Init) refers to sc_init.o(i.SC_TWI0_Init) for SC_TWI0_Init
    sc_init.o(i.SC_Init) refers to sc_init.o(i.SC_TIM1_Init) for SC_TIM1_Init
    sc_init.o(i.SC_Init) refers to sc_init.o(i.SC_TIM2_Init) for SC_TIM2_Init
    sc_init.o(i.SC_Init) refers to sc_init.o(i.SC_PWM0_Init) for SC_PWM0_Init
    sc_init.o(i.SC_Init) refers to sc_init.o(i.SC_ADC_Init) for SC_ADC_Init
    sc_init.o(i.SC_PWM0_Init) refers to sc32f1xxx_rcc.o(i.RCC_Unlock) for RCC_Unlock
    sc_init.o(i.SC_PWM0_Init) refers to sc32f1xxx_rcc.o(i.RCC_APB0PeriphClockCmd) for RCC_APB0PeriphClockCmd
    sc_init.o(i.SC_PWM0_Init) refers to sc32f1xxx_pwm.o(i.PWM_SetDuty) for PWM_SetDuty
    sc_init.o(i.SC_PWM0_Init) refers to sc32f1xxx_pwm.o(i.PWM_Init) for PWM_Init
    sc_init.o(i.SC_PWM0_Init) refers to sc32f1xxx_pwm.o(i.PWM_FDInit) for PWM_FDInit
    sc_init.o(i.SC_PWM0_Init) refers to sc32f1xxx_pwm.o(i.PWM_FDCmd) for PWM_FDCmd
    sc_init.o(i.SC_PWM0_Init) refers to sc32f1xxx_pwm.o(i.PWM_ITConfig) for PWM_ITConfig
    sc_init.o(i.SC_PWM0_Init) refers to sc32f1xxx_pwm.o(i.PWM_Cmd) for PWM_Cmd
    sc_init.o(i.SC_RCC_Init) refers to sc32f1xxx_rcc.o(i.RCC_Unlock) for RCC_Unlock
    sc_init.o(i.SC_RCC_Init) refers to sc32f1xxx_rcc.o(i.RCC_HXTCmd) for RCC_HXTCmd
    sc_init.o(i.SC_RCC_Init) refers to sc32f1xxx_rcc.o(i.RCC_LXTCmd) for RCC_LXTCmd
    sc_init.o(i.SC_RCC_Init) refers to sc32f1xxx_rcc.o(i.RCC_LIRCCmd) for RCC_LIRCCmd
    sc_init.o(i.SC_RCC_Init) refers to sc32f1xxx_rcc.o(i.RCC_HIRCCmd) for RCC_HIRCCmd
    sc_init.o(i.SC_RCC_Init) refers to sc32f1xxx_rcc.o(i.RCC_ITConfig) for RCC_ITConfig
    sc_init.o(i.SC_RCC_Init) refers to sc32f1xxx_rcc.o(i.RCC_SYSCLKConfig) for RCC_SYSCLKConfig
    sc_init.o(i.SC_RCC_Init) refers to sc32f1xxx_rcc.o(i.RCC_HCLKConfig) for RCC_HCLKConfig
    sc_init.o(i.SC_RCC_Init) refers to sc32f1xxx_rcc.o(i.RCC_APB0Config) for RCC_APB0Config
    sc_init.o(i.SC_RCC_Init) refers to sc32f1xxx_rcc.o(i.RCC_APB0Cmd) for RCC_APB0Cmd
    sc_init.o(i.SC_RCC_Init) refers to sc32f1xxx_rcc.o(i.RCC_APB2Config) for RCC_APB2Config
    sc_init.o(i.SC_RCC_Init) refers to sc32f1xxx_rcc.o(i.RCC_APB2Cmd) for RCC_APB2Cmd
    sc_init.o(i.SC_SYSTICK_Init) refers to sc32f1xxx_rcc.o(i.RCC_Unlock) for RCC_Unlock
    sc_init.o(i.SC_SYSTICK_Init) refers to sc32f1xxx_rcc.o(i.RCC_SystickCLKConfig) for RCC_SystickCLKConfig
    sc_init.o(i.SC_SYSTICK_Init) refers to sc32f1xxx_rcc.o(i.RCC_SystickSetCounter) for RCC_SystickSetCounter
    sc_init.o(i.SC_SYSTICK_Init) refers to sc_init.o(i.__NVIC_SetPriority) for __NVIC_SetPriority
    sc_init.o(i.SC_SYSTICK_Init) refers to sc32f1xxx_rcc.o(i.RCC_SystickCmd) for RCC_SystickCmd
    sc_init.o(i.SC_TIM1_Init) refers to sc32f1xxx_rcc.o(i.RCC_APB0PeriphClockCmd) for RCC_APB0PeriphClockCmd
    sc_init.o(i.SC_TIM1_Init) refers to sc32f1xxx_tim.o(i.TIM_TIMBaseInit) for TIM_TIMBaseInit
    sc_init.o(i.SC_TIM1_Init) refers to sc32f1xxx_tim.o(i.TIM_ICInit) for TIM_ICInit
    sc_init.o(i.SC_TIM1_Init) refers to sc32f1xxx_tim.o(i.TIM_ICCmd) for TIM_ICCmd
    sc_init.o(i.SC_TIM1_Init) refers to sc32f1xxx_tim.o(i.TIM_PWMInit) for TIM_PWMInit
[...]
    startup_sc32f10xx.o(RESET) refers to sc_it.o(i.DMA0_IRQHandler) for DMA0_IRQHandler
    startup_sc32f10xx.o(RESET) refers to sc_it.o(i.DMA1_IRQHandler) for DMA1_IRQHandler
    startup_sc32f10xx.o(RESET) refers to sc_it.o(i.DMA2_IRQHandler) for DMA2_IRQHandler
    startup_sc32f10xx.o(RESET) refers to sc_it.o(i.DMA3_IRQHandler) for DMA3_IRQHandler
    startup_sc32f10xx.o(RESET) refers to sc_it.o(i.TIMER0_IRQHandler) for TIMER0_IRQHandler
    startup_sc32f10xx.o(RESET) refers to sc_it.o(i.TIMER1_IRQHandler) for TIMER1_IRQHandler
    startup_sc32f10xx.o(RESET) refers to sc_it.o(i.TIMER2_IRQHandler) for TIMER2_IRQHandler
    startup_sc32f10xx.o(RESET) refers to sc_it.o(i.TIMER3_IRQHandler) for TIMER3_IRQHandler
    startup_sc32f10xx.o(RESET) refers to sc_it.o(i.TIMER4_5_IRQHandler) for TIMER4_5_IRQHandler
    startup_sc32f10xx.o(RESET) refers to sc_it.o(i.TIMER6_7_IRQHandler) for TIMER6_7_IRQHandler
    startup_sc32f10xx.o(RESET) refers to sc_it.o(i.PWM0_IRQHandler) for PWM0_IRQHandler
    startup_sc32f10xx.o(RESET) refers to sc_it.o(i.LEDPWM_IRQHandler) for LEDPWM_IRQHandler
    startup_sc32f10xx.o(RESET) refers to sc_it.o(i.TWI0_IRQHandler) for TWI0_IRQHandler
    startup_sc32f10xx.o(RESET) refers to sc_it.o(i.TWI1_IRQHandler) for TWI1_IRQHandler
    startup_sc32f10xx.o(RESET) refers to sc_it.o(i.ADC_IRQHandler) for ADC_IRQHandler
    startup_sc32f10xx.o(RESET) refers to sc_it.o(i.CMP_IRQHandler) for CMP_IRQHandler
    startup_sc32f10xx.o(.text) refers (Special) to heapauxi.o(.text) for __use_two_region_memory
    startup_sc32f10xx.o(.text) refers to system_sc32f1xxx.o(i.SystemInit) for SystemInit
    startup_sc32f10xx.o(.text) refers to __main.o(!!!main) for __main
    startup_sc32f10xx.o(.text) refers to startup_sc32f10xx.o(HEAP) for Heap_Mem
    startup_sc32f10xx.o(.text) refers to startup_sc32f10xx.o(STACK) for Stack_Mem
    buzzer.o(i.Buzzer_Play) refers to sc32f1xxx_tim.o(i.TIM_Cmd) for TIM_Cmd
    buzzer.o(i.Buzzer_Play) refers to buzzer.o(i.PWM_SetHz) for PWM_SetHz
    buzzer.o(i.Buzzer_Play) refers to main.o(i.Delay_ms) for Delay_ms
    buzzer.o(i.Buzzer_Play) refers to buzzer.o(.constdata) for .constdata
    buzzer.o(i.Buzzer_Play) refers to buzzer.o(.data) for .data
    buzzer.o(i.PWM_SetHz) refers to sc32f1xxx_tim.o(i.TIM_SetCounter) for TIM_SetCounter
    buzzer.o(i.PWM_SetHz) refers to sc32f1xxx_tim.o(i.TIM_SetAutoreload) for TIM_SetAutoreload
    buzzer.o(i.test_Buzz) refers to sc32f1xxx_tim.o(i.TIM_Cmd) for TIM_Cmd
    buzzer.o(i.test_Buzz) refers to buzzer.o(i.PWM_SetHz) for PWM_SetHz
    buzzer.o(i.test_Buzz) refers to main.o(i.Delay_ms) for Delay_ms
    __main.o(!!!main) refers to __rtentry.o(.ARM.Collect$$rtentry$$00000000) for __rt_entry
    __rtentry.o(.ARM.Collect$$rtentry$$00000000) refers (Special) to __rtentry2.o(.ARM.Collect$$rtentry$$0000000A) for __rt_entry_li
    __rtentry.o(.ARM.Collect$$rtentry$$00000000) refers (Special) to __rtentry2.o(.ARM.Collect$$rtentry$$0000000D) for __rt_entry_main
    __rtentry.o(.ARM.Collect$$rtentry$$00000000) refers (Special) to __rtentry2.o(.ARM.Collect$$rtentry$$0000000C) for __rt_entry_postli_1
    __rtentry.o(.ARM.Collect$$rtentry$$00000000) refers (Special) to __rtentry2.o(.ARM.Collect$$rtentry$$00000009) for __rt_entry_postsh_1
    __rtentry.o(.ARM.Collect$$rtentry$$00000000) refers (Special) to __rtentry2.o(.ARM.Collect$$rtentry$$00000002) for __rt_entry_presh_1
    __rtentry.o(.ARM.Collect$$rtentry$$00000000) refers (Special) to __rtentry4.o(.ARM.Collect$$rtentry$$00000004) for __rt_entry_sh
    aeabi_idiv0_sigfpe.o(.text) refers to rt_div0.o(.text) for __rt_div0
    __rtentry2.o(.ARM.Collect$$rtentry$$00000008) refers to boardinit2.o(.text) for _platform_post_stackheap_init
    __rtentry2.o(.ARM.Collect$$rtentry$$0000000A) refers to libinit.o(.ARM.Collect$$libinit$$00000000) for __rt_lib_init
    __rtentry2.o(.ARM.Collect$$rtentry$$0000000B) refers to boardinit3.o(.text) for _platform_post_lib_init
    __rtentry2.o(.ARM.Collect$$rtentry$$0000000D) refers to main.o(i.main) for main
    __rtentry2.o(.ARM.Collect$$rtentry$$0000000D) refers to exit.o(.text) for exit
    __rtentry2.o(.ARM.exidx) refers to __rtentry2.o(.ARM.Collect$$rtentry$$00000001) for .ARM.Collect$$rtentry$$00000001
    __rtentry2.o(.ARM.exidx) refers to __rtentry2.o(.ARM.Collect$$rtentry$$00000008) for .ARM.Collect$$rtentry$$00000008
    __rtentry2.o(.ARM.exidx) refers to __rtentry2.o(.ARM.Collect$$rtentry$$0000000A) for .ARM.Collect$$rtentry$$0000000A
    __rtentry2.o(.ARM.exidx) refers to __rtentry2.o(.ARM.Collect$$rtentry$$0000000B) for .ARM.Collect$$rtentry$$0000000B
    __rtentry2.o(.ARM.exidx) refers to __rtentry2.o(.ARM.Collect$$rtentry$$0000000D) for .ARM.Collect$$rtentry$$0000000D
    __rtentry4.o(.ARM.Collect$$rtentry$$00000004) refers to sys_stackheap_outer.o(.text) for __user_setup_stackheap
    __rtentry4.o(.ARM.exidx) refers to __rtentry4.o(.ARM.Collect$$rtentry$$00000004) for .ARM.Collect$$rtentry$$00000004
    rt_div0.o(.text) refers to defsig_fpe_outer.o(.text) for __rt_SIGFPE
    sys_stackheap_outer.o(.text) refers to libspace.o(.text) for __user_perproc_libspace
    sys_stackheap_outer.o(.text) refers to startup_sc32f10xx.o(.text) for __user_initial_stackheap
    sys_stackheap_outer.o(__vectab_stack_and_reset_area) refers to tempstk.o(.text) for __temporary_stack_top
    sys_stackheap_outer.o(__vectab_stack_and_reset_area) refers to __main.o(!!!main) for __main
    exit.o(.text) refers to rtexit.o(.ARM.Collect$$rtexit$$00000000) for __rt_exit
    defsig_fpe_outer.o(.text) refers to defsig_fpe_inner.o(.text) for __rt_SIGFPE_inner
    defsig_fpe_outer.o(.text) refers to defsig_exit.o(.text) for __sig_exit
    defsig_fpe_formal.o(.text) refers to rt_raise.o(.text) for __rt_raise
    libinit.o(.ARM.Collect$$libinit$$00000000) refers (Special) to libinit2.o(.ARM.Collect$$libinit$$0000002E) for __rt_lib_init_alloca_1
    libinit.o(.ARM.Collect$$libinit$$00000000) refers (Special) to libinit2.o(.ARM.Collect$$libinit$$0000002C) for __rt_lib_init_argv_1
    libinit.o(.ARM.Collect$$libinit$$00000000) refers (Special) to libinit2.o(.ARM.Collect$$libinit$$0000001B) for __rt_lib_init_atexit_1
    libinit.o(.ARM.Collect$$libinit$$00000000) refers (Special) to libinit2.o(.ARM.Collect$$libinit$$00000021) for __rt_lib_init_clock_1
    libinit.o(.ARM.Collect$$libinit$$00000000) refers (Special) to libinit2.o(.ARM.Collect$$libinit$$00000032) for __rt_lib_init_cpp_1
    libinit.o(.ARM.Collect$$libinit$$00000000) refers (Special) to libinit2.o(.ARM.Collect$$libinit$$00000030) for __rt_lib_init_exceptions_1
    libinit.o(.ARM.Collect$$libinit$$00000000) refers (Special) to libinit2.o(.ARM.Collect$$libinit$$00000002) for __rt_lib_init_fp_1
    libinit.o(.ARM.Collect$$libinit$$00000000) refers (Special) to libinit2.o(.ARM.Collect$$libinit$$0000001F) for __rt_lib_init_fp_trap_1
    libinit.o(.ARM.Collect$$libinit$$00000000) refers (Special) to libinit2.o(.ARM.Collect$$libinit$$00000023) for __rt_lib_init_getenv_1
    libinit.o(.ARM.Collect$$libinit$$00000000) refers (Special) to libinit2.o(.ARM.Collect$$libinit$$0000000A) for __rt_lib_init_heap_1
    libinit.o(.ARM.Collect$$libinit$$00000000) refers (Special) to libinit2.o(.ARM.Collect$$libinit$$00000011) for __rt_lib_init_lc_collate_1
    libinit.o(.ARM.Collect$$libinit$$00000000) refers (Special) to libinit2.o(.ARM.Collect$$libinit$$00000013) for __rt_lib_init_lc_ctype_1
    libinit.o(.ARM.Collect$$libinit$$00000000) refers (Special) to libinit2.o(.ARM.Collect$$libinit$$00000015) for __rt_lib_init_lc_monetary_1
    libinit.o(.ARM.Collect$$libinit$$00000000) refers (Special) to libinit2.o(.ARM.Collect$$libinit$$00000017) for __rt_lib_init_lc_numeric_1
    libinit.o(.ARM.Collect$$libinit$$00000000) refers (Special) to libinit2.o(.ARM.Collect$$libinit$$00000019) for __rt_lib_init_lc_time_1
    libinit.o(.ARM.Collect$$libinit$$00000000) refers (Special) to libinit2.o(.ARM.Collect$$libinit$$00000004) for __rt_lib_init_preinit_1
    libinit.o(.ARM.Collect$$libinit$$00000000) refers (Special) to libinit2.o(.ARM.Collect$$libinit$$0000000E) for __rt_lib_init_rand_1
    libinit.o(.ARM.Collect$$libinit$$00000000) refers (Special) to libinit2.o(.ARM.Collect$$libinit$$00000033) for __rt_lib_init_return
    libinit.o(.ARM.Collect$$libinit$$00000000) refers (Special) to libinit2.o(.ARM.Collect$$libinit$$0000001D) for __rt_lib_init_signal_1
    libinit.o(.ARM.Collect$$libinit$$00000000) refers (Special) to libinit2.o(.ARM.Collect$$libinit$$00000025) for __rt_lib_init_stdio_1
    libinit.o(.ARM.Collect$$libinit$$00000000) refers (Special) to libinit2.o(.ARM.Collect$$libinit$$0000000C) for __rt_lib_init_user_alloc_1
    libspace.o(.text) refers to libspace.o(.bss) for __libspace_start
    rtexit.o(.ARM.Collect$$rtexit$$00000000) refers (Special) to rtexit2.o(.ARM.Collect$$rtexit$$00000004) for __rt_exit_exit
    rtexit.o(.ARM.Collect$$rtexit$$00000000) refers (Special) to rtexit2.o(.ARM.Collect$$rtexit$$00000003) for __rt_exit_ls
    rtexit.o(.ARM.Collect$$rtexit$$00000000) refers (Special) to rtexit2.o(.ARM.Collect$$rtexit$$00000002) for __rt_exit_prels_1
    rtexit.o(.ARM.exidx) refers (Special) to rtexit2.o(.ARM.Collect$$rtexit$$00000004) for __rt_exit_exit
    rtexit.o(.ARM.exidx) refers (Special) to rtexit2.o(.ARM.Collect$$rtexit$$00000003) for __rt_exit_ls
    rtexit.o(.ARM.exidx) refers (Special) to rtexit2.o(.ARM.Collect$$rtexit$$00000002) for __rt_exit_prels_1
    rtexit.o(.ARM.exidx) refers to rtexit.o(.ARM.Collect$$rtexit$$00000000) for .ARM.Collect$$rtexit$$00000000
    rt_raise.o(.text) refers to __raise.o(.text) for __raise
    rt_raise.o(.text) refers to sys_exit.o(.text) for _sys_exit
    defsig_exit.o(.text) refers to sys_exit.o(.text) for _sys_exit
    defsig_fpe_inner.o(.text) refers to defsig_general.o(.text) for __default_signal_display
    libinit2.o(.ARM.Collect$$libinit$$00000010) refers to libinit2.o(.ARM.Collect$$libinit$$0000000F) for .ARM.Collect$$libinit$$0000000F
    libinit2.o(.ARM.Collect$$libinit$$00000012) refers to libinit2.o(.ARM.Collect$$libinit$$0000000F) for .ARM.Collect$$libinit$$0000000F
    libinit2.o(.ARM.Collect$$libinit$$00000014) refers to libinit2.o(.ARM.Collect$$libinit$$0000000F) for .ARM.Collect$$libinit$$0000000F
    libinit2.o(.ARM.Collect$$libinit$$00000016) refers to libinit2.o(.ARM.Collect$$libinit$$0000000F) for .ARM.Collect$$libinit$$0000000F
    libinit2.o(.ARM.Collect$$libinit$$00000018) refers to libinit2.o(.ARM.Collect$$libinit$$0000000F) for .ARM.Collect$$libinit$$0000000F
    libinit2.o(.ARM.Collect$$libinit$$00000026) refers to argv_veneer.o(.text) for __ARM_argv_veneer
    libinit2.o(.ARM.Collect$$libinit$$00000027) refers to argv_veneer.o(.text) for __ARM_argv_veneer
    sys_exit.o(.text) refers (Special) to use_no_semi.o(.text) for __I$use$semihosting
    sys_exit.o(.text) refers (Special) to indicate_semi.o(.text) for __semihosting_library_function
    rtexit2.o(.ARM.Collect$$rtexit$$00000003) refers to libshutdown.o(.ARM.Collect$$libshutdown$$00000000) for __rt_lib_shutdown
    rtexit2.o(.ARM.Collect$$rtexit$$00000004) refers to sys_exit.o(.text) for _sys_exit
    rtexit2.o(.ARM.exidx) refers to rtexit2.o(.ARM.Collect$$rtexit$$00000001) for .ARM.Collect$$rtexit$$00000001
    rtexit2.o(.ARM.exidx) refers to rtexit2.o(.ARM.Collect$$rtexit$$00000003) for .ARM.Collect$$rtexit$$00000003
    rtexit2.o(.ARM.exidx) refers to rtexit2.o(.ARM.Collect$$rtexit$$00000004) for .ARM.Collect$$rtexit$$00000004
    __raise.o(.text) refers to defsig.o(CL$$defsig) for __default_signal_handler
    defsig_general.o(.text) refers to sys_wrch.o(.text) for _ttywrch
    sys_wrch.o(.text) refers (Special) to use_no_semi.o(.text) for __I$use$semihosting
    sys_wrch.o(.text) refers (Special) to indicate_semi.o(.text) for __semihosting_library_function
    defsig.o(CL$$defsig) refers to defsig_fpe_inner.o(.text) for __rt_SIGFPE_inner
    defsig.o(CL$$defsig) refers to defsig_rtmem_inner.o(.text) for __rt_SIGRTMEM_inner
    _get_argv_nomalloc.o(.text) refers (Special) to hrguard.o(.text) for __heap_region$guard
    _get_argv_nomalloc.o(.text) refers to defsig_rtmem_outer.o(.text) for __rt_SIGRTMEM
    _get_argv_nomalloc.o(.text) refers to sys_command.o(.text) for _sys_command_string
    libshutdown.o(.ARM.Collect$$libshutdown$$00000000) refers (Special) to libshutdown2.o(.ARM.Collect$$libshutdown$$00000004) for __rt_lib_shutdown_cpp_1
    libshutdown.o(.ARM.Collect$$libshutdown$$00000000) refers (Special) to libshutdown2.o(.ARM.Collect$$libshutdown$$00000002) for __rt_lib_shutdown_fini_1
    libshutdown.o(.ARM.Collect$$libshutdown$$00000000) refers (Special) to libshutdown2.o(.ARM.Collect$$libshutdown$$00000009) for __rt_lib_shutdown_fp_trap_1
    libshutdown.o(.ARM.Collect$$libshutdown$$00000000) refers (Special) to libshutdown2.o(.ARM.Collect$$libshutdown$$00000011) for __rt_lib_shutdown_heap_1
    libshutdown.o(.ARM.Collect$$libshutdown$$00000000) refers (Special) to libshutdown2.o(.ARM.Collect$$libshutdown$$00000012) for __rt_lib_shutdown_return
    libshutdown.o(.ARM.Collect$$libshutdown$$00000000) refers (Special) to libshutdown2.o(.ARM.Collect$$libshutdown$$0000000C) for __rt_lib_shutdown_signal_1
    libshutdown.o(.ARM.Collect$$libshutdown$$00000000) refers (Special) to libshutdown2.o(.ARM.Collect$$libshutdown$$00000006) for __rt_lib_shutdown_stdio_1
    libshutdown.o(.ARM.Collect$$libshutdown$$00000000) refers (Special) to libshutdown2.o(.ARM.Collect$$libshutdown$$0000000E) for __rt_lib_shutdown_user_alloc_1
    sys_command.o(.text) refers (Special) to use_no_semi.o(.text) for __I$use$semihosting
    sys_command.o(.text) refers (Special) to indicate_semi.o(.text) for __semihosting_library_function
    defsig_abrt_inner.o(.text) refers to defsig_general.o(.text) for __default_signal_display
    defsig_rtred_inner.o(.text) refers to defsig_general.o(.text) for __default_signal_display
    defsig_rtmem_inner.o(.text) refers to defsig_general.o(.text) for __default_signal_display
    defsig_rtmem_outer.o(.text) refers to defsig_rtmem_inner.o(.text) for __rt_SIGRTMEM_inner
    defsig_rtmem_outer.o(.text) refers to defsig_exit.o(.text) for __sig_exit
    defsig_rtmem_formal.o(.text) refers to rt_raise.o(.text) for __rt_raise
    defsig_stak_inner.o(.text) refers to defsig_general.o(.text) for __default_signal_display
    defsig_pvfn_inner.o(.text) refers to defsig_general.o(.text) for __default_signal_display
    defsig_cppl_inner.o(.text) refers to defsig_general.o(.text) for __default_signal_display
    defsig_segv_inner.o(.text) refers to defsig_general.o(.text) for __default_signal_display
    defsig_other.o(.text) refers to defsig_general.o(.text) for __default_signal_display


==============================================================================

Removing Unused input sections from the image.

    Removing main.o(.rev16_text), (4 bytes).
    Removing main.o(.revsh_text), (4 bytes).
    Removing system_sc32f1xxx.o(.rev16_text), (4 bytes).
    Removing system_sc32f1xxx.o(.revsh_text), (4 bytes).
    Removing sc_it.o(.rev16_text), (4 bytes).
    Removing sc_it.o(.revsh_text), (4 bytes).
    Removing sc_it.o(i.CAN_IRQHandler), (2 bytes).
    Removing sc_it.o(i.CMP0_1_2_IRQHandler), (2 bytes).
    Removing sc_it.o(i.CMP3_IRQHandler), (2 bytes).
    Removing sc_it.o(i.EPWM_IRQHandler), (2 bytes).
    Removing sc_it.o(i.OP1_OP2_IRQHandler), (2 bytes).
    Removing sc_it.o(i.PCAP_IRQHandler), (2 bytes).
    Removing sc_it.o(i.QEP0_IRQHandler), (2 bytes).
    Removing sc_it.o(i.QEP1_IRQHandler), (2 bytes).
    Removing sc_it.o(i.SPI1_2_IRQHandler), (2 bytes).
    Removing sc_it.o(i.SPI1_TWI1_IRQHandler), (2 bytes).
    Removing sc_it.o(i.UART0_2_4_IRQHandler), (2 bytes).
    Removing sc_it.o(i.UART1_3_5_IRQHandler), (2 bytes).
    Removing sc_it.o(i.UART1_IRQHandler), (2 bytes).
    Removing sc_init.o(.rev16_text), (4 bytes).
    Removing sc_init.o(.revsh_text), (4 bytes).
    Removing sc_init.o(i.SC_ACMP0_Init), (2 bytes).
    Removing sc_init.o(i.SC_ACMP1_Init), (2 bytes).
    Removing sc_init.o(i.SC_ACMP2_Init), (2 bytes).
    Removing sc_init.o(i.SC_ACMP3_Init), (2 bytes).
    Removing sc_init.o(i.SC_ACMP_Init), (2 bytes).
    Removing sc_init.o(i.SC_BTM_Init), (2 bytes).
    Removing sc_init.o(i.SC_CAN_Init), (2 bytes).
    Removing sc_init.o(i.SC_CRC_Init), (2 bytes).
    Removing sc_init.o(i.SC_DAC_Init), (2 bytes).
    Removing sc_init.o(i.SC_DMA0_Init), (2 bytes).
    Removing sc_init.o(i.SC_DMA1_Init), (2 bytes).
    Removing sc_init.o(i.SC_DMA2_Init), (2 bytes).
    Removing sc_init.o(i.SC_DMA3_Init), (2 bytes).
    Removing sc_init.o(i.SC_EPWM_Init), (2 bytes).
    Removing sc_init.o(i.SC_IAP_Init), (2 bytes).
    Removing sc_init.o(i.SC_INT_Init), (2 bytes).
    Removing sc_init.o(i.SC_LCD_Init), (2 bytes).
    Removing sc_init.o(i.SC_LEDPWM_Init), (2 bytes).
    Removing sc_init.o(i.SC_LED_Init), (2 bytes).
    Removing sc_init.o(i.SC_MR_Init), (2 bytes).
    Removing sc_init.o(i.SC_NVIC_Init), (2 bytes).
    Removing sc_init.o(i.SC_OP0_Init), (2 bytes).
    Removing sc_init.o(i.SC_OP1_Init), (2 bytes).
    Removing sc_init.o(i.SC_OP2_Init), (2 bytes).
    Removing sc_init.o(i.SC_OP_Init), (2 bytes).
    Removing sc_init.o(i.SC_PCAP_Init), (2 bytes).
    Removing sc_init.o(i.SC_PWR_Init), (2 bytes).
    Removing sc_init.o(i.SC_QEP0_Init), (2 bytes).
    Removing sc_init.o(i.SC_QEP1_Init), (2 bytes).
    Removing sc_init.o(i.SC_SPI0_Init), (2 bytes).
    Removing sc_init.o(i.SC_SPI1_Init), (2 bytes).
    Removing sc_init.o(i.SC_SPI2_Init), (2 bytes).
    Removing sc_init.o(i.SC_TIM0_Init), (2 bytes).
    Removing sc_init.o(i.SC_TIM3_Init), (2 bytes).
    Removing sc_init.o(i.SC_TIM4_Init), (2 bytes).
    Removing sc_init.o(i.SC_TIM5_Init), (2 bytes).
    Removing sc_init.o(i.SC_TIM6_Init), (2 bytes).
    Removing sc_init.o(i.SC_TIM7_Init), (2 bytes).
    Removing sc_init.o(i.SC_TWI1_Init), (2 bytes).
    Removing sc_init.o(i.SC_TemperSensor_Init), (2 bytes).
    Removing sc_init.o(i.SC_UART0_Init), (2 bytes).
    Removing sc_init.o(i.SC_UART1_Init), (2 bytes).
    Removing sc_init.o(i.SC_UART2_Init), (2 bytes).
    Removing sc_init.o(i.SC_UART3_Init), (2 bytes).
    Removing sc_init.o(i.SC_UART4_Init), (2 bytes).
    Removing sc_init.o(i.SC_UART5_Init), (2 bytes).
    Removing sc_init.o(i.SC_VREF_Init), (2 bytes).
    Removing sc_init.o(i.SC_WDT_Init), (2 bytes).
    Removing sysfunvardefine.o(.rev16_text), (4 bytes).
    Removing sysfunvardefine.o(.revsh_text), (4 bytes).
    Removing compctrldefine.o(.rev16_text), (4 bytes).
    Removing compctrldefine.o(.revsh_text), (4 bytes).
    Removing callbackfunction.o(.rev16_text), (4 bytes).
    Removing callbackfunction.o(.revsh_text), (4 bytes).
    Removing callbackfunction.o(i.Customer_BTM_Dispose), (2 bytes).
    Removing callbackfunction.o(i.Customer_IntoLowPowerMode_Init), (2 bytes).
    Removing callbackfunction.o(i.Customer_QuitLowPowerMode_Init), (2 bytes).
    Removing sc32f1xxx_tim.o(.rev16_text), (4 bytes).
    Removing sc32f1xxx_tim.o(.revsh_text), (4 bytes).
    Removing sc32f1xxx_tim.o(i.TIM_ClockOutputCmd), (20 bytes).
    Removing sc32f1xxx_tim.o(i.TIM_DeInit), (192 bytes).
    Removing sc32f1xxx_tim.o(i.TIM_GetAutoreload), (6 bytes).
    Removing sc32f1xxx_tim.o(i.TIM_GetCounter), (4 bytes).
    Removing sc32f1xxx_tim.o(i.TIM_GetFailingCapture), (4 bytes).
    Removing sc32f1xxx_tim.o(i.TIM_GetFlagStatus), (14 bytes).
    Removing sc32f1xxx_tim.o(i.TIM_GetPrescaler), (10 bytes).
    Removing sc32f1xxx_tim.o(i.TIM_GetRisingCapture), (4 bytes).
    Removing sc32f1xxx_tim.o(i.TIM_ICStructInit), (8 bytes).
    Removing sc32f1xxx_tim.o(i.TIM_PWMGetDuty), (14 bytes).
    Removing sc32f1xxx_tim.o(i.TIM_PWMStructInit), (8 bytes).
    Removing sc32f1xxx_tim.o(i.TIM_SetPerscaler), (18 bytes).
    Removing sc32f1xxx_tim.o(i.TIM_TimeBaseStructInit), (14 bytes).
    Removing sc32f1xxx_adc.o(.rev16_text), (4 bytes).
    Removing sc32f1xxx_adc.o(.revsh_text), (4 bytes).
    Removing sc32f1xxx_adc.o(i.ADC_ConvModeConfig), (20 bytes).
    Removing sc32f1xxx_adc.o(i.ADC_DeInit), (14 bytes).
    Removing sc32f1xxx_adc.o(i.ADC_GetChannel), (8 bytes).
    Removing sc32f1xxx_adc.o(i.ADC_GetConversionValue), (6 bytes).
    Removing sc32f1xxx_adc.o(i.ADC_GetFlagStatus), (14 bytes).
    Removing sc32f1xxx_adc.o(i.ADC_SoftwareStartConv), (10 bytes).
    Removing sc32f1xxx_adc.o(i.ADC_StructInit), (16 bytes).
    Removing sc32f1xxx_pwm.o(.rev16_text), (4 bytes).
    Removing sc32f1xxx_pwm.o(.revsh_text), (4 bytes).
    Removing sc32f1xxx_pwm.o(i.PWM_DeInit), (32 bytes).
    Removing sc32f1xxx_pwm.o(i.PWM_FDStructInit), (10 bytes).
    Removing sc32f1xxx_pwm.o(i.PWM_FallingDeadTimeConfig), (16 bytes).
    Removing sc32f1xxx_pwm.o(i.PWM_GetCycle), (6 bytes).
    Removing sc32f1xxx_pwm.o(i.PWM_GetDuty), (36 bytes).
    Removing sc32f1xxx_pwm.o(i.PWM_GetFlagStatus), (14 bytes).
    Removing sc32f1xxx_pwm.o(i.PWM_GetPrescaler), (8 bytes).
    Removing sc32f1xxx_pwm.o(i.PWM_RisingDeadTimeConfig), (12 bytes).
    Removing sc32f1xxx_pwm.o(i.PWM_SetCycle), (4 bytes).
    Removing sc32f1xxx_pwm.o(i.PWM_SetPrescaler), (20 bytes).
    Removing sc32f1xxx_pwm.o(i.PWM_StructInit), (16 bytes).
    Removing sc32f1xxx_twi.o(.rev16_text), (4 bytes).
    Removing sc32f1xxx_twi.o(.revsh_text), (4 bytes).
    Removing sc32f1xxx_twi.o(i.TWI_AcknowledgeConfig), (24 bytes).
    Removing sc32f1xxx_twi.o(i.TWI_ClearFlag), (8 bytes).
    Removing sc32f1xxx_twi.o(i.TWI_DeInit), (60 bytes).
    Removing sc32f1xxx_twi.o(i.TWI_GeneralCallCmd), (24 bytes).
    Removing sc32f1xxx_twi.o(i.TWI_GenerateSTART), (24 bytes).
    Removing sc32f1xxx_twi.o(i.TWI_GenerateSTOP), (24 bytes).
    Removing sc32f1xxx_twi.o(i.TWI_GetFlagStatus), (14 bytes).
    Removing sc32f1xxx_twi.o(i.TWI_GetNbytes), (8 bytes).
    Removing sc32f1xxx_twi.o(i.TWI_GetStateMachine), (10 bytes).
    Removing sc32f1xxx_twi.o(i.TWI_ReceiveData), (6 bytes).
    Removing sc32f1xxx_twi.o(i.TWI_Send7bitAddress), (22 bytes).
    Removing sc32f1xxx_twi.o(i.TWI_SendData), (4 bytes).
    Removing sc32f1xxx_twi.o(i.TWI_SetNbytes), (6 bytes).
    Removing sc32f1xxx_twi.o(i.TWI_StretchClockConfig), (24 bytes).
    Removing sc32f1xxx_twi.o(i.TWI_StructInit), (16 bytes).
    Removing sc32f1xxx_option.o(.rev16_text), (4 bytes).
    Removing sc32f1xxx_option.o(.revsh_text), (4 bytes).
    Removing sc32f1xxx_option.o(i.OPTION_IAPPORA), (20 bytes).
    Removing sc32f1xxx_option.o(i.OPTION_IAPPORB), (20 bytes).
    Removing sc32f1xxx_option.o(i.OPTION_JTAGCmd), (32 bytes).
    Removing sc32f1xxx_option.o(i.OPTION_LVRConfig), (28 bytes).
    Removing sc32f1xxx_option.o(i.OPTION_WDTCmd), (32 bytes).
    Removing sc32f1xxx_rcc.o(.rev16_text), (4 bytes).
    Removing sc32f1xxx_rcc.o(.revsh_text), (4 bytes).
    Removing sc32f1xxx_rcc.o(i.RCC_AHBPeriphClockCmd), (24 bytes).
    Removing sc32f1xxx_rcc.o(i.RCC_AHBPeriphResetCmd), (24 bytes).
    Removing sc32f1xxx_rcc.o(i.RCC_APB0PeriphResetCmd), (24 bytes).
    Removing sc32f1xxx_rcc.o(i.RCC_APB1Cmd), (28 bytes).
    Removing sc32f1xxx_rcc.o(i.RCC_APB1Config), (24 bytes).
    Removing sc32f1xxx_rcc.o(i.RCC_APB1PeriphClockCmd), (24 bytes).
    Removing sc32f1xxx_rcc.o(i.RCC_APB1PeriphResetCmd), (24 bytes).
    Removing sc32f1xxx_rcc.o(i.RCC_APB2PeriphClockCmd), (24 bytes).
    Removing sc32f1xxx_rcc.o(i.RCC_APB2PeriphResetCmd), (24 bytes).
    Removing sc32f1xxx_rcc.o(i.RCC_BTMCLKConfig), (32 bytes).
    Removing sc32f1xxx_rcc.o(i.RCC_DeInit), (28 bytes).
    Removing sc32f1xxx_rcc.o(i.RCC_GetClocksFreq), (168 bytes).
    Removing sc32f1xxx_rcc.o(i.RCC_GetFlagStatus), (20 bytes).
    Removing sc32f1xxx_rcc.o(i.RCC_GetSYSCLKSource), (32 bytes).
    Removing sc32f1xxx_rcc.o(i.RCC_LCDLEDCLKConfig), (32 bytes).
    Removing sc32f1xxx_rcc.o(i.RCC_NMICmd), (32 bytes).
    Removing sc32f1xxx_rcc.o(i.RCC_PLLCmd), (36 bytes).
    Removing sc32f1xxx_rcc.o(i.RCC_PLLConfig), (52 bytes).
    Removing sc32f1xxx_rcc.o(i.RCC_PLLRCmd), (36 bytes).
    Removing sc32f1xxx_rcc.o(i.RCC_SystickGetFlagStatus), (20 bytes).
    Removing sc32f1xxx_rcc.o(i.RCC_WaitConfig), (36 bytes).
    Removing sc32f1xxx_gpio.o(.rev16_text), (4 bytes).
    Removing sc32f1xxx_gpio.o(.revsh_text), (4 bytes).
    Removing sc32f1xxx_gpio.o(i.GPIO_DeInit), (32 bytes).
    Removing sc32f1xxx_gpio.o(i.GPIO_ReadData), (6 bytes).
    Removing sc32f1xxx_gpio.o(i.GPIO_ReadDataBit), (10 bytes).
    Removing sc32f1xxx_gpio.o(i.GPIO_ResetBits), (30 bytes).
    Removing sc32f1xxx_gpio.o(i.GPIO_SetBits), (30 bytes).
    Removing sc32f1xxx_gpio.o(i.GPIO_SetDriveLevel), (40 bytes).
    Removing sc32f1xxx_gpio.o(i.GPIO_TogglePins), (34 bytes).
    Removing sc32f1xxx_gpio.o(i.GPIO_Write), (4 bytes).
    Removing sc32f1xxx_gpio.o(i.GPIO_WriteBit), (16 bytes).
    Removing buzzer.o(.rev16_text), (4 bytes).
    Removing buzzer.o(.revsh_text), (4 bytes).
    Removing buzzer.o(i.Buzzer_Play), (100 bytes).
    Removing buzzer.o(.constdata), (482 bytes).
    Removing buzzer.o(.data), (4 bytes).

178 unused section(s) (total 2764 bytes) removed from the image.

==============================================================================

Image Symbol Table

    Local Symbols

    Symbol Name                              Value     Ov Type        Size  Object(Section)

    ../clib/angel/boardlib.s                 0x00000000   Number         0  boardinit1.o ABSOLUTE
    ../clib/angel/boardlib.s                 0x00000000   Number         0  boardinit3.o ABSOLUTE
    ../clib/angel/boardlib.s                 0x00000000   Number         0  boardinit2.o ABSOLUTE
    ../clib/angel/boardlib.s                 0x00000000   Number         0  boardshut.o ABSOLUTE
    ../clib/angel/handlers.s                 0x00000000   Number         0  __scatter_zi.o ABSOLUTE
    ../clib/angel/kernel.s                   0x00000000   Number         0  __rtentry4.o ABSOLUTE
    ../clib/angel/kernel.s                   0x00000000   Number         0  rtexit2.o ABSOLUTE
    ../clib/angel/kernel.s                   0x00000000   Number         0  __rtentry2.o ABSOLUTE
    ../clib/angel/kernel.s                   0x00000000   Number         0  __rtentry.o ABSOLUTE
    ../clib/angel/kernel.s                   0x00000000   Number         0  rtexit.o ABSOLUTE
    ../clib/angel/rt.s                       0x00000000   Number         0  rt_raise.o ABSOLUTE
    ../clib/angel/rt.s                       0x00000000   Number         0  rt_div0.o ABSOLUTE
    ../clib/angel/rt.s                       0x00000000   Number         0  aeabi_idiv0_sigfpe.o ABSOLUTE
    ../clib/angel/rt.s                       0x00000000   Number         0  aeabi_idiv0.o ABSOLUTE
    ../clib/angel/scatterp.s                 0x00000000   Number         0  __scatter.o ABSOLUTE
    ../clib/angel/startup.s                  0x00000000   Number         0  __main.o ABSOLUTE
    ../clib/angel/sys.s                      0x00000000   Number         0  use_no_semi.o ABSOLUTE
    ../clib/angel/sys.s                      0x00000000   Number         0  sys_stackheap_outer.o ABSOLUTE
    ../clib/angel/sys.s                      0x00000000   Number         0  tempstk.o ABSOLUTE
    ../clib/angel/sys.s                      0x00000000   Number         0  libspace.o ABSOLUTE
    ../clib/angel/sys.s                      0x00000000   Number         0  indicate_semi.o ABSOLUTE
    ../clib/angel/sysapp.c                   0x00000000   Number         0  sys_exit.o ABSOLUTE
    ../clib/angel/sysapp.c                   0x00000000   Number         0  sys_wrch.o ABSOLUTE
    ../clib/angel/sysapp.c                   0x00000000   Number         0  sys_command.o ABSOLUTE
    ../clib/armsys.c                         0x00000000   Number         0  argv_veneer.o ABSOLUTE
    ../clib/armsys.c                         0x00000000   Number         0  no_argv.o ABSOLUTE
    ../clib/armsys.c                         0x00000000   Number         0  _get_argv_nomalloc.o ABSOLUTE
    ../clib/division.s                       0x00000000   Number         0  aeabi_sdiv_div0.o ABSOLUTE
    ../clib/division.s                       0x00000000   Number         0  aeabi_sdiv.o ABSOLUTE
    ../clib/heapalloc.c                      0x00000000   Number         0  hrguard.o ABSOLUTE
    ../clib/heapaux.c                        0x00000000   Number         0  heapauxi.o ABSOLUTE
    ../clib/libinit.s                        0x00000000   Number         0  libinit.o ABSOLUTE
    ../clib/libinit.s                        0x00000000   Number         0  libinit2.o ABSOLUTE
    ../clib/libinit.s                        0x00000000   Number         0  libshutdown.o ABSOLUTE
    ../clib/libinit.s                        0x00000000   Number         0  libshutdown2.o ABSOLUTE
    ../clib/signal.c                         0x00000000   Number         0  defsig_fpe_formal.o ABSOLUTE
    ../clib/signal.c                         0x00000000   Number         0  defsig_general.o ABSOLUTE
    ../clib/signal.c                         0x00000000   Number         0  defsig_other.o ABSOLUTE
    ../clib/signal.c                         0x00000000   Number         0  defsig_cppl_inner.o ABSOLUTE
    ../clib/signal.c                         0x00000000   Number         0  defsig_fpe_inner.o ABSOLUTE
    ../clib/signal.c                         0x00000000   Number         0  defsig_fpe_outer.o ABSOLUTE
    ../clib/signal.c                         0x00000000   Number         0  defsig_pvfn_inner.o ABSOLUTE
    ../clib/signal.c                         0x00000000   Number         0  defsig_segv_inner.o ABSOLUTE
    ../clib/signal.c                         0x00000000   Number         0  defsig_exit.o ABSOLUTE
    ../clib/signal.c                         0x00000000   Number         0  __raise.o ABSOLUTE
    ../clib/signal.c                         0x00000000   Number         0  defsig_abrt_inner.o ABSOLUTE
    ../clib/signal.c                         0x00000000   Number         0  defsig_stak_inner.o ABSOLUTE
    ../clib/signal.c                         0x00000000   Number         0  defsig_rtmem_formal.o ABSOLUTE
    ../clib/signal.c                         0x00000000   Number         0  defsig_rtmem_outer.o ABSOLUTE
    ../clib/signal.c                         0x00000000   Number         0  defsig_rtmem_inner.o ABSOLUTE
    ../clib/signal.c                         0x00000000   Number         0  defsig_rtred_inner.o ABSOLUTE
    ../clib/signal.s                         0x00000000   Number         0  defsig.o ABSOLUTE
    ../clib/stdlib.c                         0x00000000   Number         0  exit.o ABSOLUTE
    ../fplib/cfplib/fpinit.c                 0x00000000   Number         0  fpinit.o ABSOLUTE
    ..\Buzz\Src\Buzzer.c                     0x00000000   Number         0  buzzer.o ABSOLUTE
    ..\FWLib\SC32F1XXX_Lib\src\sc32f1xxx_adc.c 0x00000000   Number         0  sc32f1xxx_adc.o ABSOLUTE
    ..\FWLib\SC32F1XXX_Lib\src\sc32f1xxx_gpio.c 0x00000000   Number         0  sc32f1xxx_gpio.o ABSOLUTE
    ..\FWLib\SC32F1XXX_Lib\src\sc32f1xxx_option.c 0x00000000   Number         0  sc32f1xxx_option.o ABSOLUTE
    ..\FWLib\SC32F1XXX_Lib\src\sc32f1xxx_pwm.c 0x00000000   Number         0  sc32f1xxx_pwm.o ABSOLUTE
    ..\FWLib\SC32F1XXX_Lib\src\sc32f1xxx_rcc.c 0x00000000   Number         0  sc32f1xxx_rcc.o ABSOLUTE
    ..\FWLib\SC32F1XXX_Lib\src\sc32f1xxx_tim.c 0x00000000   Number         0  sc32f1xxx_tim.o ABSOLUTE
    ..\FWLib\SC32F1XXX_Lib\src\sc32f1xxx_twi.c 0x00000000   Number         0  sc32f1xxx_twi.o ABSOLUTE
    ..\User\CallBackFunction.c               0x00000000   Number         0  callbackfunction.o ABSOLUTE
    ..\User\CompCtrlDefine.c                 0x00000000   Number         0  compctrldefine.o ABSOLUTE
    ..\User\Delay.c                          0x00000000   Number         0  delay.o ABSOLUTE
    ..\User\SC_Init.c                        0x00000000   Number         0  sc_init.o ABSOLUTE
    ..\User\SC_it.c                          0x00000000   Number         0  sc_it.o ABSOLUTE
    ..\User\SysFunVarDefine.c                0x00000000   Number         0  sysfunvardefine.o ABSOLUTE
    ..\User\main.c                           0x00000000   Number         0  main.o ABSOLUTE
    ..\User\system_sc32f1xxx.c               0x00000000   Number         0  system_sc32f1xxx.o ABSOLUTE
    ..\\Buzz\\Src\\Buzzer.c                  0x00000000   Number         0  buzzer.o ABSOLUTE
    ..\\FWLib\\SC32F1XXX_Lib\\src\\sc32f1xxx_adc.c 0x00000000   Number         0  sc32f1xxx_adc.o ABSOLUTE
    ..\\FWLib\\SC32F1XXX_Lib\\src\\sc32f1xxx_gpio.c 0x00000000   Number         0  sc32f1xxx_gpio.o ABSOLUTE
    ..\\FWLib\\SC32F1XXX_Lib\\src\\sc32f1xxx_option.c 0x00000000   Number         0  sc32f1xxx_option.o ABSOLUTE
    ..\\FWLib\\SC32F1XXX_Lib\\src\\sc32f1xxx_pwm.c 0x00000000   Number         0  sc32f1xxx_pwm.o ABSOLUTE
    ..\\FWLib\\SC32F1XXX_Lib\\src\\sc32f1xxx_rcc.c 0x00000000   Number         0  sc32f1xxx_rcc.o ABSOLUTE
    ..\\FWLib\\SC32F1XXX_Lib\\src\\sc32f1xxx_tim.c 0x00000000   Number         0  sc32f1xxx_tim.o ABSOLUTE
    ..\\FWLib\\SC32F1XXX_Lib\\src\\sc32f1xxx_twi.c 0x00000000   Number         0  sc32f1xxx_twi.o ABSOLUTE
    ..\\User\\CallBackFunction.c             0x00000000   Number         0  callbackfunction.o ABSOLUTE
    ..\\User\\CompCtrlDefine.c               0x00000000   Number         0  compctrldefine.o ABSOLUTE
    ..\\User\\SC_Init.c                      0x00000000   Number         0  sc_init.o ABSOLUTE
    ..\\User\\SC_it.c                        0x00000000   Number         0  sc_it.o ABSOLUTE
    ..\\User\\SysFunVarDefine.c              0x00000000   Number         0  sysfunvardefine.o ABSOLUTE
    ..\\User\\main.c                         0x00000000   Number         0  main.o ABSOLUTE
    ..\\User\\system_sc32f1xxx.c             0x00000000   Number         0  system_sc32f1xxx.o ABSOLUTE
    .\startup_sc32f10xx.s                    0x00000000   Number         0  startup_sc32f10xx.o ABSOLUTE
    dc.s                                     0x00000000   Number         0  dc.o ABSOLUTE
    RESET                                    0x08000000   Section      192  startup_sc32f10xx.o(RESET)
    !!!main                                  0x080000c0   Section        8  __main.o(!!!main)
    !!!scatter                               0x080000c8   Section       60  __scatter.o(!!!scatter)
    !!handler_zi                             0x08000104   Section       28  __scatter_zi.o(!!handler_zi)
    .ARM.Collect$$libinit$$00000000          0x08000120   Section        2  libinit.o(.ARM.Collect$$libinit$$00000000)
    .ARM.Collect$$libinit$$00000002          0x08000122   Section        0  libinit2.o(.ARM.Collect$$libinit$$00000002)
    .ARM.Collect$$libinit$$00000004          0x08000122   Section        0  libinit2.o(.ARM.Collect$$libinit$$00000004)
    .ARM.Collect$$libinit$$0000000A          0x08000122   Section        0  libinit2.o(.ARM.Collect$$libinit$$0000000A)
    .ARM.Collect$$libinit$$0000000C          0x08000122   Section        0  libinit2.o(.ARM.Collect$$libinit$$0000000C)
    .ARM.Collect$$libinit$$0000000E          0x08000122   Section        0  libinit2.o(.ARM.Collect$$libinit$$0000000E)
    .ARM.Collect$$libinit$$00000011          0x08000122   Section        0  libinit2.o(.ARM.Collect$$libinit$$00000011)
    .ARM.Collect$$libinit$$00000013          0x08000122   Section        0  libinit2.o(.ARM.Collect$$libinit$$00000013)
    .ARM.Collect$$libinit$$00000015          0x08000122   Section        0  libinit2.o(.ARM.Collect$$libinit$$00000015)
    .ARM.Collect$$libinit$$00000017          0x08000122   Section        0  libinit2.o(.ARM.Collect$$libinit$$00000017)
    .ARM.Collect$$libinit$$00000019          0x08000122   Section        0  libinit2.o(.ARM.Collect$$libinit$$00000019)
    .ARM.Collect$$libinit$$0000001B          0x08000122   Section        0  libinit2.o(.ARM.Collect$$libinit$$0000001B)
    .ARM.Collect$$libinit$$0000001D          0x08000122   Section        0  libinit2.o(.ARM.Collect$$libinit$$0000001D)
    .ARM.Collect$$libinit$$0000001F          0x08000122   Section        0  libinit2.o(.ARM.Collect$$libinit$$0000001F)
    .ARM.Collect$$libinit$$00000021          0x08000122   Section        0  libinit2.o(.ARM.Collect$$libinit$$00000021)
    .ARM.Collect$$libinit$$00000023          0x08000122   Section        0  libinit2.o(.ARM.Collect$$libinit$$00000023)
    .ARM.Collect$$libinit$$00000025          0x08000122   Section        0  libinit2.o(.ARM.Collect$$libinit$$00000025)
    .ARM.Collect$$libinit$$0000002C          0x08000122   Section        0  libinit2.o(.ARM.Collect$$libinit$$0000002C)
    .ARM.Collect$$libinit$$0000002E          0x08000122   Section        0  libinit2.o(.ARM.Collect$$libinit$$0000002E)
    .ARM.Collect$$libinit$$00000030          0x08000122   Section        0  libinit2.o(.ARM.Collect$$libinit$$00000030)
    .ARM.Collect$$libinit$$00000032          0x08000122   Section        0  libinit2.o(.ARM.Collect$$libinit$$00000032)
    .ARM.Collect$$libinit$$00000033          0x08000122   Section        2  libinit2.o(.ARM.Collect$$libinit$$00000033)
    .ARM.Collect$$libshutdown$$00000000      0x08000124   Section        2  libshutdown.o(.ARM.Collect$$libshutdown$$00000000)
    .ARM.Collect$$libshutdown$$00000002      0x08000126   Section        0  libshutdown2.o(.ARM.Collect$$libshutdown$$00000002)
    .ARM.Collect$$libshutdown$$00000004      0x08000126   Section        0  libshutdown2.o(.ARM.Collect$$libshutdown$$00000004)
    .ARM.Collect$$libshutdown$$00000006      0x08000126   Section        0  libshutdown2.o(.ARM.Collect$$libshutdown$$00000006)
    .ARM.Collect$$libshutdown$$00000009      0x08000126   Section        0  libshutdown2.o(.ARM.Collect$$libshutdown$$00000009)
    .ARM.Collect$$libshutdown$$0000000C      0x08000126   Section        0  libshutdown2.o(.ARM.Collect$$libshutdown$$0000000C)
    .ARM.Collect$$libshutdown$$0000000E      0x08000126   Section        0  libshutdown2.o(.ARM.Collect$$libshutdown$$0000000E)
    .ARM.Collect$$libshutdown$$00000011      0x08000126   Section        0  libshutdown2.o(.ARM.Collect$$libshutdown$$00000011)
    .ARM.Collect$$libshutdown$$00000012      0x08000126   Section        2  libshutdown2.o(.ARM.Collect$$libshutdown$$00000012)
    .ARM.Collect$$rtentry$$00000000          0x08000128   Section        0  __rtentry.o(.ARM.Collect$$rtentry$$00000000)
    .ARM.Collect$$rtentry$$00000002          0x08000128   Section        0  __rtentry2.o(.ARM.Collect$$rtentry$$00000002)
    .ARM.Collect$$rtentry$$00000004          0x08000128   Section        6  __rtentry4.o(.ARM.Collect$$rtentry$$00000004)
    .ARM.Collect$$rtentry$$00000009          0x0800012e   Section        0  __rtentry2.o(.ARM.Collect$$rtentry$$00000009)
    .ARM.Collect$$rtentry$$0000000A          0x0800012e   Section        4  __rtentry2.o(.ARM.Collect$$rtentry$$0000000A)
    .ARM.Collect$$rtentry$$0000000C          0x08000132   Section        0  __rtentry2.o(.ARM.Collect$$rtentry$$0000000C)
    .ARM.Collect$$rtentry$$0000000D          0x08000132   Section        8  __rtentry2.o(.ARM.Collect$$rtentry$$0000000D)
    .ARM.Collect$$rtexit$$00000000           0x0800013a   Section        2  rtexit.o(.ARM.Collect$$rtexit$$00000000)
    .ARM.Collect$$rtexit$$00000002           0x0800013c   Section        0  rtexit2.o(.ARM.Collect$$rtexit$$00000002)
    .ARM.Collect$$rtexit$$00000003           0x0800013c   Section        4  rtexit2.o(.ARM.Collect$$rtexit$$00000003)
    .ARM.Collect$$rtexit$$00000004           0x08000140   Section        6  rtexit2.o(.ARM.Collect$$rtexit$$00000004)
    .text                                    0x08000148   Section      132  startup_sc32f10xx.o(.text)
    .text                                    0x080001cc   Section      346  aeabi_sdiv.o(.text)
    .text                                    0x08000326   Section        0  heapauxi.o(.text)
    .text                                    0x0800032c   Section       62  sys_stackheap_outer.o(.text)
    .text                                    0x0800036a   Section        0  exit.o(.text)
    .text                                    0x0800037c   Section        8  libspace.o(.text)
    .text                                    0x08000384   Section        0  sys_exit.o(.text)
    .text                                    0x08000390   Section        2  use_no_semi.o(.text)
    .text                                    0x08000392   Section        0  indicate_semi.o(.text)
    i.ADC_ClearFlag                          0x08000392   Section        0  sc32f1xxx_adc.o(i.ADC_ClearFlag)
    i.ADC_Cmd                                0x08000396   Section        0  sc32f1xxx_adc.o(i.ADC_Cmd)
    i.ADC_DMACmd                             0x080003aa   Section        0  sc32f1xxx_adc.o(i.ADC_DMACmd)
    i.ADC_IRQHandler                         0x080003c0   Section        0  sc_it.o(i.ADC_IRQHandler)
    i.ADC_ITConfig                           0x080003d0   Section        0  sc32f1xxx_adc.o(i.ADC_ITConfig)
    i.ADC_Init                               0x080003e0   Section        0  sc32f1xxx_adc.o(i.ADC_Init)
    i.ADC_SetChannel                         0x08000400   Section        0  sc32f1xxx_adc.o(i.ADC_SetChannel)
    i.BTM_IRQHandler                         0x0800040c   Section        0  sc_it.o(i.BTM_IRQHandler)
    i.CMP_IRQHandler                         0x0800040e   Section        0  sc_it.o(i.CMP_IRQHandler)
    i.DMA0_IRQHandler                        0x08000410   Section        0  sc_it.o(i.DMA0_IRQHandler)
    i.DMA1_IRQHandler                        0x08000412   Section        0  sc_it.o(i.DMA1_IRQHandler)
    i.DMA2_IRQHandler                        0x08000414   Section        0  sc_it.o(i.DMA2_IRQHandler)
    i.DMA3_IRQHandler                        0x08000416   Section        0  sc_it.o(i.DMA3_IRQHandler)
    i.Delay_ms                               0x08000418   Section        0  main.o(i.Delay_ms)
    i.Delay_us                               0x08000434   Section        0  main.o(i.Delay_us)
    i.GPIO_Init                              0x08000458   Section        0  sc32f1xxx_gpio.o(i.GPIO_Init)
    i.INT0_IRQHandler                        0x080004b8   Section        0  sc_it.o(i.INT0_IRQHandler)
    i.INT12_15_IRQHandler                    0x080004ba   Section        0  sc_it.o(i.INT12_15_IRQHandler)
    i.INT1_7_IRQHandler                      0x080004bc   Section        0  sc_it.o(i.INT1_7_IRQHandler)
    i.INT8_11_IRQHandler                     0x080004be   Section        0  sc_it.o(i.INT8_11_IRQHandler)
    i.IcResourceInit                         0x080004c0   Section        0  compctrldefine.o(i.IcResourceInit)
    i.LEDPWM_IRQHandler                      0x080004c8   Section        0  sc_it.o(i.LEDPWM_IRQHandler)
    i.PWM0_IRQHandler                        0x080004cc   Section        0  sc_it.o(i.PWM0_IRQHandler)
    i.PWM_ClearFlag                          0x080004dc   Section        0  sc32f1xxx_pwm.o(i.PWM_ClearFlag)
    i.PWM_Cmd                                0x080004e0   Section        0  sc32f1xxx_pwm.o(i.PWM_Cmd)
    i.PWM_FDCmd                              0x080004f8   Section        0  sc32f1xxx_pwm.o(i.PWM_FDCmd)
    i.PWM_FDInit                             0x08000510   Section        0  sc32f1xxx_pwm.o(i.PWM_FDInit)
    i.PWM_ITConfig                           0x0800052a   Section        0  sc32f1xxx_pwm.o(i.PWM_ITConfig)
    i.PWM_Init                               0x0800053e   Section        0  sc32f1xxx_pwm.o(i.PWM_Init)
    i.PWM_SetDuty                            0x08000562   Section        0  sc32f1xxx_pwm.o(i.PWM_SetDuty)
    i.PWM_SetHz                              0x08000580   Section        0  buzzer.o(i.PWM_SetHz)
    i.RCC_APB0Cmd                            0x080005a0   Section        0  sc32f1xxx_rcc.o(i.RCC_APB0Cmd)
    i.RCC_APB0Config                         0x080005b8   Section        0  sc32f1xxx_rcc.o(i.RCC_APB0Config)
    i.RCC_APB0PeriphClockCmd                 0x080005d0   Section        0  sc32f1xxx_rcc.o(i.RCC_APB0PeriphClockCmd)
    i.RCC_APB2Cmd                            0x080005e8   Section        0  sc32f1xxx_rcc.o(i.RCC_APB2Cmd)
    i.RCC_APB2Config                         0x08000604   Section        0  sc32f1xxx_rcc.o(i.RCC_APB2Config)
    i.RCC_HCLKConfig                         0x0800061c   Section        0  sc32f1xxx_rcc.o(i.RCC_HCLKConfig)
    i.RCC_HIRCCmd                            0x08000634   Section        0  sc32f1xxx_rcc.o(i.RCC_HIRCCmd)
    i.RCC_HXTCmd                             0x08000658   Section        0  sc32f1xxx_rcc.o(i.RCC_HXTCmd)
    i.RCC_IRQHandler                         0x0800067c   Section        0  sc_it.o(i.RCC_IRQHandler)
    i.RCC_ITConfig                           0x08000680   Section        0  sc32f1xxx_rcc.o(i.RCC_ITConfig)
    i.RCC_LIRCCmd                            0x080006a4   Section        0  sc32f1xxx_rcc.o(i.RCC_LIRCCmd)
    i.RCC_LXTCmd                             0x080006c8   Section        0  sc32f1xxx_rcc.o(i.RCC_LXTCmd)
    i.RCC_SYSCLKConfig                       0x080006ec   Section        0  sc32f1xxx_rcc.o(i.RCC_SYSCLKConfig)
    i.RCC_SystickCLKConfig                   0x08000784   Section        0  sc32f1xxx_rcc.o(i.RCC_SystickCLKConfig)
    i.RCC_SystickCmd                         0x080007c0   Section        0  sc32f1xxx_rcc.o(i.RCC_SystickCmd)
    i.RCC_SystickSetCounter                  0x080007dc   Section        0  sc32f1xxx_rcc.o(i.RCC_SystickSetCounter)
    i.RCC_Unlock                             0x080007f8   Section        0  sc32f1xxx_rcc.o(i.RCC_Unlock)
    i.SC_ADC_Init                            0x0800080c   Section        0  sc_init.o(i.SC_ADC_Init)
    i.SC_GPIO_Init                           0x08000864   Section        0  sc_init.o(i.SC_GPIO_Init)
    i.SC_Init                                0x08000880   Section        0  sc_init.o(i.SC_Init)
    i.SC_OPTION_Init                         0x080008a8   Section        0  sc_init.o(i.SC_OPTION_Init)
    i.SC_PWM0_Init                           0x080008c8   Section        0  sc_init.o(i.SC_PWM0_Init)
    i.SC_RCC_Init                            0x08000984   Section        0  sc_init.o(i.SC_RCC_Init)
    i.SC_SYSTICK_Init                        0x080009d4   Section        0  sc_init.o(i.SC_SYSTICK_Init)
    i.SC_TIM1_Init                           0x080009fc   Section        0  sc_init.o(i.SC_TIM1_Init)
    i.SC_TIM2_Init                           0x08000a90   Section        0  sc_init.o(i.SC_TIM2_Init)
    i.SC_TWI0_Init                           0x08000b30   Section        0  sc_init.o(i.SC_TWI0_Init)
    i.SPI0_IRQHandler                        0x08000bd0   Section        0  sc_it.o(i.SPI0_IRQHandler)
    i.SPI1_IRQHandler                        0x08000bd2   Section        0  sc_it.o(i.SPI1_IRQHandler)
    i.SysTick_IRQHandler                     0x08000bd4   Section        0  sc_it.o(i.SysTick_IRQHandler)
    i.SystemInit                             0x08000bd8   Section        0  system_sc32f1xxx.o(i.SystemInit)
    i.TIMER0_IRQHandler                      0x08000be8   Section        0  sc_it.o(i.TIMER0_IRQHandler)
    i.TIMER1_IRQHandler                      0x08000bec   Section        0  sc_it.o(i.TIMER1_IRQHandler)
    i.TIMER2_IRQHandler                      0x08000bfc   Section        0  sc_it.o(i.TIMER2_IRQHandler)
    i.TIMER3_IRQHandler                      0x08000bfe   Section        0  sc_it.o(i.TIMER3_IRQHandler)
    i.TIMER4_5_IRQHandler                    0x08000c00   Section        0  sc_it.o(i.TIMER4_5_IRQHandler)
    i.TIMER6_7_IRQHandler                    0x08000c02   Section        0  sc_it.o(i.TIMER6_7_IRQHandler)
    i.TIM_ClearFlag                          0x08000c04   Section        0  sc32f1xxx_tim.o(i.TIM_ClearFlag)
    i.TIM_Cmd                                0x08000c08   Section        0  sc32f1xxx_tim.o(i.TIM_Cmd)
    i.TIM_DMACmd                             0x08000c20   Section        0  sc32f1xxx_tim.o(i.TIM_DMACmd)
    i.TIM_ICCmd                              0x08000c34   Section        0  sc32f1xxx_tim.o(i.TIM_ICCmd)
    i.TIM_ICInit                             0x08000c4c   Section        0  sc32f1xxx_tim.o(i.TIM_ICInit)
    i.TIM_ITConfig                           0x08000c74   Section        0  sc32f1xxx_tim.o(i.TIM_ITConfig)
    i.TIM_PWMInit                            0x08000c88   Section        0  sc32f1xxx_tim.o(i.TIM_PWMInit)
    i.TIM_PWMSetDuty                         0x08000cc0   Section        0  sc32f1xxx_tim.o(i.TIM_PWMSetDuty)
    i.TIM_PinRemapConfig                     0x08000ce0   Section        0  sc32f1xxx_tim.o(i.TIM_PinRemapConfig)
    i.TIM_SetAutoreload                      0x08000cee   Section        0  sc32f1xxx_tim.o(i.TIM_SetAutoreload)
    i.TIM_SetCounter                         0x08000cf2   Section        0  sc32f1xxx_tim.o(i.TIM_SetCounter)
    i.TIM_TIMBaseInit                        0x08000cf8   Section        0  sc32f1xxx_tim.o(i.TIM_TIMBaseInit)
    i.TWI0_IRQHandler                        0x08000d20   Section        0  sc_it.o(i.TWI0_IRQHandler)
    i.TWI1_IRQHandler                        0x08000d22   Section        0  sc_it.o(i.TWI1_IRQHandler)
    i.TWI_Cmd                                0x08000d24   Section        0  sc32f1xxx_twi.o(i.TWI_Cmd)
    i.TWI_DMACmd                             0x08000d3c   Section        0  sc32f1xxx_twi.o(i.TWI_DMACmd)
    i.TWI_ITConfig                           0x08000d50   Section        0  sc32f1xxx_twi.o(i.TWI_ITConfig)
    i.TWI_Init                               0x08000d64   Section        0  sc32f1xxx_twi.o(i.TWI_Init)
    i.TWI_PinRemapConfig                     0x08000d94   Section        0  sc32f1xxx_twi.o(i.TWI_PinRemapConfig)
    i.UART0_2_IRQHandler                     0x08000da2   Section        0  sc_it.o(i.UART0_2_IRQHandler)
    i.UART1_3_IRQHandler                     0x08000da4   Section        0  sc_it.o(i.UART1_3_IRQHandler)
    i.__ARM_common_switch8                   0x08000da6   Section        0  main.o(i.__ARM_common_switch8)
    i.__NVIC_EnableIRQ                       0x08000dc0   Section        0  sc_init.o(i.__NVIC_EnableIRQ)
    __NVIC_EnableIRQ                         0x08000dc1   Thumb Code    18  sc_init.o(i.__NVIC_EnableIRQ)
    i.__NVIC_SetPriority                     0x08000dd8   Section        0  sc_init.o(i.__NVIC_SetPriority)
    __NVIC_SetPriority                       0x08000dd9   Thumb Code    60  sc_init.o(i.__NVIC_SetPriority)
    i.main                                   0x08000e1c   Section        0  main.o(i.main)
    i.test_Buzz                              0x08000e40   Section        0  buzzer.o(i.test_Buzz)
    .bss                                     0x20000000   Section       96  libspace.o(.bss)
    HEAP                                     0x20000060   Section      512  startup_sc32f10xx.o(HEAP)
    Heap_Mem                                 0x20000060   Data         512  startup_sc32f10xx.o(HEAP)
    STACK                                    0x20000260   Section     1024  startup_sc32f10xx.o(STACK)
    Stack_Mem                                0x20000260   Data        1024  startup_sc32f10xx.o(STACK)
    __initial_sp                             0x20000660   Data           0  startup_sc32f10xx.o(STACK)

    Global Symbols

    Symbol Name                              Value     Ov Type        Size  Object(Section)

    BuildAttributes$$THM_ISAv3M$S$PE$A:L22$X:L11$S22$IEEE1$IW$USESV6$~STKCKD$USESV7$~SHL$OSPACE$ROPI$EBA8$UX$STANDARDLIB$REQ8$PRES8$EABIv2 0x00000000   Number         0  anon$$obj.o ABSOLUTE
    __ARM_use_no_argv                        0x00000000   Number         0  main.o ABSOLUTE
    __ARM_exceptions_init                     - Undefined Weak Reference
    __alloca_initialize                       - Undefined Weak Reference
    __arm_fini_                               - Undefined Weak Reference
    __arm_preinit_                            - Undefined Weak Reference
    __cpp_initialize__aeabi_                  - Undefined Weak Reference
    __cxa_finalize                            - Undefined Weak Reference
    __rt_locale                               - Undefined Weak Reference
    __sigvec_lookup                           - Undefined Weak Reference
    _atexit_init                              - Undefined Weak Reference
    _call_atexit_fns                          - Undefined Weak Reference
    _clock_init                               - Undefined Weak Reference
    _fp_trap_init                             - Undefined Weak Reference
    _fp_trap_shutdown                         - Undefined Weak Reference
    _get_lc_collate                           - Undefined Weak Reference
    _get_lc_ctype                             - Undefined Weak Reference
    _get_lc_monetary                          - Undefined Weak Reference
    _get_lc_numeric                           - Undefined Weak Reference
    _get_lc_time                              - Undefined Weak Reference
    _getenv_init                              - Undefined Weak Reference
    _handle_redirection                       - Undefined Weak Reference
    _init_alloc                               - Undefined Weak Reference
    _init_user_alloc                          - Undefined Weak Reference
    _initio                                   - Undefined Weak Reference
    _rand_init                                - Undefined Weak Reference
    _signal_finish                            - Undefined Weak Reference
    _signal_init                              - Undefined Weak Reference
    _terminate_alloc                          - Undefined Weak Reference
    _terminate_user_alloc                     - Undefined Weak Reference
    _terminateio                              - Undefined Weak Reference
    __Vectors_Size                           0x000000c0   Number         0  startup_sc32f10xx.o ABSOLUTE
    __Vectors                                0x08000000   Data           4  startup_sc32f10xx.o(RESET)
    __Vectors_End                            0x080000c0   Data           0  startup_sc32f10xx.o(RESET)
    __main                                   0x080000c1   Thumb Code     8  __main.o(!!!main)
    __scatterload                            0x080000c9   Thumb Code     0  __scatter.o(!!!scatter)
    __scatterload_rt2                        0x080000c9   Thumb Code    52  __scatter.o(!!!scatter)
    __scatterload_rt2_thumb_only             0x080000c9   Thumb Code     0  __scatter.o(!!!scatter)
    __scatterload_null                       0x080000d9   Thumb Code     0  __scatter.o(!!!scatter)
    __scatterload_zeroinit                   0x08000105   Thumb Code    28  __scatter_zi.o(!!handler_zi)
    __rt_lib_init                            0x08000121   Thumb Code     0  libinit.o(.ARM.Collect$$libinit$$00000000)
    __rt_lib_init_alloca_1                   0x08000123   Thumb Code     0  libinit2.o(.ARM.Collect$$libinit$$0000002E)
    __rt_lib_init_argv_1                     0x08000123   Thumb Code     0  libinit2.o(.ARM.Collect$$libinit$$0000002C)
    __rt_lib_init_atexit_1                   0x08000123   Thumb Code     0  libinit2.o(.ARM.Collect$$libinit$$0000001B)
    __rt_lib_init_clock_1                    0x08000123   Thumb Code     0  libinit2.o(.ARM.Collect$$libinit$$00000021)
    __rt_lib_init_cpp_1                      0x08000123   Thumb Code     0  libinit2.o(.ARM.Collect$$libinit$$00000032)
    __rt_lib_init_exceptions_1               0x08000123   Thumb Code     0  libinit2.o(.ARM.Collect$$libinit$$00000030)
    __rt_lib_init_fp_1                       0x08000123   Thumb Code     0  libinit2.o(.ARM.Collect$$libinit$$00000002)
    __rt_lib_init_fp_trap_1                  0x08000123   Thumb Code     0  libinit2.o(.ARM.Collect$$libinit$$0000001F)
    __rt_lib_init_getenv_1                   0x08000123   Thumb Code     0  libinit2.o(.ARM.Collect$$libinit$$00000023)
    __rt_lib_init_heap_1                     0x08000123   Thumb Code     0  libinit2.o(.ARM.Collect$$libinit$$0000000A)
    __rt_lib_init_lc_collate_1               0x08000123   Thumb Code     0  libinit2.o(.ARM.Collect$$libinit$$00000011)
    __rt_lib_init_lc_ctype_1                 0x08000123   Thumb Code     0  libinit2.o(.ARM.Collect$$libinit$$00000013)
    __rt_lib_init_lc_monetary_1              0x08000123   Thumb Code     0  libinit2.o(.ARM.Collect$$libinit$$00000015)
    __rt_lib_init_lc_numeric_1               0x08000123   Thumb Code     0  libinit2.o(.ARM.Collect$$libinit$$00000017)
    __rt_lib_init_lc_time_1                  0x08000123   Thumb Code     0  libinit2.o(.ARM.Collect$$libinit$$00000019)
    __rt_lib_init_preinit_1                  0x08000123   Thumb Code     0  libinit2.o(.ARM.Collect$$libinit$$00000004)
    __rt_lib_init_rand_1                     0x08000123   Thumb Code     0  libinit2.o(.ARM.Collect$$libinit$$0000000E)
    __rt_lib_init_return                     0x08000123   Thumb Code     0  libinit2.o(.ARM.Collect$$libinit$$00000033)
    __rt_lib_init_signal_1                   0x08000123   Thumb Code     0  libinit2.o(.ARM.Collect$$libinit$$0000001D)
    __rt_lib_init_stdio_1                    0x08000123   Thumb Code     0  libinit2.o(.ARM.Collect$$libinit$$00000025)
    __rt_lib_init_user_alloc_1               0x08000123   Thumb Code     0  libinit2.o(.ARM.Collect$$libinit$$0000000C)
    __rt_lib_shutdown                        0x08000125   Thumb Code     0  libshutdown.o(.ARM.Collect$$libshutdown$$00000000)
    __rt_lib_shutdown_cpp_1                  0x08000127   Thumb Code     0  libshutdown2.o(.ARM.Collect$$libshutdown$$00000004)
    __rt_lib_shutdown_fini_1                 0x08000127   Thumb Code     0  libshutdown2.o(.ARM.Collect$$libshutdown$$00000002)
    __rt_lib_shutdown_fp_trap_1              0x08000127   Thumb Code     0  libshutdown2.o(.ARM.Collect$$libshutdown$$00000009)
    __rt_lib_shutdown_heap_1                 0x08000127   Thumb Code     0  libshutdown2.o(.ARM.Collect$$libshutdown$$00000011)
    __rt_lib_shutdown_return                 0x08000127   Thumb Code     0  libshutdown2.o(.ARM.Collect$$libshutdown$$00000012)
    __rt_lib_shutdown_signal_1               0x08000127   Thumb Code     0  libshutdown2.o(.ARM.Collect$$libshutdown$$0000000C)
    __rt_lib_shutdown_stdio_1                0x08000127   Thumb Code     0  libshutdown2.o(.ARM.Collect$$libshutdown$$00000006)
    __rt_lib_shutdown_user_alloc_1           0x08000127   Thumb Code     0  libshutdown2.o(.ARM.Collect$$libshutdown$$0000000E)
    __rt_entry                               0x08000129   Thumb Code     0  __rtentry.o(.ARM.Collect$$rtentry$$00000000)
    __rt_entry_presh_1                       0x08000129   Thumb Code     0  __rtentry2.o(.ARM.Collect$$rtentry$$00000002)
    __rt_entry_sh                            0x08000129   Thumb Code     0  __rtentry4.o(.ARM.Collect$$rtentry$$00000004)
    __rt_entry_li                            0x0800012f   Thumb Code     0  __rtentry2.o(.ARM.Collect$$rtentry$$0000000A)
    __rt_entry_postsh_1                      0x0800012f   Thumb Code     0  __rtentry2.o(.ARM.Collect$$rtentry$$00000009)
    __rt_entry_main                          0x08000133   Thumb Code     0  __rtentry2.o(.ARM.Collect$$rtentry$$0000000D)
    __rt_entry_postli_1                      0x08000133   Thumb Code     0  __rtentry2.o(.ARM.Collect$$rtentry$$0000000C)
    __rt_exit                                0x0800013b   Thumb Code     0  rtexit.o(.ARM.Collect$$rtexit$$00000000)
    __rt_exit_ls                             0x0800013d   Thumb Code     0  rtexit2.o(.ARM.Collect$$rtexit$$00000003)
    __rt_exit_prels_1                        0x0800013d   Thumb Code     0  rtexit2.o(.ARM.Collect$$rtexit$$00000002)
    __rt_exit_exit                           0x08000141   Thumb Code     0  rtexit2.o(.ARM.Collect$$rtexit$$00000004)
    Reset_Handler                            0x08000149   Thumb Code    38  startup_sc32f10xx.o(.text)
    NMI_Handler                              0x0800016f   Thumb Code     2  startup_sc32f10xx.o(.text)
    HardFault_Handler                        0x08000171   Thumb Code     2  startup_sc32f10xx.o(.text)
    MemManage_Handler                        0x08000173   Thumb Code     2  startup_sc32f10xx.o(.text)
    BusFault_Handler                         0x08000175   Thumb Code     2  startup_sc32f10xx.o(.text)
    UsageFault_Handler                       0x08000177   Thumb Code     2  startup_sc32f10xx.o(.text)
    SVC_Handler                              0x08000179   Thumb Code     2  startup_sc32f10xx.o(.text)
    DebugMon_Handler                         0x0800017b   Thumb Code     2  startup_sc32f10xx.o(.text)
    PendSV_Handler                           0x0800017d   Thumb Code     2  startup_sc32f10xx.o(.text)
    TK_IRQHandler                            0x08000181   Thumb Code     0  startup_sc32f10xx.o(.text)
    __user_initial_stackheap                 0x08000185   Thumb Code     0  startup_sc32f10xx.o(.text)
    __aeabi_uidiv                            0x080001cd   Thumb Code     0  aeabi_sdiv.o(.text)
    __aeabi_uidivmod                         0x080001cd   Thumb Code    20  aeabi_sdiv.o(.text)
    __aeabi_idiv                             0x080001e1   Thumb Code     0  aeabi_sdiv.o(.text)
    __aeabi_idivmod                          0x080001e1   Thumb Code   326  aeabi_sdiv.o(.text)
    __use_two_region_memory                  0x08000327   Thumb Code     2  heapauxi.o(.text)
    __rt_heap_escrow$2region                 0x08000329   Thumb Code     2  heapauxi.o(.text)
    __rt_heap_expand$2region                 0x0800032b   Thumb Code     2  heapauxi.o(.text)
    __user_setup_stackheap                   0x0800032d   Thumb Code    62  sys_stackheap_outer.o(.text)
    exit                                     0x0800036b   Thumb Code    16  exit.o(.text)
    __user_libspace                          0x0800037d   Thumb Code     8  libspace.o(.text)
    __user_perproc_libspace                  0x0800037d   Thumb Code     0  libspace.o(.text)
    __user_perthread_libspace                0x0800037d   Thumb Code     0  libspace.o(.text)
    _sys_exit                                0x08000385   Thumb Code     8  sys_exit.o(.text)
    __I$use$semihosting                      0x08000391   Thumb Code     0  use_no_semi.o(.text)
    __use_no_semihosting_swi                 0x08000391   Thumb Code     2  use_no_semi.o(.text)
    ADC_ClearFlag                            0x08000393   Thumb Code     4  sc32f1xxx_adc.o(i.ADC_ClearFlag)
    __semihosting_library_function           0x08000393   Thumb Code     0  indicate_semi.o(.text)
    ADC_Cmd                                  0x08000397   Thumb Code    20  sc32f1xxx_adc.o(i.ADC_Cmd)
    ADC_DMACmd                               0x080003ab   Thumb Code    20  sc32f1xxx_adc.o(i.ADC_DMACmd)
    ADC_IRQHandler                           0x080003c1   Thumb Code    12  sc_it.o(i.ADC_IRQHandler)
    ADC_ITConfig                             0x080003d1   Thumb Code    16  sc32f1xxx_adc.o(i.ADC_ITConfig)
    ADC_Init                                 0x080003e1   Thumb Code    28  sc32f1xxx_adc.o(i.ADC_Init)
    ADC_SetChannel                           0x08000401   Thumb Code    12  sc32f1xxx_adc.o(i.ADC_SetChannel)
    BTM_IRQHandler                           0x0800040d   Thumb Code     2  sc_it.o(i.BTM_IRQHandler)
    CMP_IRQHandler                           0x0800040f   Thumb Code     2  sc_it.o(i.CMP_IRQHandler)
    DMA0_IRQHandler                          0x08000411   Thumb Code     2  sc_it.o(i.DMA0_IRQHandler)
    DMA1_IRQHandler                          0x08000413   Thumb Code     2  sc_it.o(i.DMA1_IRQHandler)
    DMA2_IRQHandler                          0x08000415   Thumb Code     2  sc_it.o(i.DMA2_IRQHandler)
    DMA3_IRQHandler                          0x08000417   Thumb Code     2  sc_it.o(i.DMA3_IRQHandler)
    Delay_ms                                 0x08000419   Thumb Code    26  main.o(i.Delay_ms)
    Delay_us                                 0x08000435   Thumb Code    32  main.o(i.Delay_us)
    GPIO_Init                                0x08000459   Thumb Code    96  sc32f1xxx_gpio.o(i.GPIO_Init)
    INT0_IRQHandler                          0x080004b9   Thumb Code     2  sc_it.o(i.INT0_IRQHandler)
    INT12_15_IRQHandler                      0x080004bb   Thumb Code     2  sc_it.o(i.INT12_15_IRQHandler)
    INT1_7_IRQHandler                        0x080004bd   Thumb Code     2  sc_it.o(i.INT1_7_IRQHandler)
    INT8_11_IRQHandler                       0x080004bf   Thumb Code     2  sc_it.o(i.INT8_11_IRQHandler)
    IcResourceInit                           0x080004c1   Thumb Code     8  compctrldefine.o(i.IcResourceInit)
    LEDPWM_IRQHandler                        0x080004c9   Thumb Code     2  sc_it.o(i.LEDPWM_IRQHandler)
    PWM0_IRQHandler                          0x080004cd   Thumb Code    12  sc_it.o(i.PWM0_IRQHandler)
    PWM_ClearFlag                            0x080004dd   Thumb Code     4  sc32f1xxx_pwm.o(i.PWM_ClearFlag)
    PWM_Cmd                                  0x080004e1   Thumb Code    20  sc32f1xxx_pwm.o(i.PWM_Cmd)
    PWM_FDCmd                                0x080004f9   Thumb Code    20  sc32f1xxx_pwm.o(i.PWM_FDCmd)
    PWM_FDInit                               0x08000511   Thumb Code    26  sc32f1xxx_pwm.o(i.PWM_FDInit)
    PWM_ITConfig                             0x0800052b   Thumb Code    20  sc32f1xxx_pwm.o(i.PWM_ITConfig)
    PWM_Init                                 0x0800053f   Thumb Code    36  sc32f1xxx_pwm.o(i.PWM_Init)
    PWM_SetDuty                              0x08000563   Thumb Code    28  sc32f1xxx_pwm.o(i.PWM_SetDuty)
    PWM_SetHz                                0x08000581   Thumb Code    28  buzzer.o(i.PWM_SetHz)
    RCC_APB0Cmd                              0x080005a1   Thumb Code    20  sc32f1xxx_rcc.o(i.RCC_APB0Cmd)
    RCC_APB0Config                           0x080005b9   Thumb Code    20  sc32f1xxx_rcc.o(i.RCC_APB0Config)
    RCC_APB0PeriphClockCmd                   0x080005d1   Thumb Code    18  sc32f1xxx_rcc.o(i.RCC_APB0PeriphClockCmd)
    RCC_APB2Cmd                              0x080005e9   Thumb Code    22  sc32f1xxx_rcc.o(i.RCC_APB2Cmd)
    RCC_APB2Config                           0x08000605   Thumb Code    20  sc32f1xxx_rcc.o(i.RCC_APB2Config)
    RCC_HCLKConfig                           0x0800061d   Thumb Code    20  sc32f1xxx_rcc.o(i.RCC_HCLKConfig)
    RCC_HIRCCmd                              0x08000635   Thumb Code    30  sc32f1xxx_rcc.o(i.RCC_HIRCCmd)
    RCC_HXTCmd                               0x08000659   Thumb Code    30  sc32f1xxx_rcc.o(i.RCC_HXTCmd)
    RCC_IRQHandler                           0x0800067d   Thumb Code     2  sc_it.o(i.RCC_IRQHandler)
    RCC_ITConfig                             0x08000681   Thumb Code    30  sc32f1xxx_rcc.o(i.RCC_ITConfig)
    RCC_LIRCCmd                              0x080006a5   Thumb Code    30  sc32f1xxx_rcc.o(i.RCC_LIRCCmd)
    RCC_LXTCmd                               0x080006c9   Thumb Code    32  sc32f1xxx_rcc.o(i.RCC_LXTCmd)
    RCC_SYSCLKConfig                         0x080006ed   Thumb Code   144  sc32f1xxx_rcc.o(i.RCC_SYSCLKConfig)
    RCC_SystickCLKConfig                     0x08000785   Thumb Code    50  sc32f1xxx_rcc.o(i.RCC_SystickCLKConfig)
    RCC_SystickCmd                           0x080007c1   Thumb Code    22  sc32f1xxx_rcc.o(i.RCC_SystickCmd)
    RCC_SystickSetCounter                    0x080007dd   Thumb Code    18  sc32f1xxx_rcc.o(i.RCC_SystickSetCounter)
    RCC_Unlock                               0x080007f9   Thumb Code    16  sc32f1xxx_rcc.o(i.RCC_Unlock)
    SC_ADC_Init                              0x0800080d   Thumb Code    82  sc_init.o(i.SC_ADC_Init)
    SC_GPIO_Init                             0x08000865   Thumb Code    24  sc_init.o(i.SC_GPIO_Init)
    SC_Init                                  0x08000881   Thumb Code    40  sc_init.o(i.SC_Init)
    SC_OPTION_Init                           0x080008a9   Thumb Code    24  sc_init.o(i.SC_OPTION_Init)
    SC_PWM0_Init                             0x080008c9   Thumb Code   182  sc_init.o(i.SC_PWM0_Init)
    SC_RCC_Init                              0x08000985   Thumb Code    76  sc_init.o(i.SC_RCC_Init)
    SC_SYSTICK_Init                          0x080009d5   Thumb Code    38  sc_init.o(i.SC_SYSTICK_Init)
    SC_TIM1_Init                             0x080009fd   Thumb Code   142  sc_init.o(i.SC_TIM1_Init)
    SC_TIM2_Init                             0x08000a91   Thumb Code   150  sc_init.o(i.SC_TIM2_Init)
    SC_TWI0_Init                             0x08000b31   Thumb Code   150  sc_init.o(i.SC_TWI0_Init)
    SPI0_IRQHandler                          0x08000bd1   Thumb Code     2  sc_it.o(i.SPI0_IRQHandler)
    SPI1_IRQHandler                          0x08000bd3   Thumb Code     2  sc_it.o(i.SPI1_IRQHandler)
    SysTick_IRQHandler                       0x08000bd5   Thumb Code     2  sc_it.o(i.SysTick_IRQHandler)
    SystemInit                               0x08000bd9   Thumb Code    10  system_sc32f1xxx.o(i.SystemInit)
    TIMER0_IRQHandler                        0x08000be9   Thumb Code     2  sc_it.o(i.TIMER0_IRQHandler)
    TIMER1_IRQHandler                        0x08000bed   Thumb Code    12  sc_it.o(i.TIMER1_IRQHandler)
    TIMER2_IRQHandler                        0x08000bfd   Thumb Code     2  sc_it.o(i.TIMER2_IRQHandler)
    TIMER3_IRQHandler                        0x08000bff   Thumb Code     2  sc_it.o(i.TIMER3_IRQHandler)
    TIMER4_5_IRQHandler                      0x08000c01   Thumb Code     2  sc_it.o(i.TIMER4_5_IRQHandler)
    TIMER6_7_IRQHandler                      0x08000c03   Thumb Code     2  sc_it.o(i.TIMER6_7_IRQHandler)
    TIM_ClearFlag                            0x08000c05   Thumb Code     4  sc32f1xxx_tim.o(i.TIM_ClearFlag)
    TIM_Cmd                                  0x08000c09   Thumb Code    20  sc32f1xxx_tim.o(i.TIM_Cmd)
    TIM_DMACmd                               0x08000c21   Thumb Code    20  sc32f1xxx_tim.o(i.TIM_DMACmd)
    TIM_ICCmd                                0x08000c35   Thumb Code    20  sc32f1xxx_tim.o(i.TIM_ICCmd)
    TIM_ICInit                               0x08000c4d   Thumb Code    34  sc32f1xxx_tim.o(i.TIM_ICInit)
    TIM_ITConfig                             0x08000c75   Thumb Code    20  sc32f1xxx_tim.o(i.TIM_ITConfig)
    TIM_PWMInit                              0x08000c89   Thumb Code    52  sc32f1xxx_tim.o(i.TIM_PWMInit)
    TIM_PWMSetDuty                           0x08000cc1   Thumb Code    26  sc32f1xxx_tim.o(i.TIM_PWMSetDuty)
    TIM_PinRemapConfig                       0x08000ce1   Thumb Code    14  sc32f1xxx_tim.o(i.TIM_PinRemapConfig)
    TIM_SetAutoreload                        0x08000cef   Thumb Code     4  sc32f1xxx_tim.o(i.TIM_SetAutoreload)
    TIM_SetCounter                           0x08000cf3   Thumb Code     4  sc32f1xxx_tim.o(i.TIM_SetCounter)
    TIM_TIMBaseInit                          0x08000cf9   Thumb Code    36  sc32f1xxx_tim.o(i.TIM_TIMBaseInit)
    TWI0_IRQHandler                          0x08000d21   Thumb Code     2  sc_it.o(i.TWI0_IRQHandler)
    TWI1_IRQHandler                          0x08000d23   Thumb Code     2  sc_it.o(i.TWI1_IRQHandler)
    TWI_Cmd                                  0x08000d25   Thumb Code    20  sc32f1xxx_twi.o(i.TWI_Cmd)
    TWI_DMACmd                               0x08000d3d   Thumb Code    20  sc32f1xxx_twi.o(i.TWI_DMACmd)
    TWI_ITConfig                             0x08000d51   Thumb Code    20  sc32f1xxx_twi.o(i.TWI_ITConfig)
    TWI_Init                                 0x08000d65   Thumb Code    44  sc32f1xxx_twi.o(i.TWI_Init)
    TWI_PinRemapConfig                       0x08000d95   Thumb Code    14  sc32f1xxx_twi.o(i.TWI_PinRemapConfig)
    UART0_2_IRQHandler                       0x08000da3   Thumb Code     2  sc_it.o(i.UART0_2_IRQHandler)
    UART1_3_IRQHandler                       0x08000da5   Thumb Code     2  sc_it.o(i.UART1_3_IRQHandler)
    __ARM_common_switch8                     0x08000da7   Thumb Code    26  main.o(i.__ARM_common_switch8)
    main                                     0x08000e1d   Thumb Code    36  main.o(i.main)
    test_Buzz                                0x08000e41   Thumb Code    82  buzzer.o(i.test_Buzz)
    Region$$Table$$Base                      0x08000e98   Number         0  anon$$obj.o(Region$$Table)
    Region$$Table$$Limit                     0x08000ea8   Number         0  anon$$obj.o(Region$$Table)
    __libspace_start                         0x20000000   Data          96  libspace.o(.bss)
    __temporary_stack_top$libspace           0x20000060   Data           0  libspace.o(.bss)



==============================================================================

Memory Map of the image

  Image Entry point : 0x080000c1

  Load Region LR_IROM1 (Base: 0x08000000, Size: 0x00000ea8, Max: 0x00040000, ABSOLUTE)

    Execution Region ER_IROM1 (Exec base: 0x08000000, Load base: 0x08000000, Size: 0x00000ea8, Max: 0x00040000, ABSOLUTE)

    Exec Addr    Load Addr    Size         Type   Attr      Idx    E Section Name        Object

    0x08000000   0x08000000   0x000000c0   Data   RO         1859    RESET               startup_sc32f10xx.o
    0x080000c0   0x080000c0   0x00000008   Code   RO         1908  * !!!main             c_p.l(__main.o)
    0x080000c8   0x080000c8   0x0000003c   Code   RO         2079    !!!scatter          c_p.l(__scatter.o)
    0x08000104   0x08000104   0x0000001c   Code   RO         2081    !!handler_zi        c_p.l(__scatter_zi.o)
    0x08000120   0x08000120   0x00000002   Code   RO         1946    .ARM.Collect$$libinit$$00000000  c_p.l(libinit.o)
    0x08000122   0x08000122   0x00000000   Code   RO         1960    .ARM.Collect$$libinit$$00000002  c_p.l(libinit2.o)
    0x08000122   0x08000122   0x00000000   Code   RO         1962    .ARM.Collect$$libinit$$00000004  c_p.l(libinit2.o)
    0x08000122   0x08000122   0x00000000   Code   RO         1965    .ARM.Collect$$libinit$$0000000A  c_p.l(libinit2.o)
    0x08000122   0x08000122   0x00000000   Code   RO         1967    .ARM.Collect$$libinit$$0000000C  c_p.l(libinit2.o)
    0x08000122   0x08000122   0x00000000   Code   RO         1969    .ARM.Collect$$libinit$$0000000E  c_p.l(libinit2.o)
    0x08000122   0x08000122   0x00000000   Code   RO         1972    .ARM.Collect$$libinit$$00000011  c_p.l(libinit2.o)
    0x08000122   0x08000122   0x00000000   Code   RO         1974    .ARM.Collect$$libinit$$00000013  c_p.l(libinit2.o)
    0x08000122   0x08000122   0x00000000   Code   RO         1976    .ARM.Collect$$libinit$$00000015  c_p.l(libinit2.o)
    0x08000122   0x08000122   0x00000000   Code   RO         1978    .ARM.Collect$$libinit$$00000017  c_p.l(libinit2.o)
    0x08000122   0x08000122   0x00000000   Code   RO         1980    .ARM.Collect$$libinit$$00000019  c_p.l(libinit2.o)
    0x08000122   0x08000122   0x00000000   Code   RO         1982    .ARM.Collect$$libinit$$0000001B  c_p.l(libinit2.o)
    0x08000122   0x08000122   0x00000000   Code   RO         1984    .ARM.Collect$$libinit$$0000001D  c_p.l(libinit2.o)
    0x08000122   0x08000122   0x00000000   Code   RO         1986    .ARM.Collect$$libinit$$0000001F  c_p.l(libinit2.o)
    0x08000122   0x08000122   0x00000000   Code   RO         1988    .ARM.Collect$$libinit$$00000021  c_p.l(libinit2.o)
    0x08000122   0x08000122   0x00000000   Code   RO         1990    .ARM.Collect$$libinit$$00000023  c_p.l(libinit2.o)
    0x08000122   0x08000122   0x00000000   Code   RO         1992    .ARM.Collect$$libinit$$00000025  c_p.l(libinit2.o)
    0x08000122   0x08000122   0x00000000   Code   RO         1996    .ARM.Collect$$libinit$$0000002C  c_p.l(libinit2.o)
    0x08000122   0x08000122   0x00000000   Code   RO         1998    .ARM.Collect$$libinit$$0000002E  c_p.l(libinit2.o)
    0x08000122   0x08000122   0x00000000   Code   RO         2000    .ARM.Collect$$libinit$$00000030  c_p.l(libinit2.o)
    0x08000122   0x08000122   0x00000000   Code   RO         2002    .ARM.Collect$$libinit$$00000032  c_p.l(libinit2.o)
    0x08000122   0x08000122   0x00000002   Code   RO         2003    .ARM.Collect$$libinit$$00000033  c_p.l(libinit2.o)
    0x08000124   0x08000124   0x00000002   Code   RO         2034    .ARM.Collect$$libshutdown$$00000000  c_p.l(libshutdown.o)
    0x08000126   0x08000126   0x00000000   Code   RO         2060    .ARM.Collect$$libshutdown$$00000002  c_p.l(libshutdown2.o)
    0x08000126   0x08000126   0x00000000   Code   RO         2062    .ARM.Collect$$libshutdown$$00000004  c_p.l(libshutdown2.o)
    0x08000126   0x08000126   0x00000000   Code   RO         2064    .ARM.Collect$$libshutdown$$00000006  c_p.l(libshutdown2.o)
    0x08000126   0x08000126   0x00000000   Code   RO         2067    .ARM.Collect$$libshutdown$$00000009  c_p.l(libshutdown2.o)
    0x08000126   0x08000126   0x00000000   Code   RO         2070    .ARM.Collect$$libshutdown$$0000000C  c_p.l(libshutdown2.o)
    0x08000126   0x08000126   0x00000000   Code   RO         2072    .ARM.Collect$$libshutdown$$0000000E  c_p.l(libshutdown2.o)
    0x08000126   0x08000126   0x00000000   Code   RO         2075    .ARM.Collect$$libshutdown$$00000011  c_p.l(libshutdown2.o)
    0x08000126   0x08000126   0x00000002   Code   RO         2076    .ARM.Collect$$libshutdown$$00000012  c_p.l(libshutdown2.o)
    0x08000128   0x08000128   0x00000000   Code   RO         1910    .ARM.Collect$$rtentry$$00000000  c_p.l(__rtentry.o)
    0x08000128   0x08000128   0x00000000   Code   RO         1916    .ARM.Collect$$rtentry$$00000002  c_p.l(__rtentry2.o)
    0x08000128   0x08000128   0x00000006   Code   RO         1928    .ARM.Collect$$rtentry$$00000004  c_p.l(__rtentry4.o)
    0x0800012e   0x0800012e   0x00000000   Code   RO         1918    .ARM.Collect$$rtentry$$00000009  c_p.l(__rtentry2.o)
    0x0800012e   0x0800012e   0x00000004   Code   RO         1919    .ARM.Collect$$rtentry$$0000000A  c_p.l(__rtentry2.o)
    0x08000132   0x08000132   0x00000000   Code   RO         1921    .ARM.Collect$$rtentry$$0000000C  c_p.l(__rtentry2.o)
    0x08000132   0x08000132   0x00000008   Code   RO         1922    .ARM.Collect$$rtentry$$0000000D  c_p.l(__rtentry2.o)
    0x0800013a   0x0800013a   0x00000002   Code   RO         1951    .ARM.Collect$$rtexit$$00000000  c_p.l(rtexit.o)
    0x0800013c   0x0800013c   0x00000000   Code   RO         2007    .ARM.Collect$$rtexit$$00000002  c_p.l(rtexit2.o)
    0x0800013c   0x0800013c   0x00000004   Code   RO         2008    .ARM.Collect$$rtexit$$00000003  c_p.l(rtexit2.o)
    0x08000140   0x08000140   0x00000006   Code   RO         2009    .ARM.Collect$$rtexit$$00000004  c_p.l(rtexit2.o)
    0x08000146   0x08000146   0x00000002   PAD
    0x08000148   0x08000148   0x00000084   Code   RO         1860    .text               startup_sc32f10xx.o
    0x080001cc   0x080001cc   0x0000015a   Code   RO         1902    .text               c_p.l(aeabi_sdiv.o)
    0x08000326   0x08000326   0x00000006   Code   RO         1906    .text               c_p.l(heapauxi.o)
    0x0800032c   0x0800032c   0x0000003e   Code   RO         1932    .text               c_p.l(sys_stackheap_outer.o)
    0x0800036a   0x0800036a   0x00000010   Code   RO         1935    .text               c_p.l(exit.o)
    0x0800037a   0x0800037a   0x00000002   PAD
    0x0800037c   0x0800037c   0x00000008   Code   RO         1947    .text               c_p.l(libspace.o)
    0x08000384   0x08000384   0x0000000c   Code   RO         2004    .text               c_p.l(sys_exit.o)
    0x08000390   0x08000390   0x00000002   Code   RO         2023    .text               c_p.l(use_no_semi.o)
    0x08000392   0x08000392   0x00000000   Code   RO         2025    .text               c_p.l(indicate_semi.o)
    0x08000392   0x08000392   0x00000004   Code   RO         1154    i.ADC_ClearFlag     sc32f1xxx_adc.o
    0x08000396   0x08000396   0x00000014   Code   RO         1155    i.ADC_Cmd           sc32f1xxx_adc.o
    0x080003aa   0x080003aa   0x00000014   Code   RO         1157    i.ADC_DMACmd        sc32f1xxx_adc.o
    0x080003be   0x080003be   0x00000002   PAD
    0x080003c0   0x080003c0   0x00000010   Code   RO          285    i.ADC_IRQHandler    sc_it.o
    0x080003d0   0x080003d0   0x00000010   Code   RO         1162    i.ADC_ITConfig      sc32f1xxx_adc.o
    0x080003e0   0x080003e0   0x00000020   Code   RO         1163    i.ADC_Init          sc32f1xxx_adc.o
    0x08000400   0x08000400   0x0000000c   Code   RO         1164    i.ADC_SetChannel    sc32f1xxx_adc.o
    0x0800040c   0x0800040c   0x00000002   Code   RO          286    i.BTM_IRQHandler    sc_it.o
    0x0800040e   0x0800040e   0x00000002   Code   RO          290    i.CMP_IRQHandler    sc_it.o
    0x08000410   0x08000410   0x00000002   Code   RO          291    i.DMA0_IRQHandler   sc_it.o
    0x08000412   0x08000412   0x00000002   Code   RO          292    i.DMA1_IRQHandler   sc_it.o
    0x08000414   0x08000414   0x00000002   Code   RO          293    i.DMA2_IRQHandler   sc_it.o
    0x08000416   0x08000416   0x00000002   Code   RO          294    i.DMA3_IRQHandler   sc_it.o
    0x08000418   0x08000418   0x0000001a   Code   RO            3    i.Delay_ms          main.o
    0x08000432   0x08000432   0x00000002   PAD
    0x08000434   0x08000434   0x00000024   Code   RO            4    i.Delay_us          main.o
    0x08000458   0x08000458   0x00000060   Code   RO         1786    i.GPIO_Init         sc32f1xxx_gpio.o
    0x080004b8   0x080004b8   0x00000002   Code   RO          296    i.INT0_IRQHandler   sc_it.o
    0x080004ba   0x080004ba   0x00000002   Code   RO          297    i.INT12_15_IRQHandler  sc_it.o
    0x080004bc   0x080004bc   0x00000002   Code   RO          298    i.INT1_7_IRQHandler  sc_it.o
    0x080004be   0x080004be   0x00000002   Code   RO          299    i.INT8_11_IRQHandler  sc_it.o
    0x080004c0   0x080004c0   0x00000008   Code   RO          935    i.IcResourceInit    compctrldefine.o
    0x080004c8   0x080004c8   0x00000002   Code   RO          300    i.LEDPWM_IRQHandler  sc_it.o
    0x080004ca   0x080004ca   0x00000002   PAD
    0x080004cc   0x080004cc   0x00000010   Code   RO          303    i.PWM0_IRQHandler   sc_it.o
    0x080004dc   0x080004dc   0x00000004   Code   RO         1246    i.PWM_ClearFlag     sc32f1xxx_pwm.o
    0x080004e0   0x080004e0   0x00000018   Code   RO         1247    i.PWM_Cmd           sc32f1xxx_pwm.o
    0x080004f8   0x080004f8   0x00000018   Code   RO         1249    i.PWM_FDCmd         sc32f1xxx_pwm.o
    0x08000510   0x08000510   0x0000001a   Code   RO         1250    i.PWM_FDInit        sc32f1xxx_pwm.o
    0x0800052a   0x0800052a   0x00000014   Code   RO         1257    i.PWM_ITConfig      sc32f1xxx_pwm.o
    0x0800053e   0x0800053e   0x00000024   Code   RO         1258    i.PWM_Init          sc32f1xxx_pwm.o
    0x08000562   0x08000562   0x0000001c   Code   RO         1261    i.PWM_SetDuty       sc32f1xxx_pwm.o
    0x0800057e   0x0800057e   0x00000002   PAD
    0x08000580   0x08000580   0x00000020   Code   RO         1867    i.PWM_SetHz         buzzer.o
    0x080005a0   0x080005a0   0x00000018   Code   RO         1551    i.RCC_APB0Cmd       sc32f1xxx_rcc.o
    0x080005b8   0x080005b8   0x00000018   Code   RO         1552    i.RCC_APB0Config    sc32f1xxx_rcc.o
    0x080005d0   0x080005d0   0x00000018   Code   RO         1553    i.RCC_APB0PeriphClockCmd  sc32f1xxx_rcc.o
    0x080005e8   0x080005e8   0x0000001c   Code   RO         1559    i.RCC_APB2Cmd       sc32f1xxx_rcc.o
    0x08000604   0x08000604   0x00000018   Code   RO         1560    i.RCC_APB2Config    sc32f1xxx_rcc.o
    0x0800061c   0x0800061c   0x00000018   Code   RO         1568    i.RCC_HCLKConfig    sc32f1xxx_rcc.o
    0x08000634   0x08000634   0x00000024   Code   RO         1569    i.RCC_HIRCCmd       sc32f1xxx_rcc.o
    0x08000658   0x08000658   0x00000024   Code   RO         1570    i.RCC_HXTCmd        sc32f1xxx_rcc.o
    0x0800067c   0x0800067c   0x00000002   Code   RO          306    i.RCC_IRQHandler    sc_it.o
    0x0800067e   0x0800067e   0x00000002   PAD
    0x08000680   0x08000680   0x00000024   Code   RO         1571    i.RCC_ITConfig      sc32f1xxx_rcc.o
    0x080006a4   0x080006a4   0x00000024   Code   RO         1573    i.RCC_LIRCCmd       sc32f1xxx_rcc.o
    0x080006c8   0x080006c8   0x00000024   Code   RO         1574    i.RCC_LXTCmd        sc32f1xxx_rcc.o
    0x080006ec   0x080006ec   0x00000098   Code   RO         1579    i.RCC_SYSCLKConfig  sc32f1xxx_rcc.o
    0x08000784   0x08000784   0x0000003c   Code   RO         1580    i.RCC_SystickCLKConfig  sc32f1xxx_rcc.o
    0x080007c0   0x080007c0   0x0000001c   Code   RO         1581    i.RCC_SystickCmd    sc32f1xxx_rcc.o
    0x080007dc   0x080007dc   0x0000001c   Code   RO         1583    i.RCC_SystickSetCounter  sc32f1xxx_rcc.o
    0x080007f8   0x080007f8   0x00000014   Code   RO         1584    i.RCC_Unlock        sc32f1xxx_rcc.o
    0x0800080c   0x0800080c   0x00000058   Code   RO          553    i.SC_ADC_Init       sc_init.o
    0x08000864   0x08000864   0x0000001c   Code   RO          563    i.SC_GPIO_Init      sc_init.o
    0x08000880   0x08000880   0x00000028   Code   RO          566    i.SC_Init           sc_init.o
    0x080008a8   0x080008a8   0x00000020   Code   RO          575    i.SC_OPTION_Init    sc_init.o
    0x080008c8   0x080008c8   0x000000bc   Code   RO          578    i.SC_PWM0_Init      sc_init.o
    0x08000984   0x08000984   0x00000050   Code   RO          582    i.SC_RCC_Init       sc_init.o
    0x080009d4   0x080009d4   0x00000026   Code   RO          586    i.SC_SYSTICK_Init   sc_init.o
    0x080009fa   0x080009fa   0x00000002   PAD
    0x080009fc   0x080009fc   0x00000094   Code   RO          588    i.SC_TIM1_Init      sc_init.o
    0x08000a90   0x08000a90   0x000000a0   Code   RO          589    i.SC_TIM2_Init      sc_init.o
    0x08000b30   0x08000b30   0x000000a0   Code   RO          595    i.SC_TWI0_Init      sc_init.o
    0x08000bd0   0x08000bd0   0x00000002   Code   RO          307    i.SPI0_IRQHandler   sc_it.o
    0x08000bd2   0x08000bd2   0x00000002   Code   RO          309    i.SPI1_IRQHandler   sc_it.o
    0x08000bd4   0x08000bd4   0x00000002   Code   RO          311    i.SysTick_IRQHandler  sc_it.o
    0x08000bd6   0x08000bd6   0x00000002   PAD
    0x08000bd8   0x08000bd8   0x00000010   Code   RO          167    i.SystemInit        system_sc32f1xxx.o
    0x08000be8   0x08000be8   0x00000002   Code   RO          312    i.TIMER0_IRQHandler  sc_it.o
    0x08000bea   0x08000bea   0x00000002   PAD
    0x08000bec   0x08000bec   0x00000010   Code   RO          313    i.TIMER1_IRQHandler  sc_it.o
    0x08000bfc   0x08000bfc   0x00000002   Code   RO          314    i.TIMER2_IRQHandler  sc_it.o
    0x08000bfe   0x08000bfe   0x00000002   Code   RO          315    i.TIMER3_IRQHandler  sc_it.o
    0x08000c00   0x08000c00   0x00000002   Code   RO          316    i.TIMER4_5_IRQHandler  sc_it.o
    0x08000c02   0x08000c02   0x00000002   Code   RO          317    i.TIMER6_7_IRQHandler  sc_it.o
    0x08000c04   0x08000c04   0x00000004   Code   RO          990    i.TIM_ClearFlag     sc32f1xxx_tim.o
    0x08000c08   0x08000c08   0x00000018   Code   RO          992    i.TIM_Cmd           sc32f1xxx_tim.o
    0x08000c20   0x08000c20   0x00000014   Code   RO          993    i.TIM_DMACmd        sc32f1xxx_tim.o
    0x08000c34   0x08000c34   0x00000018   Code   RO         1001    i.TIM_ICCmd         sc32f1xxx_tim.o
    0x08000c4c   0x08000c4c   0x00000028   Code   RO         1002    i.TIM_ICInit        sc32f1xxx_tim.o
    0x08000c74   0x08000c74   0x00000014   Code   RO         1004    i.TIM_ITConfig      sc32f1xxx_tim.o
    0x08000c88   0x08000c88   0x00000038   Code   RO         1006    i.TIM_PWMInit       sc32f1xxx_tim.o
    0x08000cc0   0x08000cc0   0x00000020   Code   RO         1007    i.TIM_PWMSetDuty    sc32f1xxx_tim.o
    0x08000ce0   0x08000ce0   0x0000000e   Code   RO         1009    i.TIM_PinRemapConfig  sc32f1xxx_tim.o
    0x08000cee   0x08000cee   0x00000004   Code   RO         1010    i.TIM_SetAutoreload  sc32f1xxx_tim.o
    0x08000cf2   0x08000cf2   0x00000004   Code   RO         1011    i.TIM_SetCounter    sc32f1xxx_tim.o
    0x08000cf6   0x08000cf6   0x00000002   PAD
    0x08000cf8   0x08000cf8   0x00000028   Code   RO         1013    i.TIM_TIMBaseInit   sc32f1xxx_tim.o
    0x08000d20   0x08000d20   0x00000002   Code   RO          318    i.TWI0_IRQHandler   sc_it.o
    0x08000d22   0x08000d22   0x00000002   Code   RO          319    i.TWI1_IRQHandler   sc_it.o
    0x08000d24   0x08000d24   0x00000018   Code   RO         1370    i.TWI_Cmd           sc32f1xxx_twi.o
    0x08000d3c   0x08000d3c   0x00000014   Code   RO         1371    i.TWI_DMACmd        sc32f1xxx_twi.o
    0x08000d50   0x08000d50   0x00000014   Code   RO         1379    i.TWI_ITConfig      sc32f1xxx_twi.o
    0x08000d64   0x08000d64   0x00000030   Code   RO         1380    i.TWI_Init          sc32f1xxx_twi.o
    0x08000d94   0x08000d94   0x0000000e   Code   RO         1381    i.TWI_PinRemapConfig  sc32f1xxx_twi.o
    0x08000da2   0x08000da2   0x00000002   Code   RO          321    i.UART0_2_IRQHandler  sc_it.o
    0x08000da4   0x08000da4   0x00000002   Code   RO          323    i.UART1_3_IRQHandler  sc_it.o
    0x08000da6   0x08000da6   0x0000001a   Code   RO           29    i.__ARM_common_switch8  main.o
    0x08000dc0   0x08000dc0   0x00000018   Code   RO          606    i.__NVIC_EnableIRQ  sc_init.o
    0x08000dd8   0x08000dd8   0x00000044   Code   RO          607    i.__NVIC_SetPriority  sc_init.o
    0x08000e1c   0x08000e1c   0x00000024   Code   RO            5    i.main              main.o
    0x08000e40   0x08000e40   0x00000058   Code   RO         1868    i.test_Buzz         buzzer.o
    0x08000e98   0x08000e98   0x00000010   Data   RO         2077    Region$$Table       anon$$obj.o


    Execution Region RW_IRAM1 (Exec base: 0x20000000, Load base: 0x08000ea8, Size: 0x00000660, Max: 0x00002000, ABSOLUTE)

    Exec Addr    Load Addr    Size         Type   Attr      Idx    E Section Name        Object

    0x20000000        -       0x00000060   Zero   RW         1948    .bss                c_p.l(libspace.o)
    0x20000060        -       0x00000200   Zero   RW         1858    HEAP                startup_sc32f10xx.o
    0x20000260        -       0x00000400   Zero   RW         1857    STACK               startup_sc32f10xx.o


==============================================================================

Image component sizes


      Code (inc. data)   RO Data    RW Data    ZI Data      Debug   Object Name

       120         10          0          0          0       1572   buzzer.o
         8          0          0          0          0        441   compctrldefine.o
       124         10          0          0          0      75439   main.o
       104          4          0          0          0       3674   sc32f1xxx_adc.o
        96          0          0          0          0       1144   sc32f1xxx_gpio.o
       162          8          0          0          0       4343   sc32f1xxx_pwm.o
       616         94          0          0          0       9289   sc32f1xxx_rcc.o
       282         28          0          0          0       7270   sc32f1xxx_tim.o
       126          8          0          0          0       3230   sc32f1xxx_twi.o
      1054         68          0          0          0      15884   sc_init.o
        96         12          0          0          0      10846   sc_it.o
       132         64        192          0       1536        804   startup_sc32f10xx.o
        16          6          0          0          0      77269   system_sc32f1xxx.o

    ----------------------------------------------------------------------
      2954        312        208          0       1536     211205   Object Totals
         0          0         16          0          0          0   (incl. Generated)
        18          0          0          0          0          0   (incl. Padding)

    ----------------------------------------------------------------------

      Code (inc. data)   RO Data    RW Data    ZI Data      Debug   Library Member Name

         8          0          0          0          0         68   __main.o
         0          0          0          0          0          0   __rtentry.o
        12          0          0          0          0          0   __rtentry2.o
         6          0          0          0          0          0   __rtentry4.o
        60          8          0          0          0          0   __scatter.o
        28          0          0          0          0          0   __scatter_zi.o
       346          0          0          0          0         92   aeabi_sdiv.o
        16          0          0          0          0         68   exit.o
         6          0          0          0          0        136   heapauxi.o
         0          0          0          0          0          0   indicate_semi.o
         2          0          0          0          0          0   libinit.o
         2          0          0          0          0          0   libinit2.o
         2          0          0          0          0          0   libshutdown.o
         2          0          0          0          0          0   libshutdown2.o
         8          4          0          0         96         68   libspace.o
         2          0          0          0          0          0   rtexit.o
        10          0          0          0          0          0   rtexit2.o
        12          4          0          0          0         60   sys_exit.o
        62          0          0          0          0         80   sys_stackheap_outer.o
         2          0          0          0          0         68   use_no_semi.o

    ----------------------------------------------------------------------
       590         16          0          0         96        640   Library Totals
         4          0          0          0          0          0   (incl. Padding)

    ----------------------------------------------------------------------

      Code (inc. data)   RO Data    RW Data    ZI Data      Debug   Library Name

       586         16          0          0         96        640   c_p.l

    ----------------------------------------------------------------------
       590         16          0          0         96        640   Library Totals

    ----------------------------------------------------------------------

==============================================================================


      Code (inc. data)   RO Data    RW Data    ZI Data      Debug   

      3544        328        208          0       1632     207673   Grand Totals
      3544        328        208          0       1632     207673   ELF Image Totals
      3544        328        208          0          0          0   ROM Totals

==============================================================================

    Total RO  Size (Code + RO Data)                 3752 (   3.66kB)
    Total RW  Size (RW Data + ZI Data)              1632 (   1.59kB)
    Total ROM Size (Code + RO Data + RW Data)       3752 (   3.66kB)

==============================================================================

