Component: ARM Compiler 5.06 update 7 (build 960) Tool: armlink [4d3601]

==============================================================================

Section Cross References

    main.o(i.DataProcessing) refers to main.o(.data) for TK_exKeyValueFlag
    main.o(i.Delay_ms) refers to main.o(i.Delay_us) for Delay_us
    main.o(i.Delay_us) refers to sc32f1xxx_tim.o(i.TIM_Cmd) for TIM_Cmd
    main.o(i.UpdateDisplay) refers to sc32f1xxx_gpio.o(i.GPIO_TogglePins) for GPIO_TogglePins
    main.o(i.UpdateDisplay) refers to main.o(.data) for exKeyValue
    main.o(i.main) refers to compctrldefine.o(i.IcResourceInit) for IcResourceInit
    main.o(i.main) refers to sc32f1xxx_tim.o(i.TIM_Cmd) for TIM_Cmd
    main.o(i.main) refers to buzzer.o(i.Buzzer_SetVolume) for Buzzer_SetVolume
    main.o(i.main) refers to sc32f10xx_tk_functionresource.o(i.TK_Init) for TK_Init
    main.o(i.main) refers to main.o(i.__ARM_common_switch8) for __ARM_common_switch8
    main.o(i.main) refers to sc32f1xxx_gpio.o(i.GPIO_ResetBits) for GPIO_ResetBits
    main.o(i.main) refers to tkdriver.o(i.TK_TouchKeyScan) for TK_TouchKeyScan
    main.o(i.main) refers to main.o(i.DataProcessing) for DataProcessing
    main.o(i.main) refers to main.o(i.UpdateDisplay) for UpdateDisplay
    main.o(i.main) refers to sc32f10xx_tk_functionresource.o(i.TK_Restart) for TK_Restart
    main.o(i.main) refers to main.o(i.Delay_ms) for Delay_ms
    main.o(i.main) refers to sc32f1xxx_gpio.o(i.GPIO_SetBits) for GPIO_SetBits
    main.o(i.main) refers to main.o(.data) for Task_state
    main.o(i.main) refers to tkdriver.o(.data) for TK_TouchKeyStatus
    sc_it.o(i.ADC_IRQHandler) refers to sc32f1xxx_adc.o(i.ADC_ClearFlag) for ADC_ClearFlag
    sc_it.o(i.PWM0_IRQHandler) refers to sc32f1xxx_pwm.o(i.PWM_ClearFlag) for PWM_ClearFlag
    sc_it.o(i.TIMER1_IRQHandler) refers to sc32f1xxx_tim.o(i.TIM_ClearFlag) for TIM_ClearFlag
    sc_init.o(i.SC_ADC_Init) refers to sc32f1xxx_adc.o(i.ADC_Init) for ADC_Init
    sc_init.o(i.SC_ADC_Init) refers to sc32f1xxx_adc.o(i.ADC_SetChannel) for ADC_SetChannel
    sc_init.o(i.SC_ADC_Init) refers to sc32f1xxx_adc.o(i.ADC_ITConfig) for ADC_ITConfig
    sc_init.o(i.SC_ADC_Init) refers to sc32f1xxx_adc.o(i.ADC_DMACmd) for ADC_DMACmd
    sc_init.o(i.SC_ADC_Init) refers to sc_init.o(i.__NVIC_SetPriority) for __NVIC_SetPriority
    sc_init.o(i.SC_ADC_Init) refers to sc_init.o(i.__NVIC_EnableIRQ) for __NVIC_EnableIRQ
    sc_init.o(i.SC_ADC_Init) refers to sc32f1xxx_adc.o(i.ADC_Cmd) for ADC_Cmd
    sc_init.o(i.SC_GPIO_Init) refers to sc32f1xxx_gpio.o(i.GPIO_Init) for GPIO_Init
    sc_init.o(i.SC_Init) refers to sc_init.o(i.SC_GPIO_Init) for SC_GPIO_Init
    sc_init.o(i.SC_Init) refers to sc_init.o(i.SC_OPTION_Init) for SC_OPTION_Init
    sc_init.o(i.SC_Init) refers to sc_init.o(i.SC_RCC_Init) for SC_RCC_Init
    sc_init.o(i.SC_Init) refers to sc_init.o(i.SC_SYSTICK_Init) for SC_SYSTICK_Init
    sc_init.o(i.SC_Init) refers to sc_init.o(i.SC_TWI0_Init) for SC_TWI0_Init
    sc_init.o(i.SC_Init) refers to sc_init.o(i.SC_TIM1_Init) for SC_TIM1_Init
    sc_init.o(i.SC_Init) refers to sc_init.o(i.SC_TIM2_Init) for SC_TIM2_Init
    sc_init.o(i.SC_Init) refers to sc_init.o(i.SC_PWM0_Init) for SC_PWM0_Init
    sc_init.o(i.SC_Init) refers to sc_init.o(i.SC_ADC_Init) for SC_ADC_Init
    sc_init.o(i.SC_PWM0_Init) refers to sc32f1xxx_rcc.o(i.RCC_Unlock) for RCC_Unlock
    sc_init.o(i.SC_PWM0_Init) refers to sc32f1xxx_rcc.o(i.RCC_APB0PeriphClockCmd) for RCC_APB0PeriphClockCmd
    sc_init.o(i.SC_PWM0_Init) refers to sc32f1xxx_pwm.o(i.PWM_SetDuty) for PWM_SetDuty
    sc_init.o(i.SC_PWM0_Init) refers to sc32f1xxx_pwm.o(i.PWM_Init) for PWM_Init
    sc_init.o(i.SC_PWM0_Init) refers to sc32f1xxx_pwm.o(i.PWM_FDInit) for PWM_FDInit
    sc_init.o(i.SC_PWM0_Init) refers to sc32f1xxx_pwm.o(i.PWM_FDCmd) for PWM_FDCmd
    sc_init.o(i.SC_PWM0_Init) refers to sc32f1xxx_pwm.o(i.PWM_ITConfig) for PWM_ITConfig
    sc_init.o(i.SC_PWM0_Init) refers to sc32f1xxx_pwm.o(i.PWM_Cmd) for PWM_Cmd
    sc_init.o(i.SC_RCC_Init) refers to sc32f1xxx_rcc.o(i.RCC_Unlock) for RCC_Unlock
    sc_init.o(i.SC_RCC_Init) refers to sc32f1xxx_rcc.o(i.RCC_HXTCmd) for RCC_HXTCmd
    sc_init.o(i.SC_RCC_Init) refers to sc32f1xxx_rcc.o(i.RCC_LXTCmd) for RCC_LXTCmd
    sc_init.o(i.SC_RCC_Init) refers to sc32f1xxx_rcc.o(i.RCC_LIRCCmd) for RCC_LIRCCmd
    sc_init.o(i.SC_RCC_Init) refers to sc32f1xxx_rcc.o(i.RCC_HIRCCmd) for RCC_HIRCCmd
    sc_init.o(i.SC_RCC_Init) refers to sc32f1xxx_rcc.o(i.RCC_ITConfig) for RCC_ITConfig
    sc_init.o(i.SC_RCC_Init) refers to sc32f1xxx_rcc.o(i.RCC_SYSCLKConfig) for RCC_SYSCLKConfig
    sc_init.o(i.SC_RCC_Init) refers to sc32f1xxx_rcc.o(i.RCC_HCLKConfig) for RCC_HCLKConfig
    sc_init.o(i.SC_RCC_Init) refers to sc32f1xxx_rcc.o(i.RCC_APB0Config) for RCC_APB0Config
    sc_init.o(i.SC_RCC_Init) refers to sc32f1xxx_rcc.o(i.RCC_APB0Cmd) for RCC_APB0Cmd
    sc_init.o(i.SC_RCC_Init) refers to sc32f1xxx_rcc.o(i.RCC_APB2Config) for RCC_APB2Config
[...]
    entry.o(.ARM.Collect$$$$00000000) refers (Special) to entry12b.o(.ARM.Collect$$$$0000000E) for __rt_lib_shutdown_fini
    entry.o(.ARM.Collect$$$$00000000) refers (Special) to entry7b.o(.ARM.Collect$$$$00000008) for _main_clock
    entry.o(.ARM.Collect$$$$00000000) refers (Special) to entry8b.o(.ARM.Collect$$$$0000000A) for _main_cpp_init
    entry.o(.ARM.Collect$$$$00000000) refers (Special) to entry9a.o(.ARM.Collect$$$$0000000B) for _main_init
    entry.o(.ARM.Collect$$$$00000000) refers (Special) to entry5.o(.ARM.Collect$$$$00000004) for _main_scatterload
    entry.o(.ARM.Collect$$$$00000000) refers (Special) to entry2.o(.ARM.Collect$$$$00000001) for _main_stk
    idiv.o(.text) refers to uidiv.o(.text) for __aeabi_uidivmod
    fadd.o(.text) refers (Special) to iusefp.o(.text) for __I$use$fp
    fadd.o(.text) refers to fepilogue.o(.text) for _float_epilogue
    fmul.o(.text) refers (Special) to iusefp.o(.text) for __I$use$fp
    fdiv.o(.text) refers (Special) to iusefp.o(.text) for __I$use$fp
    fdiv.o(.text) refers to fepilogue.o(.text) for _float_round
    dadd.o(.text) refers (Special) to iusefp.o(.text) for __I$use$fp
    dadd.o(.text) refers to llshl.o(.text) for __aeabi_llsl
    dadd.o(.text) refers to llsshr.o(.text) for __aeabi_lasr
    dadd.o(.text) refers to depilogue.o(.text) for _double_epilogue
    dmul.o(.text) refers (Special) to iusefp.o(.text) for __I$use$fp
    dmul.o(.text) refers to depilogue.o(.text) for _double_epilogue
    ddiv.o(.text) refers (Special) to iusefp.o(.text) for __I$use$fp
    ddiv.o(.text) refers to depilogue.o(.text) for _double_round
    fflti.o(.text) refers (Special) to iusefp.o(.text) for __I$use$fp
    fflti.o(.text) refers to fepilogue.o(.text) for _float_epilogue
    ffltui.o(.text) refers (Special) to iusefp.o(.text) for __I$use$fp
    ffltui.o(.text) refers to fepilogue.o(.text) for _float_epilogue
    dflti.o(.text) refers (Special) to iusefp.o(.text) for __I$use$fp
    dflti.o(.text) refers to depilogue.o(.text) for _double_epilogue
    dfltui.o(.text) refers (Special) to iusefp.o(.text) for __I$use$fp
    dfltui.o(.text) refers to depilogue.o(.text) for _double_epilogue
    ffixi.o(.text) refers (Special) to iusefp.o(.text) for __I$use$fp
    ffixui.o(.text) refers (Special) to iusefp.o(.text) for __I$use$fp
    dfixui.o(.text) refers (Special) to iusefp.o(.text) for __I$use$fp
    dfixui.o(.text) refers to llushr.o(.text) for __aeabi_llsr
    f2d.o(.text) refers (Special) to iusefp.o(.text) for __I$use$fp
    d2f.o(.text) refers (Special) to iusefp.o(.text) for __I$use$fp
    d2f.o(.text) refers to fepilogue.o(.text) for _float_round
    cfcmple.o(.text) refers (Special) to iusefp.o(.text) for __I$use$fp
    cfrcmple.o(.text) refers (Special) to iusefp.o(.text) for __I$use$fp
    entry2.o(.ARM.Collect$$$$00000001) refers to entry2.o(.ARM.Collect$$$$00002712) for __lit__00000000
    entry2.o(.ARM.Collect$$$$00002712) refers to startup_sc32f10xx.o(STACK) for __initial_sp
    entry2.o(__vectab_stack_and_reset_area) refers to startup_sc32f10xx.o(STACK) for __initial_sp
    entry2.o(__vectab_stack_and_reset_area) refers to entry.o(.ARM.Collect$$$$00000000) for __main
    entry5.o(.ARM.Collect$$$$00000004) refers to init.o(.text) for __scatterload
    entry9a.o(.ARM.Collect$$$$0000000B) refers to main.o(i.main) for main
    entry9b.o(.ARM.Collect$$$$0000000C) refers to main.o(i.main) for main
    depilogue.o(.text) refers to depilogue.o(i.__ARM_clz) for __ARM_clz
    depilogue.o(.text) refers to llshl.o(.text) for __aeabi_llsl
    depilogue.o(.text) refers to llushr.o(.text) for __aeabi_llsr
    init.o(.text) refers to entry5.o(.ARM.Collect$$$$00000004) for __main_after_scatterload


==============================================================================

Removing Unused input sections from the image.

    Removing main.o(.rev16_text), (4 bytes).
    Removing main.o(.revsh_text), (4 bytes).
    Removing system_sc32f1xxx.o(.rev16_text), (4 bytes).
    Removing system_sc32f1xxx.o(.revsh_text), (4 bytes).
    Removing sc_it.o(.rev16_text), (4 bytes).
    Removing sc_it.o(.revsh_text), (4 bytes).
    Removing sc_it.o(i.CAN_IRQHandler), (2 bytes).
    Removing sc_it.o(i.CMP0_1_2_IRQHandler), (2 bytes).
    Removing sc_it.o(i.CMP3_IRQHandler), (2 bytes).
    Removing sc_it.o(i.EPWM_IRQHandler), (2 bytes).
    Removing sc_it.o(i.OP1_OP2_IRQHandler), (2 bytes).
    Removing sc_it.o(i.PCAP_IRQHandler), (2 bytes).
    Removing sc_it.o(i.QEP0_IRQHandler), (2 bytes).
    Removing sc_it.o(i.QEP1_IRQHandler), (2 bytes).
    Removing sc_it.o(i.SPI1_2_IRQHandler), (2 bytes).
    Removing sc_it.o(i.SPI1_TWI1_IRQHandler), (2 bytes).
    Removing sc_it.o(i.UART0_2_4_IRQHandler), (2 bytes).
    Removing sc_it.o(i.UART1_3_5_IRQHandler), (2 bytes).
    Removing sc_it.o(i.UART1_IRQHandler), (2 bytes).
    Removing sc_init.o(.rev16_text), (4 bytes).
    Removing sc_init.o(.revsh_text), (4 bytes).
    Removing sc_init.o(i.SC_ACMP0_Init), (2 bytes).
    Removing sc_init.o(i.SC_ACMP1_Init), (2 bytes).
    Removing sc_init.o(i.SC_ACMP2_Init), (2 bytes).
    Removing sc_init.o(i.SC_ACMP3_Init), (2 bytes).
    Removing sc_init.o(i.SC_ACMP_Init), (2 bytes).
    Removing sc_init.o(i.SC_BTM_Init), (2 bytes).
    Removing sc_init.o(i.SC_CAN_Init), (2 bytes).
    Removing sc_init.o(i.SC_CRC_Init), (2 bytes).
    Removing sc_init.o(i.SC_DAC_Init), (2 bytes).
    Removing sc_init.o(i.SC_DMA0_Init), (2 bytes).
    Removing sc_init.o(i.SC_DMA1_Init), (2 bytes).
    Removing sc_init.o(i.SC_DMA2_Init), (2 bytes).
    Removing sc_init.o(i.SC_DMA3_Init), (2 bytes).
    Removing sc_init.o(i.SC_EPWM_Init), (2 bytes).
    Removing sc_init.o(i.SC_IAP_Init), (2 bytes).
    Removing sc_init.o(i.SC_INT_Init), (2 bytes).
    Removing sc_init.o(i.SC_LCD_Init), (2 bytes).
    Removing sc_init.o(i.SC_LEDPWM_Init), (2 bytes).
    Removing sc_init.o(i.SC_LED_Init), (2 bytes).
    Removing sc_init.o(i.SC_MR_Init), (2 bytes).
    Removing sc_init.o(i.SC_NVIC_Init), (2 bytes).
    Removing sc_init.o(i.SC_OP0_Init), (2 bytes).
    Removing sc_init.o(i.SC_OP1_Init), (2 bytes).
    Removing sc_init.o(i.SC_OP2_Init), (2 bytes).
    Removing sc_init.o(i.SC_OP_Init), (2 bytes).
    Removing sc_init.o(i.SC_PCAP_Init), (2 bytes).
    Removing sc_init.o(i.SC_PWR_Init), (2 bytes).
    Removing sc_init.o(i.SC_QEP0_Init), (2 bytes).
    Removing sc_init.o(i.SC_QEP1_Init), (2 bytes).
    Removing sc_init.o(i.SC_SPI0_Init), (2 bytes).
    Removing sc_init.o(i.SC_SPI1_Init), (2 bytes).
    Removing sc_init.o(i.SC_SPI2_Init), (2 bytes).
    Removing sc_init.o(i.SC_TIM0_Init), (2 bytes).
    Removing sc_init.o(i.SC_TIM3_Init), (2 bytes).
    Removing sc_init.o(i.SC_TIM4_Init), (2 bytes).
    Removing sc_init.o(i.SC_TIM5_Init), (2 bytes).
    Removing sc_init.o(i.SC_TIM6_Init), (2 bytes).
    Removing sc_init.o(i.SC_TIM7_Init), (2 bytes).
    Removing sc_init.o(i.SC_TWI1_Init), (2 bytes).
    Removing sc_init.o(i.SC_TemperSensor_Init), (2 bytes).
    Removing sc_init.o(i.SC_UART0_Init), (2 bytes).
    Removing sc_init.o(i.SC_UART1_Init), (2 bytes).
    Removing sc_init.o(i.SC_UART2_Init), (2 bytes).
    Removing sc_init.o(i.SC_UART3_Init), (2 bytes).
    Removing sc_init.o(i.SC_UART4_Init), (2 bytes).
    Removing sc_init.o(i.SC_UART5_Init), (2 bytes).
    Removing sc_init.o(i.SC_VREF_Init), (2 bytes).
    Removing sc_init.o(i.SC_WDT_Init), (2 bytes).
    Removing sysfunvardefine.o(.rev16_text), (4 bytes).
    Removing sysfunvardefine.o(.revsh_text), (4 bytes).
    Removing compctrldefine.o(.rev16_text), (4 bytes).
    Removing compctrldefine.o(.revsh_text), (4 bytes).
    Removing callbackfunction.o(.rev16_text), (4 bytes).
    Removing callbackfunction.o(.revsh_text), (4 bytes).
    Removing callbackfunction.o(i.Customer_BTM_Dispose), (2 bytes).
    Removing callbackfunction.o(i.Customer_IntoLowPowerMode_Init), (2 bytes).
    Removing callbackfunction.o(i.Customer_QuitLowPowerMode_Init), (2 bytes).
    Removing sc32f1xxx_tim.o(.rev16_text), (4 bytes).
    Removing sc32f1xxx_tim.o(.revsh_text), (4 bytes).
    Removing sc32f1xxx_tim.o(i.TIM_ClockOutputCmd), (28 bytes).
    Removing sc32f1xxx_tim.o(i.TIM_DeInit), (216 bytes).
    Removing sc32f1xxx_tim.o(i.TIM_GetAutoreload), (8 bytes).
    Removing sc32f1xxx_tim.o(i.TIM_GetCounter), (6 bytes).
    Removing sc32f1xxx_tim.o(i.TIM_GetFailingCapture), (6 bytes).
    Removing sc32f1xxx_tim.o(i.TIM_GetFlagStatus), (20 bytes).
    Removing sc32f1xxx_tim.o(i.TIM_GetPrescaler), (12 bytes).
    Removing sc32f1xxx_tim.o(i.TIM_GetRisingCapture), (6 bytes).
    Removing sc32f1xxx_tim.o(i.TIM_ICStructInit), (8 bytes).
    Removing sc32f1xxx_tim.o(i.TIM_PWMGetDuty), (20 bytes).
    Removing sc32f1xxx_tim.o(i.TIM_PWMStructInit), (8 bytes).
    Removing sc32f1xxx_tim.o(i.TIM_SetAutoreload), (4 bytes).
    Removing sc32f1xxx_tim.o(i.TIM_SetCounter), (4 bytes).
    Removing sc32f1xxx_tim.o(i.TIM_SetPerscaler), (18 bytes).
    Removing sc32f1xxx_tim.o(i.TIM_TimeBaseStructInit), (14 bytes).
    Removing sc32f1xxx_adc.o(.rev16_text), (4 bytes).
    Removing sc32f1xxx_adc.o(.revsh_text), (4 bytes).
    Removing sc32f1xxx_adc.o(i.ADC_ConvModeConfig), (28 bytes).
    Removing sc32f1xxx_adc.o(i.ADC_DeInit), (14 bytes).
    Removing sc32f1xxx_adc.o(i.ADC_GetChannel), (10 bytes).
    Removing sc32f1xxx_adc.o(i.ADC_GetConversionValue), (8 bytes).
    Removing sc32f1xxx_adc.o(i.ADC_GetFlagStatus), (20 bytes).
    Removing sc32f1xxx_adc.o(i.ADC_SoftwareStartConv), (10 bytes).
    Removing sc32f1xxx_adc.o(i.ADC_StructInit), (18 bytes).
    Removing sc32f1xxx_pwm.o(.rev16_text), (4 bytes).
    Removing sc32f1xxx_pwm.o(.revsh_text), (4 bytes).
    Removing sc32f1xxx_pwm.o(i.PWM_DeInit), (32 bytes).
    Removing sc32f1xxx_pwm.o(i.PWM_FDStructInit), (10 bytes).
    Removing sc32f1xxx_pwm.o(i.PWM_FallingDeadTimeConfig), (24 bytes).
    Removing sc32f1xxx_pwm.o(i.PWM_GetCycle), (8 bytes).
    Removing sc32f1xxx_pwm.o(i.PWM_GetDuty), (46 bytes).
    Removing sc32f1xxx_pwm.o(i.PWM_GetFlagStatus), (20 bytes).
    Removing sc32f1xxx_pwm.o(i.PWM_GetPrescaler), (10 bytes).
    Removing sc32f1xxx_pwm.o(i.PWM_RisingDeadTimeConfig), (18 bytes).
    Removing sc32f1xxx_pwm.o(i.PWM_SetCycle), (4 bytes).
    Removing sc32f1xxx_pwm.o(i.PWM_SetPrescaler), (20 bytes).
    Removing sc32f1xxx_pwm.o(i.PWM_StructInit), (16 bytes).
    Removing sc32f1xxx_twi.o(.rev16_text), (4 bytes).
    Removing sc32f1xxx_twi.o(.revsh_text), (4 bytes).
    Removing sc32f1xxx_twi.o(i.TWI_AcknowledgeConfig), (28 bytes).
    Removing sc32f1xxx_twi.o(i.TWI_ClearFlag), (8 bytes).
    Removing sc32f1xxx_twi.o(i.TWI_DeInit), (60 bytes).
    Removing sc32f1xxx_twi.o(i.TWI_GeneralCallCmd), (28 bytes).
    Removing sc32f1xxx_twi.o(i.TWI_GenerateSTART), (28 bytes).
    Removing sc32f1xxx_twi.o(i.TWI_GenerateSTOP), (28 bytes).
    Removing sc32f1xxx_twi.o(i.TWI_GetFlagStatus), (20 bytes).
    Removing sc32f1xxx_twi.o(i.TWI_GetNbytes), (10 bytes).
    Removing sc32f1xxx_twi.o(i.TWI_GetStateMachine), (12 bytes).
    Removing sc32f1xxx_twi.o(i.TWI_ReceiveData), (8 bytes).
    Removing sc32f1xxx_twi.o(i.TWI_Send7bitAddress), (22 bytes).
    Removing sc32f1xxx_twi.o(i.TWI_SendData), (4 bytes).
    Removing sc32f1xxx_twi.o(i.TWI_SetNbytes), (6 bytes).
    Removing sc32f1xxx_twi.o(i.TWI_StretchClockConfig), (28 bytes).
    Removing sc32f1xxx_twi.o(i.TWI_StructInit), (16 bytes).
    Removing sc32f1xxx_option.o(.rev16_text), (4 bytes).
    Removing sc32f1xxx_option.o(.revsh_text), (4 bytes).
    Removing sc32f1xxx_option.o(i.OPTION_IAPPORA), (24 bytes).
    Removing sc32f1xxx_option.o(i.OPTION_IAPPORB), (24 bytes).
    Removing sc32f1xxx_option.o(i.OPTION_JTAGCmd), (44 bytes).
    Removing sc32f1xxx_option.o(i.OPTION_LVRConfig), (32 bytes).
    Removing sc32f1xxx_option.o(i.OPTION_WDTCmd), (40 bytes).
    Removing sc32f1xxx_rcc.o(.rev16_text), (4 bytes).
    Removing sc32f1xxx_rcc.o(.revsh_text), (4 bytes).
    Removing sc32f1xxx_rcc.o(i.RCC_AHBPeriphClockCmd), (32 bytes).
    Removing sc32f1xxx_rcc.o(i.RCC_AHBPeriphResetCmd), (32 bytes).
    Removing sc32f1xxx_rcc.o(i.RCC_APB0PeriphResetCmd), (32 bytes).
    Removing sc32f1xxx_rcc.o(i.RCC_APB1Cmd), (40 bytes).
    Removing sc32f1xxx_rcc.o(i.RCC_APB1Config), (28 bytes).
    Removing sc32f1xxx_rcc.o(i.RCC_APB1PeriphClockCmd), (32 bytes).
    Removing sc32f1xxx_rcc.o(i.RCC_APB1PeriphResetCmd), (32 bytes).
    Removing sc32f1xxx_rcc.o(i.RCC_APB2PeriphClockCmd), (32 bytes).
    Removing sc32f1xxx_rcc.o(i.RCC_APB2PeriphResetCmd), (32 bytes).
    Removing sc32f1xxx_rcc.o(i.RCC_BTMCLKConfig), (36 bytes).
    Removing sc32f1xxx_rcc.o(i.RCC_DeInit), (28 bytes).
    Removing sc32f1xxx_rcc.o(i.RCC_GetClocksFreq), (236 bytes).
    Removing sc32f1xxx_rcc.o(i.RCC_GetFlagStatus), (24 bytes).
    Removing sc32f1xxx_rcc.o(i.RCC_GetSYSCLKSource), (36 bytes).
    Removing sc32f1xxx_rcc.o(i.RCC_LCDLEDCLKConfig), (36 bytes).
    Removing sc32f1xxx_rcc.o(i.RCC_NMICmd), (44 bytes).
    Removing sc32f1xxx_rcc.o(i.RCC_PLLCmd), (48 bytes).
    Removing sc32f1xxx_rcc.o(i.RCC_PLLConfig), (56 bytes).
    Removing sc32f1xxx_rcc.o(i.RCC_PLLRCmd), (48 bytes).
    Removing sc32f1xxx_rcc.o(i.RCC_SystickGetFlagStatus), (28 bytes).
    Removing sc32f1xxx_rcc.o(i.RCC_WaitConfig), (40 bytes).
    Removing sc32f1xxx_gpio.o(.rev16_text), (4 bytes).
    Removing sc32f1xxx_gpio.o(.revsh_text), (4 bytes).
    Removing sc32f1xxx_gpio.o(i.GPIO_DeInit), (32 bytes).
    Removing sc32f1xxx_gpio.o(i.GPIO_ReadData), (8 bytes).
    Removing sc32f1xxx_gpio.o(i.GPIO_ReadDataBit), (18 bytes).
    Removing sc32f1xxx_gpio.o(i.GPIO_SetDriveLevel), (54 bytes).
    Removing sc32f1xxx_gpio.o(i.GPIO_Write), (4 bytes).
    Removing sc32f1xxx_gpio.o(i.GPIO_WriteBit), (20 bytes).
    Removing startup_sc32f10xx.o(HEAP), (512 bytes).
    Removing buzzer.o(.rev16_text), (4 bytes).
    Removing buzzer.o(.revsh_text), (4 bytes).
    Removing buzzer.o(i.Buzzer_Play), (400 bytes).
    Removing buzzer.o(i.PWM_SetHz), (72 bytes).
    Removing buzzer.o(i.test_Buzz), (140 bytes).
    Removing buzzer.o(.constdata), (5842 bytes).
    Removing buzzer.o(.data), (4 bytes).
    Removing tkdriver.o(.rev16_text), (4 bytes).
    Removing tkdriver.o(.revsh_text), (4 bytes).
    Removing sc32f10xx_tk_functionresource.o(.rev16_text), (4 bytes).
    Removing sc32f10xx_tk_functionresource.o(.revsh_text), (4 bytes).
    Removing dfixui.o(.text), (60 bytes).

185 unused section(s) (total 9546 bytes) removed from the image.

==============================================================================

Image Symbol Table

    Local Symbols

    Symbol Name                              Value     Ov Type        Size  Object(Section)

    ../clib/microlib/division.c              0x00000000   Number         0  idiv.o ABSOLUTE
    ../clib/microlib/division.c              0x00000000   Number         0  uidiv.o ABSOLUTE
    ../clib/microlib/init/entry.s            0x00000000   Number         0  entry10a.o ABSOLUTE
    ../clib/microlib/init/entry.s            0x00000000   Number         0  entry10b.o ABSOLUTE
    ../clib/microlib/init/entry.s            0x00000000   Number         0  entry11a.o ABSOLUTE
    ../clib/microlib/init/entry.s            0x00000000   Number         0  entry11b.o ABSOLUTE
    ../clib/microlib/init/entry.s            0x00000000   Number         0  entry12b.o ABSOLUTE
    ../clib/microlib/init/entry.s            0x00000000   Number         0  entry.o ABSOLUTE
    ../clib/microlib/init/entry.s            0x00000000   Number         0  entry2.o ABSOLUTE
    ../clib/microlib/init/entry.s            0x00000000   Number         0  entry12a.o ABSOLUTE
    ../clib/microlib/init/entry.s            0x00000000   Number         0  entry5.o ABSOLUTE
    ../clib/microlib/init/entry.s            0x00000000   Number         0  entry8b.o ABSOLUTE
    ../clib/microlib/init/entry.s            0x00000000   Number         0  entry7a.o ABSOLUTE
    ../clib/microlib/init/entry.s            0x00000000   Number         0  entry7b.o ABSOLUTE
    ../clib/microlib/init/entry.s            0x00000000   Number         0  entry9b.o ABSOLUTE
    ../clib/microlib/init/entry.s            0x00000000   Number         0  entry8a.o ABSOLUTE
    ../clib/microlib/init/entry.s            0x00000000   Number         0  entry9a.o ABSOLUTE
    ../clib/microlib/longlong.c              0x00000000   Number         0  llsshr.o ABSOLUTE
    ../clib/microlib/longlong.c              0x00000000   Number         0  llushr.o ABSOLUTE
    ../clib/microlib/longlong.c              0x00000000   Number         0  llshl.o ABSOLUTE
    ../clib/microlib/stubs.s                 0x00000000   Number         0  iusefp.o ABSOLUTE
    ../fplib/microlib/d2f.c                  0x00000000   Number         0  d2f.o ABSOLUTE
    ../fplib/microlib/f2d.c                  0x00000000   Number         0  f2d.o ABSOLUTE
    ../fplib/microlib/fpadd.c                0x00000000   Number         0  dadd.o ABSOLUTE
    ../fplib/microlib/fpadd.c                0x00000000   Number         0  fadd.o ABSOLUTE
    ../fplib/microlib/fpdiv.c                0x00000000   Number         0  ddiv.o ABSOLUTE
    ../fplib/microlib/fpdiv.c                0x00000000   Number         0  fdiv.o ABSOLUTE
    ../fplib/microlib/fpepilogue.c           0x00000000   Number         0  fepilogue.o ABSOLUTE
    ../fplib/microlib/fpepilogue.c           0x00000000   Number         0  depilogue.o ABSOLUTE
    ../fplib/microlib/fpfix.c                0x00000000   Number         0  ffixi.o ABSOLUTE
    ../fplib/microlib/fpfix.c                0x00000000   Number         0  dfixui.o ABSOLUTE
    ../fplib/microlib/fpfix.c                0x00000000   Number         0  ffixui.o ABSOLUTE
    ../fplib/microlib/fpflt.c                0x00000000   Number         0  ffltui.o ABSOLUTE
    ../fplib/microlib/fpflt.c                0x00000000   Number         0  dflti.o ABSOLUTE
    ../fplib/microlib/fpflt.c                0x00000000   Number         0  dfltui.o ABSOLUTE
    ../fplib/microlib/fpflt.c                0x00000000   Number         0  fflti.o ABSOLUTE
    ../fplib/microlib/fpmul.c                0x00000000   Number         0  dmul.o ABSOLUTE
    ../fplib/microlib/fpmul.c                0x00000000   Number         0  fmul.o ABSOLUTE
    ..\Buzz\Src\Buzzer.c                     0x00000000   Number         0  buzzer.o ABSOLUTE
    ..\Drivers\TKDriver\C\TKDriver.C         0x00000000   Number         0  tkdriver.o ABSOLUTE
    ..\FWLib\SC32F1XXX_Lib\src\sc32f1xxx_adc.c 0x00000000   Number         0  sc32f1xxx_adc.o ABSOLUTE
    ..\FWLib\SC32F1XXX_Lib\src\sc32f1xxx_gpio.c 0x00000000   Number         0  sc32f1xxx_gpio.o ABSOLUTE
    ..\FWLib\SC32F1XXX_Lib\src\sc32f1xxx_option.c 0x00000000   Number         0  sc32f1xxx_option.o ABSOLUTE
    ..\FWLib\SC32F1XXX_Lib\src\sc32f1xxx_pwm.c 0x00000000   Number         0  sc32f1xxx_pwm.o ABSOLUTE
    ..\FWLib\SC32F1XXX_Lib\src\sc32f1xxx_rcc.c 0x00000000   Number         0  sc32f1xxx_rcc.o ABSOLUTE
    ..\FWLib\SC32F1XXX_Lib\src\sc32f1xxx_tim.c 0x00000000   Number         0  sc32f1xxx_tim.o ABSOLUTE
    ..\FWLib\SC32F1XXX_Lib\src\sc32f1xxx_twi.c 0x00000000   Number         0  sc32f1xxx_twi.o ABSOLUTE
    ..\User\CallBackFunction.c               0x00000000   Number         0  callbackfunction.o ABSOLUTE
    ..\User\CompCtrlDefine.c                 0x00000000   Number         0  compctrldefine.o ABSOLUTE
    ..\User\Delay.c                          0x00000000   Number         0  delay.o ABSOLUTE
    ..\User\SC_Init.c                        0x00000000   Number         0  sc_init.o ABSOLUTE
    ..\User\SC_it.c                          0x00000000   Number         0  sc_it.o ABSOLUTE
    ..\User\SysFunVarDefine.c                0x00000000   Number         0  sysfunvardefine.o ABSOLUTE
    ..\User\main.c                           0x00000000   Number         0  main.o ABSOLUTE
    ..\User\system_sc32f1xxx.c               0x00000000   Number         0  system_sc32f1xxx.o ABSOLUTE
    ..\\Buzz\\Src\\Buzzer.c                  0x00000000   Number         0  buzzer.o ABSOLUTE
    ..\\Drivers\\TKDriver\\C\\TKDriver.C     0x00000000   Number         0  tkdriver.o ABSOLUTE
    ..\\FWLib\\SC32F1XXX_Lib\\src\\sc32f1xxx_adc.c 0x00000000   Number         0  sc32f1xxx_adc.o ABSOLUTE
    ..\\FWLib\\SC32F1XXX_Lib\\src\\sc32f1xxx_gpio.c 0x00000000   Number         0  sc32f1xxx_gpio.o ABSOLUTE
    ..\\FWLib\\SC32F1XXX_Lib\\src\\sc32f1xxx_option.c 0x00000000   Number         0  sc32f1xxx_option.o ABSOLUTE
    ..\\FWLib\\SC32F1XXX_Lib\\src\\sc32f1xxx_pwm.c 0x00000000   Number         0  sc32f1xxx_pwm.o ABSOLUTE
    ..\\FWLib\\SC32F1XXX_Lib\\src\\sc32f1xxx_rcc.c 0x00000000   Number         0  sc32f1xxx_rcc.o ABSOLUTE
    ..\\FWLib\\SC32F1XXX_Lib\\src\\sc32f1xxx_tim.c 0x00000000   Number         0  sc32f1xxx_tim.o ABSOLUTE
    ..\\FWLib\\SC32F1XXX_Lib\\src\\sc32f1xxx_twi.c 0x00000000   Number         0  sc32f1xxx_twi.o ABSOLUTE
    ..\\User\\CallBackFunction.c             0x00000000   Number         0  callbackfunction.o ABSOLUTE
    ..\\User\\CompCtrlDefine.c               0x00000000   Number         0  compctrldefine.o ABSOLUTE
    ..\\User\\SC_Init.c                      0x00000000   Number         0  sc_init.o ABSOLUTE
    ..\\User\\SC_it.c                        0x00000000   Number         0  sc_it.o ABSOLUTE
    ..\\User\\SysFunVarDefine.c              0x00000000   Number         0  sysfunvardefine.o ABSOLUTE
    ..\\User\\main.c                         0x00000000   Number         0  main.o ABSOLUTE
    ..\\User\\system_sc32f1xxx.c             0x00000000   Number         0  system_sc32f1xxx.o ABSOLUTE
    LIB\\sc32f10xx_TK_FunctionResource.c     0x00000000   Number         0  sc32f10xx_tk_functionresource.o ABSOLUTE
    LIB\sc32f10xx_TK_FunctionResource.c      0x00000000   Number         0  sc32f10xx_tk_functionresource.o ABSOLUTE
    cfcmple.s                                0x00000000   Number         0  cfcmple.o ABSOLUTE
    cfrcmple.s                               0x00000000   Number         0  cfrcmple.o ABSOLUTE
    dc.s                                     0x00000000   Number         0  dc.o ABSOLUTE
    handlers.s                               0x00000000   Number         0  handlers.o ABSOLUTE
    init.s                                   0x00000000   Number         0  init.o ABSOLUTE
    startup_sc32f10xx.s                      0x00000000   Number         0  startup_sc32f10xx.o ABSOLUTE
    RESET                                    0x08000000   Section      192  startup_sc32f10xx.o(RESET)
    .ARM.Collect$$$$00000000                 0x080000c0   Section        0  entry.o(.ARM.Collect$$$$00000000)
    .ARM.Collect$$$$00000001                 0x080000c0   Section        4  entry2.o(.ARM.Collect$$$$00000001)
    .ARM.Collect$$$$00000004                 0x080000c4   Section        4  entry5.o(.ARM.Collect$$$$00000004)
    .ARM.Collect$$$$00000008                 0x080000c8   Section        0  entry7b.o(.ARM.Collect$$$$00000008)
    .ARM.Collect$$$$0000000A                 0x080000c8   Section        0  entry8b.o(.ARM.Collect$$$$0000000A)
    .ARM.Collect$$$$0000000B                 0x080000c8   Section        8  entry9a.o(.ARM.Collect$$$$0000000B)
    .ARM.Collect$$$$0000000E                 0x080000d0   Section        4  entry12b.o(.ARM.Collect$$$$0000000E)
    .ARM.Collect$$$$0000000F                 0x080000d4   Section        0  entry10a.o(.ARM.Collect$$$$0000000F)
    .ARM.Collect$$$$00000011                 0x080000d4   Section        0  entry11a.o(.ARM.Collect$$$$00000011)
    .ARM.Collect$$$$00002712                 0x080000d4   Section        4  entry2.o(.ARM.Collect$$$$00002712)
    __lit__00000000                          0x080000d4   Data           4  entry2.o(.ARM.Collect$$$$00002712)
    .text                                    0x080000d8   Section      104  startup_sc32f10xx.o(.text)
    .text                                    0x08000140   Section        0  uidiv.o(.text)
    .text                                    0x0800016c   Section        0  idiv.o(.text)
    .text                                    0x08000194   Section        0  fadd.o(.text)
    .text                                    0x08000246   Section        0  fmul.o(.text)
    .text                                    0x080002c0   Section        0  fdiv.o(.text)
    .text                                    0x0800033c   Section        0  dadd.o(.text)
    .text                                    0x080004a4   Section        0  dmul.o(.text)
    .text                                    0x08000574   Section        0  ddiv.o(.text)
    .text                                    0x08000664   Section        0  fflti.o(.text)
    .text                                    0x0800067a   Section        0  ffltui.o(.text)
    .text                                    0x08000688   Section        0  dflti.o(.text)
    .text                                    0x080006b0   Section        0  dfltui.o(.text)
    .text                                    0x080006cc   Section        0  ffixi.o(.text)
    .text                                    0x080006fe   Section        0  ffixui.o(.text)
    .text                                    0x08000726   Section        0  f2d.o(.text)
    .text                                    0x0800074e   Section        0  d2f.o(.text)
    .text                                    0x08000788   Section       20  cfcmple.o(.text)
    .text                                    0x0800079c   Section       20  cfrcmple.o(.text)
    .text                                    0x080007b0   Section        0  llshl.o(.text)
    .text                                    0x080007d0   Section        0  llushr.o(.text)
    .text                                    0x080007f2   Section        0  llsshr.o(.text)
    .text                                    0x08000818   Section        0  iusefp.o(.text)
    .text                                    0x08000818   Section        0  fepilogue.o(.text)
    .text                                    0x0800089a   Section        0  depilogue.o(.text)
    .text                                    0x08000958   Section       36  init.o(.text)
    i.ADC_ClearFlag                          0x0800097c   Section        0  sc32f1xxx_adc.o(i.ADC_ClearFlag)
    i.ADC_Cmd                                0x08000980   Section        0  sc32f1xxx_adc.o(i.ADC_Cmd)
    i.ADC_DMACmd                             0x0800099c   Section        0  sc32f1xxx_adc.o(i.ADC_DMACmd)
    i.ADC_IRQHandler                         0x080009b8   Section        0  sc_it.o(i.ADC_IRQHandler)
    i.ADC_ITConfig                           0x080009c8   Section        0  sc32f1xxx_adc.o(i.ADC_ITConfig)
    i.ADC_Init                               0x080009dc   Section        0  sc32f1xxx_adc.o(i.ADC_Init)
    i.ADC_SetChannel                         0x080009fc   Section        0  sc32f1xxx_adc.o(i.ADC_SetChannel)
    i.BTM_IRQHandler                         0x08000a0e   Section        0  sc_it.o(i.BTM_IRQHandler)
    i.Buzzer_SetVolume                       0x08000a10   Section        0  buzzer.o(i.Buzzer_SetVolume)
    i.CMP_IRQHandler                         0x08000a24   Section        0  sc_it.o(i.CMP_IRQHandler)
    i.DMA0_IRQHandler                        0x08000a26   Section        0  sc_it.o(i.DMA0_IRQHandler)
    i.DMA1_IRQHandler                        0x08000a28   Section        0  sc_it.o(i.DMA1_IRQHandler)
    i.DMA2_IRQHandler                        0x08000a2a   Section        0  sc_it.o(i.DMA2_IRQHandler)
    i.DMA3_IRQHandler                        0x08000a2c   Section        0  sc_it.o(i.DMA3_IRQHandler)
    i.DataProcessing                         0x08000a30   Section        0  main.o(i.DataProcessing)
    i.Delay_ms                               0x08000a64   Section        0  main.o(i.Delay_ms)
    i.Delay_us                               0x08000a7c   Section        0  main.o(i.Delay_us)
    i.GPIO_Init                              0x08000aa8   Section        0  sc32f1xxx_gpio.o(i.GPIO_Init)
    i.GPIO_ResetBits                         0x08000b18   Section        0  sc32f1xxx_gpio.o(i.GPIO_ResetBits)
    i.GPIO_SetBits                           0x08000b3a   Section        0  sc32f1xxx_gpio.o(i.GPIO_SetBits)
    i.GPIO_TogglePins                        0x08000b5c   Section        0  sc32f1xxx_gpio.o(i.GPIO_TogglePins)
    i.INT0_IRQHandler                        0x08000b88   Section        0  sc_it.o(i.INT0_IRQHandler)
    i.INT12_15_IRQHandler                    0x08000b8a   Section        0  sc_it.o(i.INT12_15_IRQHandler)
    i.INT1_7_IRQHandler                      0x08000b8c   Section        0  sc_it.o(i.INT1_7_IRQHandler)
    i.INT8_11_IRQHandler                     0x08000b8e   Section        0  sc_it.o(i.INT8_11_IRQHandler)
    i.IcResourceInit                         0x08000b90   Section        0  compctrldefine.o(i.IcResourceInit)
    i.LEDPWM_IRQHandler                      0x08000b98   Section        0  sc_it.o(i.LEDPWM_IRQHandler)
    i.PWM0_IRQHandler                        0x08000b9c   Section        0  sc_it.o(i.PWM0_IRQHandler)
    i.PWM_ClearFlag                          0x08000bac   Section        0  sc32f1xxx_pwm.o(i.PWM_ClearFlag)
    i.PWM_Cmd                                0x08000bb0   Section        0  sc32f1xxx_pwm.o(i.PWM_Cmd)
    i.PWM_FDCmd                              0x08000bcc   Section        0  sc32f1xxx_pwm.o(i.PWM_FDCmd)
    i.PWM_FDInit                             0x08000be8   Section        0  sc32f1xxx_pwm.o(i.PWM_FDInit)
    i.PWM_ITConfig                           0x08000c02   Section        0  sc32f1xxx_pwm.o(i.PWM_ITConfig)
    i.PWM_Init                               0x08000c1c   Section        0  sc32f1xxx_pwm.o(i.PWM_Init)
    i.PWM_SetDuty                            0x08000c44   Section        0  sc32f1xxx_pwm.o(i.PWM_SetDuty)
    i.RCC_APB0Cmd                            0x08000c6c   Section        0  sc32f1xxx_rcc.o(i.RCC_APB0Cmd)
    i.RCC_APB0Config                         0x08000c94   Section        0  sc32f1xxx_rcc.o(i.RCC_APB0Config)
    i.RCC_APB0PeriphClockCmd                 0x08000cb0   Section        0  sc32f1xxx_rcc.o(i.RCC_APB0PeriphClockCmd)
    i.RCC_APB2Cmd                            0x08000cd0   Section        0  sc32f1xxx_rcc.o(i.RCC_APB2Cmd)
    i.RCC_APB2Config                         0x08000cf8   Section        0  sc32f1xxx_rcc.o(i.RCC_APB2Config)
    i.RCC_HCLKConfig                         0x08000d14   Section        0  sc32f1xxx_rcc.o(i.RCC_HCLKConfig)
    i.RCC_HIRCCmd                            0x08000d30   Section        0  sc32f1xxx_rcc.o(i.RCC_HIRCCmd)
    i.RCC_HXTCmd                             0x08000d60   Section        0  sc32f1xxx_rcc.o(i.RCC_HXTCmd)
    i.RCC_IRQHandler                         0x08000d90   Section        0  sc_it.o(i.RCC_IRQHandler)
    i.RCC_ITConfig                           0x08000d94   Section        0  sc32f1xxx_rcc.o(i.RCC_ITConfig)
    i.RCC_LIRCCmd                            0x08000dc8   Section        0  sc32f1xxx_rcc.o(i.RCC_LIRCCmd)
    i.RCC_LXTCmd                             0x08000df8   Section        0  sc32f1xxx_rcc.o(i.RCC_LXTCmd)
    i.RCC_SYSCLKConfig                       0x08000e28   Section        0  sc32f1xxx_rcc.o(i.RCC_SYSCLKConfig)
    i.RCC_SystickCLKConfig                   0x08000f00   Section        0  sc32f1xxx_rcc.o(i.RCC_SystickCLKConfig)
    i.RCC_SystickCmd                         0x08000f48   Section        0  sc32f1xxx_rcc.o(i.RCC_SystickCmd)
    i.RCC_SystickSetCounter                  0x08000f6c   Section        0  sc32f1xxx_rcc.o(i.RCC_SystickSetCounter)
    i.RCC_Unlock                             0x08000f88   Section        0  sc32f1xxx_rcc.o(i.RCC_Unlock)
    i.SC_ADC_Init                            0x08000fa0   Section        0  sc_init.o(i.SC_ADC_Init)
    i.SC_GPIO_Init                           0x08000ff8   Section        0  sc_init.o(i.SC_GPIO_Init)
    i.SC_Init                                0x08001148   Section        0  sc_init.o(i.SC_Init)
    i.SC_OPTION_Init                         0x08001170   Section        0  sc_init.o(i.SC_OPTION_Init)
    i.SC_PWM0_Init                           0x08001194   Section        0  sc_init.o(i.SC_PWM0_Init)
    i.SC_RCC_Init                            0x08001254   Section        0  sc_init.o(i.SC_RCC_Init)
    i.SC_SYSTICK_Init                        0x080012a4   Section        0  sc_init.o(i.SC_SYSTICK_Init)
    i.SC_TIM1_Init                           0x080012cc   Section        0  sc_init.o(i.SC_TIM1_Init)
    i.SC_TIM2_Init                           0x08001364   Section        0  sc_init.o(i.SC_TIM2_Init)
    i.SC_TWI0_Init                           0x08001408   Section        0  sc_init.o(i.SC_TWI0_Init)
    i.SPI0_IRQHandler                        0x080014ac   Section        0  sc_it.o(i.SPI0_IRQHandler)
    i.SPI1_IRQHandler                        0x080014ae   Section        0  sc_it.o(i.SPI1_IRQHandler)
    i.SysTick_IRQHandler                     0x080014b0   Section        0  sc_it.o(i.SysTick_IRQHandler)
    i.SystemInit                             0x080014b4   Section        0  system_sc32f1xxx.o(i.SystemInit)
    i.TIMER0_IRQHandler                      0x080014c4   Section        0  sc_it.o(i.TIMER0_IRQHandler)
    i.TIMER1_IRQHandler                      0x080014c8   Section        0  sc_it.o(i.TIMER1_IRQHandler)
    i.TIMER2_IRQHandler                      0x080014d8   Section        0  sc_it.o(i.TIMER2_IRQHandler)
    i.TIMER3_IRQHandler                      0x080014da   Section        0  sc_it.o(i.TIMER3_IRQHandler)
    i.TIMER4_5_IRQHandler                    0x080014dc   Section        0  sc_it.o(i.TIMER4_5_IRQHandler)
    i.TIMER6_7_IRQHandler                    0x080014de   Section        0  sc_it.o(i.TIMER6_7_IRQHandler)
    i.TIM_ClearFlag                          0x080014e0   Section        0  sc32f1xxx_tim.o(i.TIM_ClearFlag)
    i.TIM_Cmd                                0x080014e4   Section        0  sc32f1xxx_tim.o(i.TIM_Cmd)
    i.TIM_DMACmd                             0x08001500   Section        0  sc32f1xxx_tim.o(i.TIM_DMACmd)
    i.TIM_ICCmd                              0x0800151c   Section        0  sc32f1xxx_tim.o(i.TIM_ICCmd)
    i.TIM_ICInit                             0x08001538   Section        0  sc32f1xxx_tim.o(i.TIM_ICInit)
    i.TIM_ITConfig                           0x08001580   Section        0  sc32f1xxx_tim.o(i.TIM_ITConfig)
    i.TIM_PWMInit                            0x0800159c   Section        0  sc32f1xxx_tim.o(i.TIM_PWMInit)
    i.TIM_PWMSetDuty                         0x08001600   Section        0  sc32f1xxx_tim.o(i.TIM_PWMSetDuty)
    i.TIM_PinRemapConfig                     0x0800162c   Section        0  sc32f1xxx_tim.o(i.TIM_PinRemapConfig)
    i.TIM_TIMBaseInit                        0x08001648   Section        0  sc32f1xxx_tim.o(i.TIM_TIMBaseInit)
    i.TKSlideModuleCHIs                      0x08001670   Section        0  sc32f10xx_tk_functionresource.o(i.TKSlideModuleCHIs)
    i.TKSlideModuleSensorRenovate            0x080016dc   Section        0  sc32f10xx_tk_functionresource.o(i.TKSlideModuleSensorRenovate)
    i.TK_BaseLineUpdataSW                    0x08001a30   Section        0  sc32f10xx_tk_functionresource.o(i.TK_BaseLineUpdataSW)
    i.TK_FilterAvergeDeal                    0x08001bd4   Section        0  sc32f10xx_tk_functionresource.o(i.TK_FilterAvergeDeal)
    i.TK_FilterCommCode                      0x08001c50   Section        0  sc32f10xx_tk_functionresource.o(i.TK_FilterCommCode)
    i.TK_FilterDataDeal                      0x08001ca4   Section        0  sc32f10xx_tk_functionresource.o(i.TK_FilterDataDeal)
    i.TK_FilterIIRInit                       0x08001d64   Section        0  sc32f10xx_tk_functionresource.o(i.TK_FilterIIRInit)
    i.TK_GetBaseLineAdjustValue              0x08001d90   Section        0  tkdriver.o(i.TK_GetBaseLineAdjustValue)
    i.TK_GetBaselineUpdateThreshold          0x08001d9c   Section        0  tkdriver.o(i.TK_GetBaselineUpdateThreshold)
    i.TK_GetCfgMsg                           0x08001da8   Section        0  tkdriver.o(i.TK_GetCfgMsg)
    i.TK_GetCsFunction                       0x08001e14   Section        0  tkdriver.o(i.TK_GetCsFunction)
    i.TK_GetCurrFingerValue                  0x08001e18   Section        0  tkdriver.o(i.TK_GetCurrFingerValue)
    i.TK_GetInitAutoUpdateTime               0x08001e3c   Section        0  tkdriver.o(i.TK_GetInitAutoUpdateTime)
    i.TK_GetIsNeedUpdateBaseline             0x08001e48   Section        0  sc32f10xx_tk_functionresource.o(i.TK_GetIsNeedUpdateBaseline)
    i.TK_GetScanTimeValue                    0x08001e54   Section        0  tkdriver.o(i.TK_GetScanTimeValue)
    i.TK_GetTKYzCnt                          0x08001e68   Section        0  tkdriver.o(i.TK_GetTKYzCnt)
    i.TK_GetTKYzThreshold                    0x08001e7c   Section        0  tkdriver.o(i.TK_GetTKYzThreshold)
    i.TK_GetUpConfirmCnt                     0x08001e98   Section        0  tkdriver.o(i.TK_GetUpConfirmCnt)
    i.TK_IRQHandler                          0x08001ea4   Section        0  tkdriver.o(i.TK_IRQHandler)
    i.TK_Init                                0x08001eac   Section        0  sc32f10xx_tk_functionresource.o(i.TK_Init)
    i.TK_InitializeBaselines                 0x08002020   Section        0  sc32f10xx_tk_functionresource.o(i.TK_InitializeBaselines)
    i.TK_InitializeSensorFlag                0x0800204c   Section        0  sc32f10xx_tk_functionresource.o(i.TK_InitializeSensorFlag)
    i.TK_IsDoubleKeyOrSlideKey               0x080020b4   Section        0  tkdriver.o(i.TK_IsDoubleKeyOrSlideKey)
    i.TK_MultipleDeal                        0x080020c0   Section        0  sc32f10xx_tk_functionresource.o(i.TK_MultipleDeal)
    i.TK_Restart                             0x08002218   Section        0  sc32f10xx_tk_functionresource.o(i.TK_Restart)
    i.TK_SensorKeyFlag                       0x0800222c   Section        0  sc32f10xx_tk_functionresource.o(i.TK_SensorKeyFlag)
    i.TK_SensorRenovate                      0x0800229c   Section        0  sc32f10xx_tk_functionresource.o(i.TK_SensorRenovate)
    i.TK_SetNeedUpdateBaseline               0x080026c0   Section        0  sc32f10xx_tk_functionresource.o(i.TK_SetNeedUpdateBaseline)
    i.TK_SetOneKeyPushResetTime              0x080026cc   Section        0  tkdriver.o(i.TK_SetOneKeyPushResetTime)
    i.TK_SingleChannel_ICHAAdjust            0x080026d8   Section        0  sc32f10xx_tk_functionresource.o(i.TK_SingleChannel_ICHAAdjust)
    i.TK_SingleCurrentSensorChoose           0x08002764   Section        0  tkdriver.o(i.TK_SingleCurrentSensorChoose)
    i.TK_TouchKeyCFGInit                     0x08002800   Section        0  tkdriver.o(i.TK_TouchKeyCFGInit)
    i.TK_TouchKeyScan                        0x08002884   Section        0  tkdriver.o(i.TK_TouchKeyScan)
    i.TK_TouchKey_Service                    0x08002a1c   Section        0  sc32f10xx_tk_functionresource.o(i.TK_TouchKey_Service)
    i.TWI0_IRQHandler                        0x08002b64   Section        0  sc_it.o(i.TWI0_IRQHandler)
    i.TWI1_IRQHandler                        0x08002b66   Section        0  sc_it.o(i.TWI1_IRQHandler)
    i.TWI_Cmd                                0x08002b68   Section        0  sc32f1xxx_twi.o(i.TWI_Cmd)
    i.TWI_DMACmd                             0x08002b84   Section        0  sc32f1xxx_twi.o(i.TWI_DMACmd)
    i.TWI_ITConfig                           0x08002b9e   Section        0  sc32f1xxx_twi.o(i.TWI_ITConfig)
    i.TWI_Init                               0x08002bb8   Section        0  sc32f1xxx_twi.o(i.TWI_Init)
    i.TWI_PinRemapConfig                     0x08002bec   Section        0  sc32f1xxx_twi.o(i.TWI_PinRemapConfig)
    i.UART0_2_IRQHandler                     0x08002c14   Section        0  sc_it.o(i.UART0_2_IRQHandler)
    i.UART1_3_IRQHandler                     0x08002c16   Section        0  sc_it.o(i.UART1_3_IRQHandler)
    i.UpdateDisplay                          0x08002c18   Section        0  main.o(i.UpdateDisplay)
    i.Usdelay                                0x08002c88   Section        0  sc32f10xx_tk_functionresource.o(i.Usdelay)
    i.__ARM_clz                              0x08002c98   Section        0  depilogue.o(i.__ARM_clz)
    i.__ARM_common_switch8                   0x08002cc6   Section        0  main.o(i.__ARM_common_switch8)
    i.__NVIC_EnableIRQ                       0x08002ce4   Section        0  sc_init.o(i.__NVIC_EnableIRQ)
    __NVIC_EnableIRQ                         0x08002ce5   Thumb Code    18  sc_init.o(i.__NVIC_EnableIRQ)
    i.__NVIC_SetPriority                     0x08002cfc   Section        0  sc_init.o(i.__NVIC_SetPriority)
    __NVIC_SetPriority                       0x08002cfd   Thumb Code   110  sc_init.o(i.__NVIC_SetPriority)
    i.__scatterload_copy                     0x08002d74   Section       14  handlers.o(i.__scatterload_copy)
    i.__scatterload_null                     0x08002d82   Section        2  handlers.o(i.__scatterload_null)
    i.__scatterload_zeroinit                 0x08002d84   Section       14  handlers.o(i.__scatterload_zeroinit)
    i.main                                   0x08002d94   Section        0  main.o(i.main)
    .constdata                               0x08002e80   Section      148  tkdriver.o(.constdata)
    .data                                    0x20000000   Section        9  main.o(.data)
    .data                                    0x2000000a   Section      129  tkdriver.o(.data)
    .data                                    0x2000008c   Section       25  sc32f10xx_tk_functionresource.o(.data)
    InitSensorCnt                            0x200000a4   Data           1  sc32f10xx_tk_functionresource.o(.data)
    .bss                                     0x200000a8   Section       64  tkdriver.o(.bss)
    STACK                                    0x200000e8   Section     1024  startup_sc32f10xx.o(STACK)

    Global Symbols

    Symbol Name                              Value     Ov Type        Size  Object(Section)

    BuildAttributes$$THM_ISAv3M$S$PE$A:L22$X:L11$S22$IEEE1$IW$USESV6$~STKCKD$USESV7$~SHL$OTIME$ROPI$EBA8$MICROLIB$REQ8$PRES8$EABIv2 0x00000000   Number         0  anon$$obj.o ABSOLUTE
    __ARM_use_no_argv                        0x00000000   Number         0  main.o ABSOLUTE
    __arm_fini_                               - Undefined Weak Reference
    __cpp_initialize__aeabi_                  - Undefined Weak Reference
    __cxa_finalize                            - Undefined Weak Reference
    __decompress                              - Undefined Weak Reference
    _clock_init                               - Undefined Weak Reference
    _microlib_exit                            - Undefined Weak Reference
    __Vectors_Size                           0x000000c0   Number         0  startup_sc32f10xx.o ABSOLUTE
    __Vectors                                0x08000000   Data           4  startup_sc32f10xx.o(RESET)
    __Vectors_End                            0x080000c0   Data           0  startup_sc32f10xx.o(RESET)
    __main                                   0x080000c1   Thumb Code     0  entry.o(.ARM.Collect$$$$00000000)
    _main_stk                                0x080000c1   Thumb Code     0  entry2.o(.ARM.Collect$$$$00000001)
    _main_scatterload                        0x080000c5   Thumb Code     0  entry5.o(.ARM.Collect$$$$00000004)
    __main_after_scatterload                 0x080000c9   Thumb Code     0  entry5.o(.ARM.Collect$$$$00000004)
    _main_clock                              0x080000c9   Thumb Code     0  entry7b.o(.ARM.Collect$$$$00000008)
    _main_cpp_init                           0x080000c9   Thumb Code     0  entry8b.o(.ARM.Collect$$$$0000000A)
    _main_init                               0x080000c9   Thumb Code     0  entry9a.o(.ARM.Collect$$$$0000000B)
    __rt_lib_shutdown_fini                   0x080000d1   Thumb Code     0  entry12b.o(.ARM.Collect$$$$0000000E)
    __rt_final_cpp                           0x080000d5   Thumb Code     0  entry10a.o(.ARM.Collect$$$$0000000F)
    __rt_final_exit                          0x080000d5   Thumb Code     0  entry11a.o(.ARM.Collect$$$$00000011)
    Reset_Handler                            0x080000d9   Thumb Code    38  startup_sc32f10xx.o(.text)
    NMI_Handler                              0x080000ff   Thumb Code     2  startup_sc32f10xx.o(.text)
    HardFault_Handler                        0x08000101   Thumb Code     2  startup_sc32f10xx.o(.text)
    MemManage_Handler                        0x08000103   Thumb Code     2  startup_sc32f10xx.o(.text)
    BusFault_Handler                         0x08000105   Thumb Code     2  startup_sc32f10xx.o(.text)
    UsageFault_Handler                       0x08000107   Thumb Code     2  startup_sc32f10xx.o(.text)
    SVC_Handler                              0x08000109   Thumb Code     2  startup_sc32f10xx.o(.text)
    DebugMon_Handler                         0x0800010b   Thumb Code     2  startup_sc32f10xx.o(.text)
    PendSV_Handler                           0x0800010d   Thumb Code     2  startup_sc32f10xx.o(.text)
    __aeabi_uidiv                            0x08000141   Thumb Code     0  uidiv.o(.text)
    __aeabi_uidivmod                         0x08000141   Thumb Code    44  uidiv.o(.text)
    __aeabi_idiv                             0x0800016d   Thumb Code     0  idiv.o(.text)
    __aeabi_idivmod                          0x0800016d   Thumb Code    40  idiv.o(.text)
    __aeabi_fadd                             0x08000195   Thumb Code   162  fadd.o(.text)
    __aeabi_fsub                             0x08000237   Thumb Code     8  fadd.o(.text)
    __aeabi_frsub                            0x0800023f   Thumb Code     8  fadd.o(.text)
    __aeabi_fmul                             0x08000247   Thumb Code   122  fmul.o(.text)
    __aeabi_fdiv                             0x080002c1   Thumb Code   124  fdiv.o(.text)
    __aeabi_dadd                             0x0800033d   Thumb Code   330  dadd.o(.text)
    __aeabi_dsub                             0x08000487   Thumb Code    12  dadd.o(.text)
    __aeabi_drsub                            0x08000493   Thumb Code    12  dadd.o(.text)
    __aeabi_dmul                             0x080004a5   Thumb Code   202  dmul.o(.text)
    __aeabi_ddiv                             0x08000575   Thumb Code   234  ddiv.o(.text)
    __aeabi_i2f                              0x08000665   Thumb Code    22  fflti.o(.text)
    __aeabi_ui2f                             0x0800067b   Thumb Code    14  ffltui.o(.text)
    __aeabi_i2d                              0x08000689   Thumb Code    34  dflti.o(.text)
    __aeabi_ui2d                             0x080006b1   Thumb Code    24  dfltui.o(.text)
    __aeabi_f2iz                             0x080006cd   Thumb Code    50  ffixi.o(.text)
    __aeabi_f2uiz                            0x080006ff   Thumb Code    40  ffixui.o(.text)
    __aeabi_f2d                              0x08000727   Thumb Code    40  f2d.o(.text)
    __aeabi_d2f                              0x0800074f   Thumb Code    56  d2f.o(.text)
    __aeabi_cfcmpeq                          0x08000789   Thumb Code     0  cfcmple.o(.text)
    __aeabi_cfcmple                          0x08000789   Thumb Code    20  cfcmple.o(.text)
    __aeabi_cfrcmple                         0x0800079d   Thumb Code    20  cfrcmple.o(.text)
    __aeabi_llsl                             0x080007b1   Thumb Code    32  llshl.o(.text)
    _ll_shift_l                              0x080007b1   Thumb Code     0  llshl.o(.text)
    __aeabi_llsr                             0x080007d1   Thumb Code    34  llushr.o(.text)
    _ll_ushift_r                             0x080007d1   Thumb Code     0  llushr.o(.text)
    __aeabi_lasr                             0x080007f3   Thumb Code    38  llsshr.o(.text)
    _ll_sshift_r                             0x080007f3   Thumb Code     0  llsshr.o(.text)
    __I$use$fp                               0x08000819   Thumb Code     0  iusefp.o(.text)
    _float_round                             0x08000819   Thumb Code    16  fepilogue.o(.text)
    _float_epilogue                          0x08000829   Thumb Code   114  fepilogue.o(.text)
    _double_round                            0x0800089b   Thumb Code    26  depilogue.o(.text)
    _double_epilogue                         0x080008b5   Thumb Code   164  depilogue.o(.text)
    __scatterload                            0x08000959   Thumb Code    28  init.o(.text)
    __scatterload_rt2                        0x08000959   Thumb Code     0  init.o(.text)
    ADC_ClearFlag                            0x0800097d   Thumb Code     4  sc32f1xxx_adc.o(i.ADC_ClearFlag)
    ADC_Cmd                                  0x08000981   Thumb Code    28  sc32f1xxx_adc.o(i.ADC_Cmd)
    ADC_DMACmd                               0x0800099d   Thumb Code    28  sc32f1xxx_adc.o(i.ADC_DMACmd)
    ADC_IRQHandler                           0x080009b9   Thumb Code    12  sc_it.o(i.ADC_IRQHandler)
    ADC_ITConfig                             0x080009c9   Thumb Code    20  sc32f1xxx_adc.o(i.ADC_ITConfig)
    ADC_Init                                 0x080009dd   Thumb Code    28  sc32f1xxx_adc.o(i.ADC_Init)
    ADC_SetChannel                           0x080009fd   Thumb Code    18  sc32f1xxx_adc.o(i.ADC_SetChannel)
    BTM_IRQHandler                           0x08000a0f   Thumb Code     2  sc_it.o(i.BTM_IRQHandler)
    Buzzer_SetVolume                         0x08000a11   Thumb Code    16  buzzer.o(i.Buzzer_SetVolume)
    CMP_IRQHandler                           0x08000a25   Thumb Code     2  sc_it.o(i.CMP_IRQHandler)
    DMA0_IRQHandler                          0x08000a27   Thumb Code     2  sc_it.o(i.DMA0_IRQHandler)
    DMA1_IRQHandler                          0x08000a29   Thumb Code     2  sc_it.o(i.DMA1_IRQHandler)
    DMA2_IRQHandler                          0x08000a2b   Thumb Code     2  sc_it.o(i.DMA2_IRQHandler)
    DMA3_IRQHandler                          0x08000a2d   Thumb Code     2  sc_it.o(i.DMA3_IRQHandler)
    DataProcessing                           0x08000a31   Thumb Code    44  main.o(i.DataProcessing)
    Delay_ms                                 0x08000a65   Thumb Code    24  main.o(i.Delay_ms)
    Delay_us                                 0x08000a7d   Thumb Code    38  main.o(i.Delay_us)
    GPIO_Init                                0x08000aa9   Thumb Code   112  sc32f1xxx_gpio.o(i.GPIO_Init)
    GPIO_ResetBits                           0x08000b19   Thumb Code    34  sc32f1xxx_gpio.o(i.GPIO_ResetBits)
    GPIO_SetBits                             0x08000b3b   Thumb Code    34  sc32f1xxx_gpio.o(i.GPIO_SetBits)
    GPIO_TogglePins                          0x08000b5d   Thumb Code    44  sc32f1xxx_gpio.o(i.GPIO_TogglePins)
    INT0_IRQHandler                          0x08000b89   Thumb Code     2  sc_it.o(i.INT0_IRQHandler)
    INT12_15_IRQHandler                      0x08000b8b   Thumb Code     2  sc_it.o(i.INT12_15_IRQHandler)
    INT1_7_IRQHandler                        0x08000b8d   Thumb Code     2  sc_it.o(i.INT1_7_IRQHandler)
    INT8_11_IRQHandler                       0x08000b8f   Thumb Code     2  sc_it.o(i.INT8_11_IRQHandler)
    IcResourceInit                           0x08000b91   Thumb Code     8  compctrldefine.o(i.IcResourceInit)
    LEDPWM_IRQHandler                        0x08000b99   Thumb Code     2  sc_it.o(i.LEDPWM_IRQHandler)
    PWM0_IRQHandler                          0x08000b9d   Thumb Code    12  sc_it.o(i.PWM0_IRQHandler)
    PWM_ClearFlag                            0x08000bad   Thumb Code     4  sc32f1xxx_pwm.o(i.PWM_ClearFlag)
    PWM_Cmd                                  0x08000bb1   Thumb Code    24  sc32f1xxx_pwm.o(i.PWM_Cmd)
    PWM_FDCmd                                0x08000bcd   Thumb Code    24  sc32f1xxx_pwm.o(i.PWM_FDCmd)
    PWM_FDInit                               0x08000be9   Thumb Code    26  sc32f1xxx_pwm.o(i.PWM_FDInit)
    PWM_ITConfig                             0x08000c03   Thumb Code    26  sc32f1xxx_pwm.o(i.PWM_ITConfig)
    PWM_Init                                 0x08000c1d   Thumb Code    40  sc32f1xxx_pwm.o(i.PWM_Init)
    PWM_SetDuty                              0x08000c45   Thumb Code    38  sc32f1xxx_pwm.o(i.PWM_SetDuty)
    RCC_APB0Cmd                              0x08000c6d   Thumb Code    36  sc32f1xxx_rcc.o(i.RCC_APB0Cmd)
    RCC_APB0Config                           0x08000c95   Thumb Code    24  sc32f1xxx_rcc.o(i.RCC_APB0Config)
    RCC_APB0PeriphClockCmd                   0x08000cb1   Thumb Code    28  sc32f1xxx_rcc.o(i.RCC_APB0PeriphClockCmd)
    RCC_APB2Cmd                              0x08000cd1   Thumb Code    36  sc32f1xxx_rcc.o(i.RCC_APB2Cmd)
    RCC_APB2Config                           0x08000cf9   Thumb Code    24  sc32f1xxx_rcc.o(i.RCC_APB2Config)
    RCC_HCLKConfig                           0x08000d15   Thumb Code    24  sc32f1xxx_rcc.o(i.RCC_HCLKConfig)
    RCC_HIRCCmd                              0x08000d31   Thumb Code    42  sc32f1xxx_rcc.o(i.RCC_HIRCCmd)
    RCC_HXTCmd                               0x08000d61   Thumb Code    42  sc32f1xxx_rcc.o(i.RCC_HXTCmd)
    RCC_IRQHandler                           0x08000d91   Thumb Code     2  sc_it.o(i.RCC_IRQHandler)
    RCC_ITConfig                             0x08000d95   Thumb Code    46  sc32f1xxx_rcc.o(i.RCC_ITConfig)
    RCC_LIRCCmd                              0x08000dc9   Thumb Code    42  sc32f1xxx_rcc.o(i.RCC_LIRCCmd)
    RCC_LXTCmd                               0x08000df9   Thumb Code    42  sc32f1xxx_rcc.o(i.RCC_LXTCmd)
    RCC_SYSCLKConfig                         0x08000e29   Thumb Code   206  sc32f1xxx_rcc.o(i.RCC_SYSCLKConfig)
    RCC_SystickCLKConfig                     0x08000f01   Thumb Code    62  sc32f1xxx_rcc.o(i.RCC_SystickCLKConfig)
    RCC_SystickCmd                           0x08000f49   Thumb Code    32  sc32f1xxx_rcc.o(i.RCC_SystickCmd)
    RCC_SystickSetCounter                    0x08000f6d   Thumb Code    18  sc32f1xxx_rcc.o(i.RCC_SystickSetCounter)
    RCC_Unlock                               0x08000f89   Thumb Code    18  sc32f1xxx_rcc.o(i.RCC_Unlock)
    SC_ADC_Init                              0x08000fa1   Thumb Code    82  sc_init.o(i.SC_ADC_Init)
    SC_GPIO_Init                             0x08000ff9   Thumb Code   324  sc_init.o(i.SC_GPIO_Init)
    SC_Init                                  0x08001149   Thumb Code    40  sc_init.o(i.SC_Init)
    SC_OPTION_Init                           0x08001171   Thumb Code    28  sc_init.o(i.SC_OPTION_Init)
    SC_PWM0_Init                             0x08001195   Thumb Code   186  sc_init.o(i.SC_PWM0_Init)
    SC_RCC_Init                              0x08001255   Thumb Code    76  sc_init.o(i.SC_RCC_Init)
    SC_SYSTICK_Init                          0x080012a5   Thumb Code    38  sc_init.o(i.SC_SYSTICK_Init)
    SC_TIM1_Init                             0x080012cd   Thumb Code   148  sc_init.o(i.SC_TIM1_Init)
    SC_TIM2_Init                             0x08001365   Thumb Code   156  sc_init.o(i.SC_TIM2_Init)
    SC_TWI0_Init                             0x08001409   Thumb Code   154  sc_init.o(i.SC_TWI0_Init)
    SPI0_IRQHandler                          0x080014ad   Thumb Code     2  sc_it.o(i.SPI0_IRQHandler)
    SPI1_IRQHandler                          0x080014af   Thumb Code     2  sc_it.o(i.SPI1_IRQHandler)
    SysTick_IRQHandler                       0x080014b1   Thumb Code     2  sc_it.o(i.SysTick_IRQHandler)
    SystemInit                               0x080014b5   Thumb Code    10  system_sc32f1xxx.o(i.SystemInit)
    TIMER0_IRQHandler                        0x080014c5   Thumb Code     2  sc_it.o(i.TIMER0_IRQHandler)
    TIMER1_IRQHandler                        0x080014c9   Thumb Code    12  sc_it.o(i.TIMER1_IRQHandler)
    TIMER2_IRQHandler                        0x080014d9   Thumb Code     2  sc_it.o(i.TIMER2_IRQHandler)
    TIMER3_IRQHandler                        0x080014db   Thumb Code     2  sc_it.o(i.TIMER3_IRQHandler)
    TIMER4_5_IRQHandler                      0x080014dd   Thumb Code     2  sc_it.o(i.TIMER4_5_IRQHandler)
    TIMER6_7_IRQHandler                      0x080014df   Thumb Code     2  sc_it.o(i.TIMER6_7_IRQHandler)
    TIM_ClearFlag                            0x080014e1   Thumb Code     4  sc32f1xxx_tim.o(i.TIM_ClearFlag)
    TIM_Cmd                                  0x080014e5   Thumb Code    24  sc32f1xxx_tim.o(i.TIM_Cmd)
    TIM_DMACmd                               0x08001501   Thumb Code    26  sc32f1xxx_tim.o(i.TIM_DMACmd)
    TIM_ICCmd                                0x0800151d   Thumb Code    24  sc32f1xxx_tim.o(i.TIM_ICCmd)
    TIM_ICInit                               0x08001539   Thumb Code    66  sc32f1xxx_tim.o(i.TIM_ICInit)
    TIM_ITConfig                             0x08001581   Thumb Code    26  sc32f1xxx_tim.o(i.TIM_ITConfig)
    TIM_PWMInit                              0x0800159d   Thumb Code    94  sc32f1xxx_tim.o(i.TIM_PWMInit)
    TIM_PWMSetDuty                           0x08001601   Thumb Code    40  sc32f1xxx_tim.o(i.TIM_PWMSetDuty)
    TIM_PinRemapConfig                       0x0800162d   Thumb Code    26  sc32f1xxx_tim.o(i.TIM_PinRemapConfig)
    TIM_TIMBaseInit                          0x08001649   Thumb Code    36  sc32f1xxx_tim.o(i.TIM_TIMBaseInit)
    TKSlideModuleCHIs                        0x08001671   Thumb Code    98  sc32f10xx_tk_functionresource.o(i.TKSlideModuleCHIs)
    TKSlideModuleSensorRenovate              0x080016dd   Thumb Code   832  sc32f10xx_tk_functionresource.o(i.TKSlideModuleSensorRenovate)
    TK_BaseLineUpdataSW                      0x08001a31   Thumb Code   388  sc32f10xx_tk_functionresource.o(i.TK_BaseLineUpdataSW)
    TK_FilterAvergeDeal                      0x08001bd5   Thumb Code   112  sc32f10xx_tk_functionresource.o(i.TK_FilterAvergeDeal)
    TK_FilterCommCode                        0x08001c51   Thumb Code    72  sc32f10xx_tk_functionresource.o(i.TK_FilterCommCode)
    TK_FilterDataDeal                        0x08001ca5   Thumb Code   186  sc32f10xx_tk_functionresource.o(i.TK_FilterDataDeal)
    TK_FilterIIRInit                         0x08001d65   Thumb Code    36  sc32f10xx_tk_functionresource.o(i.TK_FilterIIRInit)
    TK_GetBaseLineAdjustValue                0x08001d91   Thumb Code     8  tkdriver.o(i.TK_GetBaseLineAdjustValue)
    TK_GetBaselineUpdateThreshold            0x08001d9d   Thumb Code     8  tkdriver.o(i.TK_GetBaselineUpdateThreshold)
    TK_GetCfgMsg                             0x08001da9   Thumb Code   100  tkdriver.o(i.TK_GetCfgMsg)
    TK_GetCsFunction                         0x08001e15   Thumb Code     4  tkdriver.o(i.TK_GetCsFunction)
    TK_GetCurrFingerValue                    0x08001e19   Thumb Code    30  tkdriver.o(i.TK_GetCurrFingerValue)
    TK_GetInitAutoUpdateTime                 0x08001e3d   Thumb Code     6  tkdriver.o(i.TK_GetInitAutoUpdateTime)
    TK_GetIsNeedUpdateBaseline               0x08001e49   Thumb Code     6  sc32f10xx_tk_functionresource.o(i.TK_GetIsNeedUpdateBaseline)
    TK_GetScanTimeValue                      0x08001e55   Thumb Code    14  tkdriver.o(i.TK_GetScanTimeValue)
    TK_GetTKYzCnt                            0x08001e69   Thumb Code    16  tkdriver.o(i.TK_GetTKYzCnt)
    TK_GetTKYzThreshold                      0x08001e7d   Thumb Code    26  tkdriver.o(i.TK_GetTKYzThreshold)
    TK_GetUpConfirmCnt                       0x08001e99   Thumb Code     8  tkdriver.o(i.TK_GetUpConfirmCnt)
    TK_IRQHandler                            0x08001ea5   Thumb Code     8  tkdriver.o(i.TK_IRQHandler)
    TK_Init                                  0x08001ead   Thumb Code   344  sc32f10xx_tk_functionresource.o(i.TK_Init)
    TK_InitializeBaselines                   0x08002021   Thumb Code    36  sc32f10xx_tk_functionresource.o(i.TK_InitializeBaselines)
    TK_InitializeSensorFlag                  0x0800204d   Thumb Code    64  sc32f10xx_tk_functionresource.o(i.TK_InitializeSensorFlag)
    TK_IsDoubleKeyOrSlideKey                 0x080020b5   Thumb Code     6  tkdriver.o(i.TK_IsDoubleKeyOrSlideKey)
    TK_MultipleDeal                          0x080020c1   Thumb Code   306  sc32f10xx_tk_functionresource.o(i.TK_MultipleDeal)
    TK_Restart                               0x08002219   Thumb Code    14  sc32f10xx_tk_functionresource.o(i.TK_Restart)
    TK_SensorKeyFlag                         0x0800222d   Thumb Code    90  sc32f10xx_tk_functionresource.o(i.TK_SensorKeyFlag)
    TK_SensorRenovate                        0x0800229d   Thumb Code   982  sc32f10xx_tk_functionresource.o(i.TK_SensorRenovate)
    TK_SetNeedUpdateBaseline                 0x080026c1   Thumb Code     8  sc32f10xx_tk_functionresource.o(i.TK_SetNeedUpdateBaseline)
    TK_SetOneKeyPushResetTime                0x080026cd   Thumb Code     8  tkdriver.o(i.TK_SetOneKeyPushResetTime)
    TK_SingleChannel_ICHAAdjust              0x080026d9   Thumb Code   122  sc32f10xx_tk_functionresource.o(i.TK_SingleChannel_ICHAAdjust)
    TK_SingleCurrentSensorChoose             0x08002765   Thumb Code   140  tkdriver.o(i.TK_SingleCurrentSensorChoose)
    TK_TouchKeyCFGInit                       0x08002801   Thumb Code    96  tkdriver.o(i.TK_TouchKeyCFGInit)
    TK_TouchKeyScan                          0x08002885   Thumb Code   370  tkdriver.o(i.TK_TouchKeyScan)
    TK_TouchKey_Service                      0x08002a1d   Thumb Code   300  sc32f10xx_tk_functionresource.o(i.TK_TouchKey_Service)
    TWI0_IRQHandler                          0x08002b65   Thumb Code     2  sc_it.o(i.TWI0_IRQHandler)
    TWI1_IRQHandler                          0x08002b67   Thumb Code     2  sc_it.o(i.TWI1_IRQHandler)
    TWI_Cmd                                  0x08002b69   Thumb Code    24  sc32f1xxx_twi.o(i.TWI_Cmd)
    TWI_DMACmd                               0x08002b85   Thumb Code    26  sc32f1xxx_twi.o(i.TWI_DMACmd)
    TWI_ITConfig                             0x08002b9f   Thumb Code    26  sc32f1xxx_twi.o(i.TWI_ITConfig)
    TWI_Init                                 0x08002bb9   Thumb Code    48  sc32f1xxx_twi.o(i.TWI_Init)
    TWI_PinRemapConfig                       0x08002bed   Thumb Code    36  sc32f1xxx_twi.o(i.TWI_PinRemapConfig)
    UART0_2_IRQHandler                       0x08002c15   Thumb Code     2  sc_it.o(i.UART0_2_IRQHandler)
    UART1_3_IRQHandler                       0x08002c17   Thumb Code     2  sc_it.o(i.UART1_3_IRQHandler)
    UpdateDisplay                            0x08002c19   Thumb Code    96  main.o(i.UpdateDisplay)
    Usdelay                                  0x08002c89   Thumb Code    16  sc32f10xx_tk_functionresource.o(i.Usdelay)
    __ARM_clz                                0x08002c99   Thumb Code    46  depilogue.o(i.__ARM_clz)
    __ARM_common_switch8                     0x08002cc7   Thumb Code    28  main.o(i.__ARM_common_switch8)
    __scatterload_copy                       0x08002d75   Thumb Code    14  handlers.o(i.__scatterload_copy)
    __scatterload_null                       0x08002d83   Thumb Code     2  handlers.o(i.__scatterload_null)
    __scatterload_zeroinit                   0x08002d85   Thumb Code    14  handlers.o(i.__scatterload_zeroinit)
    main                                     0x08002d95   Thumb Code   202  main.o(i.main)
    TKCFG                                    0x08002e80   Data          68  tkdriver.o(.constdata)
    TKChannelCfg                             0x08002ec4   Data          80  tkdriver.o(.constdata)
    Region$$Table$$Base                      0x08002f14   Number         0  anon$$obj.o(Region$$Table)
    Region$$Table$$Limit                     0x08002f34   Number         0  anon$$obj.o(Region$$Table)
    exKeyValue                               0x20000000   Data           1  main.o(.data)
    gTkIsValid                               0x20000001   Data           1  main.o(.data)
    Task_state                               0x20000002   Data           1  main.o(.data)
    TK_exKeyValueFlag                        0x20000004   Data           4  main.o(.data)
    first_Press                              0x20000008   Data           1  main.o(.data)
    TK_TouchKeyStatus                        0x2000000a   Data           1  tkdriver.o(.data)
    CurrentChannel                           0x2000000b   Data           8  tkdriver.o(.data)
    RestAreaCnt                              0x20000013   Data           8  tkdriver.o(.data)
    TouchCnt                                 0x2000001b   Data           8  tkdriver.o(.data)
    NoTouchCnt                               0x20000023   Data           8  tkdriver.o(.data)
    LowFingerDataCnt                         0x2000002b   Data           8  tkdriver.o(.data)
    FloatAreaCnt                             0x20000033   Data           8  tkdriver.o(.data)
    SingleParameterBufferSet                 0x2000003b   Data           8  tkdriver.o(.data)
    CombineParameterBufferSet                0x20000043   Data           8  tkdriver.o(.data)
    ConfirmTouchCnt                          0x2000004b   Data           1  tkdriver.o(.data)
    SetNoiseThreshold                        0x2000004c   Data           1  tkdriver.o(.data)
    MultipleDealTpye                         0x2000004d   Data           1  tkdriver.o(.data)
    UpdateBaseLNum                           0x2000004e   Data           2  tkdriver.o(.data)
    MultipleLNum                             0x20000050   Data           2  tkdriver.o(.data)
    TKSlideModulePCBArray                    0x20000052   Data          54  tkdriver.o(.data)
    CFG_OVERLOW_MAX_COUNT                    0x20000088   Data           1  tkdriver.o(.data)
    CFG_RESET_BASELINE_CNT                   0x20000089   Data           1  tkdriver.o(.data)
    CFG_CYCLE_CNT                            0x2000008a   Data           1  tkdriver.o(.data)
    SingleCurrentChannelMax                  0x2000008c   Data           1  sc32f10xx_tk_functionresource.o(.data)
    KeyFlag                                  0x20000090   Data           4  sc32f10xx_tk_functionresource.o(.data)
    KeyMark                                  0x20000094   Data           4  sc32f10xx_tk_functionresource.o(.data)
    UsingTKSlideModuleNumber                 0x20000098   Data           1  sc32f10xx_tk_functionresource.o(.data)
    CurrentIndex                             0x20000099   Data           1  sc32f10xx_tk_functionresource.o(.data)
    ScanTime                                 0x2000009a   Data           2  sc32f10xx_tk_functionresource.o(.data)
    IsInNosicValue                           0x2000009c   Data           1  sc32f10xx_tk_functionresource.o(.data)
    bMultiple                                0x2000009d   Data           1  sc32f10xx_tk_functionresource.o(.data)
    bNeedUpdate                              0x2000009e   Data           1  sc32f10xx_tk_functionresource.o(.data)
    MultipleDealIndex                        0x2000009f   Data           1  sc32f10xx_tk_functionresource.o(.data)
    FlowFingerRoundIndex                     0x200000a0   Data           1  sc32f10xx_tk_functionresource.o(.data)
    FlowFingerRoundCnt                       0x200000a2   Data           2  sc32f10xx_tk_functionresource.o(.data)
    DifferAccum                              0x200000a8   Data          16  tkdriver.o(.bss)
    SingleChannelsBaseLineUpdatePar          0x200000b8   Data          48  tkdriver.o(.bss)
    __initial_sp                             0x200004e8   Data           0  startup_sc32f10xx.o(STACK)



==============================================================================

Memory Map of the image

  Image Entry point : 0x080000c1

  Load Region LR_IROM1 (Base: 0x08000000, Size: 0x00002fdc, Max: 0x00040000, ABSOLUTE)

    Execution Region ER_IROM1 (Exec base: 0x08000000, Load base: 0x08000000, Size: 0x00002f34, Max: 0x00040000, ABSOLUTE)

    Exec Addr    Load Addr    Size         Type   Attr      Idx    E Section Name        Object

    0x08000000   0x08000000   0x000000c0   Data   RO         1791    RESET               startup_sc32f10xx.o
    0x080000c0   0x080000c0   0x00000000   Code   RO         2138  * .ARM.Collect$$$$00000000  mc_p.l(entry.o)
    0x080000c0   0x080000c0   0x00000004   Code   RO         2179    .ARM.Collect$$$$00000001  mc_p.l(entry2.o)
    0x080000c4   0x080000c4   0x00000004   Code   RO         2182    .ARM.Collect$$$$00000004  mc_p.l(entry5.o)
    0x080000c8   0x080000c8   0x00000000   Code   RO         2184    .ARM.Collect$$$$00000008  mc_p.l(entry7b.o)
    0x080000c8   0x080000c8   0x00000000   Code   RO         2186    .ARM.Collect$$$$0000000A  mc_p.l(entry8b.o)
    0x080000c8   0x080000c8   0x00000008   Code   RO         2187    .ARM.Collect$$$$0000000B  mc_p.l(entry9a.o)
    0x080000d0   0x080000d0   0x00000004   Code   RO         2194    .ARM.Collect$$$$0000000E  mc_p.l(entry12b.o)
    0x080000d4   0x080000d4   0x00000000   Code   RO         2189    .ARM.Collect$$$$0000000F  mc_p.l(entry10a.o)
    0x080000d4   0x080000d4   0x00000000   Code   RO         2191    .ARM.Collect$$$$00000011  mc_p.l(entry11a.o)
    0x080000d4   0x080000d4   0x00000004   Code   RO         2180    .ARM.Collect$$$$00002712  mc_p.l(entry2.o)
    0x080000d8   0x080000d8   0x00000068   Code   RO         1792    .text               startup_sc32f10xx.o
    0x08000140   0x08000140   0x0000002c   Code   RO         2141    .text               mc_p.l(uidiv.o)
    0x0800016c   0x0800016c   0x00000028   Code   RO         2143    .text               mc_p.l(idiv.o)
    0x08000194   0x08000194   0x000000b2   Code   RO         2145    .text               mf_p.l(fadd.o)
    0x08000246   0x08000246   0x0000007a   Code   RO         2147    .text               mf_p.l(fmul.o)
    0x080002c0   0x080002c0   0x0000007c   Code   RO         2149    .text               mf_p.l(fdiv.o)
    0x0800033c   0x0800033c   0x00000168   Code   RO         2151    .text               mf_p.l(dadd.o)
    0x080004a4   0x080004a4   0x000000d0   Code   RO         2153    .text               mf_p.l(dmul.o)
    0x08000574   0x08000574   0x000000f0   Code   RO         2155    .text               mf_p.l(ddiv.o)
    0x08000664   0x08000664   0x00000016   Code   RO         2157    .text               mf_p.l(fflti.o)
    0x0800067a   0x0800067a   0x0000000e   Code   RO         2159    .text               mf_p.l(ffltui.o)
    0x08000688   0x08000688   0x00000028   Code   RO         2161    .text               mf_p.l(dflti.o)
    0x080006b0   0x080006b0   0x0000001c   Code   RO         2163    .text               mf_p.l(dfltui.o)
    0x080006cc   0x080006cc   0x00000032   Code   RO         2165    .text               mf_p.l(ffixi.o)
    0x080006fe   0x080006fe   0x00000028   Code   RO         2167    .text               mf_p.l(ffixui.o)
    0x08000726   0x08000726   0x00000028   Code   RO         2171    .text               mf_p.l(f2d.o)
    0x0800074e   0x0800074e   0x00000038   Code   RO         2173    .text               mf_p.l(d2f.o)
    0x08000786   0x08000786   0x00000002   PAD
    0x08000788   0x08000788   0x00000014   Code   RO         2175    .text               mf_p.l(cfcmple.o)
    0x0800079c   0x0800079c   0x00000014   Code   RO         2177    .text               mf_p.l(cfrcmple.o)
    0x080007b0   0x080007b0   0x00000020   Code   RO         2195    .text               mc_p.l(llshl.o)
    0x080007d0   0x080007d0   0x00000022   Code   RO         2197    .text               mc_p.l(llushr.o)
    0x080007f2   0x080007f2   0x00000026   Code   RO         2199    .text               mc_p.l(llsshr.o)
    0x08000818   0x08000818   0x00000000   Code   RO         2201    .text               mc_p.l(iusefp.o)
    0x08000818   0x08000818   0x00000082   Code   RO         2202    .text               mf_p.l(fepilogue.o)
    0x0800089a   0x0800089a   0x000000be   Code   RO         2204    .text               mf_p.l(depilogue.o)
    0x08000958   0x08000958   0x00000024   Code   RO         2208    .text               mc_p.l(init.o)
    0x0800097c   0x0800097c   0x00000004   Code   RO         1086    i.ADC_ClearFlag     sc32f1xxx_adc.o
    0x08000980   0x08000980   0x0000001c   Code   RO         1087    i.ADC_Cmd           sc32f1xxx_adc.o
    0x0800099c   0x0800099c   0x0000001c   Code   RO         1089    i.ADC_DMACmd        sc32f1xxx_adc.o
    0x080009b8   0x080009b8   0x00000010   Code   RO          211    i.ADC_IRQHandler    sc_it.o
    0x080009c8   0x080009c8   0x00000014   Code   RO         1094    i.ADC_ITConfig      sc32f1xxx_adc.o
    0x080009dc   0x080009dc   0x00000020   Code   RO         1095    i.ADC_Init          sc32f1xxx_adc.o
    0x080009fc   0x080009fc   0x00000012   Code   RO         1096    i.ADC_SetChannel    sc32f1xxx_adc.o
    0x08000a0e   0x08000a0e   0x00000002   Code   RO          212    i.BTM_IRQHandler    sc_it.o
    0x08000a10   0x08000a10   0x00000014   Code   RO         1799    i.Buzzer_SetVolume  buzzer.o
    0x08000a24   0x08000a24   0x00000002   Code   RO          216    i.CMP_IRQHandler    sc_it.o
    0x08000a26   0x08000a26   0x00000002   Code   RO          217    i.DMA0_IRQHandler   sc_it.o
    0x08000a28   0x08000a28   0x00000002   Code   RO          218    i.DMA1_IRQHandler   sc_it.o
    0x08000a2a   0x08000a2a   0x00000002   Code   RO          219    i.DMA2_IRQHandler   sc_it.o
    0x08000a2c   0x08000a2c   0x00000002   Code   RO          220    i.DMA3_IRQHandler   sc_it.o
    0x08000a2e   0x08000a2e   0x00000002   PAD
    0x08000a30   0x08000a30   0x00000034   Code   RO            3    i.DataProcessing    main.o
    0x08000a64   0x08000a64   0x00000018   Code   RO            4    i.Delay_ms          main.o
    0x08000a7c   0x08000a7c   0x0000002c   Code   RO            5    i.Delay_us          main.o
    0x08000aa8   0x08000aa8   0x00000070   Code   RO         1718    i.GPIO_Init         sc32f1xxx_gpio.o
    0x08000b18   0x08000b18   0x00000022   Code   RO         1721    i.GPIO_ResetBits    sc32f1xxx_gpio.o
    0x08000b3a   0x08000b3a   0x00000022   Code   RO         1722    i.GPIO_SetBits      sc32f1xxx_gpio.o
    0x08000b5c   0x08000b5c   0x0000002c   Code   RO         1724    i.GPIO_TogglePins   sc32f1xxx_gpio.o
    0x08000b88   0x08000b88   0x00000002   Code   RO          222    i.INT0_IRQHandler   sc_it.o
    0x08000b8a   0x08000b8a   0x00000002   Code   RO          223    i.INT12_15_IRQHandler  sc_it.o
    0x08000b8c   0x08000b8c   0x00000002   Code   RO          224    i.INT1_7_IRQHandler  sc_it.o
    0x08000b8e   0x08000b8e   0x00000002   Code   RO          225    i.INT8_11_IRQHandler  sc_it.o
    0x08000b90   0x08000b90   0x00000008   Code   RO          867    i.IcResourceInit    compctrldefine.o
    0x08000b98   0x08000b98   0x00000002   Code   RO          226    i.LEDPWM_IRQHandler  sc_it.o
    0x08000b9a   0x08000b9a   0x00000002   PAD
    0x08000b9c   0x08000b9c   0x00000010   Code   RO          229    i.PWM0_IRQHandler   sc_it.o
    0x08000bac   0x08000bac   0x00000004   Code   RO         1178    i.PWM_ClearFlag     sc32f1xxx_pwm.o
    0x08000bb0   0x08000bb0   0x0000001c   Code   RO         1179    i.PWM_Cmd           sc32f1xxx_pwm.o
    0x08000bcc   0x08000bcc   0x0000001c   Code   RO         1181    i.PWM_FDCmd         sc32f1xxx_pwm.o
    0x08000be8   0x08000be8   0x0000001a   Code   RO         1182    i.PWM_FDInit        sc32f1xxx_pwm.o
    0x08000c02   0x08000c02   0x0000001a   Code   RO         1189    i.PWM_ITConfig      sc32f1xxx_pwm.o
    0x08000c1c   0x08000c1c   0x00000028   Code   RO         1190    i.PWM_Init          sc32f1xxx_pwm.o
    0x08000c44   0x08000c44   0x00000026   Code   RO         1193    i.PWM_SetDuty       sc32f1xxx_pwm.o
    0x08000c6a   0x08000c6a   0x00000002   PAD
    0x08000c6c   0x08000c6c   0x00000028   Code   RO         1483    i.RCC_APB0Cmd       sc32f1xxx_rcc.o
    0x08000c94   0x08000c94   0x0000001c   Code   RO         1484    i.RCC_APB0Config    sc32f1xxx_rcc.o
    0x08000cb0   0x08000cb0   0x00000020   Code   RO         1485    i.RCC_APB0PeriphClockCmd  sc32f1xxx_rcc.o
    0x08000cd0   0x08000cd0   0x00000028   Code   RO         1491    i.RCC_APB2Cmd       sc32f1xxx_rcc.o
    0x08000cf8   0x08000cf8   0x0000001c   Code   RO         1492    i.RCC_APB2Config    sc32f1xxx_rcc.o
    0x08000d14   0x08000d14   0x0000001c   Code   RO         1500    i.RCC_HCLKConfig    sc32f1xxx_rcc.o
    0x08000d30   0x08000d30   0x00000030   Code   RO         1501    i.RCC_HIRCCmd       sc32f1xxx_rcc.o
    0x08000d60   0x08000d60   0x00000030   Code   RO         1502    i.RCC_HXTCmd        sc32f1xxx_rcc.o
    0x08000d90   0x08000d90   0x00000002   Code   RO          232    i.RCC_IRQHandler    sc_it.o
    0x08000d92   0x08000d92   0x00000002   PAD
    0x08000d94   0x08000d94   0x00000034   Code   RO         1503    i.RCC_ITConfig      sc32f1xxx_rcc.o
    0x08000dc8   0x08000dc8   0x00000030   Code   RO         1505    i.RCC_LIRCCmd       sc32f1xxx_rcc.o
    0x08000df8   0x08000df8   0x00000030   Code   RO         1506    i.RCC_LXTCmd        sc32f1xxx_rcc.o
    0x08000e28   0x08000e28   0x000000d8   Code   RO         1511    i.RCC_SYSCLKConfig  sc32f1xxx_rcc.o
    0x08000f00   0x08000f00   0x00000048   Code   RO         1512    i.RCC_SystickCLKConfig  sc32f1xxx_rcc.o
    0x08000f48   0x08000f48   0x00000024   Code   RO         1513    i.RCC_SystickCmd    sc32f1xxx_rcc.o
    0x08000f6c   0x08000f6c   0x0000001c   Code   RO         1515    i.RCC_SystickSetCounter  sc32f1xxx_rcc.o
    0x08000f88   0x08000f88   0x00000018   Code   RO         1516    i.RCC_Unlock        sc32f1xxx_rcc.o
    0x08000fa0   0x08000fa0   0x00000058   Code   RO          483    i.SC_ADC_Init       sc_init.o
    0x08000ff8   0x08000ff8   0x00000150   Code   RO          493    i.SC_GPIO_Init      sc_init.o
    0x08001148   0x08001148   0x00000028   Code   RO          496    i.SC_Init           sc_init.o
    0x08001170   0x08001170   0x00000024   Code   RO          505    i.SC_OPTION_Init    sc_init.o
    0x08001194   0x08001194   0x000000c0   Code   RO          508    i.SC_PWM0_Init      sc_init.o
    0x08001254   0x08001254   0x00000050   Code   RO          512    i.SC_RCC_Init       sc_init.o
    0x080012a4   0x080012a4   0x00000026   Code   RO          516    i.SC_SYSTICK_Init   sc_init.o
    0x080012ca   0x080012ca   0x00000002   PAD
    0x080012cc   0x080012cc   0x00000098   Code   RO          518    i.SC_TIM1_Init      sc_init.o
    0x08001364   0x08001364   0x000000a4   Code   RO          519    i.SC_TIM2_Init      sc_init.o
    0x08001408   0x08001408   0x000000a4   Code   RO          525    i.SC_TWI0_Init      sc_init.o
    0x080014ac   0x080014ac   0x00000002   Code   RO          233    i.SPI0_IRQHandler   sc_it.o
    0x080014ae   0x080014ae   0x00000002   Code   RO          235    i.SPI1_IRQHandler   sc_it.o
    0x080014b0   0x080014b0   0x00000002   Code   RO          237    i.SysTick_IRQHandler  sc_it.o
    0x080014b2   0x080014b2   0x00000002   PAD
    0x080014b4   0x080014b4   0x00000010   Code   RO          191    i.SystemInit        system_sc32f1xxx.o
    0x080014c4   0x080014c4   0x00000002   Code   RO          238    i.TIMER0_IRQHandler  sc_it.o
    0x080014c6   0x080014c6   0x00000002   PAD
    0x080014c8   0x080014c8   0x00000010   Code   RO          239    i.TIMER1_IRQHandler  sc_it.o
    0x080014d8   0x080014d8   0x00000002   Code   RO          240    i.TIMER2_IRQHandler  sc_it.o
    0x080014da   0x080014da   0x00000002   Code   RO          241    i.TIMER3_IRQHandler  sc_it.o
    0x080014dc   0x080014dc   0x00000002   Code   RO          242    i.TIMER4_5_IRQHandler  sc_it.o
    0x080014de   0x080014de   0x00000002   Code   RO          243    i.TIMER6_7_IRQHandler  sc_it.o
    0x080014e0   0x080014e0   0x00000004   Code   RO          922    i.TIM_ClearFlag     sc32f1xxx_tim.o
    0x080014e4   0x080014e4   0x0000001c   Code   RO          924    i.TIM_Cmd           sc32f1xxx_tim.o
    0x08001500   0x08001500   0x0000001a   Code   RO          925    i.TIM_DMACmd        sc32f1xxx_tim.o
    0x0800151a   0x0800151a   0x00000002   PAD
    0x0800151c   0x0800151c   0x0000001c   Code   RO          933    i.TIM_ICCmd         sc32f1xxx_tim.o
    0x08001538   0x08001538   0x00000048   Code   RO          934    i.TIM_ICInit        sc32f1xxx_tim.o
    0x08001580   0x08001580   0x0000001a   Code   RO          936    i.TIM_ITConfig      sc32f1xxx_tim.o
    0x0800159a   0x0800159a   0x00000002   PAD
    0x0800159c   0x0800159c   0x00000064   Code   RO          938    i.TIM_PWMInit       sc32f1xxx_tim.o
    0x08001600   0x08001600   0x0000002c   Code   RO          939    i.TIM_PWMSetDuty    sc32f1xxx_tim.o
    0x0800162c   0x0800162c   0x0000001a   Code   RO          941    i.TIM_PinRemapConfig  sc32f1xxx_tim.o
    0x08001646   0x08001646   0x00000002   PAD
    0x08001648   0x08001648   0x00000028   Code   RO          945    i.TIM_TIMBaseInit   sc32f1xxx_tim.o
    0x08001670   0x08001670   0x0000006c   Code   RO         1969    i.TKSlideModuleCHIs  sc32f10xx_HighSensitive_lib_T1Slider_V0.3.lib(sc32f10xx_tk_functionresource.o)
    0x080016dc   0x080016dc   0x00000354   Code   RO         1970    i.TKSlideModuleSensorRenovate  sc32f10xx_HighSensitive_lib_T1Slider_V0.3.lib(sc32f10xx_tk_functionresource.o)
    0x08001a30   0x08001a30   0x000001a4   Code   RO         1971    i.TK_BaseLineUpdataSW  sc32f10xx_HighSensitive_lib_T1Slider_V0.3.lib(sc32f10xx_tk_functionresource.o)
    0x08001bd4   0x08001bd4   0x0000007c   Code   RO         1972    i.TK_FilterAvergeDeal  sc32f10xx_HighSensitive_lib_T1Slider_V0.3.lib(sc32f10xx_tk_functionresource.o)
    0x08001c50   0x08001c50   0x00000054   Code   RO         1973    i.TK_FilterCommCode  sc32f10xx_HighSensitive_lib_T1Slider_V0.3.lib(sc32f10xx_tk_functionresource.o)
    0x08001ca4   0x08001ca4   0x000000c0   Code   RO         1974    i.TK_FilterDataDeal  sc32f10xx_HighSensitive_lib_T1Slider_V0.3.lib(sc32f10xx_tk_functionresource.o)
    0x08001d64   0x08001d64   0x0000002c   Code   RO         1975    i.TK_FilterIIRInit  sc32f10xx_HighSensitive_lib_T1Slider_V0.3.lib(sc32f10xx_tk_functionresource.o)
    0x08001d90   0x08001d90   0x0000000c   Code   RO         1840    i.TK_GetBaseLineAdjustValue  tkdriver.o
    0x08001d9c   0x08001d9c   0x0000000c   Code   RO         1841    i.TK_GetBaselineUpdateThreshold  tkdriver.o
    0x08001da8   0x08001da8   0x0000006c   Code   RO         1842    i.TK_GetCfgMsg      tkdriver.o
    0x08001e14   0x08001e14   0x00000004   Code   RO         1843    i.TK_GetCsFunction  tkdriver.o
    0x08001e18   0x08001e18   0x00000024   Code   RO         1844    i.TK_GetCurrFingerValue  tkdriver.o
    0x08001e3c   0x08001e3c   0x0000000c   Code   RO         1845    i.TK_GetInitAutoUpdateTime  tkdriver.o
    0x08001e48   0x08001e48   0x0000000c   Code   RO         1976    i.TK_GetIsNeedUpdateBaseline  sc32f10xx_HighSensitive_lib_T1Slider_V0.3.lib(sc32f10xx_tk_functionresource.o)
    0x08001e54   0x08001e54   0x00000014   Code   RO         1846    i.TK_GetScanTimeValue  tkdriver.o
    0x08001e68   0x08001e68   0x00000014   Code   RO         1847    i.TK_GetTKYzCnt     tkdriver.o
    0x08001e7c   0x08001e7c   0x0000001a   Code   RO         1848    i.TK_GetTKYzThreshold  tkdriver.o
    0x08001e96   0x08001e96   0x00000002   PAD
    0x08001e98   0x08001e98   0x0000000c   Code   RO         1849    i.TK_GetUpConfirmCnt  tkdriver.o
    0x08001ea4   0x08001ea4   0x00000008   Code   RO         1850    i.TK_IRQHandler     tkdriver.o
    0x08001eac   0x08001eac   0x00000174   Code   RO         1977    i.TK_Init           sc32f10xx_HighSensitive_lib_T1Slider_V0.3.lib(sc32f10xx_tk_functionresource.o)
    0x08002020   0x08002020   0x0000002c   Code   RO         1978    i.TK_InitializeBaselines  sc32f10xx_HighSensitive_lib_T1Slider_V0.3.lib(sc32f10xx_tk_functionresource.o)
    0x0800204c   0x0800204c   0x00000068   Code   RO         1979    i.TK_InitializeSensorFlag  sc32f10xx_HighSensitive_lib_T1Slider_V0.3.lib(sc32f10xx_tk_functionresource.o)
    0x080020b4   0x080020b4   0x0000000c   Code   RO         1851    i.TK_IsDoubleKeyOrSlideKey  tkdriver.o
    0x080020c0   0x080020c0   0x00000158   Code   RO         1980    i.TK_MultipleDeal   sc32f10xx_HighSensitive_lib_T1Slider_V0.3.lib(sc32f10xx_tk_functionresource.o)
    0x08002218   0x08002218   0x00000014   Code   RO         1981    i.TK_Restart        sc32f10xx_HighSensitive_lib_T1Slider_V0.3.lib(sc32f10xx_tk_functionresource.o)
    0x0800222c   0x0800222c   0x00000070   Code   RO         1982    i.TK_SensorKeyFlag  sc32f10xx_HighSensitive_lib_T1Slider_V0.3.lib(sc32f10xx_tk_functionresource.o)
    0x0800229c   0x0800229c   0x00000424   Code   RO         1983    i.TK_SensorRenovate  sc32f10xx_HighSensitive_lib_T1Slider_V0.3.lib(sc32f10xx_tk_functionresource.o)
    0x080026c0   0x080026c0   0x0000000c   Code   RO         1984    i.TK_SetNeedUpdateBaseline  sc32f10xx_HighSensitive_lib_T1Slider_V0.3.lib(sc32f10xx_tk_functionresource.o)
    0x080026cc   0x080026cc   0x0000000c   Code   RO         1852    i.TK_SetOneKeyPushResetTime  tkdriver.o
    0x080026d8   0x080026d8   0x0000008c   Code   RO         1985    i.TK_SingleChannel_ICHAAdjust  sc32f10xx_HighSensitive_lib_T1Slider_V0.3.lib(sc32f10xx_tk_functionresource.o)
    0x08002764   0x08002764   0x0000009c   Code   RO         1853    i.TK_SingleCurrentSensorChoose  tkdriver.o
    0x08002800   0x08002800   0x00000084   Code   RO         1854    i.TK_TouchKeyCFGInit  tkdriver.o
    0x08002884   0x08002884   0x00000198   Code   RO         1855    i.TK_TouchKeyScan   tkdriver.o
    0x08002a1c   0x08002a1c   0x00000148   Code   RO         1986    i.TK_TouchKey_Service  sc32f10xx_HighSensitive_lib_T1Slider_V0.3.lib(sc32f10xx_tk_functionresource.o)
    0x08002b64   0x08002b64   0x00000002   Code   RO          244    i.TWI0_IRQHandler   sc_it.o
    0x08002b66   0x08002b66   0x00000002   Code   RO          245    i.TWI1_IRQHandler   sc_it.o
    0x08002b68   0x08002b68   0x0000001c   Code   RO         1302    i.TWI_Cmd           sc32f1xxx_twi.o
    0x08002b84   0x08002b84   0x0000001a   Code   RO         1303    i.TWI_DMACmd        sc32f1xxx_twi.o
    0x08002b9e   0x08002b9e   0x0000001a   Code   RO         1311    i.TWI_ITConfig      sc32f1xxx_twi.o
    0x08002bb8   0x08002bb8   0x00000034   Code   RO         1312    i.TWI_Init          sc32f1xxx_twi.o
    0x08002bec   0x08002bec   0x00000028   Code   RO         1313    i.TWI_PinRemapConfig  sc32f1xxx_twi.o
    0x08002c14   0x08002c14   0x00000002   Code   RO          247    i.UART0_2_IRQHandler  sc_it.o
    0x08002c16   0x08002c16   0x00000002   Code   RO          249    i.UART1_3_IRQHandler  sc_it.o
    0x08002c18   0x08002c18   0x00000070   Code   RO            6    i.UpdateDisplay     main.o
    0x08002c88   0x08002c88   0x00000010   Code   RO         1987    i.Usdelay           sc32f10xx_HighSensitive_lib_T1Slider_V0.3.lib(sc32f10xx_tk_functionresource.o)
    0x08002c98   0x08002c98   0x0000002e   Code   RO         2206    i.__ARM_clz         mf_p.l(depilogue.o)
    0x08002cc6   0x08002cc6   0x0000001c   Code   RO           46    i.__ARM_common_switch8  main.o
    0x08002ce2   0x08002ce2   0x00000002   PAD
    0x08002ce4   0x08002ce4   0x00000018   Code   RO          536    i.__NVIC_EnableIRQ  sc_init.o
    0x08002cfc   0x08002cfc   0x00000078   Code   RO          537    i.__NVIC_SetPriority  sc_init.o
    0x08002d74   0x08002d74   0x0000000e   Code   RO         2212    i.__scatterload_copy  mc_p.l(handlers.o)
    0x08002d82   0x08002d82   0x00000002   Code   RO         2213    i.__scatterload_null  mc_p.l(handlers.o)
    0x08002d84   0x08002d84   0x0000000e   Code   RO         2214    i.__scatterload_zeroinit  mc_p.l(handlers.o)
    0x08002d92   0x08002d92   0x00000002   PAD
    0x08002d94   0x08002d94   0x000000ec   Code   RO            7    i.main              main.o
    0x08002e80   0x08002e80   0x00000094   Data   RO         1857    .constdata          tkdriver.o
    0x08002f14   0x08002f14   0x00000020   Data   RO         2210    Region$$Table       anon$$obj.o


    Execution Region RW_IRAM1 (Exec base: 0x20000000, Load base: 0x08002f34, Size: 0x000004e8, Max: 0x00002000, ABSOLUTE)

    Exec Addr    Load Addr    Size         Type   Attr      Idx    E Section Name        Object

    0x20000000   0x08002f34   0x00000009   Data   RW            8    .data               main.o
    0x20000009   0x08002f3d   0x00000001   PAD
    0x2000000a   0x08002f3e   0x00000081   Data   RW         1858    .data               tkdriver.o
    0x2000008b   0x08002fbf   0x00000001   PAD
    0x2000008c   0x08002fc0   0x00000019   Data   RW         1988    .data               sc32f10xx_HighSensitive_lib_T1Slider_V0.3.lib(sc32f10xx_tk_functionresource.o)
    0x200000a5   0x08002fd9   0x00000003   PAD
    0x200000a8        -       0x00000040   Zero   RW         1856    .bss                tkdriver.o
    0x200000e8        -       0x00000400   Zero   RW         1789    STACK               startup_sc32f10xx.o


==============================================================================

Image component sizes


      Code (inc. data)   RO Data    RW Data    ZI Data      Debug   Object Name

        20          4          0          0          0        487   buzzer.o
         8          0          0          0          0        441   compctrldefine.o
       496         72          0          9          0      81275   main.o
       130          4          0          0          0       3650   sc32f1xxx_adc.o
       224          0          0          0          0       2886   sc32f1xxx_gpio.o
       190          8          0          0          0       4319   sc32f1xxx_pwm.o
       816         94          0          0          0       8749   sc32f1xxx_rcc.o
       394         28          0          0          0       6229   sc32f1xxx_tim.o
       172         12          0          0          0       3274   sc32f1xxx_twi.o
      1434         74          0          0          0      16180   sc_init.o
        96         12          0          0          0      10846   sc_it.o
       104         46        192          0       1024        780   startup_sc32f10xx.o
        16          6          0          0          0        413   system_sc32f1xxx.o
       990        152        148        129         64      13778   tkdriver.o

    ----------------------------------------------------------------------
      5114        512        372        140       1088     153307   Object Totals
         0          0         32          0          0          0   (incl. Generated)
        24          0          0          2          0          0   (incl. Padding)

    ----------------------------------------------------------------------

      Code (inc. data)   RO Data    RW Data    ZI Data      Debug   Library Member Name

         0          0          0          0          0          0   entry.o
         0          0          0          0          0          0   entry10a.o
         0          0          0          0          0          0   entry11a.o
         4          0          0          0          0          0   entry12b.o
         8          4          0          0          0          0   entry2.o
         4          0          0          0          0          0   entry5.o
         0          0          0          0          0          0   entry7b.o
         0          0          0          0          0          0   entry8b.o
         8          4          0          0          0          0   entry9a.o
        30          0          0          0          0          0   handlers.o
        40          0          0          0          0         72   idiv.o
        36          8          0          0          0         68   init.o
         0          0          0          0          0          0   iusefp.o
        32          0          0          0          0         68   llshl.o
        38          0          0          0          0         68   llsshr.o
        34          0          0          0          0         68   llushr.o
        44          0          0          0          0         72   uidiv.o
        20          0          0          0          0         68   cfcmple.o
        20          0          0          0          0         68   cfrcmple.o
        56          0          0          0          0         68   d2f.o
       360          6          0          0          0        140   dadd.o
       240          6          0          0          0         84   ddiv.o
       236          0          0          0          0        216   depilogue.o
        40          6          0          0          0         68   dflti.o
        28          4          0          0          0         68   dfltui.o
       208          6          0          0          0         88   dmul.o
        40          0          0          0          0         60   f2d.o
       178          0          0          0          0        108   fadd.o
       124          0          0          0          0         72   fdiv.o
       130          0          0          0          0        144   fepilogue.o
        50          0          0          0          0         60   ffixi.o
        40          0          0          0          0         60   ffixui.o
        22          0          0          0          0         68   fflti.o
        14          0          0          0          0         68   ffltui.o
       122          0          0          0          0         72   fmul.o
      4388        376          0         25          0      87105   sc32f10xx_tk_functionresource.o

    ----------------------------------------------------------------------
      6598        420          0         28          0      89101   Library Totals
         4          0          0          3          0          0   (incl. Padding)

    ----------------------------------------------------------------------

      Code (inc. data)   RO Data    RW Data    ZI Data      Debug   Library Name

       278         16          0          0          0        416   mc_p.l
      1928         28          0          0          0       1580   mf_p.l
      4388        376          0         25          0      87105   sc32f10xx_HighSensitive_lib_T1Slider_V0.3.lib

    ----------------------------------------------------------------------
      6598        420          0         28          0      89101   Library Totals

    ----------------------------------------------------------------------

==============================================================================


      Code (inc. data)   RO Data    RW Data    ZI Data      Debug   

     11712        932        372        168       1088     235988   Grand Totals
     11712        932        372        168       1088     235988   ELF Image Totals
     11712        932        372        168          0          0   ROM Totals

==============================================================================

    Total RO  Size (Code + RO Data)                12084 (  11.80kB)
    Total RW  Size (RW Data + ZI Data)              1256 (   1.23kB)
    Total ROM Size (Code + RO Data + RW Data)      12252 (  11.96kB)

==============================================================================

