Component: ARM Compiler 5.06 update 7 (build 960) Tool: armlink [4d3601]

==============================================================================

Section Cross References

    main.o(i.DataProcessing) refers to main.o(.data) for TK_exKeyValueFlag
    main.o(i.Delay_ms) refers to main.o(i.Delay_us) for Delay_us
    main.o(i.Delay_us) refers to sc32f1xxx_tim.o(i.TIM_Cmd) for TIM_Cmd
    main.o(i.UpdateDisplay) refers to sc32f1xxx_gpio.o(i.GPIO_SetBits) for GPIO_SetBits
    main.o(i.UpdateDisplay) refers to main.o(.data) for exKeyValue
    main.o(i.main) refers to compctrldefine.o(i.IcResourceInit) for IcResourceInit
    main.o(i.main) refers to sc32f1xxx_tim.o(i.TIM_Cmd) for TIM_Cmd
    main.o(i.main) refers to sc32f10xx_tk_functionresource.o(i.TK_Init) for TK_Init
    main.o(i.main) refers to adc_iap.o(i.loadAlarmSettings) for loadAlarmSettings
    main.o(i.main) refers to main.o(i.Delay_ms) for Delay_ms
    main.o(i.main) refers to main.o(i.__ARM_common_switch8) for __ARM_common_switch8
    main.o(i.main) refers to tkdriver.o(i.TK_TouchKeyScan) for TK_TouchKeyScan
    main.o(i.main) refers to main.o(i.DataProcessing) for DataProcessing
    main.o(i.main) refers to main.o(i.UpdateDisplay) for UpdateDisplay
    main.o(i.main) refers to sc32f10xx_tk_functionresource.o(i.TK_Restart) for TK_Restart
    main.o(i.main) refers to main.o(i.test_TK_LED) for test_TK_LED
    main.o(i.main) refers to adc_iap.o(i.checkPowerLoss) for checkPowerLoss
    main.o(i.main) refers to uidiv.o(.text) for __aeabi_uidivmod
    main.o(i.main) refers to sc32f1xxx_gpio.o(i.GPIO_TogglePins) for GPIO_TogglePins
    main.o(i.main) refers to main.o(.data) for Task_state
    main.o(i.main) refers to tkdriver.o(.data) for TK_TouchKeyStatus
    main.o(i.test_TK_LED) refers to sc32f1xxx_gpio.o(i.GPIO_ResetBits) for GPIO_ResetBits
    sc_it.o(i.ADC_IRQHandler) refers to sc32f1xxx_adc.o(i.ADC_ClearFlag) for ADC_ClearFlag
    sc_it.o(i.PWM0_IRQHandler) refers to sc32f1xxx_pwm.o(i.PWM_ClearFlag) for PWM_ClearFlag
    sc_it.o(i.TIMER1_IRQHandler) refers to sc32f1xxx_tim.o(i.TIM_ClearFlag) for TIM_ClearFlag
    sc_it.o(i.TIMER3_IRQHandler) refers to adc_iap.o(i.checkPowerLoss) for checkPowerLoss
    sc_it.o(i.TIMER3_IRQHandler) refers to sc32f1xxx_tim.o(i.TIM_ClearFlag) for TIM_ClearFlag
    sc_init.o(i.SC_ADC_Init) refers to sc32f1xxx_adc.o(i.ADC_Init) for ADC_Init
    sc_init.o(i.SC_ADC_Init) refers to sc32f1xxx_adc.o(i.ADC_SetChannel) for ADC_SetChannel
    sc_init.o(i.SC_ADC_Init) refers to sc32f1xxx_adc.o(i.ADC_ITConfig) for ADC_ITConfig
    sc_init.o(i.SC_ADC_Init) refers to sc32f1xxx_adc.o(i.ADC_DMACmd) for ADC_DMACmd
    sc_init.o(i.SC_ADC_Init) refers to sc_init.o(i.__NVIC_SetPriority) for __NVIC_SetPriority
    sc_init.o(i.SC_ADC_Init) refers to sc_init.o(i.__NVIC_EnableIRQ) for __NVIC_EnableIRQ
    sc_init.o(i.SC_ADC_Init) refers to sc32f1xxx_adc.o(i.ADC_Cmd) for ADC_Cmd
    sc_init.o(i.SC_GPIO_Init) refers to sc32f1xxx_gpio.o(i.GPIO_Init) for GPIO_Init
    sc_init.o(i.SC_Init) refers to sc_init.o(i.SC_GPIO_Init) for SC_GPIO_Init
    sc_init.o(i.SC_Init) refers to sc_init.o(i.SC_OPTION_Init) for SC_OPTION_Init
    sc_init.o(i.SC_Init) refers to sc_init.o(i.SC_RCC_Init) for SC_RCC_Init
    sc_init.o(i.SC_Init) refers to sc_init.o(i.SC_SYSTICK_Init) for SC_SYSTICK_Init
    sc_init.o(i.SC_Init) refers to sc_init.o(i.SC_TWI0_Init) for SC_TWI0_Init
    sc_init.o(i.SC_Init) refers to sc_init.o(i.SC_TIM1_Init) for SC_TIM1_Init
    sc_init.o(i.SC_Init) refers to sc_init.o(i.SC_TIM2_Init) for SC_TIM2_Init
    sc_init.o(i.SC_Init) refers to sc_init.o(i.SC_TIM3_Init) for SC_TIM3_Init
    sc_init.o(i.SC_Init) refers to sc_init.o(i.SC_PWM0_Init) for SC_PWM0_Init
    sc_init.o(i.SC_Init) refers to sc_init.o(i.SC_ADC_Init) for SC_ADC_Init
    sc_init.o(i.SC_Init) refers to sc_init.o(i.SC_IAP_Init) for SC_IAP_Init
    sc_init.o(i.SC_PWM0_Init) refers to sc32f1xxx_rcc.o(i.RCC_Unlock) for RCC_Unlock
    sc_init.o(i.SC_PWM0_Init) refers to sc32f1xxx_rcc.o(i.RCC_APB0PeriphClockCmd) for RCC_APB0PeriphClockCmd
    sc_init.o(i.SC_PWM0_Init) refers to sc32f1xxx_pwm.o(i.PWM_SetDuty) for PWM_SetDuty
    sc_init.o(i.SC_PWM0_Init) refers to sc32f1xxx_pwm.o(i.PWM_Init) for PWM_Init
    sc_init.o(i.SC_PWM0_Init) refers to sc32f1xxx_pwm.o(i.PWM_FDInit) for PWM_FDInit
    sc_init.o(i.SC_PWM0_Init) refers to sc32f1xxx_pwm.o(i.PWM_FDCmd) for PWM_FDCmd
    sc_init.o(i.SC_PWM0_Init) refers to sc32f1xxx_pwm.o(i.PWM_ITConfig) for PWM_ITConfig
    sc_init.o(i.SC_PWM0_Init) refers to sc32f1xxx_pwm.o(i.PWM_Cmd) for PWM_Cmd
    sc_init.o(i.SC_RCC_Init) refers to sc32f1xxx_rcc.o(i.RCC_Unlock) for RCC_Unlock
    sc_init.o(i.SC_RCC_Init) refers to sc32f1xxx_rcc.o(i.RCC_HXTCmd) for RCC_HXTCmd
    sc_init.o(i.SC_RCC_Init) refers to sc32f1xxx_rcc.o(i.RCC_LXTCmd) for RCC_LXTCmd
    sc_init.o(i.SC_RCC_Init) refers to sc32f1xxx_rcc.o(i.RCC_LIRCCmd) for RCC_LIRCCmd
    sc_init.o(i.SC_RCC_Init) refers to sc32f1xxx_rcc.o(i.RCC_HIRCCmd) for RCC_HIRCCmd
[...]
    Removing sc32f1xxx_adc.o(.rev16_text), (4 bytes).
    Removing sc32f1xxx_adc.o(.revsh_text), (4 bytes).
    Removing sc32f1xxx_adc.o(i.ADC_ConvModeConfig), (28 bytes).
    Removing sc32f1xxx_adc.o(i.ADC_DeInit), (14 bytes).
    Removing sc32f1xxx_adc.o(i.ADC_GetChannel), (10 bytes).
    Removing sc32f1xxx_adc.o(i.ADC_StructInit), (18 bytes).
    Removing sc32f1xxx_pwm.o(.rev16_text), (4 bytes).
    Removing sc32f1xxx_pwm.o(.revsh_text), (4 bytes).
    Removing sc32f1xxx_pwm.o(i.PWM_DeInit), (32 bytes).
    Removing sc32f1xxx_pwm.o(i.PWM_FDStructInit), (10 bytes).
    Removing sc32f1xxx_pwm.o(i.PWM_FallingDeadTimeConfig), (24 bytes).
    Removing sc32f1xxx_pwm.o(i.PWM_GetCycle), (8 bytes).
    Removing sc32f1xxx_pwm.o(i.PWM_GetDuty), (46 bytes).
    Removing sc32f1xxx_pwm.o(i.PWM_GetFlagStatus), (20 bytes).
    Removing sc32f1xxx_pwm.o(i.PWM_GetPrescaler), (10 bytes).
    Removing sc32f1xxx_pwm.o(i.PWM_RisingDeadTimeConfig), (18 bytes).
    Removing sc32f1xxx_pwm.o(i.PWM_SetCycle), (4 bytes).
    Removing sc32f1xxx_pwm.o(i.PWM_SetPrescaler), (20 bytes).
    Removing sc32f1xxx_pwm.o(i.PWM_StructInit), (16 bytes).
    Removing sc32f1xxx_twi.o(.rev16_text), (4 bytes).
    Removing sc32f1xxx_twi.o(.revsh_text), (4 bytes).
    Removing sc32f1xxx_twi.o(i.TWI_AcknowledgeConfig), (28 bytes).
    Removing sc32f1xxx_twi.o(i.TWI_ClearFlag), (8 bytes).
    Removing sc32f1xxx_twi.o(i.TWI_DeInit), (60 bytes).
    Removing sc32f1xxx_twi.o(i.TWI_GeneralCallCmd), (28 bytes).
    Removing sc32f1xxx_twi.o(i.TWI_GenerateSTART), (28 bytes).
    Removing sc32f1xxx_twi.o(i.TWI_GenerateSTOP), (28 bytes).
    Removing sc32f1xxx_twi.o(i.TWI_GetFlagStatus), (20 bytes).
    Removing sc32f1xxx_twi.o(i.TWI_GetNbytes), (10 bytes).
    Removing sc32f1xxx_twi.o(i.TWI_GetStateMachine), (12 bytes).
    Removing sc32f1xxx_twi.o(i.TWI_ReceiveData), (8 bytes).
    Removing sc32f1xxx_twi.o(i.TWI_Send7bitAddress), (22 bytes).
    Removing sc32f1xxx_twi.o(i.TWI_SendData), (4 bytes).
    Removing sc32f1xxx_twi.o(i.TWI_SetNbytes), (6 bytes).
    Removing sc32f1xxx_twi.o(i.TWI_StretchClockConfig), (28 bytes).
    Removing sc32f1xxx_twi.o(i.TWI_StructInit), (16 bytes).
    Removing sc32f1xxx_option.o(.rev16_text), (4 bytes).
    Removing sc32f1xxx_option.o(.revsh_text), (4 bytes).
    Removing sc32f1xxx_option.o(i.OPTION_IAPPORA), (24 bytes).
    Removing sc32f1xxx_option.o(i.OPTION_IAPPORB), (24 bytes).
    Removing sc32f1xxx_option.o(i.OPTION_JTAGCmd), (44 bytes).
    Removing sc32f1xxx_option.o(i.OPTION_LVRConfig), (32 bytes).
    Removing sc32f1xxx_option.o(i.OPTION_WDTCmd), (40 bytes).
    Removing sc32f1xxx_rcc.o(.rev16_text), (4 bytes).
    Removing sc32f1xxx_rcc.o(.revsh_text), (4 bytes).
    Removing sc32f1xxx_rcc.o(i.RCC_AHBPeriphClockCmd), (32 bytes).
    Removing sc32f1xxx_rcc.o(i.RCC_AHBPeriphResetCmd), (32 bytes).
    Removing sc32f1xxx_rcc.o(i.RCC_APB0PeriphResetCmd), (32 bytes).
    Removing sc32f1xxx_rcc.o(i.RCC_APB1Cmd), (40 bytes).
    Removing sc32f1xxx_rcc.o(i.RCC_APB1Config), (28 bytes).
    Removing sc32f1xxx_rcc.o(i.RCC_APB1PeriphClockCmd), (32 bytes).
    Removing sc32f1xxx_rcc.o(i.RCC_APB1PeriphResetCmd), (32 bytes).
    Removing sc32f1xxx_rcc.o(i.RCC_APB2PeriphClockCmd), (32 bytes).
    Removing sc32f1xxx_rcc.o(i.RCC_APB2PeriphResetCmd), (32 bytes).
    Removing sc32f1xxx_rcc.o(i.RCC_BTMCLKConfig), (36 bytes).
    Removing sc32f1xxx_rcc.o(i.RCC_DeInit), (28 bytes).
    Removing sc32f1xxx_rcc.o(i.RCC_GetClocksFreq), (236 bytes).
    Removing sc32f1xxx_rcc.o(i.RCC_GetFlagStatus), (24 bytes).
    Removing sc32f1xxx_rcc.o(i.RCC_GetSYSCLKSource), (36 bytes).
    Removing sc32f1xxx_rcc.o(i.RCC_LCDLEDCLKConfig), (36 bytes).
    Removing sc32f1xxx_rcc.o(i.RCC_NMICmd), (44 bytes).
    Removing sc32f1xxx_rcc.o(i.RCC_PLLCmd), (48 bytes).
    Removing sc32f1xxx_rcc.o(i.RCC_PLLConfig), (56 bytes).
    Removing sc32f1xxx_rcc.o(i.RCC_PLLRCmd), (48 bytes).
    Removing sc32f1xxx_rcc.o(i.RCC_SystickGetFlagStatus), (28 bytes).
    Removing sc32f1xxx_rcc.o(i.RCC_WaitConfig), (40 bytes).
    Removing sc32f1xxx_gpio.o(.rev16_text), (4 bytes).
    Removing sc32f1xxx_gpio.o(.revsh_text), (4 bytes).
    Removing sc32f1xxx_gpio.o(i.GPIO_DeInit), (32 bytes).
    Removing sc32f1xxx_gpio.o(i.GPIO_ReadData), (8 bytes).
    Removing sc32f1xxx_gpio.o(i.GPIO_ReadDataBit), (18 bytes).
    Removing sc32f1xxx_gpio.o(i.GPIO_SetDriveLevel), (54 bytes).
    Removing sc32f1xxx_gpio.o(i.GPIO_Write), (4 bytes).
    Removing sc32f1xxx_gpio.o(i.GPIO_WriteBit), (20 bytes).
    Removing startup_sc32f10xx.o(HEAP), (512 bytes).
    Removing buzzer.o(.rev16_text), (4 bytes).
    Removing buzzer.o(.revsh_text), (4 bytes).
    Removing buzzer.o(i.Buzzer_Play), (400 bytes).
    Removing buzzer.o(i.Buzzer_SetVolume), (20 bytes).
    Removing buzzer.o(i.PWM_SetHz), (72 bytes).
    Removing buzzer.o(i.test_Buzz), (140 bytes).
    Removing buzzer.o(.constdata), (5842 bytes).
    Removing buzzer.o(.data), (4 bytes).
    Removing tkdriver.o(.rev16_text), (4 bytes).
    Removing tkdriver.o(.revsh_text), (4 bytes).
    Removing adc_iap.o(.rev16_text), (4 bytes).
    Removing adc_iap.o(.revsh_text), (4 bytes).
    Removing sc32f10xx_tk_functionresource.o(.rev16_text), (4 bytes).
    Removing sc32f10xx_tk_functionresource.o(.revsh_text), (4 bytes).
    Removing dfixui.o(.text), (60 bytes).

201 unused section(s) (total 10164 bytes) removed from the image.

==============================================================================

Image Symbol Table

    Local Symbols

    Symbol Name                              Value     Ov Type        Size  Object(Section)

    ../clib/microlib/division.c              0x00000000   Number         0  idiv.o ABSOLUTE
    ../clib/microlib/division.c              0x00000000   Number         0  uidiv.o ABSOLUTE
    ../clib/microlib/init/entry.s            0x00000000   Number         0  entry12b.o ABSOLUTE
    ../clib/microlib/init/entry.s            0x00000000   Number         0  entry7a.o ABSOLUTE
    ../clib/microlib/init/entry.s            0x00000000   Number         0  entry12a.o ABSOLUTE
    ../clib/microlib/init/entry.s            0x00000000   Number         0  entry11b.o ABSOLUTE
    ../clib/microlib/init/entry.s            0x00000000   Number         0  entry9a.o ABSOLUTE
    ../clib/microlib/init/entry.s            0x00000000   Number         0  entry9b.o ABSOLUTE
    ../clib/microlib/init/entry.s            0x00000000   Number         0  entry11a.o ABSOLUTE
    ../clib/microlib/init/entry.s            0x00000000   Number         0  entry10b.o ABSOLUTE
    ../clib/microlib/init/entry.s            0x00000000   Number         0  entry10a.o ABSOLUTE
    ../clib/microlib/init/entry.s            0x00000000   Number         0  entry.o ABSOLUTE
    ../clib/microlib/init/entry.s            0x00000000   Number         0  entry2.o ABSOLUTE
    ../clib/microlib/init/entry.s            0x00000000   Number         0  entry5.o ABSOLUTE
    ../clib/microlib/init/entry.s            0x00000000   Number         0  entry7b.o ABSOLUTE
    ../clib/microlib/init/entry.s            0x00000000   Number         0  entry8a.o ABSOLUTE
    ../clib/microlib/init/entry.s            0x00000000   Number         0  entry8b.o ABSOLUTE
    ../clib/microlib/longlong.c              0x00000000   Number         0  llsshr.o ABSOLUTE
    ../clib/microlib/longlong.c              0x00000000   Number         0  llushr.o ABSOLUTE
    ../clib/microlib/longlong.c              0x00000000   Number         0  llshl.o ABSOLUTE
    ../clib/microlib/stubs.s                 0x00000000   Number         0  iusefp.o ABSOLUTE
    ../fplib/microlib/d2f.c                  0x00000000   Number         0  d2f.o ABSOLUTE
    ../fplib/microlib/f2d.c                  0x00000000   Number         0  f2d.o ABSOLUTE
    ../fplib/microlib/fpadd.c                0x00000000   Number         0  dadd.o ABSOLUTE
    ../fplib/microlib/fpadd.c                0x00000000   Number         0  fadd.o ABSOLUTE
    ../fplib/microlib/fpdiv.c                0x00000000   Number         0  ddiv.o ABSOLUTE
    ../fplib/microlib/fpdiv.c                0x00000000   Number         0  fdiv.o ABSOLUTE
    ../fplib/microlib/fpepilogue.c           0x00000000   Number         0  depilogue.o ABSOLUTE
    ../fplib/microlib/fpepilogue.c           0x00000000   Number         0  fepilogue.o ABSOLUTE
    ../fplib/microlib/fpfix.c                0x00000000   Number         0  ffixui.o ABSOLUTE
    ../fplib/microlib/fpfix.c                0x00000000   Number         0  ffixi.o ABSOLUTE
    ../fplib/microlib/fpfix.c                0x00000000   Number         0  dfixui.o ABSOLUTE
    ../fplib/microlib/fpflt.c                0x00000000   Number         0  dflti.o ABSOLUTE
    ../fplib/microlib/fpflt.c                0x00000000   Number         0  dfltui.o ABSOLUTE
    ../fplib/microlib/fpflt.c                0x00000000   Number         0  ffltui.o ABSOLUTE
    ../fplib/microlib/fpflt.c                0x00000000   Number         0  fflti.o ABSOLUTE
    ../fplib/microlib/fpmul.c                0x00000000   Number         0  dmul.o ABSOLUTE
    ../fplib/microlib/fpmul.c                0x00000000   Number         0  fmul.o ABSOLUTE
    ..\ADC_IAP\Src\ADC_IAP.c                 0x00000000   Number         0  adc_iap.o ABSOLUTE
    ..\Apps\IAP_Program.C                    0x00000000   Number         0  iap_program.o ABSOLUTE
    ..\Buzz\Src\Buzzer.c                     0x00000000   Number         0  buzzer.o ABSOLUTE
    ..\Drivers\TKDriver\C\TKDriver.C         0x00000000   Number         0  tkdriver.o ABSOLUTE
    ..\FWLib\SC32F1XXX_Lib\src\sc32f1xxx_adc.c 0x00000000   Number         0  sc32f1xxx_adc.o ABSOLUTE
    ..\FWLib\SC32F1XXX_Lib\src\sc32f1xxx_gpio.c 0x00000000   Number         0  sc32f1xxx_gpio.o ABSOLUTE
    ..\FWLib\SC32F1XXX_Lib\src\sc32f1xxx_iap.c 0x00000000   Number         0  sc32f1xxx_iap.o ABSOLUTE
    ..\FWLib\SC32F1XXX_Lib\src\sc32f1xxx_option.c 0x00000000   Number         0  sc32f1xxx_option.o ABSOLUTE
    ..\FWLib\SC32F1XXX_Lib\src\sc32f1xxx_pwm.c 0x00000000   Number         0  sc32f1xxx_pwm.o ABSOLUTE
    ..\FWLib\SC32F1XXX_Lib\src\sc32f1xxx_rcc.c 0x00000000   Number         0  sc32f1xxx_rcc.o ABSOLUTE
    ..\FWLib\SC32F1XXX_Lib\src\sc32f1xxx_tim.c 0x00000000   Number         0  sc32f1xxx_tim.o ABSOLUTE
    ..\FWLib\SC32F1XXX_Lib\src\sc32f1xxx_twi.c 0x00000000   Number         0  sc32f1xxx_twi.o ABSOLUTE
    ..\User\CallBackFunction.c               0x00000000   Number         0  callbackfunction.o ABSOLUTE
    ..\User\CompCtrlDefine.c                 0x00000000   Number         0  compctrldefine.o ABSOLUTE
    ..\User\Delay.c                          0x00000000   Number         0  delay.o ABSOLUTE
    ..\User\SC_Init.c                        0x00000000   Number         0  sc_init.o ABSOLUTE
    ..\User\SC_it.c                          0x00000000   Number         0  sc_it.o ABSOLUTE
    ..\User\SysFunVarDefine.c                0x00000000   Number         0  sysfunvardefine.o ABSOLUTE
    ..\User\main.c                           0x00000000   Number         0  main.o ABSOLUTE
    ..\User\system_sc32f1xxx.c               0x00000000   Number         0  system_sc32f1xxx.o ABSOLUTE
    ..\\ADC_IAP\\Src\\ADC_IAP.c              0x00000000   Number         0  adc_iap.o ABSOLUTE
    ..\\Apps\\IAP_Program.C                  0x00000000   Number         0  iap_program.o ABSOLUTE
    ..\\Buzz\\Src\\Buzzer.c                  0x00000000   Number         0  buzzer.o ABSOLUTE
    ..\\Drivers\\TKDriver\\C\\TKDriver.C     0x00000000   Number         0  tkdriver.o ABSOLUTE
    ..\\FWLib\\SC32F1XXX_Lib\\src\\sc32f1xxx_adc.c 0x00000000   Number         0  sc32f1xxx_adc.o ABSOLUTE
    ..\\FWLib\\SC32F1XXX_Lib\\src\\sc32f1xxx_gpio.c 0x00000000   Number         0  sc32f1xxx_gpio.o ABSOLUTE
    ..\\FWLib\\SC32F1XXX_Lib\\src\\sc32f1xxx_iap.c 0x00000000   Number         0  sc32f1xxx_iap.o ABSOLUTE
    ..\\FWLib\\SC32F1XXX_Lib\\src\\sc32f1xxx_option.c 0x00000000   Number         0  sc32f1xxx_option.o ABSOLUTE
    ..\\FWLib\\SC32F1XXX_Lib\\src\\sc32f1xxx_pwm.c 0x00000000   Number         0  sc32f1xxx_pwm.o ABSOLUTE
    ..\\FWLib\\SC32F1XXX_Lib\\src\\sc32f1xxx_rcc.c 0x00000000   Number         0  sc32f1xxx_rcc.o ABSOLUTE
    ..\\FWLib\\SC32F1XXX_Lib\\src\\sc32f1xxx_tim.c 0x00000000   Number         0  sc32f1xxx_tim.o ABSOLUTE
    ..\\FWLib\\SC32F1XXX_Lib\\src\\sc32f1xxx_twi.c 0x00000000   Number         0  sc32f1xxx_twi.o ABSOLUTE
    ..\\User\\CallBackFunction.c             0x00000000   Number         0  callbackfunction.o ABSOLUTE
    ..\\User\\CompCtrlDefine.c               0x00000000   Number         0  compctrldefine.o ABSOLUTE
    ..\\User\\SC_Init.c                      0x00000000   Number         0  sc_init.o ABSOLUTE
    ..\\User\\SC_it.c                        0x00000000   Number         0  sc_it.o ABSOLUTE
    ..\\User\\SysFunVarDefine.c              0x00000000   Number         0  sysfunvardefine.o ABSOLUTE
    ..\\User\\main.c                         0x00000000   Number         0  main.o ABSOLUTE
    ..\\User\\system_sc32f1xxx.c             0x00000000   Number         0  system_sc32f1xxx.o ABSOLUTE
    LIB\\sc32f10xx_TK_FunctionResource.c     0x00000000   Number         0  sc32f10xx_tk_functionresource.o ABSOLUTE
    LIB\sc32f10xx_TK_FunctionResource.c      0x00000000   Number         0  sc32f10xx_tk_functionresource.o ABSOLUTE
    cdcmple.s                                0x00000000   Number         0  cdcmple.o ABSOLUTE
    cfcmple.s                                0x00000000   Number         0  cfcmple.o ABSOLUTE
    cfrcmple.s                               0x00000000   Number         0  cfrcmple.o ABSOLUTE
    dc.s                                     0x00000000   Number         0  dc.o ABSOLUTE
    handlers.s                               0x00000000   Number         0  handlers.o ABSOLUTE
    init.s                                   0x00000000   Number         0  init.o ABSOLUTE
    startup_sc32f10xx.s                      0x00000000   Number         0  startup_sc32f10xx.o ABSOLUTE
    RESET                                    0x08000000   Section      192  startup_sc32f10xx.o(RESET)
    .ARM.Collect$$$$00000000                 0x080000c0   Section        0  entry.o(.ARM.Collect$$$$00000000)
    .ARM.Collect$$$$00000001                 0x080000c0   Section        4  entry2.o(.ARM.Collect$$$$00000001)
    .ARM.Collect$$$$00000004                 0x080000c4   Section        4  entry5.o(.ARM.Collect$$$$00000004)
    .ARM.Collect$$$$00000008                 0x080000c8   Section        0  entry7b.o(.ARM.Collect$$$$00000008)
    .ARM.Collect$$$$0000000A                 0x080000c8   Section        0  entry8b.o(.ARM.Collect$$$$0000000A)
    .ARM.Collect$$$$0000000B                 0x080000c8   Section        8  entry9a.o(.ARM.Collect$$$$0000000B)
    .ARM.Collect$$$$0000000E                 0x080000d0   Section        4  entry12b.o(.ARM.Collect$$$$0000000E)
    .ARM.Collect$$$$0000000F                 0x080000d4   Section        0  entry10a.o(.ARM.Collect$$$$0000000F)
    .ARM.Collect$$$$00000011                 0x080000d4   Section        0  entry11a.o(.ARM.Collect$$$$00000011)
    .ARM.Collect$$$$00002712                 0x080000d4   Section        4  entry2.o(.ARM.Collect$$$$00002712)
    __lit__00000000                          0x080000d4   Data           4  entry2.o(.ARM.Collect$$$$00002712)
    .text                                    0x080000d8   Section      104  startup_sc32f10xx.o(.text)
    .text                                    0x08000140   Section        0  uidiv.o(.text)
    .text                                    0x0800016c   Section        0  idiv.o(.text)
    .text                                    0x08000194   Section        0  fadd.o(.text)
    .text                                    0x08000246   Section        0  fmul.o(.text)
    .text                                    0x080002c0   Section        0  fdiv.o(.text)
    .text                                    0x0800033c   Section        0  dadd.o(.text)
    .text                                    0x080004a4   Section        0  dmul.o(.text)
    .text                                    0x08000574   Section        0  ddiv.o(.text)
    .text                                    0x08000664   Section        0  fflti.o(.text)
    .text                                    0x0800067a   Section        0  ffltui.o(.text)
    .text                                    0x08000688   Section        0  dflti.o(.text)
    .text                                    0x080006b0   Section        0  dfltui.o(.text)
    .text                                    0x080006cc   Section        0  ffixi.o(.text)
    .text                                    0x080006fe   Section        0  ffixui.o(.text)
    .text                                    0x08000726   Section        0  f2d.o(.text)
    .text                                    0x08000750   Section       40  cdcmple.o(.text)
    .text                                    0x08000778   Section        0  d2f.o(.text)
    .text                                    0x080007b0   Section       20  cfcmple.o(.text)
    .text                                    0x080007c4   Section       20  cfrcmple.o(.text)
    .text                                    0x080007d8   Section        0  llshl.o(.text)
    .text                                    0x080007f8   Section        0  llushr.o(.text)
    .text                                    0x0800081a   Section        0  llsshr.o(.text)
    .text                                    0x08000840   Section        0  iusefp.o(.text)
    .text                                    0x08000840   Section        0  fepilogue.o(.text)
    .text                                    0x080008c2   Section        0  depilogue.o(.text)
    .text                                    0x08000980   Section       36  init.o(.text)
    i.ADC_ClearFlag                          0x080009a4   Section        0  sc32f1xxx_adc.o(i.ADC_ClearFlag)
    i.ADC_Cmd                                0x080009a8   Section        0  sc32f1xxx_adc.o(i.ADC_Cmd)
    i.ADC_DMACmd                             0x080009c4   Section        0  sc32f1xxx_adc.o(i.ADC_DMACmd)
    i.ADC_GetConversionValue                 0x080009e0   Section        0  sc32f1xxx_adc.o(i.ADC_GetConversionValue)
    i.ADC_GetFlagStatus                      0x080009e8   Section        0  sc32f1xxx_adc.o(i.ADC_GetFlagStatus)
    i.ADC_IRQHandler                         0x08000a0c   Section        0  sc_it.o(i.ADC_IRQHandler)
    i.ADC_ITConfig                           0x08000a1c   Section        0  sc32f1xxx_adc.o(i.ADC_ITConfig)
    i.ADC_Init                               0x08000a30   Section        0  sc32f1xxx_adc.o(i.ADC_Init)
    i.ADC_SetChannel                         0x08000a50   Section        0  sc32f1xxx_adc.o(i.ADC_SetChannel)
    i.ADC_SoftwareStartConv                  0x08000a62   Section        0  sc32f1xxx_adc.o(i.ADC_SoftwareStartConv)
    i.BTM_IRQHandler                         0x08000a6c   Section        0  sc_it.o(i.BTM_IRQHandler)
    i.CMP_IRQHandler                         0x08000a6e   Section        0  sc_it.o(i.CMP_IRQHandler)
    i.DMA0_IRQHandler                        0x08000a70   Section        0  sc_it.o(i.DMA0_IRQHandler)
    i.DMA1_IRQHandler                        0x08000a72   Section        0  sc_it.o(i.DMA1_IRQHandler)
    i.DMA2_IRQHandler                        0x08000a74   Section        0  sc_it.o(i.DMA2_IRQHandler)
    i.DMA3_IRQHandler                        0x08000a76   Section        0  sc_it.o(i.DMA3_IRQHandler)
    i.DataProcessing                         0x08000a78   Section        0  main.o(i.DataProcessing)
    i.Delay_ms                               0x08000aac   Section        0  main.o(i.Delay_ms)
    i.Delay_us                               0x08000ac4   Section        0  main.o(i.Delay_us)
    i.GPIO_Init                              0x08000af0   Section        0  sc32f1xxx_gpio.o(i.GPIO_Init)
    i.GPIO_ResetBits                         0x08000b60   Section        0  sc32f1xxx_gpio.o(i.GPIO_ResetBits)
    i.GPIO_SetBits                           0x08000b82   Section        0  sc32f1xxx_gpio.o(i.GPIO_SetBits)
    i.GPIO_TogglePins                        0x08000ba4   Section        0  sc32f1xxx_gpio.o(i.GPIO_TogglePins)
    i.IAP_EraseSector                        0x08000bd0   Section        0  sc32f1xxx_iap.o(i.IAP_EraseSector)
    i.IAP_Lock                               0x08000c00   Section        0  sc32f1xxx_iap.o(i.IAP_Lock)
    i.IAP_ProgramByte                        0x08000c10   Section        0  sc32f1xxx_iap.o(i.IAP_ProgramByte)
    i.IAP_ReadByte                           0x08000c22   Section        0  sc32f1xxx_iap.o(i.IAP_ReadByte)
    i.IAP_Unlock                             0x08000c28   Section        0  sc32f1xxx_iap.o(i.IAP_Unlock)
    i.IAP_WriteCmd                           0x08000c5c   Section        0  sc32f1xxx_iap.o(i.IAP_WriteCmd)
    i.INT0_IRQHandler                        0x08000c80   Section        0  sc_it.o(i.INT0_IRQHandler)
    i.INT12_15_IRQHandler                    0x08000c82   Section        0  sc_it.o(i.INT12_15_IRQHandler)
    i.INT1_7_IRQHandler                      0x08000c84   Section        0  sc_it.o(i.INT1_7_IRQHandler)
    i.INT8_11_IRQHandler                     0x08000c86   Section        0  sc_it.o(i.INT8_11_IRQHandler)
    i.IcResourceInit                         0x08000c88   Section        0  compctrldefine.o(i.IcResourceInit)
    i.LEDPWM_IRQHandler                      0x08000c90   Section        0  sc_it.o(i.LEDPWM_IRQHandler)
    i.PWM0_IRQHandler                        0x08000c94   Section        0  sc_it.o(i.PWM0_IRQHandler)
    i.PWM_ClearFlag                          0x08000ca4   Section        0  sc32f1xxx_pwm.o(i.PWM_ClearFlag)
    i.PWM_Cmd                                0x08000ca8   Section        0  sc32f1xxx_pwm.o(i.PWM_Cmd)
    i.PWM_FDCmd                              0x08000cc4   Section        0  sc32f1xxx_pwm.o(i.PWM_FDCmd)
    i.PWM_FDInit                             0x08000ce0   Section        0  sc32f1xxx_pwm.o(i.PWM_FDInit)
    i.PWM_ITConfig                           0x08000cfa   Section        0  sc32f1xxx_pwm.o(i.PWM_ITConfig)
    i.PWM_Init                               0x08000d14   Section        0  sc32f1xxx_pwm.o(i.PWM_Init)
    i.PWM_SetDuty                            0x08000d3c   Section        0  sc32f1xxx_pwm.o(i.PWM_SetDuty)
    i.RCC_APB0Cmd                            0x08000d64   Section        0  sc32f1xxx_rcc.o(i.RCC_APB0Cmd)
    i.RCC_APB0Config                         0x08000d8c   Section        0  sc32f1xxx_rcc.o(i.RCC_APB0Config)
    i.RCC_APB0PeriphClockCmd                 0x08000da8   Section        0  sc32f1xxx_rcc.o(i.RCC_APB0PeriphClockCmd)
    i.RCC_APB2Cmd                            0x08000dc8   Section        0  sc32f1xxx_rcc.o(i.RCC_APB2Cmd)
    i.RCC_APB2Config                         0x08000df0   Section        0  sc32f1xxx_rcc.o(i.RCC_APB2Config)
    i.RCC_HCLKConfig                         0x08000e0c   Section        0  sc32f1xxx_rcc.o(i.RCC_HCLKConfig)
    i.RCC_HIRCCmd                            0x08000e28   Section        0  sc32f1xxx_rcc.o(i.RCC_HIRCCmd)
    i.RCC_HXTCmd                             0x08000e58   Section        0  sc32f1xxx_rcc.o(i.RCC_HXTCmd)
    i.RCC_IRQHandler                         0x08000e88   Section        0  sc_it.o(i.RCC_IRQHandler)
    i.RCC_ITConfig                           0x08000e8c   Section        0  sc32f1xxx_rcc.o(i.RCC_ITConfig)
    i.RCC_LIRCCmd                            0x08000ec0   Section        0  sc32f1xxx_rcc.o(i.RCC_LIRCCmd)
    i.RCC_LXTCmd                             0x08000ef0   Section        0  sc32f1xxx_rcc.o(i.RCC_LXTCmd)
    i.RCC_SYSCLKConfig                       0x08000f20   Section        0  sc32f1xxx_rcc.o(i.RCC_SYSCLKConfig)
    i.RCC_SystickCLKConfig                   0x08000ff8   Section        0  sc32f1xxx_rcc.o(i.RCC_SystickCLKConfig)
    i.RCC_SystickCmd                         0x08001040   Section        0  sc32f1xxx_rcc.o(i.RCC_SystickCmd)
    i.RCC_SystickSetCounter                  0x08001064   Section        0  sc32f1xxx_rcc.o(i.RCC_SystickSetCounter)
    i.RCC_Unlock                             0x08001080   Section        0  sc32f1xxx_rcc.o(i.RCC_Unlock)
    i.SC_ADC_Init                            0x08001098   Section        0  sc_init.o(i.SC_ADC_Init)
    i.SC_GPIO_Init                           0x080010f0   Section        0  sc_init.o(i.SC_GPIO_Init)
    i.SC_IAP_Init                            0x08001240   Section        0  sc_init.o(i.SC_IAP_Init)
    i.SC_Init                                0x08001242   Section        0  sc_init.o(i.SC_Init)
    i.SC_OPTION_Init                         0x08001274   Section        0  sc_init.o(i.SC_OPTION_Init)
    i.SC_PWM0_Init                           0x08001298   Section        0  sc_init.o(i.SC_PWM0_Init)
    i.SC_RCC_Init                            0x08001358   Section        0  sc_init.o(i.SC_RCC_Init)
    i.SC_SYSTICK_Init                        0x080013a8   Section        0  sc_init.o(i.SC_SYSTICK_Init)
    i.SC_TIM1_Init                           0x080013d0   Section        0  sc_init.o(i.SC_TIM1_Init)
    i.SC_TIM2_Init                           0x08001468   Section        0  sc_init.o(i.SC_TIM2_Init)
    i.SC_TIM3_Init                           0x0800150c   Section        0  sc_init.o(i.SC_TIM3_Init)
    i.SC_TWI0_Init                           0x08001590   Section        0  sc_init.o(i.SC_TWI0_Init)
    i.SPI0_IRQHandler                        0x08001634   Section        0  sc_it.o(i.SPI0_IRQHandler)
    i.SPI1_IRQHandler                        0x08001636   Section        0  sc_it.o(i.SPI1_IRQHandler)
    i.SysTick_IRQHandler                     0x08001638   Section        0  sc_it.o(i.SysTick_IRQHandler)
    i.SystemInit                             0x0800163c   Section        0  system_sc32f1xxx.o(i.SystemInit)
    i.TIMER0_IRQHandler                      0x0800164c   Section        0  sc_it.o(i.TIMER0_IRQHandler)
    i.TIMER1_IRQHandler                      0x08001650   Section        0  sc_it.o(i.TIMER1_IRQHandler)
    i.TIMER2_IRQHandler                      0x08001660   Section        0  sc_it.o(i.TIMER2_IRQHandler)
    i.TIMER3_IRQHandler                      0x08001664   Section        0  sc_it.o(i.TIMER3_IRQHandler)
    i.TIMER4_5_IRQHandler                    0x0800167c   Section        0  sc_it.o(i.TIMER4_5_IRQHandler)
    i.TIMER6_7_IRQHandler                    0x0800167e   Section        0  sc_it.o(i.TIMER6_7_IRQHandler)
    i.TIM_ClearFlag                          0x08001680   Section        0  sc32f1xxx_tim.o(i.TIM_ClearFlag)
    i.TIM_Cmd                                0x08001684   Section        0  sc32f1xxx_tim.o(i.TIM_Cmd)
    i.TIM_DMACmd                             0x080016a0   Section        0  sc32f1xxx_tim.o(i.TIM_DMACmd)
    i.TIM_ICCmd                              0x080016bc   Section        0  sc32f1xxx_tim.o(i.TIM_ICCmd)
    i.TIM_ICInit                             0x080016d8   Section        0  sc32f1xxx_tim.o(i.TIM_ICInit)
    i.TIM_ITConfig                           0x08001720   Section        0  sc32f1xxx_tim.o(i.TIM_ITConfig)
    i.TIM_PWMInit                            0x0800173c   Section        0  sc32f1xxx_tim.o(i.TIM_PWMInit)
    i.TIM_PWMSetDuty                         0x080017a0   Section        0  sc32f1xxx_tim.o(i.TIM_PWMSetDuty)
    i.TIM_PinRemapConfig                     0x080017cc   Section        0  sc32f1xxx_tim.o(i.TIM_PinRemapConfig)
    i.TIM_TIMBaseInit                        0x080017e8   Section        0  sc32f1xxx_tim.o(i.TIM_TIMBaseInit)
    i.TKSlideModuleCHIs                      0x08001810   Section        0  sc32f10xx_tk_functionresource.o(i.TKSlideModuleCHIs)
    i.TKSlideModuleSensorRenovate            0x0800187c   Section        0  sc32f10xx_tk_functionresource.o(i.TKSlideModuleSensorRenovate)
    i.TK_BaseLineUpdataSW                    0x08001bd0   Section        0  sc32f10xx_tk_functionresource.o(i.TK_BaseLineUpdataSW)
    i.TK_FilterAvergeDeal                    0x08001d74   Section        0  sc32f10xx_tk_functionresource.o(i.TK_FilterAvergeDeal)
    i.TK_FilterCommCode                      0x08001df0   Section        0  sc32f10xx_tk_functionresource.o(i.TK_FilterCommCode)
    i.TK_FilterDataDeal                      0x08001e44   Section        0  sc32f10xx_tk_functionresource.o(i.TK_FilterDataDeal)
    i.TK_FilterIIRInit                       0x08001f04   Section        0  sc32f10xx_tk_functionresource.o(i.TK_FilterIIRInit)
    i.TK_GetBaseLineAdjustValue              0x08001f30   Section        0  tkdriver.o(i.TK_GetBaseLineAdjustValue)
    i.TK_GetBaselineUpdateThreshold          0x08001f3c   Section        0  tkdriver.o(i.TK_GetBaselineUpdateThreshold)
    i.TK_GetCfgMsg                           0x08001f48   Section        0  tkdriver.o(i.TK_GetCfgMsg)
    i.TK_GetCsFunction                       0x08001fb4   Section        0  tkdriver.o(i.TK_GetCsFunction)
    i.TK_GetCurrFingerValue                  0x08001fb8   Section        0  tkdriver.o(i.TK_GetCurrFingerValue)
    i.TK_GetInitAutoUpdateTime               0x08001fdc   Section        0  tkdriver.o(i.TK_GetInitAutoUpdateTime)
    i.TK_GetIsNeedUpdateBaseline             0x08001fe8   Section        0  sc32f10xx_tk_functionresource.o(i.TK_GetIsNeedUpdateBaseline)
    i.TK_GetScanTimeValue                    0x08001ff4   Section        0  tkdriver.o(i.TK_GetScanTimeValue)
    i.TK_GetTKYzCnt                          0x08002008   Section        0  tkdriver.o(i.TK_GetTKYzCnt)
    i.TK_GetTKYzThreshold                    0x0800201c   Section        0  tkdriver.o(i.TK_GetTKYzThreshold)
    i.TK_GetUpConfirmCnt                     0x08002038   Section        0  tkdriver.o(i.TK_GetUpConfirmCnt)
    i.TK_IRQHandler                          0x08002044   Section        0  tkdriver.o(i.TK_IRQHandler)
    i.TK_Init                                0x0800204c   Section        0  sc32f10xx_tk_functionresource.o(i.TK_Init)
    i.TK_InitializeBaselines                 0x080021c0   Section        0  sc32f10xx_tk_functionresource.o(i.TK_InitializeBaselines)
    i.TK_InitializeSensorFlag                0x080021ec   Section        0  sc32f10xx_tk_functionresource.o(i.TK_InitializeSensorFlag)
    i.TK_IsDoubleKeyOrSlideKey               0x08002254   Section        0  tkdriver.o(i.TK_IsDoubleKeyOrSlideKey)
    i.TK_MultipleDeal                        0x08002260   Section        0  sc32f10xx_tk_functionresource.o(i.TK_MultipleDeal)
    i.TK_Restart                             0x080023b8   Section        0  sc32f10xx_tk_functionresource.o(i.TK_Restart)
    i.TK_SensorKeyFlag                       0x080023cc   Section        0  sc32f10xx_tk_functionresource.o(i.TK_SensorKeyFlag)
    i.TK_SensorRenovate                      0x0800243c   Section        0  sc32f10xx_tk_functionresource.o(i.TK_SensorRenovate)
    i.TK_SetNeedUpdateBaseline               0x08002860   Section        0  sc32f10xx_tk_functionresource.o(i.TK_SetNeedUpdateBaseline)
    i.TK_SetOneKeyPushResetTime              0x0800286c   Section        0  tkdriver.o(i.TK_SetOneKeyPushResetTime)
    i.TK_SingleChannel_ICHAAdjust            0x08002878   Section        0  sc32f10xx_tk_functionresource.o(i.TK_SingleChannel_ICHAAdjust)
    i.TK_SingleCurrentSensorChoose           0x08002904   Section        0  tkdriver.o(i.TK_SingleCurrentSensorChoose)
    i.TK_TouchKeyCFGInit                     0x080029a0   Section        0  tkdriver.o(i.TK_TouchKeyCFGInit)
    i.TK_TouchKeyScan                        0x08002a24   Section        0  tkdriver.o(i.TK_TouchKeyScan)
    i.TK_TouchKey_Service                    0x08002bbc   Section        0  sc32f10xx_tk_functionresource.o(i.TK_TouchKey_Service)
    i.TWI0_IRQHandler                        0x08002d04   Section        0  sc_it.o(i.TWI0_IRQHandler)
    i.TWI1_IRQHandler                        0x08002d06   Section        0  sc_it.o(i.TWI1_IRQHandler)
    i.TWI_Cmd                                0x08002d08   Section        0  sc32f1xxx_twi.o(i.TWI_Cmd)
    i.TWI_DMACmd                             0x08002d24   Section        0  sc32f1xxx_twi.o(i.TWI_DMACmd)
    i.TWI_ITConfig                           0x08002d3e   Section        0  sc32f1xxx_twi.o(i.TWI_ITConfig)
    i.TWI_Init                               0x08002d58   Section        0  sc32f1xxx_twi.o(i.TWI_Init)
    i.TWI_PinRemapConfig                     0x08002d8c   Section        0  sc32f1xxx_twi.o(i.TWI_PinRemapConfig)
    i.UART0_2_IRQHandler                     0x08002db4   Section        0  sc_it.o(i.UART0_2_IRQHandler)
    i.UART1_3_IRQHandler                     0x08002db6   Section        0  sc_it.o(i.UART1_3_IRQHandler)
    i.UpdateDisplay                          0x08002db8   Section        0  main.o(i.UpdateDisplay)
    i.Usdelay                                0x08002e30   Section        0  sc32f10xx_tk_functionresource.o(i.Usdelay)
    i.__ARM_clz                              0x08002e40   Section        0  depilogue.o(i.__ARM_clz)
    i.__ARM_common_switch8                   0x08002e6e   Section        0  main.o(i.__ARM_common_switch8)
    i.__NVIC_EnableIRQ                       0x08002e8c   Section        0  sc_init.o(i.__NVIC_EnableIRQ)
    __NVIC_EnableIRQ                         0x08002e8d   Thumb Code    18  sc_init.o(i.__NVIC_EnableIRQ)
    i.__NVIC_SetPriority                     0x08002ea4   Section        0  sc_init.o(i.__NVIC_SetPriority)
    __NVIC_SetPriority                       0x08002ea5   Thumb Code   110  sc_init.o(i.__NVIC_SetPriority)
    i.__scatterload_copy                     0x08002f1c   Section       14  handlers.o(i.__scatterload_copy)
    i.__scatterload_null                     0x08002f2a   Section        2  handlers.o(i.__scatterload_null)
    i.__scatterload_zeroinit                 0x08002f2c   Section       14  handlers.o(i.__scatterload_zeroinit)
    i.adcToVoltage                           0x08002f3c   Section        0  adc_iap.o(i.adcToVoltage)
    i.checkPowerLoss                         0x08002f70   Section        0  adc_iap.o(i.checkPowerLoss)
    i.eraseFlashPage                         0x08002fb0   Section        0  adc_iap.o(i.eraseFlashPage)
    i.initIAP                                0x08002fc4   Section        0  adc_iap.o(i.initIAP)
    i.loadAlarmSettings                      0x08002fdc   Section        0  adc_iap.o(i.loadAlarmSettings)
    i.main                                   0x08003008   Section        0  main.o(i.main)
    i.readADC                                0x08003104   Section        0  adc_iap.o(i.readADC)
    i.readFlash                              0x08003138   Section        0  adc_iap.o(i.readFlash)
    i.saveAlarmSettings                      0x08003154   Section        0  adc_iap.o(i.saveAlarmSettings)
    i.setAlarm                               0x08003180   Section        0  adc_iap.o(i.setAlarm)
    i.test_TK_LED                            0x08003184   Section        0  main.o(i.test_TK_LED)
    i.writeFlash                             0x080031e0   Section        0  adc_iap.o(i.writeFlash)
    .constdata                               0x080031fc   Section      148  tkdriver.o(.constdata)
    .constdata                               0x08003290   Section        3  adc_iap.o(.constdata)
    .data                                    0x20000000   Section       36  main.o(.data)
    .data                                    0x20000024   Section      129  tkdriver.o(.data)
    .data                                    0x200000a8   Section       25  sc32f10xx_tk_functionresource.o(.data)
    InitSensorCnt                            0x200000c0   Data           1  sc32f10xx_tk_functionresource.o(.data)
    .bss                                     0x200000c4   Section       64  tkdriver.o(.bss)
    STACK                                    0x20000108   Section     1024  startup_sc32f10xx.o(STACK)

    Global Symbols

    Symbol Name                              Value     Ov Type        Size  Object(Section)

    BuildAttributes$$THM_ISAv3M$S$PE$A:L22$X:L11$S22$IEEE1$IW$USESV6$~STKCKD$USESV7$~SHL$OTIME$ROPI$EBA8$MICROLIB$REQ8$PRES8$EABIv2 0x00000000   Number         0  anon$$obj.o ABSOLUTE
    __ARM_use_no_argv                        0x00000000   Number         0  main.o ABSOLUTE
    __arm_fini_                               - Undefined Weak Reference
    __cpp_initialize__aeabi_                  - Undefined Weak Reference
    __cxa_finalize                            - Undefined Weak Reference
    __decompress                              - Undefined Weak Reference
    _clock_init                               - Undefined Weak Reference
    _microlib_exit                            - Undefined Weak Reference
    __Vectors_Size                           0x000000c0   Number         0  startup_sc32f10xx.o ABSOLUTE
    __Vectors                                0x08000000   Data           4  startup_sc32f10xx.o(RESET)
    __Vectors_End                            0x080000c0   Data           0  startup_sc32f10xx.o(RESET)
    __main                                   0x080000c1   Thumb Code     0  entry.o(.ARM.Collect$$$$00000000)
    _main_stk                                0x080000c1   Thumb Code     0  entry2.o(.ARM.Collect$$$$00000001)
    _main_scatterload                        0x080000c5   Thumb Code     0  entry5.o(.ARM.Collect$$$$00000004)
    __main_after_scatterload                 0x080000c9   Thumb Code     0  entry5.o(.ARM.Collect$$$$00000004)
    _main_clock                              0x080000c9   Thumb Code     0  entry7b.o(.ARM.Collect$$$$00000008)
    _main_cpp_init                           0x080000c9   Thumb Code     0  entry8b.o(.ARM.Collect$$$$0000000A)
    _main_init                               0x080000c9   Thumb Code     0  entry9a.o(.ARM.Collect$$$$0000000B)
    __rt_lib_shutdown_fini                   0x080000d1   Thumb Code     0  entry12b.o(.ARM.Collect$$$$0000000E)
    __rt_final_cpp                           0x080000d5   Thumb Code     0  entry10a.o(.ARM.Collect$$$$0000000F)
    __rt_final_exit                          0x080000d5   Thumb Code     0  entry11a.o(.ARM.Collect$$$$00000011)
    Reset_Handler                            0x080000d9   Thumb Code    38  startup_sc32f10xx.o(.text)
    NMI_Handler                              0x080000ff   Thumb Code     2  startup_sc32f10xx.o(.text)
    HardFault_Handler                        0x08000101   Thumb Code     2  startup_sc32f10xx.o(.text)
    MemManage_Handler                        0x08000103   Thumb Code     2  startup_sc32f10xx.o(.text)
    BusFault_Handler                         0x08000105   Thumb Code     2  startup_sc32f10xx.o(.text)
    UsageFault_Handler                       0x08000107   Thumb Code     2  startup_sc32f10xx.o(.text)
    SVC_Handler                              0x08000109   Thumb Code     2  startup_sc32f10xx.o(.text)
    DebugMon_Handler                         0x0800010b   Thumb Code     2  startup_sc32f10xx.o(.text)
    PendSV_Handler                           0x0800010d   Thumb Code     2  startup_sc32f10xx.o(.text)
    __aeabi_uidiv                            0x08000141   Thumb Code     0  uidiv.o(.text)
    __aeabi_uidivmod                         0x08000141   Thumb Code    44  uidiv.o(.text)
    __aeabi_idiv                             0x0800016d   Thumb Code     0  idiv.o(.text)
    __aeabi_idivmod                          0x0800016d   Thumb Code    40  idiv.o(.text)
    __aeabi_fadd                             0x08000195   Thumb Code   162  fadd.o(.text)
    __aeabi_fsub                             0x08000237   Thumb Code     8  fadd.o(.text)
    __aeabi_frsub                            0x0800023f   Thumb Code     8  fadd.o(.text)
    __aeabi_fmul                             0x08000247   Thumb Code   122  fmul.o(.text)
    __aeabi_fdiv                             0x080002c1   Thumb Code   124  fdiv.o(.text)
    __aeabi_dadd                             0x0800033d   Thumb Code   330  dadd.o(.text)
    __aeabi_dsub                             0x08000487   Thumb Code    12  dadd.o(.text)
    __aeabi_drsub                            0x08000493   Thumb Code    12  dadd.o(.text)
    __aeabi_dmul                             0x080004a5   Thumb Code   202  dmul.o(.text)
    __aeabi_ddiv                             0x08000575   Thumb Code   234  ddiv.o(.text)
    __aeabi_i2f                              0x08000665   Thumb Code    22  fflti.o(.text)
    __aeabi_ui2f                             0x0800067b   Thumb Code    14  ffltui.o(.text)
    __aeabi_i2d                              0x08000689   Thumb Code    34  dflti.o(.text)
    __aeabi_ui2d                             0x080006b1   Thumb Code    24  dfltui.o(.text)
    __aeabi_f2iz                             0x080006cd   Thumb Code    50  ffixi.o(.text)
    __aeabi_f2uiz                            0x080006ff   Thumb Code    40  ffixui.o(.text)
    __aeabi_f2d                              0x08000727   Thumb Code    40  f2d.o(.text)
    __aeabi_cdcmpeq                          0x08000751   Thumb Code     0  cdcmple.o(.text)
    __aeabi_cdcmple                          0x08000751   Thumb Code    38  cdcmple.o(.text)
    __aeabi_d2f                              0x08000779   Thumb Code    56  d2f.o(.text)
    __aeabi_cfcmpeq                          0x080007b1   Thumb Code     0  cfcmple.o(.text)
    __aeabi_cfcmple                          0x080007b1   Thumb Code    20  cfcmple.o(.text)
    __aeabi_cfrcmple                         0x080007c5   Thumb Code    20  cfrcmple.o(.text)
    __aeabi_llsl                             0x080007d9   Thumb Code    32  llshl.o(.text)
    _ll_shift_l                              0x080007d9   Thumb Code     0  llshl.o(.text)
    __aeabi_llsr                             0x080007f9   Thumb Code    34  llushr.o(.text)
    _ll_ushift_r                             0x080007f9   Thumb Code     0  llushr.o(.text)
    __aeabi_lasr                             0x0800081b   Thumb Code    38  llsshr.o(.text)
    _ll_sshift_r                             0x0800081b   Thumb Code     0  llsshr.o(.text)
    __I$use$fp                               0x08000841   Thumb Code     0  iusefp.o(.text)
    _float_round                             0x08000841   Thumb Code    16  fepilogue.o(.text)
    _float_epilogue                          0x08000851   Thumb Code   114  fepilogue.o(.text)
    _double_round                            0x080008c3   Thumb Code    26  depilogue.o(.text)
    _double_epilogue                         0x080008dd   Thumb Code   164  depilogue.o(.text)
    __scatterload                            0x08000981   Thumb Code    28  init.o(.text)
    __scatterload_rt2                        0x08000981   Thumb Code     0  init.o(.text)
    ADC_ClearFlag                            0x080009a5   Thumb Code     4  sc32f1xxx_adc.o(i.ADC_ClearFlag)
    ADC_Cmd                                  0x080009a9   Thumb Code    28  sc32f1xxx_adc.o(i.ADC_Cmd)
    ADC_DMACmd                               0x080009c5   Thumb Code    28  sc32f1xxx_adc.o(i.ADC_DMACmd)
    ADC_GetConversionValue                   0x080009e1   Thumb Code     8  sc32f1xxx_adc.o(i.ADC_GetConversionValue)
    ADC_GetFlagStatus                        0x080009e9   Thumb Code    32  sc32f1xxx_adc.o(i.ADC_GetFlagStatus)
    ADC_IRQHandler                           0x08000a0d   Thumb Code    12  sc_it.o(i.ADC_IRQHandler)
    ADC_ITConfig                             0x08000a1d   Thumb Code    20  sc32f1xxx_adc.o(i.ADC_ITConfig)
    ADC_Init                                 0x08000a31   Thumb Code    28  sc32f1xxx_adc.o(i.ADC_Init)
    ADC_SetChannel                           0x08000a51   Thumb Code    18  sc32f1xxx_adc.o(i.ADC_SetChannel)
    ADC_SoftwareStartConv                    0x08000a63   Thumb Code    10  sc32f1xxx_adc.o(i.ADC_SoftwareStartConv)
    BTM_IRQHandler                           0x08000a6d   Thumb Code     2  sc_it.o(i.BTM_IRQHandler)
    CMP_IRQHandler                           0x08000a6f   Thumb Code     2  sc_it.o(i.CMP_IRQHandler)
    DMA0_IRQHandler                          0x08000a71   Thumb Code     2  sc_it.o(i.DMA0_IRQHandler)
    DMA1_IRQHandler                          0x08000a73   Thumb Code     2  sc_it.o(i.DMA1_IRQHandler)
    DMA2_IRQHandler                          0x08000a75   Thumb Code     2  sc_it.o(i.DMA2_IRQHandler)
    DMA3_IRQHandler                          0x08000a77   Thumb Code     2  sc_it.o(i.DMA3_IRQHandler)
    DataProcessing                           0x08000a79   Thumb Code    44  main.o(i.DataProcessing)
    Delay_ms                                 0x08000aad   Thumb Code    24  main.o(i.Delay_ms)
    Delay_us                                 0x08000ac5   Thumb Code    38  main.o(i.Delay_us)
    GPIO_Init                                0x08000af1   Thumb Code   112  sc32f1xxx_gpio.o(i.GPIO_Init)
    GPIO_ResetBits                           0x08000b61   Thumb Code    34  sc32f1xxx_gpio.o(i.GPIO_ResetBits)
    GPIO_SetBits                             0x08000b83   Thumb Code    34  sc32f1xxx_gpio.o(i.GPIO_SetBits)
    GPIO_TogglePins                          0x08000ba5   Thumb Code    44  sc32f1xxx_gpio.o(i.GPIO_TogglePins)
    IAP_EraseSector                          0x08000bd1   Thumb Code    44  sc32f1xxx_iap.o(i.IAP_EraseSector)
    IAP_Lock                                 0x08000c01   Thumb Code    10  sc32f1xxx_iap.o(i.IAP_Lock)
    IAP_ProgramByte                          0x08000c11   Thumb Code    18  sc32f1xxx_iap.o(i.IAP_ProgramByte)
    IAP_ReadByte                             0x08000c23   Thumb Code     6  sc32f1xxx_iap.o(i.IAP_ReadByte)
    IAP_Unlock                               0x08000c29   Thumb Code    38  sc32f1xxx_iap.o(i.IAP_Unlock)
    IAP_WriteCmd                             0x08000c5d   Thumb Code    32  sc32f1xxx_iap.o(i.IAP_WriteCmd)
    INT0_IRQHandler                          0x08000c81   Thumb Code     2  sc_it.o(i.INT0_IRQHandler)
    INT12_15_IRQHandler                      0x08000c83   Thumb Code     2  sc_it.o(i.INT12_15_IRQHandler)
    INT1_7_IRQHandler                        0x08000c85   Thumb Code     2  sc_it.o(i.INT1_7_IRQHandler)
    INT8_11_IRQHandler                       0x08000c87   Thumb Code     2  sc_it.o(i.INT8_11_IRQHandler)
    IcResourceInit                           0x08000c89   Thumb Code     8  compctrldefine.o(i.IcResourceInit)
    LEDPWM_IRQHandler                        0x08000c91   Thumb Code     2  sc_it.o(i.LEDPWM_IRQHandler)
    PWM0_IRQHandler                          0x08000c95   Thumb Code    12  sc_it.o(i.PWM0_IRQHandler)
    PWM_ClearFlag                            0x08000ca5   Thumb Code     4  sc32f1xxx_pwm.o(i.PWM_ClearFlag)
    PWM_Cmd                                  0x08000ca9   Thumb Code    24  sc32f1xxx_pwm.o(i.PWM_Cmd)
    PWM_FDCmd                                0x08000cc5   Thumb Code    24  sc32f1xxx_pwm.o(i.PWM_FDCmd)
    PWM_FDInit                               0x08000ce1   Thumb Code    26  sc32f1xxx_pwm.o(i.PWM_FDInit)
    PWM_ITConfig                             0x08000cfb   Thumb Code    26  sc32f1xxx_pwm.o(i.PWM_ITConfig)
    PWM_Init                                 0x08000d15   Thumb Code    40  sc32f1xxx_pwm.o(i.PWM_Init)
    PWM_SetDuty                              0x08000d3d   Thumb Code    38  sc32f1xxx_pwm.o(i.PWM_SetDuty)
    RCC_APB0Cmd                              0x08000d65   Thumb Code    36  sc32f1xxx_rcc.o(i.RCC_APB0Cmd)
    RCC_APB0Config                           0x08000d8d   Thumb Code    24  sc32f1xxx_rcc.o(i.RCC_APB0Config)
    RCC_APB0PeriphClockCmd                   0x08000da9   Thumb Code    28  sc32f1xxx_rcc.o(i.RCC_APB0PeriphClockCmd)
    RCC_APB2Cmd                              0x08000dc9   Thumb Code    36  sc32f1xxx_rcc.o(i.RCC_APB2Cmd)
    RCC_APB2Config                           0x08000df1   Thumb Code    24  sc32f1xxx_rcc.o(i.RCC_APB2Config)
    RCC_HCLKConfig                           0x08000e0d   Thumb Code    24  sc32f1xxx_rcc.o(i.RCC_HCLKConfig)
    RCC_HIRCCmd                              0x08000e29   Thumb Code    42  sc32f1xxx_rcc.o(i.RCC_HIRCCmd)
    RCC_HXTCmd                               0x08000e59   Thumb Code    42  sc32f1xxx_rcc.o(i.RCC_HXTCmd)
    RCC_IRQHandler                           0x08000e89   Thumb Code     2  sc_it.o(i.RCC_IRQHandler)
    RCC_ITConfig                             0x08000e8d   Thumb Code    46  sc32f1xxx_rcc.o(i.RCC_ITConfig)
    RCC_LIRCCmd                              0x08000ec1   Thumb Code    42  sc32f1xxx_rcc.o(i.RCC_LIRCCmd)
    RCC_LXTCmd                               0x08000ef1   Thumb Code    42  sc32f1xxx_rcc.o(i.RCC_LXTCmd)
    RCC_SYSCLKConfig                         0x08000f21   Thumb Code   206  sc32f1xxx_rcc.o(i.RCC_SYSCLKConfig)
    RCC_SystickCLKConfig                     0x08000ff9   Thumb Code    62  sc32f1xxx_rcc.o(i.RCC_SystickCLKConfig)
    RCC_SystickCmd                           0x08001041   Thumb Code    32  sc32f1xxx_rcc.o(i.RCC_SystickCmd)
    RCC_SystickSetCounter                    0x08001065   Thumb Code    18  sc32f1xxx_rcc.o(i.RCC_SystickSetCounter)
    RCC_Unlock                               0x08001081   Thumb Code    18  sc32f1xxx_rcc.o(i.RCC_Unlock)
    SC_ADC_Init                              0x08001099   Thumb Code    82  sc_init.o(i.SC_ADC_Init)
    SC_GPIO_Init                             0x080010f1   Thumb Code   324  sc_init.o(i.SC_GPIO_Init)
    SC_IAP_Init                              0x08001241   Thumb Code     2  sc_init.o(i.SC_IAP_Init)
    SC_Init                                  0x08001243   Thumb Code    48  sc_init.o(i.SC_Init)
    SC_OPTION_Init                           0x08001275   Thumb Code    28  sc_init.o(i.SC_OPTION_Init)
    SC_PWM0_Init                             0x08001299   Thumb Code   186  sc_init.o(i.SC_PWM0_Init)
    SC_RCC_Init                              0x08001359   Thumb Code    76  sc_init.o(i.SC_RCC_Init)
    SC_SYSTICK_Init                          0x080013a9   Thumb Code    38  sc_init.o(i.SC_SYSTICK_Init)
    SC_TIM1_Init                             0x080013d1   Thumb Code   148  sc_init.o(i.SC_TIM1_Init)
    SC_TIM2_Init                             0x08001469   Thumb Code   156  sc_init.o(i.SC_TIM2_Init)
    SC_TIM3_Init                             0x0800150d   Thumb Code   126  sc_init.o(i.SC_TIM3_Init)
    SC_TWI0_Init                             0x08001591   Thumb Code   154  sc_init.o(i.SC_TWI0_Init)
    SPI0_IRQHandler                          0x08001635   Thumb Code     2  sc_it.o(i.SPI0_IRQHandler)
    SPI1_IRQHandler                          0x08001637   Thumb Code     2  sc_it.o(i.SPI1_IRQHandler)
    SysTick_IRQHandler                       0x08001639   Thumb Code     2  sc_it.o(i.SysTick_IRQHandler)
    SystemInit                               0x0800163d   Thumb Code    10  system_sc32f1xxx.o(i.SystemInit)
    TIMER0_IRQHandler                        0x0800164d   Thumb Code     2  sc_it.o(i.TIMER0_IRQHandler)
    TIMER1_IRQHandler                        0x08001651   Thumb Code    12  sc_it.o(i.TIMER1_IRQHandler)
    TIMER2_IRQHandler                        0x08001661   Thumb Code     2  sc_it.o(i.TIMER2_IRQHandler)
    TIMER3_IRQHandler                        0x08001665   Thumb Code    18  sc_it.o(i.TIMER3_IRQHandler)
    TIMER4_5_IRQHandler                      0x0800167d   Thumb Code     2  sc_it.o(i.TIMER4_5_IRQHandler)
    TIMER6_7_IRQHandler                      0x0800167f   Thumb Code     2  sc_it.o(i.TIMER6_7_IRQHandler)
    TIM_ClearFlag                            0x08001681   Thumb Code     4  sc32f1xxx_tim.o(i.TIM_ClearFlag)
    TIM_Cmd                                  0x08001685   Thumb Code    24  sc32f1xxx_tim.o(i.TIM_Cmd)
    TIM_DMACmd                               0x080016a1   Thumb Code    26  sc32f1xxx_tim.o(i.TIM_DMACmd)
    TIM_ICCmd                                0x080016bd   Thumb Code    24  sc32f1xxx_tim.o(i.TIM_ICCmd)
    TIM_ICInit                               0x080016d9   Thumb Code    66  sc32f1xxx_tim.o(i.TIM_ICInit)
    TIM_ITConfig                             0x08001721   Thumb Code    26  sc32f1xxx_tim.o(i.TIM_ITConfig)
    TIM_PWMInit                              0x0800173d   Thumb Code    94  sc32f1xxx_tim.o(i.TIM_PWMInit)
    TIM_PWMSetDuty                           0x080017a1   Thumb Code    40  sc32f1xxx_tim.o(i.TIM_PWMSetDuty)
    TIM_PinRemapConfig                       0x080017cd   Thumb Code    26  sc32f1xxx_tim.o(i.TIM_PinRemapConfig)
    TIM_TIMBaseInit                          0x080017e9   Thumb Code    36  sc32f1xxx_tim.o(i.TIM_TIMBaseInit)
    TKSlideModuleCHIs                        0x08001811   Thumb Code    98  sc32f10xx_tk_functionresource.o(i.TKSlideModuleCHIs)
    TKSlideModuleSensorRenovate              0x0800187d   Thumb Code   832  sc32f10xx_tk_functionresource.o(i.TKSlideModuleSensorRenovate)
    TK_BaseLineUpdataSW                      0x08001bd1   Thumb Code   388  sc32f10xx_tk_functionresource.o(i.TK_BaseLineUpdataSW)
    TK_FilterAvergeDeal                      0x08001d75   Thumb Code   112  sc32f10xx_tk_functionresource.o(i.TK_FilterAvergeDeal)
    TK_FilterCommCode                        0x08001df1   Thumb Code    72  sc32f10xx_tk_functionresource.o(i.TK_FilterCommCode)
    TK_FilterDataDeal                        0x08001e45   Thumb Code   186  sc32f10xx_tk_functionresource.o(i.TK_FilterDataDeal)
    TK_FilterIIRInit                         0x08001f05   Thumb Code    36  sc32f10xx_tk_functionresource.o(i.TK_FilterIIRInit)
    TK_GetBaseLineAdjustValue                0x08001f31   Thumb Code     8  tkdriver.o(i.TK_GetBaseLineAdjustValue)
    TK_GetBaselineUpdateThreshold            0x08001f3d   Thumb Code     8  tkdriver.o(i.TK_GetBaselineUpdateThreshold)
    TK_GetCfgMsg                             0x08001f49   Thumb Code   100  tkdriver.o(i.TK_GetCfgMsg)
    TK_GetCsFunction                         0x08001fb5   Thumb Code     4  tkdriver.o(i.TK_GetCsFunction)
    TK_GetCurrFingerValue                    0x08001fb9   Thumb Code    30  tkdriver.o(i.TK_GetCurrFingerValue)
    TK_GetInitAutoUpdateTime                 0x08001fdd   Thumb Code     6  tkdriver.o(i.TK_GetInitAutoUpdateTime)
    TK_GetIsNeedUpdateBaseline               0x08001fe9   Thumb Code     6  sc32f10xx_tk_functionresource.o(i.TK_GetIsNeedUpdateBaseline)
    TK_GetScanTimeValue                      0x08001ff5   Thumb Code    14  tkdriver.o(i.TK_GetScanTimeValue)
    TK_GetTKYzCnt                            0x08002009   Thumb Code    16  tkdriver.o(i.TK_GetTKYzCnt)
    TK_GetTKYzThreshold                      0x0800201d   Thumb Code    26  tkdriver.o(i.TK_GetTKYzThreshold)
    TK_GetUpConfirmCnt                       0x08002039   Thumb Code     8  tkdriver.o(i.TK_GetUpConfirmCnt)
    TK_IRQHandler                            0x08002045   Thumb Code     8  tkdriver.o(i.TK_IRQHandler)
    TK_Init                                  0x0800204d   Thumb Code   344  sc32f10xx_tk_functionresource.o(i.TK_Init)
    TK_InitializeBaselines                   0x080021c1   Thumb Code    36  sc32f10xx_tk_functionresource.o(i.TK_InitializeBaselines)
    TK_InitializeSensorFlag                  0x080021ed   Thumb Code    64  sc32f10xx_tk_functionresource.o(i.TK_InitializeSensorFlag)
    TK_IsDoubleKeyOrSlideKey                 0x08002255   Thumb Code     6  tkdriver.o(i.TK_IsDoubleKeyOrSlideKey)
    TK_MultipleDeal                          0x08002261   Thumb Code   306  sc32f10xx_tk_functionresource.o(i.TK_MultipleDeal)
    TK_Restart                               0x080023b9   Thumb Code    14  sc32f10xx_tk_functionresource.o(i.TK_Restart)
    TK_SensorKeyFlag                         0x080023cd   Thumb Code    90  sc32f10xx_tk_functionresource.o(i.TK_SensorKeyFlag)
    TK_SensorRenovate                        0x0800243d   Thumb Code   982  sc32f10xx_tk_functionresource.o(i.TK_SensorRenovate)
    TK_SetNeedUpdateBaseline                 0x08002861   Thumb Code     8  sc32f10xx_tk_functionresource.o(i.TK_SetNeedUpdateBaseline)
    TK_SetOneKeyPushResetTime                0x0800286d   Thumb Code     8  tkdriver.o(i.TK_SetOneKeyPushResetTime)
    TK_SingleChannel_ICHAAdjust              0x08002879   Thumb Code   122  sc32f10xx_tk_functionresource.o(i.TK_SingleChannel_ICHAAdjust)
    TK_SingleCurrentSensorChoose             0x08002905   Thumb Code   140  tkdriver.o(i.TK_SingleCurrentSensorChoose)
    TK_TouchKeyCFGInit                       0x080029a1   Thumb Code    96  tkdriver.o(i.TK_TouchKeyCFGInit)
    TK_TouchKeyScan                          0x08002a25   Thumb Code   370  tkdriver.o(i.TK_TouchKeyScan)
    TK_TouchKey_Service                      0x08002bbd   Thumb Code   300  sc32f10xx_tk_functionresource.o(i.TK_TouchKey_Service)
    TWI0_IRQHandler                          0x08002d05   Thumb Code     2  sc_it.o(i.TWI0_IRQHandler)
    TWI1_IRQHandler                          0x08002d07   Thumb Code     2  sc_it.o(i.TWI1_IRQHandler)
    TWI_Cmd                                  0x08002d09   Thumb Code    24  sc32f1xxx_twi.o(i.TWI_Cmd)
    TWI_DMACmd                               0x08002d25   Thumb Code    26  sc32f1xxx_twi.o(i.TWI_DMACmd)
    TWI_ITConfig                             0x08002d3f   Thumb Code    26  sc32f1xxx_twi.o(i.TWI_ITConfig)
    TWI_Init                                 0x08002d59   Thumb Code    48  sc32f1xxx_twi.o(i.TWI_Init)
    TWI_PinRemapConfig                       0x08002d8d   Thumb Code    36  sc32f1xxx_twi.o(i.TWI_PinRemapConfig)
    UART0_2_IRQHandler                       0x08002db5   Thumb Code     2  sc_it.o(i.UART0_2_IRQHandler)
    UART1_3_IRQHandler                       0x08002db7   Thumb Code     2  sc_it.o(i.UART1_3_IRQHandler)
    UpdateDisplay                            0x08002db9   Thumb Code    96  main.o(i.UpdateDisplay)
    Usdelay                                  0x08002e31   Thumb Code    16  sc32f10xx_tk_functionresource.o(i.Usdelay)
    __ARM_clz                                0x08002e41   Thumb Code    46  depilogue.o(i.__ARM_clz)
    __ARM_common_switch8                     0x08002e6f   Thumb Code    28  main.o(i.__ARM_common_switch8)
    __scatterload_copy                       0x08002f1d   Thumb Code    14  handlers.o(i.__scatterload_copy)
    __scatterload_null                       0x08002f2b   Thumb Code     2  handlers.o(i.__scatterload_null)
    __scatterload_zeroinit                   0x08002f2d   Thumb Code    14  handlers.o(i.__scatterload_zeroinit)
    adcToVoltage                             0x08002f3d   Thumb Code    40  adc_iap.o(i.adcToVoltage)
    checkPowerLoss                           0x08002f71   Thumb Code    60  adc_iap.o(i.checkPowerLoss)
    eraseFlashPage                           0x08002fb1   Thumb Code    18  adc_iap.o(i.eraseFlashPage)
    initIAP                                  0x08002fc5   Thumb Code    20  adc_iap.o(i.initIAP)
    loadAlarmSettings                        0x08002fdd   Thumb Code    38  adc_iap.o(i.loadAlarmSettings)
    main                                     0x08003009   Thumb Code   210  main.o(i.main)
    readADC                                  0x08003105   Thumb Code    46  adc_iap.o(i.readADC)
    readFlash                                0x08003139   Thumb Code    28  adc_iap.o(i.readFlash)
    saveAlarmSettings                        0x08003155   Thumb Code    34  adc_iap.o(i.saveAlarmSettings)
    setAlarm                                 0x08003181   Thumb Code     2  adc_iap.o(i.setAlarm)
    test_TK_LED                              0x08003185   Thumb Code    84  main.o(i.test_TK_LED)
    writeFlash                               0x080031e1   Thumb Code    28  adc_iap.o(i.writeFlash)
    TKCFG                                    0x080031fc   Data          68  tkdriver.o(.constdata)
    TKChannelCfg                             0x08003240   Data          80  tkdriver.o(.constdata)
    Region$$Table$$Base                      0x08003294   Number         0  anon$$obj.o(Region$$Table)
    Region$$Table$$Limit                     0x080032b4   Number         0  anon$$obj.o(Region$$Table)
    ADC_value1                               0x20000000   Data           2  main.o(.data)
    ADC_value2                               0x20000002   Data           2  main.o(.data)
    Channel                                  0x20000004   Data           1  main.o(.data)
    Voltage                                  0x20000008   Data           4  main.o(.data)
    LED                                      0x2000000c   Data           3  main.o(.data)
    exKeyValue                               0x2000000f   Data           1  main.o(.data)
    gTkIsValid                               0x20000010   Data           1  main.o(.data)
    Task_state                               0x20000011   Data           1  main.o(.data)
    TK_exKeyValueFlag                        0x20000014   Data           4  main.o(.data)
    first_Press                              0x20000018   Data           1  main.o(.data)
    cnt                                      0x20000019   Data           1  main.o(.data)
    b                                        0x2000001a   Data           1  main.o(.data)
    tim_cnt1                                 0x2000001c   Data           4  main.o(.data)
    tim_cnt2                                 0x20000020   Data           4  main.o(.data)
    TK_TouchKeyStatus                        0x20000024   Data           1  tkdriver.o(.data)
    CurrentChannel                           0x20000025   Data           8  tkdriver.o(.data)
    RestAreaCnt                              0x2000002d   Data           8  tkdriver.o(.data)
    TouchCnt                                 0x20000035   Data           8  tkdriver.o(.data)
    NoTouchCnt                               0x2000003d   Data           8  tkdriver.o(.data)
    LowFingerDataCnt                         0x20000045   Data           8  tkdriver.o(.data)
    FloatAreaCnt                             0x2000004d   Data           8  tkdriver.o(.data)
    SingleParameterBufferSet                 0x20000055   Data           8  tkdriver.o(.data)
    CombineParameterBufferSet                0x2000005d   Data           8  tkdriver.o(.data)
    ConfirmTouchCnt                          0x20000065   Data           1  tkdriver.o(.data)
    SetNoiseThreshold                        0x20000066   Data           1  tkdriver.o(.data)
    MultipleDealTpye                         0x20000067   Data           1  tkdriver.o(.data)
    UpdateBaseLNum                           0x20000068   Data           2  tkdriver.o(.data)
    MultipleLNum                             0x2000006a   Data           2  tkdriver.o(.data)
    TKSlideModulePCBArray                    0x2000006c   Data          54  tkdriver.o(.data)
    CFG_OVERLOW_MAX_COUNT                    0x200000a2   Data           1  tkdriver.o(.data)
    CFG_RESET_BASELINE_CNT                   0x200000a3   Data           1  tkdriver.o(.data)
    CFG_CYCLE_CNT                            0x200000a4   Data           1  tkdriver.o(.data)
    SingleCurrentChannelMax                  0x200000a8   Data           1  sc32f10xx_tk_functionresource.o(.data)
    KeyFlag                                  0x200000ac   Data           4  sc32f10xx_tk_functionresource.o(.data)
    KeyMark                                  0x200000b0   Data           4  sc32f10xx_tk_functionresource.o(.data)
    UsingTKSlideModuleNumber                 0x200000b4   Data           1  sc32f10xx_tk_functionresource.o(.data)
    CurrentIndex                             0x200000b5   Data           1  sc32f10xx_tk_functionresource.o(.data)
    ScanTime                                 0x200000b6   Data           2  sc32f10xx_tk_functionresource.o(.data)
    IsInNosicValue                           0x200000b8   Data           1  sc32f10xx_tk_functionresource.o(.data)
    bMultiple                                0x200000b9   Data           1  sc32f10xx_tk_functionresource.o(.data)
    bNeedUpdate                              0x200000ba   Data           1  sc32f10xx_tk_functionresource.o(.data)
    MultipleDealIndex                        0x200000bb   Data           1  sc32f10xx_tk_functionresource.o(.data)
    FlowFingerRoundIndex                     0x200000bc   Data           1  sc32f10xx_tk_functionresource.o(.data)
    FlowFingerRoundCnt                       0x200000be   Data           2  sc32f10xx_tk_functionresource.o(.data)
    DifferAccum                              0x200000c4   Data          16  tkdriver.o(.bss)
    SingleChannelsBaseLineUpdatePar          0x200000d4   Data          48  tkdriver.o(.bss)
    __initial_sp                             0x20000508   Data           0  startup_sc32f10xx.o(STACK)



==============================================================================

Memory Map of the image

  Image Entry point : 0x080000c1

  Load Region LR_IROM1 (Base: 0x08000000, Size: 0x00003378, Max: 0x00040000, ABSOLUTE)

    Execution Region ER_IROM1 (Exec base: 0x08000000, Load base: 0x08000000, Size: 0x000032b4, Max: 0x00040000, ABSOLUTE)

    Exec Addr    Load Addr    Size         Type   Attr      Idx    E Section Name        Object

    0x08000000   0x08000000   0x000000c0   Data   RO         1949    RESET               startup_sc32f10xx.o
    0x080000c0   0x080000c0   0x00000000   Code   RO         2374  * .ARM.Collect$$$$00000000  mc_p.l(entry.o)
    0x080000c0   0x080000c0   0x00000004   Code   RO         2417    .ARM.Collect$$$$00000001  mc_p.l(entry2.o)
    0x080000c4   0x080000c4   0x00000004   Code   RO         2420    .ARM.Collect$$$$00000004  mc_p.l(entry5.o)
    0x080000c8   0x080000c8   0x00000000   Code   RO         2422    .ARM.Collect$$$$00000008  mc_p.l(entry7b.o)
    0x080000c8   0x080000c8   0x00000000   Code   RO         2424    .ARM.Collect$$$$0000000A  mc_p.l(entry8b.o)
    0x080000c8   0x080000c8   0x00000008   Code   RO         2425    .ARM.Collect$$$$0000000B  mc_p.l(entry9a.o)
    0x080000d0   0x080000d0   0x00000004   Code   RO         2432    .ARM.Collect$$$$0000000E  mc_p.l(entry12b.o)
    0x080000d4   0x080000d4   0x00000000   Code   RO         2427    .ARM.Collect$$$$0000000F  mc_p.l(entry10a.o)
    0x080000d4   0x080000d4   0x00000000   Code   RO         2429    .ARM.Collect$$$$00000011  mc_p.l(entry11a.o)
    0x080000d4   0x080000d4   0x00000004   Code   RO         2418    .ARM.Collect$$$$00002712  mc_p.l(entry2.o)
    0x080000d8   0x080000d8   0x00000068   Code   RO         1950    .text               startup_sc32f10xx.o
    0x08000140   0x08000140   0x0000002c   Code   RO         2377    .text               mc_p.l(uidiv.o)
    0x0800016c   0x0800016c   0x00000028   Code   RO         2379    .text               mc_p.l(idiv.o)
    0x08000194   0x08000194   0x000000b2   Code   RO         2381    .text               mf_p.l(fadd.o)
    0x08000246   0x08000246   0x0000007a   Code   RO         2383    .text               mf_p.l(fmul.o)
    0x080002c0   0x080002c0   0x0000007c   Code   RO         2385    .text               mf_p.l(fdiv.o)
    0x0800033c   0x0800033c   0x00000168   Code   RO         2387    .text               mf_p.l(dadd.o)
    0x080004a4   0x080004a4   0x000000d0   Code   RO         2389    .text               mf_p.l(dmul.o)
    0x08000574   0x08000574   0x000000f0   Code   RO         2391    .text               mf_p.l(ddiv.o)
    0x08000664   0x08000664   0x00000016   Code   RO         2393    .text               mf_p.l(fflti.o)
    0x0800067a   0x0800067a   0x0000000e   Code   RO         2395    .text               mf_p.l(ffltui.o)
    0x08000688   0x08000688   0x00000028   Code   RO         2397    .text               mf_p.l(dflti.o)
    0x080006b0   0x080006b0   0x0000001c   Code   RO         2399    .text               mf_p.l(dfltui.o)
    0x080006cc   0x080006cc   0x00000032   Code   RO         2401    .text               mf_p.l(ffixi.o)
    0x080006fe   0x080006fe   0x00000028   Code   RO         2403    .text               mf_p.l(ffixui.o)
    0x08000726   0x08000726   0x00000028   Code   RO         2407    .text               mf_p.l(f2d.o)
    0x0800074e   0x0800074e   0x00000002   PAD
    0x08000750   0x08000750   0x00000028   Code   RO         2409    .text               mf_p.l(cdcmple.o)
    0x08000778   0x08000778   0x00000038   Code   RO         2411    .text               mf_p.l(d2f.o)
    0x080007b0   0x080007b0   0x00000014   Code   RO         2413    .text               mf_p.l(cfcmple.o)
    0x080007c4   0x080007c4   0x00000014   Code   RO         2415    .text               mf_p.l(cfrcmple.o)
    0x080007d8   0x080007d8   0x00000020   Code   RO         2433    .text               mc_p.l(llshl.o)
    0x080007f8   0x080007f8   0x00000022   Code   RO         2435    .text               mc_p.l(llushr.o)
    0x0800081a   0x0800081a   0x00000026   Code   RO         2437    .text               mc_p.l(llsshr.o)
    0x08000840   0x08000840   0x00000000   Code   RO         2439    .text               mc_p.l(iusefp.o)
    0x08000840   0x08000840   0x00000082   Code   RO         2440    .text               mf_p.l(fepilogue.o)
    0x080008c2   0x080008c2   0x000000be   Code   RO         2442    .text               mf_p.l(depilogue.o)
    0x08000980   0x08000980   0x00000024   Code   RO         2446    .text               mc_p.l(init.o)
    0x080009a4   0x080009a4   0x00000004   Code   RO         1244    i.ADC_ClearFlag     sc32f1xxx_adc.o
    0x080009a8   0x080009a8   0x0000001c   Code   RO         1245    i.ADC_Cmd           sc32f1xxx_adc.o
    0x080009c4   0x080009c4   0x0000001c   Code   RO         1247    i.ADC_DMACmd        sc32f1xxx_adc.o
    0x080009e0   0x080009e0   0x00000008   Code   RO         1250    i.ADC_GetConversionValue  sc32f1xxx_adc.o
    0x080009e8   0x080009e8   0x00000024   Code   RO         1251    i.ADC_GetFlagStatus  sc32f1xxx_adc.o
    0x08000a0c   0x08000a0c   0x00000010   Code   RO          223    i.ADC_IRQHandler    sc_it.o
    0x08000a1c   0x08000a1c   0x00000014   Code   RO         1252    i.ADC_ITConfig      sc32f1xxx_adc.o
    0x08000a30   0x08000a30   0x00000020   Code   RO         1253    i.ADC_Init          sc32f1xxx_adc.o
    0x08000a50   0x08000a50   0x00000012   Code   RO         1254    i.ADC_SetChannel    sc32f1xxx_adc.o
    0x08000a62   0x08000a62   0x0000000a   Code   RO         1255    i.ADC_SoftwareStartConv  sc32f1xxx_adc.o
    0x08000a6c   0x08000a6c   0x00000002   Code   RO          224    i.BTM_IRQHandler    sc_it.o
    0x08000a6e   0x08000a6e   0x00000002   Code   RO          228    i.CMP_IRQHandler    sc_it.o
    0x08000a70   0x08000a70   0x00000002   Code   RO          229    i.DMA0_IRQHandler   sc_it.o
    0x08000a72   0x08000a72   0x00000002   Code   RO          230    i.DMA1_IRQHandler   sc_it.o
    0x08000a74   0x08000a74   0x00000002   Code   RO          231    i.DMA2_IRQHandler   sc_it.o
    0x08000a76   0x08000a76   0x00000002   Code   RO          232    i.DMA3_IRQHandler   sc_it.o
    0x08000a78   0x08000a78   0x00000034   Code   RO            3    i.DataProcessing    main.o
    0x08000aac   0x08000aac   0x00000018   Code   RO            4    i.Delay_ms          main.o
    0x08000ac4   0x08000ac4   0x0000002c   Code   RO            5    i.Delay_us          main.o
    0x08000af0   0x08000af0   0x00000070   Code   RO         1876    i.GPIO_Init         sc32f1xxx_gpio.o
    0x08000b60   0x08000b60   0x00000022   Code   RO         1879    i.GPIO_ResetBits    sc32f1xxx_gpio.o
    0x08000b82   0x08000b82   0x00000022   Code   RO         1880    i.GPIO_SetBits      sc32f1xxx_gpio.o
    0x08000ba4   0x08000ba4   0x0000002c   Code   RO         1882    i.GPIO_TogglePins   sc32f1xxx_gpio.o
    0x08000bd0   0x08000bd0   0x00000030   Code   RO          964    i.IAP_EraseSector   sc32f1xxx_iap.o
    0x08000c00   0x08000c00   0x00000010   Code   RO          965    i.IAP_Lock          sc32f1xxx_iap.o
    0x08000c10   0x08000c10   0x00000012   Code   RO          966    i.IAP_ProgramByte   sc32f1xxx_iap.o
    0x08000c22   0x08000c22   0x00000006   Code   RO          972    i.IAP_ReadByte      sc32f1xxx_iap.o
    0x08000c28   0x08000c28   0x00000034   Code   RO          979    i.IAP_Unlock        sc32f1xxx_iap.o
    0x08000c5c   0x08000c5c   0x00000024   Code   RO          980    i.IAP_WriteCmd      sc32f1xxx_iap.o
    0x08000c80   0x08000c80   0x00000002   Code   RO          234    i.INT0_IRQHandler   sc_it.o
    0x08000c82   0x08000c82   0x00000002   Code   RO          235    i.INT12_15_IRQHandler  sc_it.o
    0x08000c84   0x08000c84   0x00000002   Code   RO          236    i.INT1_7_IRQHandler  sc_it.o
    0x08000c86   0x08000c86   0x00000002   Code   RO          237    i.INT8_11_IRQHandler  sc_it.o
    0x08000c88   0x08000c88   0x00000008   Code   RO          882    i.IcResourceInit    compctrldefine.o
    0x08000c90   0x08000c90   0x00000002   Code   RO          238    i.LEDPWM_IRQHandler  sc_it.o
    0x08000c92   0x08000c92   0x00000002   PAD
    0x08000c94   0x08000c94   0x00000010   Code   RO          241    i.PWM0_IRQHandler   sc_it.o
    0x08000ca4   0x08000ca4   0x00000004   Code   RO         1336    i.PWM_ClearFlag     sc32f1xxx_pwm.o
    0x08000ca8   0x08000ca8   0x0000001c   Code   RO         1337    i.PWM_Cmd           sc32f1xxx_pwm.o
    0x08000cc4   0x08000cc4   0x0000001c   Code   RO         1339    i.PWM_FDCmd         sc32f1xxx_pwm.o
    0x08000ce0   0x08000ce0   0x0000001a   Code   RO         1340    i.PWM_FDInit        sc32f1xxx_pwm.o
    0x08000cfa   0x08000cfa   0x0000001a   Code   RO         1347    i.PWM_ITConfig      sc32f1xxx_pwm.o
    0x08000d14   0x08000d14   0x00000028   Code   RO         1348    i.PWM_Init          sc32f1xxx_pwm.o
    0x08000d3c   0x08000d3c   0x00000026   Code   RO         1351    i.PWM_SetDuty       sc32f1xxx_pwm.o
    0x08000d62   0x08000d62   0x00000002   PAD
    0x08000d64   0x08000d64   0x00000028   Code   RO         1641    i.RCC_APB0Cmd       sc32f1xxx_rcc.o
    0x08000d8c   0x08000d8c   0x0000001c   Code   RO         1642    i.RCC_APB0Config    sc32f1xxx_rcc.o
    0x08000da8   0x08000da8   0x00000020   Code   RO         1643    i.RCC_APB0PeriphClockCmd  sc32f1xxx_rcc.o
    0x08000dc8   0x08000dc8   0x00000028   Code   RO         1649    i.RCC_APB2Cmd       sc32f1xxx_rcc.o
    0x08000df0   0x08000df0   0x0000001c   Code   RO         1650    i.RCC_APB2Config    sc32f1xxx_rcc.o
    0x08000e0c   0x08000e0c   0x0000001c   Code   RO         1658    i.RCC_HCLKConfig    sc32f1xxx_rcc.o
    0x08000e28   0x08000e28   0x00000030   Code   RO         1659    i.RCC_HIRCCmd       sc32f1xxx_rcc.o
    0x08000e58   0x08000e58   0x00000030   Code   RO         1660    i.RCC_HXTCmd        sc32f1xxx_rcc.o
    0x08000e88   0x08000e88   0x00000002   Code   RO          244    i.RCC_IRQHandler    sc_it.o
    0x08000e8a   0x08000e8a   0x00000002   PAD
    0x08000e8c   0x08000e8c   0x00000034   Code   RO         1661    i.RCC_ITConfig      sc32f1xxx_rcc.o
    0x08000ec0   0x08000ec0   0x00000030   Code   RO         1663    i.RCC_LIRCCmd       sc32f1xxx_rcc.o
    0x08000ef0   0x08000ef0   0x00000030   Code   RO         1664    i.RCC_LXTCmd        sc32f1xxx_rcc.o
    0x08000f20   0x08000f20   0x000000d8   Code   RO         1669    i.RCC_SYSCLKConfig  sc32f1xxx_rcc.o
    0x08000ff8   0x08000ff8   0x00000048   Code   RO         1670    i.RCC_SystickCLKConfig  sc32f1xxx_rcc.o
    0x08001040   0x08001040   0x00000024   Code   RO         1671    i.RCC_SystickCmd    sc32f1xxx_rcc.o
    0x08001064   0x08001064   0x0000001c   Code   RO         1673    i.RCC_SystickSetCounter  sc32f1xxx_rcc.o
    0x08001080   0x08001080   0x00000018   Code   RO         1674    i.RCC_Unlock        sc32f1xxx_rcc.o
    0x08001098   0x08001098   0x00000058   Code   RO          498    i.SC_ADC_Init       sc_init.o
    0x080010f0   0x080010f0   0x00000150   Code   RO          508    i.SC_GPIO_Init      sc_init.o
    0x08001240   0x08001240   0x00000002   Code   RO          509    i.SC_IAP_Init       sc_init.o
    0x08001242   0x08001242   0x00000030   Code   RO          511    i.SC_Init           sc_init.o
    0x08001272   0x08001272   0x00000002   PAD
    0x08001274   0x08001274   0x00000024   Code   RO          520    i.SC_OPTION_Init    sc_init.o
    0x08001298   0x08001298   0x000000c0   Code   RO          523    i.SC_PWM0_Init      sc_init.o
    0x08001358   0x08001358   0x00000050   Code   RO          527    i.SC_RCC_Init       sc_init.o
    0x080013a8   0x080013a8   0x00000026   Code   RO          531    i.SC_SYSTICK_Init   sc_init.o
    0x080013ce   0x080013ce   0x00000002   PAD
    0x080013d0   0x080013d0   0x00000098   Code   RO          533    i.SC_TIM1_Init      sc_init.o
    0x08001468   0x08001468   0x000000a4   Code   RO          534    i.SC_TIM2_Init      sc_init.o
    0x0800150c   0x0800150c   0x00000084   Code   RO          535    i.SC_TIM3_Init      sc_init.o
    0x08001590   0x08001590   0x000000a4   Code   RO          540    i.SC_TWI0_Init      sc_init.o
    0x08001634   0x08001634   0x00000002   Code   RO          245    i.SPI0_IRQHandler   sc_it.o
    0x08001636   0x08001636   0x00000002   Code   RO          247    i.SPI1_IRQHandler   sc_it.o
    0x08001638   0x08001638   0x00000002   Code   RO          249    i.SysTick_IRQHandler  sc_it.o
    0x0800163a   0x0800163a   0x00000002   PAD
    0x0800163c   0x0800163c   0x00000010   Code   RO          203    i.SystemInit        system_sc32f1xxx.o
    0x0800164c   0x0800164c   0x00000002   Code   RO          250    i.TIMER0_IRQHandler  sc_it.o
    0x0800164e   0x0800164e   0x00000002   PAD
    0x08001650   0x08001650   0x00000010   Code   RO          251    i.TIMER1_IRQHandler  sc_it.o
    0x08001660   0x08001660   0x00000002   Code   RO          252    i.TIMER2_IRQHandler  sc_it.o
    0x08001662   0x08001662   0x00000002   PAD
    0x08001664   0x08001664   0x00000018   Code   RO          253    i.TIMER3_IRQHandler  sc_it.o
    0x0800167c   0x0800167c   0x00000002   Code   RO          254    i.TIMER4_5_IRQHandler  sc_it.o
    0x0800167e   0x0800167e   0x00000002   Code   RO          255    i.TIMER6_7_IRQHandler  sc_it.o
    0x08001680   0x08001680   0x00000004   Code   RO         1080    i.TIM_ClearFlag     sc32f1xxx_tim.o
    0x08001684   0x08001684   0x0000001c   Code   RO         1082    i.TIM_Cmd           sc32f1xxx_tim.o
    0x080016a0   0x080016a0   0x0000001a   Code   RO         1083    i.TIM_DMACmd        sc32f1xxx_tim.o
    0x080016ba   0x080016ba   0x00000002   PAD
    0x080016bc   0x080016bc   0x0000001c   Code   RO         1091    i.TIM_ICCmd         sc32f1xxx_tim.o
    0x080016d8   0x080016d8   0x00000048   Code   RO         1092    i.TIM_ICInit        sc32f1xxx_tim.o
    0x08001720   0x08001720   0x0000001a   Code   RO         1094    i.TIM_ITConfig      sc32f1xxx_tim.o
    0x0800173a   0x0800173a   0x00000002   PAD
    0x0800173c   0x0800173c   0x00000064   Code   RO         1096    i.TIM_PWMInit       sc32f1xxx_tim.o
    0x080017a0   0x080017a0   0x0000002c   Code   RO         1097    i.TIM_PWMSetDuty    sc32f1xxx_tim.o
    0x080017cc   0x080017cc   0x0000001a   Code   RO         1099    i.TIM_PinRemapConfig  sc32f1xxx_tim.o
    0x080017e6   0x080017e6   0x00000002   PAD
    0x080017e8   0x080017e8   0x00000028   Code   RO         1103    i.TIM_TIMBaseInit   sc32f1xxx_tim.o
    0x08001810   0x08001810   0x0000006c   Code   RO         2205    i.TKSlideModuleCHIs  sc32f10xx_HighSensitive_lib_T1Slider_V0.3.lib(sc32f10xx_tk_functionresource.o)
    0x0800187c   0x0800187c   0x00000354   Code   RO         2206    i.TKSlideModuleSensorRenovate  sc32f10xx_HighSensitive_lib_T1Slider_V0.3.lib(sc32f10xx_tk_functionresource.o)
    0x08001bd0   0x08001bd0   0x000001a4   Code   RO         2207    i.TK_BaseLineUpdataSW  sc32f10xx_HighSensitive_lib_T1Slider_V0.3.lib(sc32f10xx_tk_functionresource.o)
    0x08001d74   0x08001d74   0x0000007c   Code   RO         2208    i.TK_FilterAvergeDeal  sc32f10xx_HighSensitive_lib_T1Slider_V0.3.lib(sc32f10xx_tk_functionresource.o)
    0x08001df0   0x08001df0   0x00000054   Code   RO         2209    i.TK_FilterCommCode  sc32f10xx_HighSensitive_lib_T1Slider_V0.3.lib(sc32f10xx_tk_functionresource.o)
    0x08001e44   0x08001e44   0x000000c0   Code   RO         2210    i.TK_FilterDataDeal  sc32f10xx_HighSensitive_lib_T1Slider_V0.3.lib(sc32f10xx_tk_functionresource.o)
    0x08001f04   0x08001f04   0x0000002c   Code   RO         2211    i.TK_FilterIIRInit  sc32f10xx_HighSensitive_lib_T1Slider_V0.3.lib(sc32f10xx_tk_functionresource.o)
    0x08001f30   0x08001f30   0x0000000c   Code   RO         1998    i.TK_GetBaseLineAdjustValue  tkdriver.o
    0x08001f3c   0x08001f3c   0x0000000c   Code   RO         1999    i.TK_GetBaselineUpdateThreshold  tkdriver.o
    0x08001f48   0x08001f48   0x0000006c   Code   RO         2000    i.TK_GetCfgMsg      tkdriver.o
    0x08001fb4   0x08001fb4   0x00000004   Code   RO         2001    i.TK_GetCsFunction  tkdriver.o
    0x08001fb8   0x08001fb8   0x00000024   Code   RO         2002    i.TK_GetCurrFingerValue  tkdriver.o
    0x08001fdc   0x08001fdc   0x0000000c   Code   RO         2003    i.TK_GetInitAutoUpdateTime  tkdriver.o
    0x08001fe8   0x08001fe8   0x0000000c   Code   RO         2212    i.TK_GetIsNeedUpdateBaseline  sc32f10xx_HighSensitive_lib_T1Slider_V0.3.lib(sc32f10xx_tk_functionresource.o)
    0x08001ff4   0x08001ff4   0x00000014   Code   RO         2004    i.TK_GetScanTimeValue  tkdriver.o
    0x08002008   0x08002008   0x00000014   Code   RO         2005    i.TK_GetTKYzCnt     tkdriver.o
    0x0800201c   0x0800201c   0x0000001a   Code   RO         2006    i.TK_GetTKYzThreshold  tkdriver.o
    0x08002036   0x08002036   0x00000002   PAD
    0x08002038   0x08002038   0x0000000c   Code   RO         2007    i.TK_GetUpConfirmCnt  tkdriver.o
    0x08002044   0x08002044   0x00000008   Code   RO         2008    i.TK_IRQHandler     tkdriver.o
    0x0800204c   0x0800204c   0x00000174   Code   RO         2213    i.TK_Init           sc32f10xx_HighSensitive_lib_T1Slider_V0.3.lib(sc32f10xx_tk_functionresource.o)
    0x080021c0   0x080021c0   0x0000002c   Code   RO         2214    i.TK_InitializeBaselines  sc32f10xx_HighSensitive_lib_T1Slider_V0.3.lib(sc32f10xx_tk_functionresource.o)
    0x080021ec   0x080021ec   0x00000068   Code   RO         2215    i.TK_InitializeSensorFlag  sc32f10xx_HighSensitive_lib_T1Slider_V0.3.lib(sc32f10xx_tk_functionresource.o)
    0x08002254   0x08002254   0x0000000c   Code   RO         2009    i.TK_IsDoubleKeyOrSlideKey  tkdriver.o
    0x08002260   0x08002260   0x00000158   Code   RO         2216    i.TK_MultipleDeal   sc32f10xx_HighSensitive_lib_T1Slider_V0.3.lib(sc32f10xx_tk_functionresource.o)
    0x080023b8   0x080023b8   0x00000014   Code   RO         2217    i.TK_Restart        sc32f10xx_HighSensitive_lib_T1Slider_V0.3.lib(sc32f10xx_tk_functionresource.o)
    0x080023cc   0x080023cc   0x00000070   Code   RO         2218    i.TK_SensorKeyFlag  sc32f10xx_HighSensitive_lib_T1Slider_V0.3.lib(sc32f10xx_tk_functionresource.o)
    0x0800243c   0x0800243c   0x00000424   Code   RO         2219    i.TK_SensorRenovate  sc32f10xx_HighSensitive_lib_T1Slider_V0.3.lib(sc32f10xx_tk_functionresource.o)
    0x08002860   0x08002860   0x0000000c   Code   RO         2220    i.TK_SetNeedUpdateBaseline  sc32f10xx_HighSensitive_lib_T1Slider_V0.3.lib(sc32f10xx_tk_functionresource.o)
    0x0800286c   0x0800286c   0x0000000c   Code   RO         2010    i.TK_SetOneKeyPushResetTime  tkdriver.o
    0x08002878   0x08002878   0x0000008c   Code   RO         2221    i.TK_SingleChannel_ICHAAdjust  sc32f10xx_HighSensitive_lib_T1Slider_V0.3.lib(sc32f10xx_tk_functionresource.o)
    0x08002904   0x08002904   0x0000009c   Code   RO         2011    i.TK_SingleCurrentSensorChoose  tkdriver.o
    0x080029a0   0x080029a0   0x00000084   Code   RO         2012    i.TK_TouchKeyCFGInit  tkdriver.o
    0x08002a24   0x08002a24   0x00000198   Code   RO         2013    i.TK_TouchKeyScan   tkdriver.o
    0x08002bbc   0x08002bbc   0x00000148   Code   RO         2222    i.TK_TouchKey_Service  sc32f10xx_HighSensitive_lib_T1Slider_V0.3.lib(sc32f10xx_tk_functionresource.o)
    0x08002d04   0x08002d04   0x00000002   Code   RO          256    i.TWI0_IRQHandler   sc_it.o
    0x08002d06   0x08002d06   0x00000002   Code   RO          257    i.TWI1_IRQHandler   sc_it.o
    0x08002d08   0x08002d08   0x0000001c   Code   RO         1460    i.TWI_Cmd           sc32f1xxx_twi.o
    0x08002d24   0x08002d24   0x0000001a   Code   RO         1461    i.TWI_DMACmd        sc32f1xxx_twi.o
    0x08002d3e   0x08002d3e   0x0000001a   Code   RO         1469    i.TWI_ITConfig      sc32f1xxx_twi.o
    0x08002d58   0x08002d58   0x00000034   Code   RO         1470    i.TWI_Init          sc32f1xxx_twi.o
    0x08002d8c   0x08002d8c   0x00000028   Code   RO         1471    i.TWI_PinRemapConfig  sc32f1xxx_twi.o
    0x08002db4   0x08002db4   0x00000002   Code   RO          259    i.UART0_2_IRQHandler  sc_it.o
    0x08002db6   0x08002db6   0x00000002   Code   RO          261    i.UART1_3_IRQHandler  sc_it.o
    0x08002db8   0x08002db8   0x00000078   Code   RO            6    i.UpdateDisplay     main.o
    0x08002e30   0x08002e30   0x00000010   Code   RO         2223    i.Usdelay           sc32f10xx_HighSensitive_lib_T1Slider_V0.3.lib(sc32f10xx_tk_functionresource.o)
    0x08002e40   0x08002e40   0x0000002e   Code   RO         2444    i.__ARM_clz         mf_p.l(depilogue.o)
    0x08002e6e   0x08002e6e   0x0000001c   Code   RO           52    i.__ARM_common_switch8  main.o
    0x08002e8a   0x08002e8a   0x00000002   PAD
    0x08002e8c   0x08002e8c   0x00000018   Code   RO          551    i.__NVIC_EnableIRQ  sc_init.o
    0x08002ea4   0x08002ea4   0x00000078   Code   RO          552    i.__NVIC_SetPriority  sc_init.o
    0x08002f1c   0x08002f1c   0x0000000e   Code   RO         2450    i.__scatterload_copy  mc_p.l(handlers.o)
    0x08002f2a   0x08002f2a   0x00000002   Code   RO         2451    i.__scatterload_null  mc_p.l(handlers.o)
    0x08002f2c   0x08002f2c   0x0000000e   Code   RO         2452    i.__scatterload_zeroinit  mc_p.l(handlers.o)
    0x08002f3a   0x08002f3a   0x00000002   PAD
    0x08002f3c   0x08002f3c   0x00000034   Code   RO         2127    i.adcToVoltage      adc_iap.o
    0x08002f70   0x08002f70   0x00000040   Code   RO         2128    i.checkPowerLoss    adc_iap.o
    0x08002fb0   0x08002fb0   0x00000012   Code   RO         2129    i.eraseFlashPage    adc_iap.o
    0x08002fc2   0x08002fc2   0x00000002   PAD
    0x08002fc4   0x08002fc4   0x00000018   Code   RO         2130    i.initIAP           adc_iap.o
    0x08002fdc   0x08002fdc   0x0000002c   Code   RO         2131    i.loadAlarmSettings  adc_iap.o
    0x08003008   0x08003008   0x000000fc   Code   RO            7    i.main              main.o
    0x08003104   0x08003104   0x00000034   Code   RO         2132    i.readADC           adc_iap.o
    0x08003138   0x08003138   0x0000001c   Code   RO         2133    i.readFlash         adc_iap.o
    0x08003154   0x08003154   0x0000002c   Code   RO         2134    i.saveAlarmSettings  adc_iap.o
    0x08003180   0x08003180   0x00000002   Code   RO         2135    i.setAlarm          adc_iap.o
    0x08003182   0x08003182   0x00000002   PAD
    0x08003184   0x08003184   0x0000005c   Code   RO            8    i.test_TK_LED       main.o
    0x080031e0   0x080031e0   0x0000001c   Code   RO         2136    i.writeFlash        adc_iap.o
    0x080031fc   0x080031fc   0x00000094   Data   RO         2015    .constdata          tkdriver.o
    0x08003290   0x08003290   0x00000003   Data   RO         2137    .constdata          adc_iap.o
    0x08003293   0x08003293   0x00000001   PAD
    0x08003294   0x08003294   0x00000020   Data   RO         2448    Region$$Table       anon$$obj.o


    Execution Region RW_IRAM1 (Exec base: 0x20000000, Load base: 0x080032b4, Size: 0x00000508, Max: 0x00002000, ABSOLUTE)

    Exec Addr    Load Addr    Size         Type   Attr      Idx    E Section Name        Object

    0x20000000   0x080032b4   0x00000024   Data   RW            9    .data               main.o
    0x20000024   0x080032d8   0x00000081   Data   RW         2016    .data               tkdriver.o
    0x200000a5   0x08003359   0x00000003   PAD
    0x200000a8   0x0800335c   0x00000019   Data   RW         2224    .data               sc32f10xx_HighSensitive_lib_T1Slider_V0.3.lib(sc32f10xx_tk_functionresource.o)
    0x200000c1   0x08003375   0x00000003   PAD
    0x200000c4        -       0x00000040   Zero   RW         2014    .bss                tkdriver.o
    0x20000104   0x08003375   0x00000004   PAD
    0x20000108        -       0x00000400   Zero   RW         1947    STACK               startup_sc32f10xx.o


==============================================================================

Image component sizes


      Code (inc. data)   RO Data    RW Data    ZI Data      Debug   Object Name

       356         42          3          0          0       6425   adc_iap.o
         8          0          0          0          0        441   compctrldefine.o
       612         96          0         36          0      82563   main.o
       184          8          0          0          0       5347   sc32f1xxx_adc.o
       224          0          0          0          0       2886   sc32f1xxx_gpio.o
       176         28          0          0          0       3158   sc32f1xxx_iap.o
       190          8          0          0          0       4319   sc32f1xxx_pwm.o
       816         94          0          0          0       8749   sc32f1xxx_rcc.o
       394         28          0          0          0       6229   sc32f1xxx_tim.o
       172         12          0          0          0       3274   sc32f1xxx_twi.o
      1576         80          0          0          0      17189   sc_init.o
       118         18          0          0          0      10882   sc_it.o
       104         46        192          0       1024        780   startup_sc32f10xx.o
        16          6          0          0          0        413   system_sc32f1xxx.o
       990        152        148        129         64      13778   tkdriver.o

    ----------------------------------------------------------------------
      5966        618        376        168       1092     166433   Object Totals
         0          0         32          0          0          0   (incl. Generated)
        30          0          1          3          4          0   (incl. Padding)

    ----------------------------------------------------------------------

      Code (inc. data)   RO Data    RW Data    ZI Data      Debug   Library Member Name

         0          0          0          0          0          0   entry.o
         0          0          0          0          0          0   entry10a.o
         0          0          0          0          0          0   entry11a.o
         4          0          0          0          0          0   entry12b.o
         8          4          0          0          0          0   entry2.o
         4          0          0          0          0          0   entry5.o
         0          0          0          0          0          0   entry7b.o
         0          0          0          0          0          0   entry8b.o
         8          4          0          0          0          0   entry9a.o
        30          0          0          0          0          0   handlers.o
        40          0          0          0          0         72   idiv.o
        36          8          0          0          0         68   init.o
         0          0          0          0          0          0   iusefp.o
        32          0          0          0          0         68   llshl.o
        38          0          0          0          0         68   llsshr.o
        34          0          0          0          0         68   llushr.o
        44          0          0          0          0         72   uidiv.o
        40          2          0          0          0         68   cdcmple.o
        20          0          0          0          0         68   cfcmple.o
        20          0          0          0          0         68   cfrcmple.o
        56          0          0          0          0         68   d2f.o
       360          6          0          0          0        140   dadd.o
       240          6          0          0          0         84   ddiv.o
       236          0          0          0          0        216   depilogue.o
        40          6          0          0          0         68   dflti.o
        28          4          0          0          0         68   dfltui.o
       208          6          0          0          0         88   dmul.o
        40          0          0          0          0         60   f2d.o
       178          0          0          0          0        108   fadd.o
       124          0          0          0          0         72   fdiv.o
       130          0          0          0          0        144   fepilogue.o
        50          0          0          0          0         60   ffixi.o
        40          0          0          0          0         60   ffixui.o
        22          0          0          0          0         68   fflti.o
        14          0          0          0          0         68   ffltui.o
       122          0          0          0          0         72   fmul.o
      4388        376          0         25          0      87105   sc32f10xx_tk_functionresource.o

    ----------------------------------------------------------------------
      6638        422          0         28          0      89169   Library Totals
         4          0          0          3          0          0   (incl. Padding)

    ----------------------------------------------------------------------

      Code (inc. data)   RO Data    RW Data    ZI Data      Debug   Library Name

       278         16          0          0          0        416   mc_p.l
      1968         30          0          0          0       1648   mf_p.l
      4388        376          0         25          0      87105   sc32f10xx_HighSensitive_lib_T1Slider_V0.3.lib

    ----------------------------------------------------------------------
      6638        422          0         28          0      89169   Library Totals

    ----------------------------------------------------------------------

==============================================================================


      Code (inc. data)   RO Data    RW Data    ZI Data      Debug   

     12604       1040        376        196       1092     248206   Grand Totals
     12604       1040        376        196       1092     248206   ELF Image Totals
     12604       1040        376        196          0          0   ROM Totals

==============================================================================

    Total RO  Size (Code + RO Data)                12980 (  12.68kB)
    Total RW  Size (RW Data + ZI Data)              1288 (   1.26kB)
    Total ROM Size (Code + RO Data + RW Data)      13176 (  12.87kB)

==============================================================================

