Component: ARM Compiler 5.06 update 7 (build 960) Tool: armlink [4d3601]

==============================================================================

Section Cross References

    main.o(i.DataProcessing) refers to main.o(.data) for TK_exKeyValueFlag
    main.o(i.Delay_ms) refers to main.o(i.Delay_us) for Delay_us
    main.o(i.Delay_us) refers to sc32f1xxx_tim.o(i.TIM_Cmd) for TIM_Cmd
    main.o(i.UpdateDisplay) refers to sc32f1xxx_gpio.o(i.GPIO_SetBits) for GPIO_SetBits
    main.o(i.UpdateDisplay) refers to main.o(.data) for exKeyValue
    main.o(i.main) refers to compctrldefine.o(i.IcResourceInit) for IcResourceInit
    main.o(i.main) refers to sc32f1xxx_tim.o(i.TIM_Cmd) for TIM_Cmd
    main.o(i.main) refers to adc_iap.o(i.loadAlarmSettings) for loadAlarmSettings
    main.o(i.main) refers to main.o(i.Delay_ms) for Delay_ms
    main.o(i.main) refers to main.o(i.__ARM_common_switch8) for __ARM_common_switch8
    main.o(i.main) refers to adc_iap.o(i.readADC) for readADC
    main.o(i.main) refers to adc_iap.o(i.adcToVoltage) for adcToVoltage
    main.o(i.main) refers to fmul.o(.text) for __aeabi_fmul
    main.o(i.main) refers to f2d.o(.text) for __aeabi_f2d
    main.o(i.main) refers to cdcmple.o(.text) for __aeabi_cdcmple
    main.o(i.main) refers to adc_iap.o(i.initIAP) for initIAP
    main.o(i.main) refers to uidiv.o(.text) for __aeabi_uidivmod
    main.o(i.main) refers to sc32f1xxx_gpio.o(i.GPIO_TogglePins) for GPIO_TogglePins
    main.o(i.main) refers to main.o(.data) for Task_state
    main.o(i.test_TK_LED) refers to sc32f1xxx_gpio.o(i.GPIO_ResetBits) for GPIO_ResetBits
    sc_it.o(i.ADC_IRQHandler) refers to sc32f1xxx_adc.o(i.ADC_ClearFlag) for ADC_ClearFlag
    sc_it.o(i.PWM0_IRQHandler) refers to sc32f1xxx_pwm.o(i.PWM_ClearFlag) for PWM_ClearFlag
    sc_it.o(i.TIMER1_IRQHandler) refers to sc32f1xxx_tim.o(i.TIM_ClearFlag) for TIM_ClearFlag
    sc_it.o(i.TIMER3_IRQHandler) refers to adc_iap.o(i.checkPowerLoss) for checkPowerLoss
    sc_it.o(i.TIMER3_IRQHandler) refers to sc32f1xxx_tim.o(i.TIM_ClearFlag) for TIM_ClearFlag
    sc_init.o(i.SC_ADC_Init) refers to sc32f1xxx_adc.o(i.ADC_Init) for ADC_Init
    sc_init.o(i.SC_ADC_Init) refers to sc32f1xxx_adc.o(i.ADC_SetChannel) for ADC_SetChannel
    sc_init.o(i.SC_ADC_Init) refers to sc32f1xxx_adc.o(i.ADC_ITConfig) for ADC_ITConfig
    sc_init.o(i.SC_ADC_Init) refers to sc32f1xxx_adc.o(i.ADC_DMACmd) for ADC_DMACmd
    sc_init.o(i.SC_ADC_Init) refers to sc_init.o(i.__NVIC_SetPriority) for __NVIC_SetPriority
    sc_init.o(i.SC_ADC_Init) refers to sc_init.o(i.__NVIC_EnableIRQ) for __NVIC_EnableIRQ
    sc_init.o(i.SC_ADC_Init) refers to sc32f1xxx_adc.o(i.ADC_Cmd) for ADC_Cmd
    sc_init.o(i.SC_GPIO_Init) refers to sc32f1xxx_gpio.o(i.GPIO_Init) for GPIO_Init
    sc_init.o(i.SC_Init) refers to sc_init.o(i.SC_GPIO_Init) for SC_GPIO_Init
    sc_init.o(i.SC_Init) refers to sc_init.o(i.SC_OPTION_Init) for SC_OPTION_Init
    sc_init.o(i.SC_Init) refers to sc_init.o(i.SC_RCC_Init) for SC_RCC_Init
    sc_init.o(i.SC_Init) refers to sc_init.o(i.SC_SYSTICK_Init) for SC_SYSTICK_Init
    sc_init.o(i.SC_Init) refers to sc_init.o(i.SC_TWI0_Init) for SC_TWI0_Init
    sc_init.o(i.SC_Init) refers to sc_init.o(i.SC_TIM1_Init) for SC_TIM1_Init
    sc_init.o(i.SC_Init) refers to sc_init.o(i.SC_TIM2_Init) for SC_TIM2_Init
    sc_init.o(i.SC_Init) refers to sc_init.o(i.SC_TIM3_Init) for SC_TIM3_Init
    sc_init.o(i.SC_Init) refers to sc_init.o(i.SC_PWM0_Init) for SC_PWM0_Init
    sc_init.o(i.SC_Init) refers to sc_init.o(i.SC_ADC_Init) for SC_ADC_Init
    sc_init.o(i.SC_Init) refers to sc_init.o(i.SC_IAP_Init) for SC_IAP_Init
    sc_init.o(i.SC_PWM0_Init) refers to sc32f1xxx_rcc.o(i.RCC_Unlock) for RCC_Unlock
    sc_init.o(i.SC_PWM0_Init) refers to sc32f1xxx_rcc.o(i.RCC_APB0PeriphClockCmd) for RCC_APB0PeriphClockCmd
    sc_init.o(i.SC_PWM0_Init) refers to sc32f1xxx_pwm.o(i.PWM_SetDuty) for PWM_SetDuty
    sc_init.o(i.SC_PWM0_Init) refers to sc32f1xxx_pwm.o(i.PWM_Init) for PWM_Init
    sc_init.o(i.SC_PWM0_Init) refers to sc32f1xxx_pwm.o(i.PWM_FDInit) for PWM_FDInit
    sc_init.o(i.SC_PWM0_Init) refers to sc32f1xxx_pwm.o(i.PWM_FDCmd) for PWM_FDCmd
    sc_init.o(i.SC_PWM0_Init) refers to sc32f1xxx_pwm.o(i.PWM_ITConfig) for PWM_ITConfig
    sc_init.o(i.SC_PWM0_Init) refers to sc32f1xxx_pwm.o(i.PWM_Cmd) for PWM_Cmd
    sc_init.o(i.SC_RCC_Init) refers to sc32f1xxx_rcc.o(i.RCC_Unlock) for RCC_Unlock
    sc_init.o(i.SC_RCC_Init) refers to sc32f1xxx_rcc.o(i.RCC_HXTCmd) for RCC_HXTCmd
    sc_init.o(i.SC_RCC_Init) refers to sc32f1xxx_rcc.o(i.RCC_LXTCmd) for RCC_LXTCmd
    sc_init.o(i.SC_RCC_Init) refers to sc32f1xxx_rcc.o(i.RCC_LIRCCmd) for RCC_LIRCCmd
    sc_init.o(i.SC_RCC_Init) refers to sc32f1xxx_rcc.o(i.RCC_HIRCCmd) for RCC_HIRCCmd
    sc_init.o(i.SC_RCC_Init) refers to sc32f1xxx_rcc.o(i.RCC_ITConfig) for RCC_ITConfig
    sc_init.o(i.SC_RCC_Init) refers to sc32f1xxx_rcc.o(i.RCC_SYSCLKConfig) for RCC_SYSCLKConfig
[...]
    sc32f10xx_tk_functionresource.o(i.TK_Init) refers to tkdriver.o(i.TK_GetScanTimeValue) for TK_GetScanTimeValue
    sc32f10xx_tk_functionresource.o(i.TK_Init) refers to sc32f10xx_tk_functionresource.o(i.TK_FilterAvergeDeal) for TK_FilterAvergeDeal
    sc32f10xx_tk_functionresource.o(i.TK_Init) refers to sc32f10xx_tk_functionresource.o(i.TK_InitializeBaselines) for TK_InitializeBaselines
    sc32f10xx_tk_functionresource.o(i.TK_Init) refers to sc32f10xx_tk_functionresource.o(.data) for bNeedUpdate
    sc32f10xx_tk_functionresource.o(i.TK_Init) refers to tkdriver.o(.data) for TK_TouchKeyStatus
    sc32f10xx_tk_functionresource.o(i.TK_InitializeBaselines) refers to tkdriver.o(.bss) for SingleChannelsBaseLineUpdatePar
    sc32f10xx_tk_functionresource.o(i.TK_InitializeBaselines) refers to sc32f10xx_tk_functionresource.o(.data) for SingleCurrentChannelMax
    sc32f10xx_tk_functionresource.o(i.TK_InitializeSensorFlag) refers to tkdriver.o(.data) for TouchCnt
    sc32f10xx_tk_functionresource.o(i.TK_InitializeSensorFlag) refers to tkdriver.o(.bss) for DifferAccum
    sc32f10xx_tk_functionresource.o(i.TK_InitializeSensorFlag) refers to sc32f10xx_tk_functionresource.o(.data) for SingleCurrentChannelMax
    sc32f10xx_tk_functionresource.o(i.TK_MultipleDeal) refers to sc32f10xx_tk_functionresource.o(i.TK_InitializeSensorFlag) for TK_InitializeSensorFlag
    sc32f10xx_tk_functionresource.o(i.TK_MultipleDeal) refers to sc32f10xx_tk_functionresource.o(i.TK_FilterIIRInit) for TK_FilterIIRInit
    sc32f10xx_tk_functionresource.o(i.TK_MultipleDeal) refers to sc32f10xx_tk_functionresource.o(i.TK_FilterDataDeal) for TK_FilterDataDeal
    sc32f10xx_tk_functionresource.o(i.TK_MultipleDeal) refers to sc32f10xx_tk_functionresource.o(i.TK_InitializeBaselines) for TK_InitializeBaselines
    sc32f10xx_tk_functionresource.o(i.TK_MultipleDeal) refers to sc32f10xx_tk_functionresource.o(.data) for MultipleDealIndex
    sc32f10xx_tk_functionresource.o(i.TK_MultipleDeal) refers to tkdriver.o(.data) for MultipleDealTpye
    sc32f10xx_tk_functionresource.o(i.TK_MultipleDeal) refers to tkdriver.o(.bss) for SingleChannelsBaseLineUpdatePar
    sc32f10xx_tk_functionresource.o(i.TK_SensorKeyFlag) refers to sc32f10xx_tk_functionresource.o(i.TK_FilterDataDeal) for TK_FilterDataDeal
    sc32f10xx_tk_functionresource.o(i.TK_SensorKeyFlag) refers to sc32f10xx_tk_functionresource.o(i.TKSlideModuleCHIs) for TKSlideModuleCHIs
    sc32f10xx_tk_functionresource.o(i.TK_SensorKeyFlag) refers to sc32f10xx_tk_functionresource.o(i.TK_SensorRenovate) for TK_SensorRenovate
    sc32f10xx_tk_functionresource.o(i.TK_SensorKeyFlag) refers to sc32f10xx_tk_functionresource.o(i.TKSlideModuleSensorRenovate) for TKSlideModuleSensorRenovate
    sc32f10xx_tk_functionresource.o(i.TK_SensorKeyFlag) refers to sc32f10xx_tk_functionresource.o(.data) for IsInNosicValue
    sc32f10xx_tk_functionresource.o(i.TK_SensorKeyFlag) refers to tkdriver.o(.data) for TKSlideModulePCBArray
    sc32f10xx_tk_functionresource.o(i.TK_SensorRenovate) refers to tkdriver.o(i.TK_GetCurrFingerValue) for TK_GetCurrFingerValue
    sc32f10xx_tk_functionresource.o(i.TK_SensorRenovate) refers to tkdriver.o(i.TK_GetCsFunction) for TK_GetCsFunction
    sc32f10xx_tk_functionresource.o(i.TK_SensorRenovate) refers to tkdriver.o(i.TK_IsDoubleKeyOrSlideKey) for TK_IsDoubleKeyOrSlideKey
    sc32f10xx_tk_functionresource.o(i.TK_SensorRenovate) refers to tkdriver.o(i.TK_GetTKYzCnt) for TK_GetTKYzCnt
    sc32f10xx_tk_functionresource.o(i.TK_SensorRenovate) refers to tkdriver.o(i.TK_GetTKYzThreshold) for TK_GetTKYzThreshold
    sc32f10xx_tk_functionresource.o(i.TK_SensorRenovate) refers to tkdriver.o(i.TK_GetBaselineUpdateThreshold) for TK_GetBaselineUpdateThreshold
    sc32f10xx_tk_functionresource.o(i.TK_SensorRenovate) refers to idiv.o(.text) for __aeabi_idivmod
    sc32f10xx_tk_functionresource.o(i.TK_SensorRenovate) refers to tkdriver.o(i.TK_GetUpConfirmCnt) for TK_GetUpConfirmCnt
    sc32f10xx_tk_functionresource.o(i.TK_SensorRenovate) refers to sc32f10xx_tk_functionresource.o(i.TK_SingleChannel_ICHAAdjust) for TK_SingleChannel_ICHAAdjust
    sc32f10xx_tk_functionresource.o(i.TK_SensorRenovate) refers to tkdriver.o(.bss) for SingleChannelsBaseLineUpdatePar
    sc32f10xx_tk_functionresource.o(i.TK_SensorRenovate) refers to sc32f10xx_tk_functionresource.o(.data) for KeyMark
    sc32f10xx_tk_functionresource.o(i.TK_SensorRenovate) refers to tkdriver.o(.data) for TouchCnt
    sc32f10xx_tk_functionresource.o(i.TK_SetNeedUpdateBaseline) refers to sc32f10xx_tk_functionresource.o(.data) for bNeedUpdate
    sc32f10xx_tk_functionresource.o(i.TK_SingleChannel_ICHAAdjust) refers to tkdriver.o(i.TK_GetBaseLineAdjustValue) for TK_GetBaseLineAdjustValue
    sc32f10xx_tk_functionresource.o(i.TK_SingleChannel_ICHAAdjust) refers to idiv.o(.text) for __aeabi_idivmod
    sc32f10xx_tk_functionresource.o(i.TK_SingleChannel_ICHAAdjust) refers to tkdriver.o(i.TK_GetScanTimeValue) for TK_GetScanTimeValue
    sc32f10xx_tk_functionresource.o(i.TK_SingleChannel_ICHAAdjust) refers to sc32f10xx_tk_functionresource.o(.data) for ScanTime
    sc32f10xx_tk_functionresource.o(i.TK_SingleChannel_ICHAAdjust) refers to tkdriver.o(.bss) for SingleChannelsBaseLineUpdatePar
    sc32f10xx_tk_functionresource.o(i.TK_SingleChannel_ICHAAdjust) refers to tkdriver.o(.data) for SingleParameterBufferSet
    sc32f10xx_tk_functionresource.o(i.TK_TouchKey_Service) refers to tkdriver.o(i.TK_GetScanTimeValue) for TK_GetScanTimeValue
    sc32f10xx_tk_functionresource.o(i.TK_TouchKey_Service) refers to tkdriver.o(i.TK_GetCfgMsg) for TK_GetCfgMsg
    sc32f10xx_tk_functionresource.o(i.TK_TouchKey_Service) refers to sc32f10xx_tk_functionresource.o(.data) for CurrentIndex
    sc32f10xx_tk_functionresource.o(i.TK_TouchKey_Service) refers to tkdriver.o(.bss) for SingleChannelsBaseLineUpdatePar
    sc32f10xx_tk_functionresource.o(i.TK_TouchKey_Service) refers to tkdriver.o(.data) for TK_TouchKeyStatus
    entry.o(.ARM.Collect$$$$00000000) refers (Special) to entry10a.o(.ARM.Collect$$$$0000000F) for __rt_final_cpp
    entry.o(.ARM.Collect$$$$00000000) refers (Special) to entry11a.o(.ARM.Collect$$$$00000011) for __rt_final_exit
    entry.o(.ARM.Collect$$$$00000000) refers (Special) to entry12b.o(.ARM.Collect$$$$0000000E) for __rt_lib_shutdown_fini
    entry.o(.ARM.Collect$$$$00000000) refers (Special) to entry7b.o(.ARM.Collect$$$$00000008) for _main_clock
    entry.o(.ARM.Collect$$$$00000000) refers (Special) to entry8b.o(.ARM.Collect$$$$0000000A) for _main_cpp_init
    entry.o(.ARM.Collect$$$$00000000) refers (Special) to entry9a.o(.ARM.Collect$$$$0000000B) for _main_init
    entry.o(.ARM.Collect$$$$00000000) refers (Special) to entry5.o(.ARM.Collect$$$$00000004) for _main_scatterload
    entry.o(.ARM.Collect$$$$00000000) refers (Special) to entry2.o(.ARM.Collect$$$$00000001) for _main_stk
    idiv.o(.text) refers to uidiv.o(.text) for __aeabi_uidivmod
    fadd.o(.text) refers (Special) to iusefp.o(.text) for __I$use$fp
    fadd.o(.text) refers to fepilogue.o(.text) for _float_epilogue
    fmul.o(.text) refers (Special) to iusefp.o(.text) for __I$use$fp
    fdiv.o(.text) refers (Special) to iusefp.o(.text) for __I$use$fp
    fdiv.o(.text) refers to fepilogue.o(.text) for _float_round
    dadd.o(.text) refers (Special) to iusefp.o(.text) for __I$use$fp
    dadd.o(.text) refers to llshl.o(.text) for __aeabi_llsl
    dadd.o(.text) refers to llsshr.o(.text) for __aeabi_lasr
    dadd.o(.text) refers to depilogue.o(.text) for _double_epilogue
    dmul.o(.text) refers (Special) to iusefp.o(.text) for __I$use$fp
    dmul.o(.text) refers to depilogue.o(.text) for _double_epilogue
    ddiv.o(.text) refers (Special) to iusefp.o(.text) for __I$use$fp
    ddiv.o(.text) refers to depilogue.o(.text) for _double_round
    fflti.o(.text) refers (Special) to iusefp.o(.text) for __I$use$fp
    fflti.o(.text) refers to fepilogue.o(.text) for _float_epilogue
    ffltui.o(.text) refers (Special) to iusefp.o(.text) for __I$use$fp
    ffltui.o(.text) refers to fepilogue.o(.text) for _float_epilogue
    dflti.o(.text) refers (Special) to iusefp.o(.text) for __I$use$fp
    dflti.o(.text) refers to depilogue.o(.text) for _double_epilogue
    dfltui.o(.text) refers (Special) to iusefp.o(.text) for __I$use$fp
    dfltui.o(.text) refers to depilogue.o(.text) for _double_epilogue
    ffixi.o(.text) refers (Special) to iusefp.o(.text) for __I$use$fp
    ffixui.o(.text) refers (Special) to iusefp.o(.text) for __I$use$fp
    dfixui.o(.text) refers (Special) to iusefp.o(.text) for __I$use$fp
    dfixui.o(.text) refers to llushr.o(.text) for __aeabi_llsr
    f2d.o(.text) refers (Special) to iusefp.o(.text) for __I$use$fp
    cdcmple.o(.text) refers (Special) to iusefp.o(.text) for __I$use$fp
    d2f.o(.text) refers (Special) to iusefp.o(.text) for __I$use$fp
    d2f.o(.text) refers to fepilogue.o(.text) for _float_round
    cfcmple.o(.text) refers (Special) to iusefp.o(.text) for __I$use$fp
    cfrcmple.o(.text) refers (Special) to iusefp.o(.text) for __I$use$fp
    entry2.o(.ARM.Collect$$$$00000001) refers to entry2.o(.ARM.Collect$$$$00002712) for __lit__00000000
    entry2.o(.ARM.Collect$$$$00002712) refers to startup_sc32f10xx.o(STACK) for __initial_sp
    entry2.o(__vectab_stack_and_reset_area) refers to startup_sc32f10xx.o(STACK) for __initial_sp
    entry2.o(__vectab_stack_and_reset_area) refers to entry.o(.ARM.Collect$$$$00000000) for __main
    entry5.o(.ARM.Collect$$$$00000004) refers to init.o(.text) for __scatterload
    entry9a.o(.ARM.Collect$$$$0000000B) refers to main.o(i.main) for main
    entry9b.o(.ARM.Collect$$$$0000000C) refers to main.o(i.main) for main
    depilogue.o(.text) refers to depilogue.o(i.__ARM_clz) for __ARM_clz
    depilogue.o(.text) refers to llshl.o(.text) for __aeabi_llsl
    depilogue.o(.text) refers to llushr.o(.text) for __aeabi_llsr
    init.o(.text) refers to entry5.o(.ARM.Collect$$$$00000004) for __main_after_scatterload


==============================================================================

Removing Unused input sections from the image.

    Removing main.o(.rev16_text), (4 bytes).
    Removing main.o(.revsh_text), (4 bytes).
    Removing main.o(i.DataProcessing), (52 bytes).
    Removing main.o(i.UpdateDisplay), (120 bytes).
    Removing main.o(i.test_TK_LED), (92 bytes).
    Removing system_sc32f1xxx.o(.rev16_text), (4 bytes).
    Removing system_sc32f1xxx.o(.revsh_text), (4 bytes).
    Removing sc_it.o(.rev16_text), (4 bytes).
    Removing sc_it.o(.revsh_text), (4 bytes).
    Removing sc_it.o(i.CAN_IRQHandler), (2 bytes).
    Removing sc_it.o(i.CMP0_1_2_IRQHandler), (2 bytes).
    Removing sc_it.o(i.CMP3_IRQHandler), (2 bytes).
    Removing sc_it.o(i.EPWM_IRQHandler), (2 bytes).
    Removing sc_it.o(i.OP1_OP2_IRQHandler), (2 bytes).
    Removing sc_it.o(i.PCAP_IRQHandler), (2 bytes).
    Removing sc_it.o(i.QEP0_IRQHandler), (2 bytes).
    Removing sc_it.o(i.QEP1_IRQHandler), (2 bytes).
    Removing sc_it.o(i.SPI1_2_IRQHandler), (2 bytes).
    Removing sc_it.o(i.SPI1_TWI1_IRQHandler), (2 bytes).
    Removing sc_it.o(i.UART0_2_4_IRQHandler), (2 bytes).
    Removing sc_it.o(i.UART1_3_5_IRQHandler), (2 bytes).
    Removing sc_it.o(i.UART1_IRQHandler), (2 bytes).
    Removing sc_init.o(.rev16_text), (4 bytes).
    Removing sc_init.o(.revsh_text), (4 bytes).
    Removing sc_init.o(i.SC_ACMP0_Init), (2 bytes).
    Removing sc_init.o(i.SC_ACMP1_Init), (2 bytes).
    Removing sc_init.o(i.SC_ACMP2_Init), (2 bytes).
    Removing sc_init.o(i.SC_ACMP3_Init), (2 bytes).
    Removing sc_init.o(i.SC_ACMP_Init), (2 bytes).
    Removing sc_init.o(i.SC_BTM_Init), (2 bytes).
    Removing sc_init.o(i.SC_CAN_Init), (2 bytes).
    Removing sc_init.o(i.SC_CRC_Init), (2 bytes).
    Removing sc_init.o(i.SC_DAC_Init), (2 bytes).
    Removing sc_init.o(i.SC_DMA0_Init), (2 bytes).
    Removing sc_init.o(i.SC_DMA1_Init), (2 bytes).
    Removing sc_init.o(i.SC_DMA2_Init), (2 bytes).
    Removing sc_init.o(i.SC_DMA3_Init), (2 bytes).
    Removing sc_init.o(i.SC_EPWM_Init), (2 bytes).
    Removing sc_init.o(i.SC_INT_Init), (2 bytes).
    Removing sc_init.o(i.SC_LCD_Init), (2 bytes).
    Removing sc_init.o(i.SC_LEDPWM_Init), (2 bytes).
    Removing sc_init.o(i.SC_LED_Init), (2 bytes).
    Removing sc_init.o(i.SC_MR_Init), (2 bytes).
    Removing sc_init.o(i.SC_NVIC_Init), (2 bytes).
    Removing sc_init.o(i.SC_OP0_Init), (2 bytes).
    Removing sc_init.o(i.SC_OP1_Init), (2 bytes).
    Removing sc_init.o(i.SC_OP2_Init), (2 bytes).
    Removing sc_init.o(i.SC_OP_Init), (2 bytes).
    Removing sc_init.o(i.SC_PCAP_Init), (2 bytes).
    Removing sc_init.o(i.SC_PWR_Init), (2 bytes).
    Removing sc_init.o(i.SC_QEP0_Init), (2 bytes).
    Removing sc_init.o(i.SC_QEP1_Init), (2 bytes).
    Removing sc_init.o(i.SC_SPI0_Init), (2 bytes).
    Removing sc_init.o(i.SC_SPI1_Init), (2 bytes).
    Removing sc_init.o(i.SC_SPI2_Init), (2 bytes).
    Removing sc_init.o(i.SC_TIM0_Init), (2 bytes).
    Removing sc_init.o(i.SC_TIM4_Init), (2 bytes).
    Removing sc_init.o(i.SC_TIM5_Init), (2 bytes).
    Removing sc_init.o(i.SC_TIM6_Init), (2 bytes).
    Removing sc_init.o(i.SC_TIM7_Init), (2 bytes).
    Removing sc_init.o(i.SC_TWI1_Init), (2 bytes).
    Removing sc_init.o(i.SC_TemperSensor_Init), (2 bytes).
    Removing sc_init.o(i.SC_UART0_Init), (2 bytes).
    Removing sc_init.o(i.SC_UART1_Init), (2 bytes).
    Removing sc_init.o(i.SC_UART2_Init), (2 bytes).
    Removing sc_init.o(i.SC_UART3_Init), (2 bytes).
    Removing sc_init.o(i.SC_UART4_Init), (2 bytes).
    Removing sc_init.o(i.SC_UART5_Init), (2 bytes).
    Removing sc_init.o(i.SC_VREF_Init), (2 bytes).
    Removing sc_init.o(i.SC_WDT_Init), (2 bytes).
    Removing sysfunvardefine.o(.rev16_text), (4 bytes).
    Removing sysfunvardefine.o(.revsh_text), (4 bytes).
    Removing compctrldefine.o(.rev16_text), (4 bytes).
    Removing compctrldefine.o(.revsh_text), (4 bytes).
    Removing callbackfunction.o(.rev16_text), (4 bytes).
    Removing callbackfunction.o(.revsh_text), (4 bytes).
    Removing callbackfunction.o(i.Customer_BTM_Dispose), (2 bytes).
    Removing callbackfunction.o(i.Customer_IntoLowPowerMode_Init), (2 bytes).
    Removing callbackfunction.o(i.Customer_QuitLowPowerMode_Init), (2 bytes).
    Removing iap_program.o(.rev16_text), (4 bytes).
    Removing iap_program.o(.revsh_text), (4 bytes).
    Removing iap_program.o(i.IAP_Program), (292 bytes).
    Removing iap_program.o(.constdata), (22 bytes).
    Removing iap_program.o(.data), (2 bytes).
    Removing sc32f1xxx_iap.o(.rev16_text), (4 bytes).
    Removing sc32f1xxx_iap.o(.revsh_text), (4 bytes).
    Removing sc32f1xxx_iap.o(i.IAP_ProgramByte), (18 bytes).
    Removing sc32f1xxx_iap.o(i.IAP_ProgramByteArray), (38 bytes).
    Removing sc32f1xxx_iap.o(i.IAP_ProgramHalfWord), (18 bytes).
    Removing sc32f1xxx_iap.o(i.IAP_ProgramHalfWordArray), (50 bytes).
    Removing sc32f1xxx_iap.o(i.IAP_ProgramWordArray), (50 bytes).
    Removing sc32f1xxx_iap.o(i.IAP_ReadByte), (6 bytes).
    Removing sc32f1xxx_iap.o(i.IAP_ReadByteArray), (26 bytes).
    Removing sc32f1xxx_iap.o(i.IAP_ReadHalfWord), (6 bytes).
    Removing sc32f1xxx_iap.o(i.IAP_ReadHalfWordArray), (36 bytes).
    Removing sc32f1xxx_iap.o(i.IAP_ReadWordArray), (36 bytes).
    Removing sc32f1xxx_iap.o(i.IAP_SoftwareReset), (16 bytes).
    Removing sc32f1xxx_tim.o(.rev16_text), (4 bytes).
    Removing sc32f1xxx_tim.o(.revsh_text), (4 bytes).
    Removing sc32f1xxx_tim.o(i.TIM_ClockOutputCmd), (28 bytes).
    Removing sc32f1xxx_tim.o(i.TIM_DeInit), (216 bytes).
    Removing sc32f1xxx_tim.o(i.TIM_GetAutoreload), (8 bytes).
    Removing sc32f1xxx_tim.o(i.TIM_GetCounter), (6 bytes).
    Removing sc32f1xxx_tim.o(i.TIM_GetFailingCapture), (6 bytes).
    Removing sc32f1xxx_tim.o(i.TIM_GetFlagStatus), (20 bytes).
    Removing sc32f1xxx_tim.o(i.TIM_GetPrescaler), (12 bytes).
    Removing sc32f1xxx_tim.o(i.TIM_GetRisingCapture), (6 bytes).
    Removing sc32f1xxx_tim.o(i.TIM_ICStructInit), (8 bytes).
    Removing sc32f1xxx_tim.o(i.TIM_PWMGetDuty), (20 bytes).
    Removing sc32f1xxx_tim.o(i.TIM_PWMStructInit), (8 bytes).
    Removing sc32f1xxx_tim.o(i.TIM_SetAutoreload), (4 bytes).
    Removing sc32f1xxx_tim.o(i.TIM_SetCounter), (4 bytes).
    Removing sc32f1xxx_tim.o(i.TIM_SetPerscaler), (18 bytes).
    Removing sc32f1xxx_tim.o(i.TIM_TimeBaseStructInit), (14 bytes).
    Removing sc32f1xxx_adc.o(.rev16_text), (4 bytes).
    Removing sc32f1xxx_adc.o(.revsh_text), (4 bytes).
    Removing sc32f1xxx_adc.o(i.ADC_ConvModeConfig), (28 bytes).
    Removing sc32f1xxx_adc.o(i.ADC_DeInit), (14 bytes).
    Removing sc32f1xxx_adc.o(i.ADC_GetChannel), (10 bytes).
    Removing sc32f1xxx_adc.o(i.ADC_StructInit), (18 bytes).
    Removing sc32f1xxx_pwm.o(.rev16_text), (4 bytes).
    Removing sc32f1xxx_pwm.o(.revsh_text), (4 bytes).
    Removing sc32f1xxx_pwm.o(i.PWM_DeInit), (32 bytes).
    Removing sc32f1xxx_pwm.o(i.PWM_FDStructInit), (10 bytes).
    Removing sc32f1xxx_pwm.o(i.PWM_FallingDeadTimeConfig), (24 bytes).
    Removing sc32f1xxx_pwm.o(i.PWM_GetCycle), (8 bytes).
    Removing sc32f1xxx_pwm.o(i.PWM_GetDuty), (46 bytes).
    Removing sc32f1xxx_pwm.o(i.PWM_GetFlagStatus), (20 bytes).
    Removing sc32f1xxx_pwm.o(i.PWM_GetPrescaler), (10 bytes).
    Removing sc32f1xxx_pwm.o(i.PWM_RisingDeadTimeConfig), (18 bytes).
    Removing sc32f1xxx_pwm.o(i.PWM_SetCycle), (4 bytes).
    Removing sc32f1xxx_pwm.o(i.PWM_SetPrescaler), (20 bytes).
    Removing sc32f1xxx_pwm.o(i.PWM_StructInit), (16 bytes).
    Removing sc32f1xxx_twi.o(.rev16_text), (4 bytes).
    Removing sc32f1xxx_twi.o(.revsh_text), (4 bytes).
    Removing sc32f1xxx_twi.o(i.TWI_AcknowledgeConfig), (28 bytes).
    Removing sc32f1xxx_twi.o(i.TWI_ClearFlag), (8 bytes).
    Removing sc32f1xxx_twi.o(i.TWI_DeInit), (60 bytes).
    Removing sc32f1xxx_twi.o(i.TWI_GeneralCallCmd), (28 bytes).
    Removing sc32f1xxx_twi.o(i.TWI_GenerateSTART), (28 bytes).
    Removing sc32f1xxx_twi.o(i.TWI_GenerateSTOP), (28 bytes).
    Removing sc32f1xxx_twi.o(i.TWI_GetFlagStatus), (20 bytes).
    Removing sc32f1xxx_twi.o(i.TWI_GetNbytes), (10 bytes).
    Removing sc32f1xxx_twi.o(i.TWI_GetStateMachine), (12 bytes).
    Removing sc32f1xxx_twi.o(i.TWI_ReceiveData), (8 bytes).
    Removing sc32f1xxx_twi.o(i.TWI_Send7bitAddress), (22 bytes).
    Removing sc32f1xxx_twi.o(i.TWI_SendData), (4 bytes).
    Removing sc32f1xxx_twi.o(i.TWI_SetNbytes), (6 bytes).
    Removing sc32f1xxx_twi.o(i.TWI_StretchClockConfig), (28 bytes).
    Removing sc32f1xxx_twi.o(i.TWI_StructInit), (16 bytes).
    Removing sc32f1xxx_option.o(.rev16_text), (4 bytes).
    Removing sc32f1xxx_option.o(.revsh_text), (4 bytes).
    Removing sc32f1xxx_option.o(i.OPTION_IAPPORA), (24 bytes).
    Removing sc32f1xxx_option.o(i.OPTION_IAPPORB), (24 bytes).
    Removing sc32f1xxx_option.o(i.OPTION_JTAGCmd), (44 bytes).
    Removing sc32f1xxx_option.o(i.OPTION_LVRConfig), (32 bytes).
    Removing sc32f1xxx_option.o(i.OPTION_WDTCmd), (40 bytes).
    Removing sc32f1xxx_rcc.o(.rev16_text), (4 bytes).
    Removing sc32f1xxx_rcc.o(.revsh_text), (4 bytes).
    Removing sc32f1xxx_rcc.o(i.RCC_AHBPeriphClockCmd), (32 bytes).
    Removing sc32f1xxx_rcc.o(i.RCC_AHBPeriphResetCmd), (32 bytes).
    Removing sc32f1xxx_rcc.o(i.RCC_APB0PeriphResetCmd), (32 bytes).
    Removing sc32f1xxx_rcc.o(i.RCC_APB1Cmd), (40 bytes).
    Removing sc32f1xxx_rcc.o(i.RCC_APB1Config), (28 bytes).
    Removing sc32f1xxx_rcc.o(i.RCC_APB1PeriphClockCmd), (32 bytes).
    Removing sc32f1xxx_rcc.o(i.RCC_APB1PeriphResetCmd), (32 bytes).
    Removing sc32f1xxx_rcc.o(i.RCC_APB2PeriphClockCmd), (32 bytes).
    Removing sc32f1xxx_rcc.o(i.RCC_APB2PeriphResetCmd), (32 bytes).
    Removing sc32f1xxx_rcc.o(i.RCC_BTMCLKConfig), (36 bytes).
    Removing sc32f1xxx_rcc.o(i.RCC_DeInit), (28 bytes).
    Removing sc32f1xxx_rcc.o(i.RCC_GetClocksFreq), (236 bytes).
    Removing sc32f1xxx_rcc.o(i.RCC_GetFlagStatus), (24 bytes).
    Removing sc32f1xxx_rcc.o(i.RCC_GetSYSCLKSource), (36 bytes).
    Removing sc32f1xxx_rcc.o(i.RCC_LCDLEDCLKConfig), (36 bytes).
    Removing sc32f1xxx_rcc.o(i.RCC_NMICmd), (44 bytes).
    Removing sc32f1xxx_rcc.o(i.RCC_PLLCmd), (48 bytes).
    Removing sc32f1xxx_rcc.o(i.RCC_PLLConfig), (56 bytes).
    Removing sc32f1xxx_rcc.o(i.RCC_PLLRCmd), (48 bytes).
    Removing sc32f1xxx_rcc.o(i.RCC_SystickGetFlagStatus), (28 bytes).
    Removing sc32f1xxx_rcc.o(i.RCC_WaitConfig), (40 bytes).
    Removing sc32f1xxx_gpio.o(.rev16_text), (4 bytes).
    Removing sc32f1xxx_gpio.o(.revsh_text), (4 bytes).
    Removing sc32f1xxx_gpio.o(i.GPIO_DeInit), (32 bytes).
    Removing sc32f1xxx_gpio.o(i.GPIO_ReadData), (8 bytes).
    Removing sc32f1xxx_gpio.o(i.GPIO_ReadDataBit), (18 bytes).
    Removing sc32f1xxx_gpio.o(i.GPIO_SetDriveLevel), (54 bytes).
    Removing sc32f1xxx_gpio.o(i.GPIO_Write), (4 bytes).
    Removing sc32f1xxx_gpio.o(i.GPIO_WriteBit), (20 bytes).
    Removing startup_sc32f10xx.o(HEAP), (512 bytes).
    Removing buzzer.o(.rev16_text), (4 bytes).
    Removing buzzer.o(.revsh_text), (4 bytes).
    Removing buzzer.o(i.Buzzer_Play), (400 bytes).
    Removing buzzer.o(i.Buzzer_SetVolume), (20 bytes).
    Removing buzzer.o(i.PWM_SetHz), (72 bytes).
    Removing buzzer.o(i.test_Buzz), (140 bytes).
    Removing buzzer.o(.constdata), (5842 bytes).
    Removing buzzer.o(.data), (4 bytes).
    Removing tkdriver.o(.rev16_text), (4 bytes).
    Removing tkdriver.o(.revsh_text), (4 bytes).
    Removing tkdriver.o(i.TK_GetBaselineUpdateThreshold), (12 bytes).
    Removing tkdriver.o(i.TK_GetCsFunction), (4 bytes).
    Removing tkdriver.o(i.TK_GetCurrFingerValue), (36 bytes).
    Removing tkdriver.o(i.TK_GetInitAutoUpdateTime), (12 bytes).
    Removing tkdriver.o(i.TK_GetTKYzCnt), (20 bytes).
    Removing tkdriver.o(i.TK_GetTKYzThreshold), (26 bytes).
    Removing tkdriver.o(i.TK_GetUpConfirmCnt), (12 bytes).
    Removing tkdriver.o(i.TK_IsDoubleKeyOrSlideKey), (12 bytes).
    Removing tkdriver.o(i.TK_SetOneKeyPushResetTime), (12 bytes).
    Removing tkdriver.o(i.TK_SingleCurrentSensorChoose), (156 bytes).
    Removing tkdriver.o(i.TK_TouchKeyCFGInit), (132 bytes).
    Removing tkdriver.o(i.TK_TouchKeyScan), (408 bytes).
    Removing adc_iap.o(.rev16_text), (4 bytes).
    Removing adc_iap.o(.revsh_text), (4 bytes).
    Removing adc_iap.o(i.eraseFlashPage), (18 bytes).
    Removing adc_iap.o(i.readFlash), (28 bytes).
    Removing adc_iap.o(i.saveAlarmSettings), (40 bytes).
    Removing adc_iap.o(i.setAlarm), (124 bytes).
    Removing adc_iap.o(i.writeFlash), (28 bytes).
    Removing adc_iap.o(.constdata), (3 bytes).
    Removing adc_iap.o(.data), (4 bytes).
    Removing sc32f10xx_tk_functionresource.o(.rev16_text), (4 bytes).
    Removing sc32f10xx_tk_functionresource.o(.revsh_text), (4 bytes).
    Removing sc32f10xx_tk_functionresource.o(i.TKSlideModuleCHIs), (108 bytes).
    Removing sc32f10xx_tk_functionresource.o(i.TKSlideModuleSensorRenovate), (852 bytes).
    Removing sc32f10xx_tk_functionresource.o(i.TK_BaseLineUpdataSW), (420 bytes).
    Removing sc32f10xx_tk_functionresource.o(i.TK_FilterAvergeDeal), (124 bytes).
    Removing sc32f10xx_tk_functionresource.o(i.TK_FilterCommCode), (84 bytes).
    Removing sc32f10xx_tk_functionresource.o(i.TK_FilterDataDeal), (192 bytes).
    Removing sc32f10xx_tk_functionresource.o(i.TK_FilterIIRInit), (44 bytes).
    Removing sc32f10xx_tk_functionresource.o(i.TK_GetIsNeedUpdateBaseline), (12 bytes).
    Removing sc32f10xx_tk_functionresource.o(i.TK_Init), (372 bytes).
    Removing sc32f10xx_tk_functionresource.o(i.TK_InitializeBaselines), (44 bytes).
    Removing sc32f10xx_tk_functionresource.o(i.TK_InitializeSensorFlag), (104 bytes).
    Removing sc32f10xx_tk_functionresource.o(i.TK_MultipleDeal), (344 bytes).
    Removing sc32f10xx_tk_functionresource.o(i.TK_Restart), (20 bytes).
    Removing sc32f10xx_tk_functionresource.o(i.TK_SensorKeyFlag), (112 bytes).
    Removing sc32f10xx_tk_functionresource.o(i.TK_SensorRenovate), (1060 bytes).
    Removing sc32f10xx_tk_functionresource.o(i.TK_SetNeedUpdateBaseline), (12 bytes).
    Removing sc32f10xx_tk_functionresource.o(i.TK_SingleChannel_ICHAAdjust), (140 bytes).
    Removing sc32f10xx_tk_functionresource.o(i.Usdelay), (16 bytes).
    Removing fadd.o(.text), (178 bytes).
    Removing fdiv.o(.text), (124 bytes).
    Removing dadd.o(.text), (360 bytes).
    Removing fflti.o(.text), (22 bytes).
    Removing ffltui.o(.text), (14 bytes).
    Removing dflti.o(.text), (40 bytes).
    Removing ffixi.o(.text), (50 bytes).
    Removing ffixui.o(.text), (40 bytes).
    Removing dfixui.o(.text), (60 bytes).
    Removing cfcmple.o(.text), (20 bytes).
    Removing cfrcmple.o(.text), (20 bytes).

251 unused section(s) (total 16443 bytes) removed from the image.

==============================================================================

Image Symbol Table

    Local Symbols

    Symbol Name                              Value     Ov Type        Size  Object(Section)

    ../clib/microlib/division.c              0x00000000   Number         0  idiv.o ABSOLUTE
    ../clib/microlib/division.c              0x00000000   Number         0  uidiv.o ABSOLUTE
    ../clib/microlib/init/entry.s            0x00000000   Number         0  entry2.o ABSOLUTE
    ../clib/microlib/init/entry.s            0x00000000   Number         0  entry11b.o ABSOLUTE
    ../clib/microlib/init/entry.s            0x00000000   Number         0  entry8b.o ABSOLUTE
    ../clib/microlib/init/entry.s            0x00000000   Number         0  entry8a.o ABSOLUTE
    ../clib/microlib/init/entry.s            0x00000000   Number         0  entry10b.o ABSOLUTE
    ../clib/microlib/init/entry.s            0x00000000   Number         0  entry12a.o ABSOLUTE
    ../clib/microlib/init/entry.s            0x00000000   Number         0  entry5.o ABSOLUTE
    ../clib/microlib/init/entry.s            0x00000000   Number         0  entry.o ABSOLUTE
    ../clib/microlib/init/entry.s            0x00000000   Number         0  entry9b.o ABSOLUTE
    ../clib/microlib/init/entry.s            0x00000000   Number         0  entry12b.o ABSOLUTE
    ../clib/microlib/init/entry.s            0x00000000   Number         0  entry11a.o ABSOLUTE
    ../clib/microlib/init/entry.s            0x00000000   Number         0  entry10a.o ABSOLUTE
    ../clib/microlib/init/entry.s            0x00000000   Number         0  entry7a.o ABSOLUTE
    ../clib/microlib/init/entry.s            0x00000000   Number         0  entry7b.o ABSOLUTE
    ../clib/microlib/init/entry.s            0x00000000   Number         0  entry9a.o ABSOLUTE
    ../clib/microlib/longlong.c              0x00000000   Number         0  llshl.o ABSOLUTE
    ../clib/microlib/longlong.c              0x00000000   Number         0  llushr.o ABSOLUTE
    ../clib/microlib/longlong.c              0x00000000   Number         0  llsshr.o ABSOLUTE
    ../clib/microlib/stubs.s                 0x00000000   Number         0  iusefp.o ABSOLUTE
    ../fplib/microlib/d2f.c                  0x00000000   Number         0  d2f.o ABSOLUTE
    ../fplib/microlib/f2d.c                  0x00000000   Number         0  f2d.o ABSOLUTE
    ../fplib/microlib/fpadd.c                0x00000000   Number         0  dadd.o ABSOLUTE
    ../fplib/microlib/fpadd.c                0x00000000   Number         0  fadd.o ABSOLUTE
    ../fplib/microlib/fpdiv.c                0x00000000   Number         0  ddiv.o ABSOLUTE
    ../fplib/microlib/fpdiv.c                0x00000000   Number         0  fdiv.o ABSOLUTE
    ../fplib/microlib/fpepilogue.c           0x00000000   Number         0  fepilogue.o ABSOLUTE
    ../fplib/microlib/fpepilogue.c           0x00000000   Number         0  depilogue.o ABSOLUTE
    ../fplib/microlib/fpfix.c                0x00000000   Number         0  ffixi.o ABSOLUTE
    ../fplib/microlib/fpfix.c                0x00000000   Number         0  ffixui.o ABSOLUTE
    ../fplib/microlib/fpfix.c                0x00000000   Number         0  dfixui.o ABSOLUTE
    ../fplib/microlib/fpflt.c                0x00000000   Number         0  dfltui.o ABSOLUTE
    ../fplib/microlib/fpflt.c                0x00000000   Number         0  dflti.o ABSOLUTE
    ../fplib/microlib/fpflt.c                0x00000000   Number         0  ffltui.o ABSOLUTE
    ../fplib/microlib/fpflt.c                0x00000000   Number         0  fflti.o ABSOLUTE
    ../fplib/microlib/fpmul.c                0x00000000   Number         0  dmul.o ABSOLUTE
    ../fplib/microlib/fpmul.c                0x00000000   Number         0  fmul.o ABSOLUTE
    ..\ADC_IAP\Src\ADC_IAP.c                 0x00000000   Number         0  adc_iap.o ABSOLUTE
    ..\Apps\IAP_Program.C                    0x00000000   Number         0  iap_program.o ABSOLUTE
    ..\Buzz\Src\Buzzer.c                     0x00000000   Number         0  buzzer.o ABSOLUTE
    ..\Drivers\TKDriver\C\TKDriver.C         0x00000000   Number         0  tkdriver.o ABSOLUTE
    ..\FWLib\SC32F1XXX_Lib\src\sc32f1xxx_adc.c 0x00000000   Number         0  sc32f1xxx_adc.o ABSOLUTE
    ..\FWLib\SC32F1XXX_Lib\src\sc32f1xxx_gpio.c 0x00000000   Number         0  sc32f1xxx_gpio.o ABSOLUTE
    ..\FWLib\SC32F1XXX_Lib\src\sc32f1xxx_iap.c 0x00000000   Number         0  sc32f1xxx_iap.o ABSOLUTE
    ..\FWLib\SC32F1XXX_Lib\src\sc32f1xxx_option.c 0x00000000   Number         0  sc32f1xxx_option.o ABSOLUTE
    ..\FWLib\SC32F1XXX_Lib\src\sc32f1xxx_pwm.c 0x00000000   Number         0  sc32f1xxx_pwm.o ABSOLUTE
    ..\FWLib\SC32F1XXX_Lib\src\sc32f1xxx_rcc.c 0x00000000   Number         0  sc32f1xxx_rcc.o ABSOLUTE
    ..\FWLib\SC32F1XXX_Lib\src\sc32f1xxx_tim.c 0x00000000   Number         0  sc32f1xxx_tim.o ABSOLUTE
    ..\FWLib\SC32F1XXX_Lib\src\sc32f1xxx_twi.c 0x00000000   Number         0  sc32f1xxx_twi.o ABSOLUTE
    ..\User\CallBackFunction.c               0x00000000   Number         0  callbackfunction.o ABSOLUTE
    ..\User\CompCtrlDefine.c                 0x00000000   Number         0  compctrldefine.o ABSOLUTE
    ..\User\Delay.c                          0x00000000   Number         0  delay.o ABSOLUTE
    ..\User\SC_Init.c                        0x00000000   Number         0  sc_init.o ABSOLUTE
    ..\User\SC_it.c                          0x00000000   Number         0  sc_it.o ABSOLUTE
    ..\User\SysFunVarDefine.c                0x00000000   Number         0  sysfunvardefine.o ABSOLUTE
    ..\User\main.c                           0x00000000   Number         0  main.o ABSOLUTE
    ..\User\system_sc32f1xxx.c               0x00000000   Number         0  system_sc32f1xxx.o ABSOLUTE
    ..\\ADC_IAP\\Src\\ADC_IAP.c              0x00000000   Number         0  adc_iap.o ABSOLUTE
    ..\\Apps\\IAP_Program.C                  0x00000000   Number         0  iap_program.o ABSOLUTE
    ..\\Buzz\\Src\\Buzzer.c                  0x00000000   Number         0  buzzer.o ABSOLUTE
    ..\\Drivers\\TKDriver\\C\\TKDriver.C     0x00000000   Number         0  tkdriver.o ABSOLUTE
    ..\\FWLib\\SC32F1XXX_Lib\\src\\sc32f1xxx_adc.c 0x00000000   Number         0  sc32f1xxx_adc.o ABSOLUTE
    ..\\FWLib\\SC32F1XXX_Lib\\src\\sc32f1xxx_gpio.c 0x00000000   Number         0  sc32f1xxx_gpio.o ABSOLUTE
    ..\\FWLib\\SC32F1XXX_Lib\\src\\sc32f1xxx_iap.c 0x00000000   Number         0  sc32f1xxx_iap.o ABSOLUTE
    ..\\FWLib\\SC32F1XXX_Lib\\src\\sc32f1xxx_option.c 0x00000000   Number         0  sc32f1xxx_option.o ABSOLUTE
    ..\\FWLib\\SC32F1XXX_Lib\\src\\sc32f1xxx_pwm.c 0x00000000   Number         0  sc32f1xxx_pwm.o ABSOLUTE
    ..\\FWLib\\SC32F1XXX_Lib\\src\\sc32f1xxx_rcc.c 0x00000000   Number         0  sc32f1xxx_rcc.o ABSOLUTE
    ..\\FWLib\\SC32F1XXX_Lib\\src\\sc32f1xxx_tim.c 0x00000000   Number         0  sc32f1xxx_tim.o ABSOLUTE
    ..\\FWLib\\SC32F1XXX_Lib\\src\\sc32f1xxx_twi.c 0x00000000   Number         0  sc32f1xxx_twi.o ABSOLUTE
    ..\\User\\CallBackFunction.c             0x00000000   Number         0  callbackfunction.o ABSOLUTE
    ..\\User\\CompCtrlDefine.c               0x00000000   Number         0  compctrldefine.o ABSOLUTE
    ..\\User\\SC_Init.c                      0x00000000   Number         0  sc_init.o ABSOLUTE
    ..\\User\\SC_it.c                        0x00000000   Number         0  sc_it.o ABSOLUTE
    ..\\User\\SysFunVarDefine.c              0x00000000   Number         0  sysfunvardefine.o ABSOLUTE
    ..\\User\\main.c                         0x00000000   Number         0  main.o ABSOLUTE
    ..\\User\\system_sc32f1xxx.c             0x00000000   Number         0  system_sc32f1xxx.o ABSOLUTE
    LIB\\sc32f10xx_TK_FunctionResource.c     0x00000000   Number         0  sc32f10xx_tk_functionresource.o ABSOLUTE
    LIB\sc32f10xx_TK_FunctionResource.c      0x00000000   Number         0  sc32f10xx_tk_functionresource.o ABSOLUTE
    cdcmple.s                                0x00000000   Number         0  cdcmple.o ABSOLUTE
    cfcmple.s                                0x00000000   Number         0  cfcmple.o ABSOLUTE
    cfrcmple.s                               0x00000000   Number         0  cfrcmple.o ABSOLUTE
    dc.s                                     0x00000000   Number         0  dc.o ABSOLUTE
    handlers.s                               0x00000000   Number         0  handlers.o ABSOLUTE
    init.s                                   0x00000000   Number         0  init.o ABSOLUTE
    startup_sc32f10xx.s                      0x00000000   Number         0  startup_sc32f10xx.o ABSOLUTE
    RESET                                    0x08000000   Section      192  startup_sc32f10xx.o(RESET)
    .ARM.Collect$$$$00000000                 0x080000c0   Section        0  entry.o(.ARM.Collect$$$$00000000)
    .ARM.Collect$$$$00000001                 0x080000c0   Section        4  entry2.o(.ARM.Collect$$$$00000001)
    .ARM.Collect$$$$00000004                 0x080000c4   Section        4  entry5.o(.ARM.Collect$$$$00000004)
    .ARM.Collect$$$$00000008                 0x080000c8   Section        0  entry7b.o(.ARM.Collect$$$$00000008)
    .ARM.Collect$$$$0000000A                 0x080000c8   Section        0  entry8b.o(.ARM.Collect$$$$0000000A)
    .ARM.Collect$$$$0000000B                 0x080000c8   Section        8  entry9a.o(.ARM.Collect$$$$0000000B)
    .ARM.Collect$$$$0000000E                 0x080000d0   Section        4  entry12b.o(.ARM.Collect$$$$0000000E)
    .ARM.Collect$$$$0000000F                 0x080000d4   Section        0  entry10a.o(.ARM.Collect$$$$0000000F)
    .ARM.Collect$$$$00000011                 0x080000d4   Section        0  entry11a.o(.ARM.Collect$$$$00000011)
    .ARM.Collect$$$$00002712                 0x080000d4   Section        4  entry2.o(.ARM.Collect$$$$00002712)
    __lit__00000000                          0x080000d4   Data           4  entry2.o(.ARM.Collect$$$$00002712)
    .text                                    0x080000d8   Section      104  startup_sc32f10xx.o(.text)
    .text                                    0x08000140   Section        0  uidiv.o(.text)
    .text                                    0x0800016c   Section        0  fmul.o(.text)
    .text                                    0x080001e8   Section        0  dmul.o(.text)
    .text                                    0x080002b8   Section        0  ddiv.o(.text)
    .text                                    0x080003a8   Section        0  dfltui.o(.text)
    .text                                    0x080003c4   Section        0  f2d.o(.text)
    .text                                    0x080003ec   Section       40  cdcmple.o(.text)
    .text                                    0x08000414   Section        0  d2f.o(.text)
    .text                                    0x0800044c   Section        0  llshl.o(.text)
    .text                                    0x0800046c   Section        0  llushr.o(.text)
    .text                                    0x0800048e   Section        0  fepilogue.o(.text)
    .text                                    0x0800048e   Section        0  iusefp.o(.text)
    .text                                    0x08000510   Section        0  depilogue.o(.text)
    .text                                    0x080005d0   Section       36  init.o(.text)
    i.ADC_ClearFlag                          0x080005f4   Section        0  sc32f1xxx_adc.o(i.ADC_ClearFlag)
    i.ADC_Cmd                                0x080005f8   Section        0  sc32f1xxx_adc.o(i.ADC_Cmd)
    i.ADC_DMACmd                             0x08000614   Section        0  sc32f1xxx_adc.o(i.ADC_DMACmd)
    i.ADC_GetConversionValue                 0x08000630   Section        0  sc32f1xxx_adc.o(i.ADC_GetConversionValue)
    i.ADC_GetFlagStatus                      0x08000638   Section        0  sc32f1xxx_adc.o(i.ADC_GetFlagStatus)
    i.ADC_IRQHandler                         0x0800065c   Section        0  sc_it.o(i.ADC_IRQHandler)
    i.ADC_ITConfig                           0x0800066c   Section        0  sc32f1xxx_adc.o(i.ADC_ITConfig)
    i.ADC_Init                               0x08000680   Section        0  sc32f1xxx_adc.o(i.ADC_Init)
    i.ADC_SetChannel                         0x080006a0   Section        0  sc32f1xxx_adc.o(i.ADC_SetChannel)
    i.ADC_SoftwareStartConv                  0x080006b2   Section        0  sc32f1xxx_adc.o(i.ADC_SoftwareStartConv)
    i.BTM_IRQHandler                         0x080006bc   Section        0  sc_it.o(i.BTM_IRQHandler)
    i.CMP_IRQHandler                         0x080006be   Section        0  sc_it.o(i.CMP_IRQHandler)
    i.DMA0_IRQHandler                        0x080006c0   Section        0  sc_it.o(i.DMA0_IRQHandler)
    i.DMA1_IRQHandler                        0x080006c2   Section        0  sc_it.o(i.DMA1_IRQHandler)
    i.DMA2_IRQHandler                        0x080006c4   Section        0  sc_it.o(i.DMA2_IRQHandler)
    i.DMA3_IRQHandler                        0x080006c6   Section        0  sc_it.o(i.DMA3_IRQHandler)
    i.Delay_ms                               0x080006c8   Section        0  main.o(i.Delay_ms)
    i.Delay_us                               0x080006e0   Section        0  main.o(i.Delay_us)
    i.GPIO_Init                              0x0800070c   Section        0  sc32f1xxx_gpio.o(i.GPIO_Init)
    i.GPIO_ResetBits                         0x0800077c   Section        0  sc32f1xxx_gpio.o(i.GPIO_ResetBits)
    i.GPIO_SetBits                           0x0800079e   Section        0  sc32f1xxx_gpio.o(i.GPIO_SetBits)
    i.GPIO_TogglePins                        0x080007c0   Section        0  sc32f1xxx_gpio.o(i.GPIO_TogglePins)
    i.IAP_EraseSector                        0x080007ec   Section        0  sc32f1xxx_iap.o(i.IAP_EraseSector)
    i.IAP_Lock                               0x0800081c   Section        0  sc32f1xxx_iap.o(i.IAP_Lock)
    i.IAP_ProgramWord                        0x0800082c   Section        0  sc32f1xxx_iap.o(i.IAP_ProgramWord)
    i.IAP_ReadWord                           0x0800083e   Section        0  sc32f1xxx_iap.o(i.IAP_ReadWord)
    i.IAP_Unlock                             0x08000844   Section        0  sc32f1xxx_iap.o(i.IAP_Unlock)
    i.IAP_WriteCmd                           0x08000878   Section        0  sc32f1xxx_iap.o(i.IAP_WriteCmd)
    i.INT0_IRQHandler                        0x0800089c   Section        0  sc_it.o(i.INT0_IRQHandler)
    i.INT12_15_IRQHandler                    0x0800089e   Section        0  sc_it.o(i.INT12_15_IRQHandler)
    i.INT1_7_IRQHandler                      0x080008a0   Section        0  sc_it.o(i.INT1_7_IRQHandler)
    i.INT8_11_IRQHandler                     0x080008a2   Section        0  sc_it.o(i.INT8_11_IRQHandler)
    i.IcResourceInit                         0x080008a4   Section        0  compctrldefine.o(i.IcResourceInit)
    i.LEDPWM_IRQHandler                      0x080008ac   Section        0  sc_it.o(i.LEDPWM_IRQHandler)
    i.PWM0_IRQHandler                        0x080008b0   Section        0  sc_it.o(i.PWM0_IRQHandler)
    i.PWM_ClearFlag                          0x080008c0   Section        0  sc32f1xxx_pwm.o(i.PWM_ClearFlag)
    i.PWM_Cmd                                0x080008c4   Section        0  sc32f1xxx_pwm.o(i.PWM_Cmd)
    i.PWM_FDCmd                              0x080008e0   Section        0  sc32f1xxx_pwm.o(i.PWM_FDCmd)
    i.PWM_FDInit                             0x080008fc   Section        0  sc32f1xxx_pwm.o(i.PWM_FDInit)
    i.PWM_ITConfig                           0x08000916   Section        0  sc32f1xxx_pwm.o(i.PWM_ITConfig)
    i.PWM_Init                               0x08000930   Section        0  sc32f1xxx_pwm.o(i.PWM_Init)
    i.PWM_SetDuty                            0x08000958   Section        0  sc32f1xxx_pwm.o(i.PWM_SetDuty)
    i.RCC_APB0Cmd                            0x08000980   Section        0  sc32f1xxx_rcc.o(i.RCC_APB0Cmd)
    i.RCC_APB0Config                         0x080009a8   Section        0  sc32f1xxx_rcc.o(i.RCC_APB0Config)
    i.RCC_APB0PeriphClockCmd                 0x080009c4   Section        0  sc32f1xxx_rcc.o(i.RCC_APB0PeriphClockCmd)
    i.RCC_APB2Cmd                            0x080009e4   Section        0  sc32f1xxx_rcc.o(i.RCC_APB2Cmd)
    i.RCC_APB2Config                         0x08000a0c   Section        0  sc32f1xxx_rcc.o(i.RCC_APB2Config)
    i.RCC_HCLKConfig                         0x08000a28   Section        0  sc32f1xxx_rcc.o(i.RCC_HCLKConfig)
    i.RCC_HIRCCmd                            0x08000a44   Section        0  sc32f1xxx_rcc.o(i.RCC_HIRCCmd)
    i.RCC_HXTCmd                             0x08000a74   Section        0  sc32f1xxx_rcc.o(i.RCC_HXTCmd)
    i.RCC_IRQHandler                         0x08000aa4   Section        0  sc_it.o(i.RCC_IRQHandler)
    i.RCC_ITConfig                           0x08000aa8   Section        0  sc32f1xxx_rcc.o(i.RCC_ITConfig)
    i.RCC_LIRCCmd                            0x08000adc   Section        0  sc32f1xxx_rcc.o(i.RCC_LIRCCmd)
    i.RCC_LXTCmd                             0x08000b0c   Section        0  sc32f1xxx_rcc.o(i.RCC_LXTCmd)
    i.RCC_SYSCLKConfig                       0x08000b3c   Section        0  sc32f1xxx_rcc.o(i.RCC_SYSCLKConfig)
    i.RCC_SystickCLKConfig                   0x08000c14   Section        0  sc32f1xxx_rcc.o(i.RCC_SystickCLKConfig)
    i.RCC_SystickCmd                         0x08000c5c   Section        0  sc32f1xxx_rcc.o(i.RCC_SystickCmd)
    i.RCC_SystickSetCounter                  0x08000c80   Section        0  sc32f1xxx_rcc.o(i.RCC_SystickSetCounter)
    i.RCC_Unlock                             0x08000c9c   Section        0  sc32f1xxx_rcc.o(i.RCC_Unlock)
    i.SC_ADC_Init                            0x08000cb4   Section        0  sc_init.o(i.SC_ADC_Init)
    i.SC_GPIO_Init                           0x08000d08   Section        0  sc_init.o(i.SC_GPIO_Init)
    i.SC_IAP_Init                            0x08000e58   Section        0  sc_init.o(i.SC_IAP_Init)
    i.SC_Init                                0x08000e5a   Section        0  sc_init.o(i.SC_Init)
    i.SC_OPTION_Init                         0x08000e8c   Section        0  sc_init.o(i.SC_OPTION_Init)
    i.SC_PWM0_Init                           0x08000eb0   Section        0  sc_init.o(i.SC_PWM0_Init)
    i.SC_RCC_Init                            0x08000f70   Section        0  sc_init.o(i.SC_RCC_Init)
    i.SC_SYSTICK_Init                        0x08000fc0   Section        0  sc_init.o(i.SC_SYSTICK_Init)
    i.SC_TIM1_Init                           0x08000fe8   Section        0  sc_init.o(i.SC_TIM1_Init)
    i.SC_TIM2_Init                           0x08001080   Section        0  sc_init.o(i.SC_TIM2_Init)
    i.SC_TIM3_Init                           0x08001124   Section        0  sc_init.o(i.SC_TIM3_Init)
    i.SC_TWI0_Init                           0x080011a8   Section        0  sc_init.o(i.SC_TWI0_Init)
    i.SPI0_IRQHandler                        0x0800124c   Section        0  sc_it.o(i.SPI0_IRQHandler)
    i.SPI1_IRQHandler                        0x0800124e   Section        0  sc_it.o(i.SPI1_IRQHandler)
    i.SysTick_IRQHandler                     0x08001250   Section        0  sc_it.o(i.SysTick_IRQHandler)
    i.SystemInit                             0x08001254   Section        0  system_sc32f1xxx.o(i.SystemInit)
    i.TIMER0_IRQHandler                      0x08001264   Section        0  sc_it.o(i.TIMER0_IRQHandler)
    i.TIMER1_IRQHandler                      0x08001268   Section        0  sc_it.o(i.TIMER1_IRQHandler)
    i.TIMER2_IRQHandler                      0x08001278   Section        0  sc_it.o(i.TIMER2_IRQHandler)
    i.TIMER3_IRQHandler                      0x0800127c   Section        0  sc_it.o(i.TIMER3_IRQHandler)
    i.TIMER4_5_IRQHandler                    0x08001294   Section        0  sc_it.o(i.TIMER4_5_IRQHandler)
    i.TIMER6_7_IRQHandler                    0x08001296   Section        0  sc_it.o(i.TIMER6_7_IRQHandler)
    i.TIM_ClearFlag                          0x08001298   Section        0  sc32f1xxx_tim.o(i.TIM_ClearFlag)
    i.TIM_Cmd                                0x0800129c   Section        0  sc32f1xxx_tim.o(i.TIM_Cmd)
    i.TIM_DMACmd                             0x080012b8   Section        0  sc32f1xxx_tim.o(i.TIM_DMACmd)
    i.TIM_ICCmd                              0x080012d4   Section        0  sc32f1xxx_tim.o(i.TIM_ICCmd)
    i.TIM_ICInit                             0x080012f0   Section        0  sc32f1xxx_tim.o(i.TIM_ICInit)
    i.TIM_ITConfig                           0x08001338   Section        0  sc32f1xxx_tim.o(i.TIM_ITConfig)
    i.TIM_PWMInit                            0x08001354   Section        0  sc32f1xxx_tim.o(i.TIM_PWMInit)
    i.TIM_PWMSetDuty                         0x080013b8   Section        0  sc32f1xxx_tim.o(i.TIM_PWMSetDuty)
    i.TIM_PinRemapConfig                     0x080013e4   Section        0  sc32f1xxx_tim.o(i.TIM_PinRemapConfig)
    i.TIM_TIMBaseInit                        0x08001400   Section        0  sc32f1xxx_tim.o(i.TIM_TIMBaseInit)
    i.TK_GetBaseLineAdjustValue              0x08001428   Section        0  tkdriver.o(i.TK_GetBaseLineAdjustValue)
    i.TK_GetCfgMsg                           0x08001434   Section        0  tkdriver.o(i.TK_GetCfgMsg)
    i.TK_GetScanTimeValue                    0x080014a0   Section        0  tkdriver.o(i.TK_GetScanTimeValue)
    i.TK_IRQHandler                          0x080014b4   Section        0  tkdriver.o(i.TK_IRQHandler)
    i.TK_TouchKey_Service                    0x080014bc   Section        0  sc32f10xx_tk_functionresource.o(i.TK_TouchKey_Service)
    i.TWI0_IRQHandler                        0x08001604   Section        0  sc_it.o(i.TWI0_IRQHandler)
    i.TWI1_IRQHandler                        0x08001606   Section        0  sc_it.o(i.TWI1_IRQHandler)
    i.TWI_Cmd                                0x08001608   Section        0  sc32f1xxx_twi.o(i.TWI_Cmd)
    i.TWI_DMACmd                             0x08001624   Section        0  sc32f1xxx_twi.o(i.TWI_DMACmd)
    i.TWI_ITConfig                           0x0800163e   Section        0  sc32f1xxx_twi.o(i.TWI_ITConfig)
    i.TWI_Init                               0x08001658   Section        0  sc32f1xxx_twi.o(i.TWI_Init)
    i.TWI_PinRemapConfig                     0x0800168c   Section        0  sc32f1xxx_twi.o(i.TWI_PinRemapConfig)
    i.UART0_2_IRQHandler                     0x080016b4   Section        0  sc_it.o(i.UART0_2_IRQHandler)
    i.UART1_3_IRQHandler                     0x080016b6   Section        0  sc_it.o(i.UART1_3_IRQHandler)
    i.__ARM_clz                              0x080016b8   Section        0  depilogue.o(i.__ARM_clz)
    i.__ARM_common_switch8                   0x080016e6   Section        0  main.o(i.__ARM_common_switch8)
    i.__NVIC_EnableIRQ                       0x08001704   Section        0  sc_init.o(i.__NVIC_EnableIRQ)
    __NVIC_EnableIRQ                         0x08001705   Thumb Code    18  sc_init.o(i.__NVIC_EnableIRQ)
    i.__NVIC_SetPriority                     0x0800171c   Section        0  sc_init.o(i.__NVIC_SetPriority)
    __NVIC_SetPriority                       0x0800171d   Thumb Code   110  sc_init.o(i.__NVIC_SetPriority)
    i.__scatterload_copy                     0x08001794   Section       14  handlers.o(i.__scatterload_copy)
    i.__scatterload_null                     0x080017a2   Section        2  handlers.o(i.__scatterload_null)
    i.__scatterload_zeroinit                 0x080017a4   Section       14  handlers.o(i.__scatterload_zeroinit)
    i.adcToVoltage                           0x080017b4   Section        0  adc_iap.o(i.adcToVoltage)
    i.checkPowerLoss                         0x080017e8   Section        0  adc_iap.o(i.checkPowerLoss)
    i.initIAP                                0x0800181c   Section        0  adc_iap.o(i.initIAP)
    i.loadAlarmSettings                      0x08001844   Section        0  adc_iap.o(i.loadAlarmSettings)
    i.main                                   0x080018d0   Section        0  main.o(i.main)
    i.readADC                                0x080019b4   Section        0  adc_iap.o(i.readADC)
    .constdata                               0x080019e8   Section      148  tkdriver.o(.constdata)
    .data                                    0x20000000   Section       37  main.o(.data)
    abc                                      0x20000024   Data           1  main.o(.data)
    .data                                    0x20000026   Section      129  tkdriver.o(.data)
    .data                                    0x200000a8   Section       25  sc32f10xx_tk_functionresource.o(.data)
    InitSensorCnt                            0x200000c0   Data           1  sc32f10xx_tk_functionresource.o(.data)
    .bss                                     0x200000c4   Section       64  tkdriver.o(.bss)
    STACK                                    0x20000108   Section     1024  startup_sc32f10xx.o(STACK)

    Global Symbols

    Symbol Name                              Value     Ov Type        Size  Object(Section)

    BuildAttributes$$THM_ISAv3M$S$PE$A:L22$X:L11$S22$IEEE1$IW$USESV6$~STKCKD$USESV7$~SHL$OTIME$ROPI$EBA8$MICROLIB$REQ8$PRES8$EABIv2 0x00000000   Number         0  anon$$obj.o ABSOLUTE
    __ARM_use_no_argv                        0x00000000   Number         0  main.o ABSOLUTE
    __arm_fini_                               - Undefined Weak Reference
    __cpp_initialize__aeabi_                  - Undefined Weak Reference
    __cxa_finalize                            - Undefined Weak Reference
    __decompress                              - Undefined Weak Reference
    _clock_init                               - Undefined Weak Reference
    _microlib_exit                            - Undefined Weak Reference
    __Vectors_Size                           0x000000c0   Number         0  startup_sc32f10xx.o ABSOLUTE
    __Vectors                                0x08000000   Data           4  startup_sc32f10xx.o(RESET)
    __Vectors_End                            0x080000c0   Data           0  startup_sc32f10xx.o(RESET)
    __main                                   0x080000c1   Thumb Code     0  entry.o(.ARM.Collect$$$$00000000)
    _main_stk                                0x080000c1   Thumb Code     0  entry2.o(.ARM.Collect$$$$00000001)
    _main_scatterload                        0x080000c5   Thumb Code     0  entry5.o(.ARM.Collect$$$$00000004)
    __main_after_scatterload                 0x080000c9   Thumb Code     0  entry5.o(.ARM.Collect$$$$00000004)
    _main_clock                              0x080000c9   Thumb Code     0  entry7b.o(.ARM.Collect$$$$00000008)
    _main_cpp_init                           0x080000c9   Thumb Code     0  entry8b.o(.ARM.Collect$$$$0000000A)
    _main_init                               0x080000c9   Thumb Code     0  entry9a.o(.ARM.Collect$$$$0000000B)
    __rt_lib_shutdown_fini                   0x080000d1   Thumb Code     0  entry12b.o(.ARM.Collect$$$$0000000E)
    __rt_final_cpp                           0x080000d5   Thumb Code     0  entry10a.o(.ARM.Collect$$$$0000000F)
    __rt_final_exit                          0x080000d5   Thumb Code     0  entry11a.o(.ARM.Collect$$$$00000011)
    Reset_Handler                            0x080000d9   Thumb Code    38  startup_sc32f10xx.o(.text)
    NMI_Handler                              0x080000ff   Thumb Code     2  startup_sc32f10xx.o(.text)
    HardFault_Handler                        0x08000101   Thumb Code     2  startup_sc32f10xx.o(.text)
    MemManage_Handler                        0x08000103   Thumb Code     2  startup_sc32f10xx.o(.text)
    BusFault_Handler                         0x08000105   Thumb Code     2  startup_sc32f10xx.o(.text)
    UsageFault_Handler                       0x08000107   Thumb Code     2  startup_sc32f10xx.o(.text)
    SVC_Handler                              0x08000109   Thumb Code     2  startup_sc32f10xx.o(.text)
    DebugMon_Handler                         0x0800010b   Thumb Code     2  startup_sc32f10xx.o(.text)
    PendSV_Handler                           0x0800010d   Thumb Code     2  startup_sc32f10xx.o(.text)
    __aeabi_uidiv                            0x08000141   Thumb Code     0  uidiv.o(.text)
    __aeabi_uidivmod                         0x08000141   Thumb Code    44  uidiv.o(.text)
    __aeabi_fmul                             0x0800016d   Thumb Code   122  fmul.o(.text)
    __aeabi_dmul                             0x080001e9   Thumb Code   202  dmul.o(.text)
    __aeabi_ddiv                             0x080002b9   Thumb Code   234  ddiv.o(.text)
    __aeabi_ui2d                             0x080003a9   Thumb Code    24  dfltui.o(.text)
    __aeabi_f2d                              0x080003c5   Thumb Code    40  f2d.o(.text)
    __aeabi_cdcmpeq                          0x080003ed   Thumb Code     0  cdcmple.o(.text)
    __aeabi_cdcmple                          0x080003ed   Thumb Code    38  cdcmple.o(.text)
    __aeabi_d2f                              0x08000415   Thumb Code    56  d2f.o(.text)
    __aeabi_llsl                             0x0800044d   Thumb Code    32  llshl.o(.text)
    _ll_shift_l                              0x0800044d   Thumb Code     0  llshl.o(.text)
    __aeabi_llsr                             0x0800046d   Thumb Code    34  llushr.o(.text)
    _ll_ushift_r                             0x0800046d   Thumb Code     0  llushr.o(.text)
    __I$use$fp                               0x0800048f   Thumb Code     0  iusefp.o(.text)
    _float_round                             0x0800048f   Thumb Code    16  fepilogue.o(.text)
    _float_epilogue                          0x0800049f   Thumb Code   114  fepilogue.o(.text)
    _double_round                            0x08000511   Thumb Code    26  depilogue.o(.text)
    _double_epilogue                         0x0800052b   Thumb Code   164  depilogue.o(.text)
    __scatterload                            0x080005d1   Thumb Code    28  init.o(.text)
    __scatterload_rt2                        0x080005d1   Thumb Code     0  init.o(.text)
    ADC_ClearFlag                            0x080005f5   Thumb Code     4  sc32f1xxx_adc.o(i.ADC_ClearFlag)
    ADC_Cmd                                  0x080005f9   Thumb Code    28  sc32f1xxx_adc.o(i.ADC_Cmd)
    ADC_DMACmd                               0x08000615   Thumb Code    28  sc32f1xxx_adc.o(i.ADC_DMACmd)
    ADC_GetConversionValue                   0x08000631   Thumb Code     8  sc32f1xxx_adc.o(i.ADC_GetConversionValue)
    ADC_GetFlagStatus                        0x08000639   Thumb Code    32  sc32f1xxx_adc.o(i.ADC_GetFlagStatus)
    ADC_IRQHandler                           0x0800065d   Thumb Code    12  sc_it.o(i.ADC_IRQHandler)
    ADC_ITConfig                             0x0800066d   Thumb Code    20  sc32f1xxx_adc.o(i.ADC_ITConfig)
    ADC_Init                                 0x08000681   Thumb Code    28  sc32f1xxx_adc.o(i.ADC_Init)
    ADC_SetChannel                           0x080006a1   Thumb Code    18  sc32f1xxx_adc.o(i.ADC_SetChannel)
    ADC_SoftwareStartConv                    0x080006b3   Thumb Code    10  sc32f1xxx_adc.o(i.ADC_SoftwareStartConv)
    BTM_IRQHandler                           0x080006bd   Thumb Code     2  sc_it.o(i.BTM_IRQHandler)
    CMP_IRQHandler                           0x080006bf   Thumb Code     2  sc_it.o(i.CMP_IRQHandler)
    DMA0_IRQHandler                          0x080006c1   Thumb Code     2  sc_it.o(i.DMA0_IRQHandler)
    DMA1_IRQHandler                          0x080006c3   Thumb Code     2  sc_it.o(i.DMA1_IRQHandler)
    DMA2_IRQHandler                          0x080006c5   Thumb Code     2  sc_it.o(i.DMA2_IRQHandler)
    DMA3_IRQHandler                          0x080006c7   Thumb Code     2  sc_it.o(i.DMA3_IRQHandler)
    Delay_ms                                 0x080006c9   Thumb Code    24  main.o(i.Delay_ms)
    Delay_us                                 0x080006e1   Thumb Code    38  main.o(i.Delay_us)
    GPIO_Init                                0x0800070d   Thumb Code   112  sc32f1xxx_gpio.o(i.GPIO_Init)
    GPIO_ResetBits                           0x0800077d   Thumb Code    34  sc32f1xxx_gpio.o(i.GPIO_ResetBits)
    GPIO_SetBits                             0x0800079f   Thumb Code    34  sc32f1xxx_gpio.o(i.GPIO_SetBits)
    GPIO_TogglePins                          0x080007c1   Thumb Code    44  sc32f1xxx_gpio.o(i.GPIO_TogglePins)
    IAP_EraseSector                          0x080007ed   Thumb Code    44  sc32f1xxx_iap.o(i.IAP_EraseSector)
    IAP_Lock                                 0x0800081d   Thumb Code    10  sc32f1xxx_iap.o(i.IAP_Lock)
    IAP_ProgramWord                          0x0800082d   Thumb Code    18  sc32f1xxx_iap.o(i.IAP_ProgramWord)
    IAP_ReadWord                             0x0800083f   Thumb Code     6  sc32f1xxx_iap.o(i.IAP_ReadWord)
    IAP_Unlock                               0x08000845   Thumb Code    38  sc32f1xxx_iap.o(i.IAP_Unlock)
    IAP_WriteCmd                             0x08000879   Thumb Code    32  sc32f1xxx_iap.o(i.IAP_WriteCmd)
    INT0_IRQHandler                          0x0800089d   Thumb Code     2  sc_it.o(i.INT0_IRQHandler)
    INT12_15_IRQHandler                      0x0800089f   Thumb Code     2  sc_it.o(i.INT12_15_IRQHandler)
    INT1_7_IRQHandler                        0x080008a1   Thumb Code     2  sc_it.o(i.INT1_7_IRQHandler)
    INT8_11_IRQHandler                       0x080008a3   Thumb Code     2  sc_it.o(i.INT8_11_IRQHandler)
    IcResourceInit                           0x080008a5   Thumb Code     8  compctrldefine.o(i.IcResourceInit)
    LEDPWM_IRQHandler                        0x080008ad   Thumb Code     2  sc_it.o(i.LEDPWM_IRQHandler)
    PWM0_IRQHandler                          0x080008b1   Thumb Code    12  sc_it.o(i.PWM0_IRQHandler)
    PWM_ClearFlag                            0x080008c1   Thumb Code     4  sc32f1xxx_pwm.o(i.PWM_ClearFlag)
    PWM_Cmd                                  0x080008c5   Thumb Code    24  sc32f1xxx_pwm.o(i.PWM_Cmd)
    PWM_FDCmd                                0x080008e1   Thumb Code    24  sc32f1xxx_pwm.o(i.PWM_FDCmd)
    PWM_FDInit                               0x080008fd   Thumb Code    26  sc32f1xxx_pwm.o(i.PWM_FDInit)
    PWM_ITConfig                             0x08000917   Thumb Code    26  sc32f1xxx_pwm.o(i.PWM_ITConfig)
    PWM_Init                                 0x08000931   Thumb Code    40  sc32f1xxx_pwm.o(i.PWM_Init)
    PWM_SetDuty                              0x08000959   Thumb Code    38  sc32f1xxx_pwm.o(i.PWM_SetDuty)
    RCC_APB0Cmd                              0x08000981   Thumb Code    36  sc32f1xxx_rcc.o(i.RCC_APB0Cmd)
    RCC_APB0Config                           0x080009a9   Thumb Code    24  sc32f1xxx_rcc.o(i.RCC_APB0Config)
    RCC_APB0PeriphClockCmd                   0x080009c5   Thumb Code    28  sc32f1xxx_rcc.o(i.RCC_APB0PeriphClockCmd)
    RCC_APB2Cmd                              0x080009e5   Thumb Code    36  sc32f1xxx_rcc.o(i.RCC_APB2Cmd)
    RCC_APB2Config                           0x08000a0d   Thumb Code    24  sc32f1xxx_rcc.o(i.RCC_APB2Config)
    RCC_HCLKConfig                           0x08000a29   Thumb Code    24  sc32f1xxx_rcc.o(i.RCC_HCLKConfig)
    RCC_HIRCCmd                              0x08000a45   Thumb Code    42  sc32f1xxx_rcc.o(i.RCC_HIRCCmd)
    RCC_HXTCmd                               0x08000a75   Thumb Code    42  sc32f1xxx_rcc.o(i.RCC_HXTCmd)
    RCC_IRQHandler                           0x08000aa5   Thumb Code     2  sc_it.o(i.RCC_IRQHandler)
    RCC_ITConfig                             0x08000aa9   Thumb Code    46  sc32f1xxx_rcc.o(i.RCC_ITConfig)
    RCC_LIRCCmd                              0x08000add   Thumb Code    42  sc32f1xxx_rcc.o(i.RCC_LIRCCmd)
    RCC_LXTCmd                               0x08000b0d   Thumb Code    42  sc32f1xxx_rcc.o(i.RCC_LXTCmd)
    RCC_SYSCLKConfig                         0x08000b3d   Thumb Code   206  sc32f1xxx_rcc.o(i.RCC_SYSCLKConfig)
    RCC_SystickCLKConfig                     0x08000c15   Thumb Code    62  sc32f1xxx_rcc.o(i.RCC_SystickCLKConfig)
    RCC_SystickCmd                           0x08000c5d   Thumb Code    32  sc32f1xxx_rcc.o(i.RCC_SystickCmd)
    RCC_SystickSetCounter                    0x08000c81   Thumb Code    18  sc32f1xxx_rcc.o(i.RCC_SystickSetCounter)
    RCC_Unlock                               0x08000c9d   Thumb Code    18  sc32f1xxx_rcc.o(i.RCC_Unlock)
    SC_ADC_Init                              0x08000cb5   Thumb Code    80  sc_init.o(i.SC_ADC_Init)
    SC_GPIO_Init                             0x08000d09   Thumb Code   324  sc_init.o(i.SC_GPIO_Init)
    SC_IAP_Init                              0x08000e59   Thumb Code     2  sc_init.o(i.SC_IAP_Init)
    SC_Init                                  0x08000e5b   Thumb Code    48  sc_init.o(i.SC_Init)
    SC_OPTION_Init                           0x08000e8d   Thumb Code    28  sc_init.o(i.SC_OPTION_Init)
    SC_PWM0_Init                             0x08000eb1   Thumb Code   186  sc_init.o(i.SC_PWM0_Init)
    SC_RCC_Init                              0x08000f71   Thumb Code    76  sc_init.o(i.SC_RCC_Init)
    SC_SYSTICK_Init                          0x08000fc1   Thumb Code    38  sc_init.o(i.SC_SYSTICK_Init)
    SC_TIM1_Init                             0x08000fe9   Thumb Code   148  sc_init.o(i.SC_TIM1_Init)
    SC_TIM2_Init                             0x08001081   Thumb Code   156  sc_init.o(i.SC_TIM2_Init)
    SC_TIM3_Init                             0x08001125   Thumb Code   126  sc_init.o(i.SC_TIM3_Init)
    SC_TWI0_Init                             0x080011a9   Thumb Code   154  sc_init.o(i.SC_TWI0_Init)
    SPI0_IRQHandler                          0x0800124d   Thumb Code     2  sc_it.o(i.SPI0_IRQHandler)
    SPI1_IRQHandler                          0x0800124f   Thumb Code     2  sc_it.o(i.SPI1_IRQHandler)
    SysTick_IRQHandler                       0x08001251   Thumb Code     2  sc_it.o(i.SysTick_IRQHandler)
    SystemInit                               0x08001255   Thumb Code    10  system_sc32f1xxx.o(i.SystemInit)
    TIMER0_IRQHandler                        0x08001265   Thumb Code     2  sc_it.o(i.TIMER0_IRQHandler)
    TIMER1_IRQHandler                        0x08001269   Thumb Code    12  sc_it.o(i.TIMER1_IRQHandler)
    TIMER2_IRQHandler                        0x08001279   Thumb Code     2  sc_it.o(i.TIMER2_IRQHandler)
    TIMER3_IRQHandler                        0x0800127d   Thumb Code    18  sc_it.o(i.TIMER3_IRQHandler)
    TIMER4_5_IRQHandler                      0x08001295   Thumb Code     2  sc_it.o(i.TIMER4_5_IRQHandler)
    TIMER6_7_IRQHandler                      0x08001297   Thumb Code     2  sc_it.o(i.TIMER6_7_IRQHandler)
    TIM_ClearFlag                            0x08001299   Thumb Code     4  sc32f1xxx_tim.o(i.TIM_ClearFlag)
    TIM_Cmd                                  0x0800129d   Thumb Code    24  sc32f1xxx_tim.o(i.TIM_Cmd)
    TIM_DMACmd                               0x080012b9   Thumb Code    26  sc32f1xxx_tim.o(i.TIM_DMACmd)
    TIM_ICCmd                                0x080012d5   Thumb Code    24  sc32f1xxx_tim.o(i.TIM_ICCmd)
    TIM_ICInit                               0x080012f1   Thumb Code    66  sc32f1xxx_tim.o(i.TIM_ICInit)
    TIM_ITConfig                             0x08001339   Thumb Code    26  sc32f1xxx_tim.o(i.TIM_ITConfig)
    TIM_PWMInit                              0x08001355   Thumb Code    94  sc32f1xxx_tim.o(i.TIM_PWMInit)
    TIM_PWMSetDuty                           0x080013b9   Thumb Code    40  sc32f1xxx_tim.o(i.TIM_PWMSetDuty)
    TIM_PinRemapConfig                       0x080013e5   Thumb Code    26  sc32f1xxx_tim.o(i.TIM_PinRemapConfig)
    TIM_TIMBaseInit                          0x08001401   Thumb Code    36  sc32f1xxx_tim.o(i.TIM_TIMBaseInit)
    TK_GetBaseLineAdjustValue                0x08001429   Thumb Code     8  tkdriver.o(i.TK_GetBaseLineAdjustValue)
    TK_GetCfgMsg                             0x08001435   Thumb Code   100  tkdriver.o(i.TK_GetCfgMsg)
    TK_GetScanTimeValue                      0x080014a1   Thumb Code    14  tkdriver.o(i.TK_GetScanTimeValue)
    TK_IRQHandler                            0x080014b5   Thumb Code     8  tkdriver.o(i.TK_IRQHandler)
    TK_TouchKey_Service                      0x080014bd   Thumb Code   300  sc32f10xx_tk_functionresource.o(i.TK_TouchKey_Service)
    TWI0_IRQHandler                          0x08001605   Thumb Code     2  sc_it.o(i.TWI0_IRQHandler)
    TWI1_IRQHandler                          0x08001607   Thumb Code     2  sc_it.o(i.TWI1_IRQHandler)
    TWI_Cmd                                  0x08001609   Thumb Code    24  sc32f1xxx_twi.o(i.TWI_Cmd)
    TWI_DMACmd                               0x08001625   Thumb Code    26  sc32f1xxx_twi.o(i.TWI_DMACmd)
    TWI_ITConfig                             0x0800163f   Thumb Code    26  sc32f1xxx_twi.o(i.TWI_ITConfig)
    TWI_Init                                 0x08001659   Thumb Code    48  sc32f1xxx_twi.o(i.TWI_Init)
    TWI_PinRemapConfig                       0x0800168d   Thumb Code    36  sc32f1xxx_twi.o(i.TWI_PinRemapConfig)
    UART0_2_IRQHandler                       0x080016b5   Thumb Code     2  sc_it.o(i.UART0_2_IRQHandler)
    UART1_3_IRQHandler                       0x080016b7   Thumb Code     2  sc_it.o(i.UART1_3_IRQHandler)
    __ARM_clz                                0x080016b9   Thumb Code    46  depilogue.o(i.__ARM_clz)
    __ARM_common_switch8                     0x080016e7   Thumb Code    28  main.o(i.__ARM_common_switch8)
    __scatterload_copy                       0x08001795   Thumb Code    14  handlers.o(i.__scatterload_copy)
    __scatterload_null                       0x080017a3   Thumb Code     2  handlers.o(i.__scatterload_null)
    __scatterload_zeroinit                   0x080017a5   Thumb Code    14  handlers.o(i.__scatterload_zeroinit)
    adcToVoltage                             0x080017b5   Thumb Code    40  adc_iap.o(i.adcToVoltage)
    checkPowerLoss                           0x080017e9   Thumb Code    46  adc_iap.o(i.checkPowerLoss)
    initIAP                                  0x0800181d   Thumb Code    32  adc_iap.o(i.initIAP)
    loadAlarmSettings                        0x08001845   Thumb Code   126  adc_iap.o(i.loadAlarmSettings)
    main                                     0x080018d1   Thumb Code   198  main.o(i.main)
    readADC                                  0x080019b5   Thumb Code    46  adc_iap.o(i.readADC)
    TKCFG                                    0x080019e8   Data          68  tkdriver.o(.constdata)
    TKChannelCfg                             0x08001a2c   Data          80  tkdriver.o(.constdata)
    Region$$Table$$Base                      0x08001a7c   Number         0  anon$$obj.o(Region$$Table)
    Region$$Table$$Limit                     0x08001a9c   Number         0  anon$$obj.o(Region$$Table)
    ADC_value1                               0x20000000   Data           2  main.o(.data)
    ADC_value2                               0x20000002   Data           2  main.o(.data)
    Channel                                  0x20000004   Data           1  main.o(.data)
    Voltage                                  0x20000008   Data           4  main.o(.data)
    LED                                      0x2000000c   Data           3  main.o(.data)
    exKeyValue                               0x2000000f   Data           1  main.o(.data)
    gTkIsValid                               0x20000010   Data           1  main.o(.data)
    Task_state                               0x20000011   Data           1  main.o(.data)
    TK_exKeyValueFlag                        0x20000014   Data           4  main.o(.data)
    first_Press                              0x20000018   Data           1  main.o(.data)
    cnt                                      0x20000019   Data           1  main.o(.data)
    b                                        0x2000001a   Data           1  main.o(.data)
    tim_cnt1                                 0x2000001c   Data           4  main.o(.data)
    tim_cnt2                                 0x20000020   Data           4  main.o(.data)
    TK_TouchKeyStatus                        0x20000026   Data           1  tkdriver.o(.data)
    CurrentChannel                           0x20000027   Data           8  tkdriver.o(.data)
    RestAreaCnt                              0x2000002f   Data           8  tkdriver.o(.data)
    TouchCnt                                 0x20000037   Data           8  tkdriver.o(.data)
    NoTouchCnt                               0x2000003f   Data           8  tkdriver.o(.data)
    LowFingerDataCnt                         0x20000047   Data           8  tkdriver.o(.data)
    FloatAreaCnt                             0x2000004f   Data           8  tkdriver.o(.data)
    SingleParameterBufferSet                 0x20000057   Data           8  tkdriver.o(.data)
    CombineParameterBufferSet                0x2000005f   Data           8  tkdriver.o(.data)
    ConfirmTouchCnt                          0x20000067   Data           1  tkdriver.o(.data)
    SetNoiseThreshold                        0x20000068   Data           1  tkdriver.o(.data)
    MultipleDealTpye                         0x20000069   Data           1  tkdriver.o(.data)
    UpdateBaseLNum                           0x2000006a   Data           2  tkdriver.o(.data)
    MultipleLNum                             0x2000006c   Data           2  tkdriver.o(.data)
    TKSlideModulePCBArray                    0x2000006e   Data          54  tkdriver.o(.data)
    CFG_OVERLOW_MAX_COUNT                    0x200000a4   Data           1  tkdriver.o(.data)
    CFG_RESET_BASELINE_CNT                   0x200000a5   Data           1  tkdriver.o(.data)
    CFG_CYCLE_CNT                            0x200000a6   Data           1  tkdriver.o(.data)
    SingleCurrentChannelMax                  0x200000a8   Data           1  sc32f10xx_tk_functionresource.o(.data)
    KeyFlag                                  0x200000ac   Data           4  sc32f10xx_tk_functionresource.o(.data)
    KeyMark                                  0x200000b0   Data           4  sc32f10xx_tk_functionresource.o(.data)
    UsingTKSlideModuleNumber                 0x200000b4   Data           1  sc32f10xx_tk_functionresource.o(.data)
    CurrentIndex                             0x200000b5   Data           1  sc32f10xx_tk_functionresource.o(.data)
    ScanTime                                 0x200000b6   Data           2  sc32f10xx_tk_functionresource.o(.data)
    IsInNosicValue                           0x200000b8   Data           1  sc32f10xx_tk_functionresource.o(.data)
    bMultiple                                0x200000b9   Data           1  sc32f10xx_tk_functionresource.o(.data)
    bNeedUpdate                              0x200000ba   Data           1  sc32f10xx_tk_functionresource.o(.data)
    MultipleDealIndex                        0x200000bb   Data           1  sc32f10xx_tk_functionresource.o(.data)
    FlowFingerRoundIndex                     0x200000bc   Data           1  sc32f10xx_tk_functionresource.o(.data)
    FlowFingerRoundCnt                       0x200000be   Data           2  sc32f10xx_tk_functionresource.o(.data)
    DifferAccum                              0x200000c4   Data          16  tkdriver.o(.bss)
    SingleChannelsBaseLineUpdatePar          0x200000d4   Data          48  tkdriver.o(.bss)
    __initial_sp                             0x20000508   Data           0  startup_sc32f10xx.o(STACK)



==============================================================================

Memory Map of the image

  Image Entry point : 0x080000c1

  Load Region LR_IROM1 (Base: 0x08000000, Size: 0x00001b60, Max: 0x00040000, ABSOLUTE)

    Execution Region ER_IROM1 (Exec base: 0x08000000, Load base: 0x08000000, Size: 0x00001a9c, Max: 0x00040000, ABSOLUTE)

    Exec Addr    Load Addr    Size         Type   Attr      Idx    E Section Name        Object

    0x08000000   0x08000000   0x000000c0   Data   RO         1949    RESET               startup_sc32f10xx.o
    0x080000c0   0x080000c0   0x00000000   Code   RO         2374  * .ARM.Collect$$$$00000000  mc_p.l(entry.o)
    0x080000c0   0x080000c0   0x00000004   Code   RO         2417    .ARM.Collect$$$$00000001  mc_p.l(entry2.o)
    0x080000c4   0x080000c4   0x00000004   Code   RO         2420    .ARM.Collect$$$$00000004  mc_p.l(entry5.o)
    0x080000c8   0x080000c8   0x00000000   Code   RO         2422    .ARM.Collect$$$$00000008  mc_p.l(entry7b.o)
    0x080000c8   0x080000c8   0x00000000   Code   RO         2424    .ARM.Collect$$$$0000000A  mc_p.l(entry8b.o)
    0x080000c8   0x080000c8   0x00000008   Code   RO         2425    .ARM.Collect$$$$0000000B  mc_p.l(entry9a.o)
    0x080000d0   0x080000d0   0x00000004   Code   RO         2432    .ARM.Collect$$$$0000000E  mc_p.l(entry12b.o)
    0x080000d4   0x080000d4   0x00000000   Code   RO         2427    .ARM.Collect$$$$0000000F  mc_p.l(entry10a.o)
    0x080000d4   0x080000d4   0x00000000   Code   RO         2429    .ARM.Collect$$$$00000011  mc_p.l(entry11a.o)
    0x080000d4   0x080000d4   0x00000004   Code   RO         2418    .ARM.Collect$$$$00002712  mc_p.l(entry2.o)
    0x080000d8   0x080000d8   0x00000068   Code   RO         1950    .text               startup_sc32f10xx.o
    0x08000140   0x08000140   0x0000002c   Code   RO         2377    .text               mc_p.l(uidiv.o)
    0x0800016c   0x0800016c   0x0000007a   Code   RO         2383    .text               mf_p.l(fmul.o)
    0x080001e6   0x080001e6   0x00000002   PAD
    0x080001e8   0x080001e8   0x000000d0   Code   RO         2389    .text               mf_p.l(dmul.o)
    0x080002b8   0x080002b8   0x000000f0   Code   RO         2391    .text               mf_p.l(ddiv.o)
    0x080003a8   0x080003a8   0x0000001c   Code   RO         2399    .text               mf_p.l(dfltui.o)
    0x080003c4   0x080003c4   0x00000028   Code   RO         2407    .text               mf_p.l(f2d.o)
    0x080003ec   0x080003ec   0x00000028   Code   RO         2409    .text               mf_p.l(cdcmple.o)
    0x08000414   0x08000414   0x00000038   Code   RO         2411    .text               mf_p.l(d2f.o)
    0x0800044c   0x0800044c   0x00000020   Code   RO         2433    .text               mc_p.l(llshl.o)
    0x0800046c   0x0800046c   0x00000022   Code   RO         2435    .text               mc_p.l(llushr.o)
    0x0800048e   0x0800048e   0x00000000   Code   RO         2439    .text               mc_p.l(iusefp.o)
    0x0800048e   0x0800048e   0x00000082   Code   RO         2440    .text               mf_p.l(fepilogue.o)
    0x08000510   0x08000510   0x000000be   Code   RO         2442    .text               mf_p.l(depilogue.o)
    0x080005ce   0x080005ce   0x00000002   PAD
    0x080005d0   0x080005d0   0x00000024   Code   RO         2446    .text               mc_p.l(init.o)
    0x080005f4   0x080005f4   0x00000004   Code   RO         1244    i.ADC_ClearFlag     sc32f1xxx_adc.o
    0x080005f8   0x080005f8   0x0000001c   Code   RO         1245    i.ADC_Cmd           sc32f1xxx_adc.o
    0x08000614   0x08000614   0x0000001c   Code   RO         1247    i.ADC_DMACmd        sc32f1xxx_adc.o
    0x08000630   0x08000630   0x00000008   Code   RO         1250    i.ADC_GetConversionValue  sc32f1xxx_adc.o
    0x08000638   0x08000638   0x00000024   Code   RO         1251    i.ADC_GetFlagStatus  sc32f1xxx_adc.o
    0x0800065c   0x0800065c   0x00000010   Code   RO          223    i.ADC_IRQHandler    sc_it.o
    0x0800066c   0x0800066c   0x00000014   Code   RO         1252    i.ADC_ITConfig      sc32f1xxx_adc.o
    0x08000680   0x08000680   0x00000020   Code   RO         1253    i.ADC_Init          sc32f1xxx_adc.o
    0x080006a0   0x080006a0   0x00000012   Code   RO         1254    i.ADC_SetChannel    sc32f1xxx_adc.o
    0x080006b2   0x080006b2   0x0000000a   Code   RO         1255    i.ADC_SoftwareStartConv  sc32f1xxx_adc.o
    0x080006bc   0x080006bc   0x00000002   Code   RO          224    i.BTM_IRQHandler    sc_it.o
    0x080006be   0x080006be   0x00000002   Code   RO          228    i.CMP_IRQHandler    sc_it.o
    0x080006c0   0x080006c0   0x00000002   Code   RO          229    i.DMA0_IRQHandler   sc_it.o
    0x080006c2   0x080006c2   0x00000002   Code   RO          230    i.DMA1_IRQHandler   sc_it.o
    0x080006c4   0x080006c4   0x00000002   Code   RO          231    i.DMA2_IRQHandler   sc_it.o
    0x080006c6   0x080006c6   0x00000002   Code   RO          232    i.DMA3_IRQHandler   sc_it.o
    0x080006c8   0x080006c8   0x00000018   Code   RO            4    i.Delay_ms          main.o
    0x080006e0   0x080006e0   0x0000002c   Code   RO            5    i.Delay_us          main.o
    0x0800070c   0x0800070c   0x00000070   Code   RO         1876    i.GPIO_Init         sc32f1xxx_gpio.o
    0x0800077c   0x0800077c   0x00000022   Code   RO         1879    i.GPIO_ResetBits    sc32f1xxx_gpio.o
    0x0800079e   0x0800079e   0x00000022   Code   RO         1880    i.GPIO_SetBits      sc32f1xxx_gpio.o
    0x080007c0   0x080007c0   0x0000002c   Code   RO         1882    i.GPIO_TogglePins   sc32f1xxx_gpio.o
    0x080007ec   0x080007ec   0x00000030   Code   RO          964    i.IAP_EraseSector   sc32f1xxx_iap.o
    0x0800081c   0x0800081c   0x00000010   Code   RO          965    i.IAP_Lock          sc32f1xxx_iap.o
    0x0800082c   0x0800082c   0x00000012   Code   RO          970    i.IAP_ProgramWord   sc32f1xxx_iap.o
    0x0800083e   0x0800083e   0x00000006   Code   RO          976    i.IAP_ReadWord      sc32f1xxx_iap.o
    0x08000844   0x08000844   0x00000034   Code   RO          979    i.IAP_Unlock        sc32f1xxx_iap.o
    0x08000878   0x08000878   0x00000024   Code   RO          980    i.IAP_WriteCmd      sc32f1xxx_iap.o
    0x0800089c   0x0800089c   0x00000002   Code   RO          234    i.INT0_IRQHandler   sc_it.o
    0x0800089e   0x0800089e   0x00000002   Code   RO          235    i.INT12_15_IRQHandler  sc_it.o
    0x080008a0   0x080008a0   0x00000002   Code   RO          236    i.INT1_7_IRQHandler  sc_it.o
    0x080008a2   0x080008a2   0x00000002   Code   RO          237    i.INT8_11_IRQHandler  sc_it.o
    0x080008a4   0x080008a4   0x00000008   Code   RO          882    i.IcResourceInit    compctrldefine.o
    0x080008ac   0x080008ac   0x00000002   Code   RO          238    i.LEDPWM_IRQHandler  sc_it.o
    0x080008ae   0x080008ae   0x00000002   PAD
    0x080008b0   0x080008b0   0x00000010   Code   RO          241    i.PWM0_IRQHandler   sc_it.o
    0x080008c0   0x080008c0   0x00000004   Code   RO         1336    i.PWM_ClearFlag     sc32f1xxx_pwm.o
    0x080008c4   0x080008c4   0x0000001c   Code   RO         1337    i.PWM_Cmd           sc32f1xxx_pwm.o
    0x080008e0   0x080008e0   0x0000001c   Code   RO         1339    i.PWM_FDCmd         sc32f1xxx_pwm.o
    0x080008fc   0x080008fc   0x0000001a   Code   RO         1340    i.PWM_FDInit        sc32f1xxx_pwm.o
    0x08000916   0x08000916   0x0000001a   Code   RO         1347    i.PWM_ITConfig      sc32f1xxx_pwm.o
    0x08000930   0x08000930   0x00000028   Code   RO         1348    i.PWM_Init          sc32f1xxx_pwm.o
    0x08000958   0x08000958   0x00000026   Code   RO         1351    i.PWM_SetDuty       sc32f1xxx_pwm.o
    0x0800097e   0x0800097e   0x00000002   PAD
    0x08000980   0x08000980   0x00000028   Code   RO         1641    i.RCC_APB0Cmd       sc32f1xxx_rcc.o
    0x080009a8   0x080009a8   0x0000001c   Code   RO         1642    i.RCC_APB0Config    sc32f1xxx_rcc.o
    0x080009c4   0x080009c4   0x00000020   Code   RO         1643    i.RCC_APB0PeriphClockCmd  sc32f1xxx_rcc.o
    0x080009e4   0x080009e4   0x00000028   Code   RO         1649    i.RCC_APB2Cmd       sc32f1xxx_rcc.o
    0x08000a0c   0x08000a0c   0x0000001c   Code   RO         1650    i.RCC_APB2Config    sc32f1xxx_rcc.o
    0x08000a28   0x08000a28   0x0000001c   Code   RO         1658    i.RCC_HCLKConfig    sc32f1xxx_rcc.o
    0x08000a44   0x08000a44   0x00000030   Code   RO         1659    i.RCC_HIRCCmd       sc32f1xxx_rcc.o
    0x08000a74   0x08000a74   0x00000030   Code   RO         1660    i.RCC_HXTCmd        sc32f1xxx_rcc.o
    0x08000aa4   0x08000aa4   0x00000002   Code   RO          244    i.RCC_IRQHandler    sc_it.o
    0x08000aa6   0x08000aa6   0x00000002   PAD
    0x08000aa8   0x08000aa8   0x00000034   Code   RO         1661    i.RCC_ITConfig      sc32f1xxx_rcc.o
    0x08000adc   0x08000adc   0x00000030   Code   RO         1663    i.RCC_LIRCCmd       sc32f1xxx_rcc.o
    0x08000b0c   0x08000b0c   0x00000030   Code   RO         1664    i.RCC_LXTCmd        sc32f1xxx_rcc.o
    0x08000b3c   0x08000b3c   0x000000d8   Code   RO         1669    i.RCC_SYSCLKConfig  sc32f1xxx_rcc.o
    0x08000c14   0x08000c14   0x00000048   Code   RO         1670    i.RCC_SystickCLKConfig  sc32f1xxx_rcc.o
    0x08000c5c   0x08000c5c   0x00000024   Code   RO         1671    i.RCC_SystickCmd    sc32f1xxx_rcc.o
    0x08000c80   0x08000c80   0x0000001c   Code   RO         1673    i.RCC_SystickSetCounter  sc32f1xxx_rcc.o
    0x08000c9c   0x08000c9c   0x00000018   Code   RO         1674    i.RCC_Unlock        sc32f1xxx_rcc.o
    0x08000cb4   0x08000cb4   0x00000054   Code   RO          498    i.SC_ADC_Init       sc_init.o
    0x08000d08   0x08000d08   0x00000150   Code   RO          508    i.SC_GPIO_Init      sc_init.o
    0x08000e58   0x08000e58   0x00000002   Code   RO          509    i.SC_IAP_Init       sc_init.o
    0x08000e5a   0x08000e5a   0x00000030   Code   RO          511    i.SC_Init           sc_init.o
    0x08000e8a   0x08000e8a   0x00000002   PAD
    0x08000e8c   0x08000e8c   0x00000024   Code   RO          520    i.SC_OPTION_Init    sc_init.o
    0x08000eb0   0x08000eb0   0x000000c0   Code   RO          523    i.SC_PWM0_Init      sc_init.o
    0x08000f70   0x08000f70   0x00000050   Code   RO          527    i.SC_RCC_Init       sc_init.o
    0x08000fc0   0x08000fc0   0x00000026   Code   RO          531    i.SC_SYSTICK_Init   sc_init.o
    0x08000fe6   0x08000fe6   0x00000002   PAD
    0x08000fe8   0x08000fe8   0x00000098   Code   RO          533    i.SC_TIM1_Init      sc_init.o
    0x08001080   0x08001080   0x000000a4   Code   RO          534    i.SC_TIM2_Init      sc_init.o
    0x08001124   0x08001124   0x00000084   Code   RO          535    i.SC_TIM3_Init      sc_init.o
    0x080011a8   0x080011a8   0x000000a4   Code   RO          540    i.SC_TWI0_Init      sc_init.o
    0x0800124c   0x0800124c   0x00000002   Code   RO          245    i.SPI0_IRQHandler   sc_it.o
    0x0800124e   0x0800124e   0x00000002   Code   RO          247    i.SPI1_IRQHandler   sc_it.o
    0x08001250   0x08001250   0x00000002   Code   RO          249    i.SysTick_IRQHandler  sc_it.o
    0x08001252   0x08001252   0x00000002   PAD
    0x08001254   0x08001254   0x00000010   Code   RO          203    i.SystemInit        system_sc32f1xxx.o
    0x08001264   0x08001264   0x00000002   Code   RO          250    i.TIMER0_IRQHandler  sc_it.o
    0x08001266   0x08001266   0x00000002   PAD
    0x08001268   0x08001268   0x00000010   Code   RO          251    i.TIMER1_IRQHandler  sc_it.o
    0x08001278   0x08001278   0x00000002   Code   RO          252    i.TIMER2_IRQHandler  sc_it.o
    0x0800127a   0x0800127a   0x00000002   PAD
    0x0800127c   0x0800127c   0x00000018   Code   RO          253    i.TIMER3_IRQHandler  sc_it.o
    0x08001294   0x08001294   0x00000002   Code   RO          254    i.TIMER4_5_IRQHandler  sc_it.o
    0x08001296   0x08001296   0x00000002   Code   RO          255    i.TIMER6_7_IRQHandler  sc_it.o
    0x08001298   0x08001298   0x00000004   Code   RO         1080    i.TIM_ClearFlag     sc32f1xxx_tim.o
    0x0800129c   0x0800129c   0x0000001c   Code   RO         1082    i.TIM_Cmd           sc32f1xxx_tim.o
    0x080012b8   0x080012b8   0x0000001a   Code   RO         1083    i.TIM_DMACmd        sc32f1xxx_tim.o
    0x080012d2   0x080012d2   0x00000002   PAD
    0x080012d4   0x080012d4   0x0000001c   Code   RO         1091    i.TIM_ICCmd         sc32f1xxx_tim.o
    0x080012f0   0x080012f0   0x00000048   Code   RO         1092    i.TIM_ICInit        sc32f1xxx_tim.o
    0x08001338   0x08001338   0x0000001a   Code   RO         1094    i.TIM_ITConfig      sc32f1xxx_tim.o
    0x08001352   0x08001352   0x00000002   PAD
    0x08001354   0x08001354   0x00000064   Code   RO         1096    i.TIM_PWMInit       sc32f1xxx_tim.o
    0x080013b8   0x080013b8   0x0000002c   Code   RO         1097    i.TIM_PWMSetDuty    sc32f1xxx_tim.o
    0x080013e4   0x080013e4   0x0000001a   Code   RO         1099    i.TIM_PinRemapConfig  sc32f1xxx_tim.o
    0x080013fe   0x080013fe   0x00000002   PAD
    0x08001400   0x08001400   0x00000028   Code   RO         1103    i.TIM_TIMBaseInit   sc32f1xxx_tim.o
    0x08001428   0x08001428   0x0000000c   Code   RO         1998    i.TK_GetBaseLineAdjustValue  tkdriver.o
    0x08001434   0x08001434   0x0000006c   Code   RO         2000    i.TK_GetCfgMsg      tkdriver.o
    0x080014a0   0x080014a0   0x00000014   Code   RO         2004    i.TK_GetScanTimeValue  tkdriver.o
    0x080014b4   0x080014b4   0x00000008   Code   RO         2008    i.TK_IRQHandler     tkdriver.o
    0x080014bc   0x080014bc   0x00000148   Code   RO         2222    i.TK_TouchKey_Service  sc32f10xx_HighSensitive_lib_T1Slider_V0.3.lib(sc32f10xx_tk_functionresource.o)
    0x08001604   0x08001604   0x00000002   Code   RO          256    i.TWI0_IRQHandler   sc_it.o
    0x08001606   0x08001606   0x00000002   Code   RO          257    i.TWI1_IRQHandler   sc_it.o
    0x08001608   0x08001608   0x0000001c   Code   RO         1460    i.TWI_Cmd           sc32f1xxx_twi.o
    0x08001624   0x08001624   0x0000001a   Code   RO         1461    i.TWI_DMACmd        sc32f1xxx_twi.o
    0x0800163e   0x0800163e   0x0000001a   Code   RO         1469    i.TWI_ITConfig      sc32f1xxx_twi.o
    0x08001658   0x08001658   0x00000034   Code   RO         1470    i.TWI_Init          sc32f1xxx_twi.o
    0x0800168c   0x0800168c   0x00000028   Code   RO         1471    i.TWI_PinRemapConfig  sc32f1xxx_twi.o
    0x080016b4   0x080016b4   0x00000002   Code   RO          259    i.UART0_2_IRQHandler  sc_it.o
    0x080016b6   0x080016b6   0x00000002   Code   RO          261    i.UART1_3_IRQHandler  sc_it.o
    0x080016b8   0x080016b8   0x0000002e   Code   RO         2444    i.__ARM_clz         mf_p.l(depilogue.o)
    0x080016e6   0x080016e6   0x0000001c   Code   RO           52    i.__ARM_common_switch8  main.o
    0x08001702   0x08001702   0x00000002   PAD
    0x08001704   0x08001704   0x00000018   Code   RO          551    i.__NVIC_EnableIRQ  sc_init.o
    0x0800171c   0x0800171c   0x00000078   Code   RO          552    i.__NVIC_SetPriority  sc_init.o
    0x08001794   0x08001794   0x0000000e   Code   RO         2450    i.__scatterload_copy  mc_p.l(handlers.o)
    0x080017a2   0x080017a2   0x00000002   Code   RO         2451    i.__scatterload_null  mc_p.l(handlers.o)
    0x080017a4   0x080017a4   0x0000000e   Code   RO         2452    i.__scatterload_zeroinit  mc_p.l(handlers.o)
    0x080017b2   0x080017b2   0x00000002   PAD
    0x080017b4   0x080017b4   0x00000034   Code   RO         2127    i.adcToVoltage      adc_iap.o
    0x080017e8   0x080017e8   0x00000034   Code   RO         2128    i.checkPowerLoss    adc_iap.o
    0x0800181c   0x0800181c   0x00000028   Code   RO         2130    i.initIAP           adc_iap.o
    0x08001844   0x08001844   0x0000008c   Code   RO         2131    i.loadAlarmSettings  adc_iap.o
    0x080018d0   0x080018d0   0x000000e4   Code   RO            7    i.main              main.o
    0x080019b4   0x080019b4   0x00000034   Code   RO         2132    i.readADC           adc_iap.o
    0x080019e8   0x080019e8   0x00000094   Data   RO         2015    .constdata          tkdriver.o
    0x08001a7c   0x08001a7c   0x00000020   Data   RO         2448    Region$$Table       anon$$obj.o


    Execution Region RW_IRAM1 (Exec base: 0x20000000, Load base: 0x08001a9c, Size: 0x00000508, Max: 0x00002000, ABSOLUTE)

    Exec Addr    Load Addr    Size         Type   Attr      Idx    E Section Name        Object

    0x20000000   0x08001a9c   0x00000025   Data   RW            9    .data               main.o
    0x20000025   0x08001ac1   0x00000001   PAD
    0x20000026   0x08001ac2   0x00000081   Data   RW         2016    .data               tkdriver.o
    0x200000a7   0x08001b43   0x00000001   PAD
    0x200000a8   0x08001b44   0x00000019   Data   RW         2224    .data               sc32f10xx_HighSensitive_lib_T1Slider_V0.3.lib(sc32f10xx_tk_functionresource.o)
    0x200000c1   0x08001b5d   0x00000003   PAD
    0x200000c4        -       0x00000040   Zero   RW         2014    .bss                tkdriver.o
    0x20000104   0x08001b5d   0x00000004   PAD
    0x20000108        -       0x00000400   Zero   RW         1947    STACK               startup_sc32f10xx.o


==============================================================================

Image component sizes


      Code (inc. data)   RO Data    RW Data    ZI Data      Debug   Object Name

       336         46          0          0          0       2720   adc_iap.o
         8          0          0          0          0        441   compctrldefine.o
       324         44          0         37          0      81176   main.o
       184          8          0          0          0       5347   sc32f1xxx_adc.o
       224          0          0          0          0       2886   sc32f1xxx_gpio.o
       176         28          0          0          0       3158   sc32f1xxx_iap.o
       190          8          0          0          0       4319   sc32f1xxx_pwm.o
       816         94          0          0          0       8749   sc32f1xxx_rcc.o
       394         28          0          0          0       6229   sc32f1xxx_tim.o
       172         12          0          0          0       3274   sc32f1xxx_twi.o
      1572         78          0          0          0      17189   sc_init.o
       118         18          0          0          0      10882   sc_it.o
       104         46        192          0       1024        780   startup_sc32f10xx.o
        16          6          0          0          0        413   system_sc32f1xxx.o
       148         28        148        129         64       7212   tkdriver.o

    ----------------------------------------------------------------------
      4806        444        372        168       1092     154775   Object Totals
         0          0         32          0          0          0   (incl. Generated)
        24          0          0          2          4          0   (incl. Padding)

    ----------------------------------------------------------------------

      Code (inc. data)   RO Data    RW Data    ZI Data      Debug   Library Member Name

         0          0          0          0          0          0   entry.o
         0          0          0          0          0          0   entry10a.o
         0          0          0          0          0          0   entry11a.o
         4          0          0          0          0          0   entry12b.o
         8          4          0          0          0          0   entry2.o
         4          0          0          0          0          0   entry5.o
         0          0          0          0          0          0   entry7b.o
         0          0          0          0          0          0   entry8b.o
         8          4          0          0          0          0   entry9a.o
        30          0          0          0          0          0   handlers.o
        36          8          0          0          0         68   init.o
         0          0          0          0          0          0   iusefp.o
        32          0          0          0          0         68   llshl.o
        34          0          0          0          0         68   llushr.o
        44          0          0          0          0         72   uidiv.o
        40          2          0          0          0         68   cdcmple.o
        56          0          0          0          0         68   d2f.o
       240          6          0          0          0         84   ddiv.o
       236          0          0          0          0        216   depilogue.o
        28          4          0          0          0         68   dfltui.o
       208          6          0          0          0         88   dmul.o
        40          0          0          0          0         60   f2d.o
       130          0          0          0          0        144   fepilogue.o
       122          0          0          0          0         72   fmul.o
       328         28          0         25          0       5524   sc32f10xx_tk_functionresource.o

    ----------------------------------------------------------------------
      1634         62          0         28          0       6668   Library Totals
         6          0          0          3          0          0   (incl. Padding)

    ----------------------------------------------------------------------

      Code (inc. data)   RO Data    RW Data    ZI Data      Debug   Library Name

       200         16          0          0          0        276   mc_p.l
      1100         18          0          0          0        868   mf_p.l
       328         28          0         25          0       5524   sc32f10xx_HighSensitive_lib_T1Slider_V0.3.lib

    ----------------------------------------------------------------------
      1634         62          0         28          0       6668   Library Totals

    ----------------------------------------------------------------------

==============================================================================


      Code (inc. data)   RO Data    RW Data    ZI Data      Debug   

      6440        506        372        196       1092     156175   Grand Totals
      6440        506        372        196       1092     156175   ELF Image Totals
      6440        506        372        196          0          0   ROM Totals

==============================================================================

    Total RO  Size (Code + RO Data)                 6812 (   6.65kB)
    Total RW  Size (RW Data + ZI Data)              1288 (   1.26kB)
    Total ROM Size (Code + RO Data + RW Data)       7008 (   6.84kB)

==============================================================================

