Component: ARM Compiler 5.06 update 7 (build 960) Tool: armlink [4d3601]

==============================================================================

Section Cross References

    main.o(i.Delay_ms) refers to main.o(i.Delay_us) for Delay_us
    main.o(i.Delay_us) refers to sc32f1xxx_tim.o(i.TIM_Cmd) for TIM_Cmd
    main.o(i.main) refers to compctrldefine.o(i.IcResourceInit) for IcResourceInit
    main.o(i.main) refers to sc32f1xxx_tim.o(i.TIM_Cmd) for TIM_Cmd
    main.o(i.main) refers to buzzer.o(i.Buzzer_SetVolume) for Buzzer_SetVolume
    main.o(i.main) refers to sc32f1xxx_gpio.o(i.GPIO_ResetBits) for GPIO_ResetBits
    main.o(i.main) refers to main.o(i.__ARM_common_switch8) for __ARM_common_switch8
    main.o(i.main) refers to main.o(i.Delay_ms) for Delay_ms
    main.o(i.main) refers to sc32f1xxx_gpio.o(i.GPIO_SetBits) for GPIO_SetBits
    sc_it.o(i.ADC_IRQHandler) refers to sc32f1xxx_adc.o(i.ADC_ClearFlag) for ADC_ClearFlag
    sc_it.o(i.PWM0_IRQHandler) refers to sc32f1xxx_pwm.o(i.PWM_ClearFlag) for PWM_ClearFlag
    sc_it.o(i.TIMER1_IRQHandler) refers to sc32f1xxx_tim.o(i.TIM_ClearFlag) for TIM_ClearFlag
    sc_init.o(i.SC_ADC_Init) refers to sc32f1xxx_adc.o(i.ADC_Init) for ADC_Init
    sc_init.o(i.SC_ADC_Init) refers to sc32f1xxx_adc.o(i.ADC_SetChannel) for ADC_SetChannel
    sc_init.o(i.SC_ADC_Init) refers to sc32f1xxx_adc.o(i.ADC_ITConfig) for ADC_ITConfig
    sc_init.o(i.SC_ADC_Init) refers to sc32f1xxx_adc.o(i.ADC_DMACmd) for ADC_DMACmd
    sc_init.o(i.SC_ADC_Init) refers to sc_init.o(i.__NVIC_SetPriority) for __NVIC_SetPriority
    sc_init.o(i.SC_ADC_Init) refers to sc_init.o(i.__NVIC_EnableIRQ) for __NVIC_EnableIRQ
    sc_init.o(i.SC_ADC_Init) refers to sc32f1xxx_adc.o(i.ADC_Cmd) for ADC_Cmd
    sc_init.o(i.SC_GPIO_Init) refers to sc32f1xxx_gpio.o(i.GPIO_Init) for GPIO_Init
    sc_init.o(i.SC_Init) refers to sc_init.o(i.SC_GPIO_Init) for SC_GPIO_Init
    sc_init.o(i.SC_Init) refers to sc_init.o(i.SC_OPTION_Init) for SC_OPTION_Init
    sc_init.o(i.SC_Init) refers to sc_init.o(i.SC_RCC_Init) for SC_RCC_Init
    sc_init.o(i.SC_Init) refers to sc_init.o(i.SC_SYSTICK_Init) for SC_SYSTICK_Init
    sc_init.o(i.SC_Init) refers to sc_init.o(i.SC_TWI0_Init) for SC_TWI0_Init
    sc_init.o(i.SC_Init) refers to sc_init.o(i.SC_TIM1_Init) for SC_TIM1_Init
    sc_init.o(i.SC_Init) refers to sc_init.o(i.SC_TIM2_Init) for SC_TIM2_Init
    sc_init.o(i.SC_Init) refers to sc_init.o(i.SC_PWM0_Init) for SC_PWM0_Init
    sc_init.o(i.SC_Init) refers to sc_init.o(i.SC_ADC_Init) for SC_ADC_Init
    sc_init.o(i.SC_PWM0_Init) refers to sc32f1xxx_rcc.o(i.RCC_Unlock) for RCC_Unlock
    sc_init.o(i.SC_PWM0_Init) refers to sc32f1xxx_rcc.o(i.RCC_APB0PeriphClockCmd) for RCC_APB0PeriphClockCmd
    sc_init.o(i.SC_PWM0_Init) refers to sc32f1xxx_pwm.o(i.PWM_SetDuty) for PWM_SetDuty
    sc_init.o(i.SC_PWM0_Init) refers to sc32f1xxx_pwm.o(i.PWM_Init) for PWM_Init
    sc_init.o(i.SC_PWM0_Init) refers to sc32f1xxx_pwm.o(i.PWM_FDInit) for PWM_FDInit
    sc_init.o(i.SC_PWM0_Init) refers to sc32f1xxx_pwm.o(i.PWM_FDCmd) for PWM_FDCmd
    sc_init.o(i.SC_PWM0_Init) refers to sc32f1xxx_pwm.o(i.PWM_ITConfig) for PWM_ITConfig
    sc_init.o(i.SC_PWM0_Init) refers to sc32f1xxx_pwm.o(i.PWM_Cmd) for PWM_Cmd
    sc_init.o(i.SC_RCC_Init) refers to sc32f1xxx_rcc.o(i.RCC_Unlock) for RCC_Unlock
    sc_init.o(i.SC_RCC_Init) refers to sc32f1xxx_rcc.o(i.RCC_HXTCmd) for RCC_HXTCmd
    sc_init.o(i.SC_RCC_Init) refers to sc32f1xxx_rcc.o(i.RCC_LXTCmd) for RCC_LXTCmd
    sc_init.o(i.SC_RCC_Init) refers to sc32f1xxx_rcc.o(i.RCC_LIRCCmd) for RCC_LIRCCmd
    sc_init.o(i.SC_RCC_Init) refers to sc32f1xxx_rcc.o(i.RCC_HIRCCmd) for RCC_HIRCCmd
    sc_init.o(i.SC_RCC_Init) refers to sc32f1xxx_rcc.o(i.RCC_ITConfig) for RCC_ITConfig
    sc_init.o(i.SC_RCC_Init) refers to sc32f1xxx_rcc.o(i.RCC_SYSCLKConfig) for RCC_SYSCLKConfig
    sc_init.o(i.SC_RCC_Init) refers to sc32f1xxx_rcc.o(i.RCC_HCLKConfig) for RCC_HCLKConfig
    sc_init.o(i.SC_RCC_Init) refers to sc32f1xxx_rcc.o(i.RCC_APB0Config) for RCC_APB0Config
    sc_init.o(i.SC_RCC_Init) refers to sc32f1xxx_rcc.o(i.RCC_APB0Cmd) for RCC_APB0Cmd
    sc_init.o(i.SC_RCC_Init) refers to sc32f1xxx_rcc.o(i.RCC_APB2Config) for RCC_APB2Config
    sc_init.o(i.SC_RCC_Init) refers to sc32f1xxx_rcc.o(i.RCC_APB2Cmd) for RCC_APB2Cmd
    sc_init.o(i.SC_SYSTICK_Init) refers to sc32f1xxx_rcc.o(i.RCC_Unlock) for RCC_Unlock
    sc_init.o(i.SC_SYSTICK_Init) refers to sc32f1xxx_rcc.o(i.RCC_SystickCLKConfig) for RCC_SystickCLKConfig
    sc_init.o(i.SC_SYSTICK_Init) refers to sc32f1xxx_rcc.o(i.RCC_SystickSetCounter) for RCC_SystickSetCounter
    sc_init.o(i.SC_SYSTICK_Init) refers to sc_init.o(i.__NVIC_SetPriority) for __NVIC_SetPriority
    sc_init.o(i.SC_SYSTICK_Init) refers to sc32f1xxx_rcc.o(i.RCC_SystickCmd) for RCC_SystickCmd
    sc_init.o(i.SC_TIM1_Init) refers to sc32f1xxx_rcc.o(i.RCC_APB0PeriphClockCmd) for RCC_APB0PeriphClockCmd
    sc_init.o(i.SC_TIM1_Init) refers to sc32f1xxx_tim.o(i.TIM_TIMBaseInit) for TIM_TIMBaseInit
[...]
    libinit2.o(.ARM.Collect$$libinit$$00000027) refers to argv_veneer.o(.text) for __ARM_argv_veneer
    sys_exit.o(.text) refers (Special) to use_no_semi.o(.text) for __I$use$semihosting
    sys_exit.o(.text) refers (Special) to indicate_semi.o(.text) for __semihosting_library_function
    rtexit2.o(.ARM.Collect$$rtexit$$00000003) refers to libshutdown.o(.ARM.Collect$$libshutdown$$00000000) for __rt_lib_shutdown
    rtexit2.o(.ARM.Collect$$rtexit$$00000004) refers to sys_exit.o(.text) for _sys_exit
    rtexit2.o(.ARM.exidx) refers to rtexit2.o(.ARM.Collect$$rtexit$$00000001) for .ARM.Collect$$rtexit$$00000001
    rtexit2.o(.ARM.exidx) refers to rtexit2.o(.ARM.Collect$$rtexit$$00000003) for .ARM.Collect$$rtexit$$00000003
    rtexit2.o(.ARM.exidx) refers to rtexit2.o(.ARM.Collect$$rtexit$$00000004) for .ARM.Collect$$rtexit$$00000004
    __raise.o(.text) refers to defsig.o(CL$$defsig) for __default_signal_handler
    defsig_general.o(.text) refers to sys_wrch.o(.text) for _ttywrch
    sys_wrch.o(.text) refers (Special) to use_no_semi.o(.text) for __I$use$semihosting
    sys_wrch.o(.text) refers (Special) to indicate_semi.o(.text) for __semihosting_library_function
    defsig.o(CL$$defsig) refers to defsig_fpe_inner.o(.text) for __rt_SIGFPE_inner
    defsig.o(CL$$defsig) refers to defsig_rtmem_inner.o(.text) for __rt_SIGRTMEM_inner
    _get_argv_nomalloc.o(.text) refers (Special) to hrguard.o(.text) for __heap_region$guard
    _get_argv_nomalloc.o(.text) refers to defsig_rtmem_outer.o(.text) for __rt_SIGRTMEM
    _get_argv_nomalloc.o(.text) refers to sys_command.o(.text) for _sys_command_string
    libshutdown.o(.ARM.Collect$$libshutdown$$00000000) refers (Special) to libshutdown2.o(.ARM.Collect$$libshutdown$$00000004) for __rt_lib_shutdown_cpp_1
    libshutdown.o(.ARM.Collect$$libshutdown$$00000000) refers (Special) to libshutdown2.o(.ARM.Collect$$libshutdown$$00000002) for __rt_lib_shutdown_fini_1
    libshutdown.o(.ARM.Collect$$libshutdown$$00000000) refers (Special) to libshutdown2.o(.ARM.Collect$$libshutdown$$00000009) for __rt_lib_shutdown_fp_trap_1
    libshutdown.o(.ARM.Collect$$libshutdown$$00000000) refers (Special) to libshutdown2.o(.ARM.Collect$$libshutdown$$00000011) for __rt_lib_shutdown_heap_1
    libshutdown.o(.ARM.Collect$$libshutdown$$00000000) refers (Special) to libshutdown2.o(.ARM.Collect$$libshutdown$$00000012) for __rt_lib_shutdown_return
    libshutdown.o(.ARM.Collect$$libshutdown$$00000000) refers (Special) to libshutdown2.o(.ARM.Collect$$libshutdown$$0000000C) for __rt_lib_shutdown_signal_1
    libshutdown.o(.ARM.Collect$$libshutdown$$00000000) refers (Special) to libshutdown2.o(.ARM.Collect$$libshutdown$$00000006) for __rt_lib_shutdown_stdio_1
    libshutdown.o(.ARM.Collect$$libshutdown$$00000000) refers (Special) to libshutdown2.o(.ARM.Collect$$libshutdown$$0000000E) for __rt_lib_shutdown_user_alloc_1
    sys_command.o(.text) refers (Special) to use_no_semi.o(.text) for __I$use$semihosting
    sys_command.o(.text) refers (Special) to indicate_semi.o(.text) for __semihosting_library_function
    defsig_abrt_inner.o(.text) refers to defsig_general.o(.text) for __default_signal_display
    defsig_rtred_inner.o(.text) refers to defsig_general.o(.text) for __default_signal_display
    defsig_rtmem_inner.o(.text) refers to defsig_general.o(.text) for __default_signal_display
    defsig_rtmem_outer.o(.text) refers to defsig_rtmem_inner.o(.text) for __rt_SIGRTMEM_inner
    defsig_rtmem_outer.o(.text) refers to defsig_exit.o(.text) for __sig_exit
    defsig_rtmem_formal.o(.text) refers to rt_raise.o(.text) for __rt_raise
    defsig_stak_inner.o(.text) refers to defsig_general.o(.text) for __default_signal_display
    defsig_pvfn_inner.o(.text) refers to defsig_general.o(.text) for __default_signal_display
    defsig_cppl_inner.o(.text) refers to defsig_general.o(.text) for __default_signal_display
    defsig_segv_inner.o(.text) refers to defsig_general.o(.text) for __default_signal_display
    defsig_other.o(.text) refers to defsig_general.o(.text) for __default_signal_display


==============================================================================

Removing Unused input sections from the image.

    Removing main.o(.rev16_text), (4 bytes).
    Removing main.o(.revsh_text), (4 bytes).
    Removing system_sc32f1xxx.o(.rev16_text), (4 bytes).
    Removing system_sc32f1xxx.o(.revsh_text), (4 bytes).
    Removing sc_it.o(.rev16_text), (4 bytes).
    Removing sc_it.o(.revsh_text), (4 bytes).
    Removing sc_it.o(i.CAN_IRQHandler), (2 bytes).
    Removing sc_it.o(i.CMP0_1_2_IRQHandler), (2 bytes).
    Removing sc_it.o(i.CMP3_IRQHandler), (2 bytes).
    Removing sc_it.o(i.EPWM_IRQHandler), (2 bytes).
    Removing sc_it.o(i.OP1_OP2_IRQHandler), (2 bytes).
    Removing sc_it.o(i.PCAP_IRQHandler), (2 bytes).
    Removing sc_it.o(i.QEP0_IRQHandler), (2 bytes).
    Removing sc_it.o(i.QEP1_IRQHandler), (2 bytes).
    Removing sc_it.o(i.SPI1_2_IRQHandler), (2 bytes).
    Removing sc_it.o(i.SPI1_TWI1_IRQHandler), (2 bytes).
    Removing sc_it.o(i.UART0_2_4_IRQHandler), (2 bytes).
    Removing sc_it.o(i.UART1_3_5_IRQHandler), (2 bytes).
    Removing sc_it.o(i.UART1_IRQHandler), (2 bytes).
    Removing sc_init.o(.rev16_text), (4 bytes).
    Removing sc_init.o(.revsh_text), (4 bytes).
    Removing sc_init.o(i.SC_ACMP0_Init), (2 bytes).
    Removing sc_init.o(i.SC_ACMP1_Init), (2 bytes).
    Removing sc_init.o(i.SC_ACMP2_Init), (2 bytes).
    Removing sc_init.o(i.SC_ACMP3_Init), (2 bytes).
    Removing sc_init.o(i.SC_ACMP_Init), (2 bytes).
    Removing sc_init.o(i.SC_BTM_Init), (2 bytes).
    Removing sc_init.o(i.SC_CAN_Init), (2 bytes).
    Removing sc_init.o(i.SC_CRC_Init), (2 bytes).
    Removing sc_init.o(i.SC_DAC_Init), (2 bytes).
    Removing sc_init.o(i.SC_DMA0_Init), (2 bytes).
    Removing sc_init.o(i.SC_DMA1_Init), (2 bytes).
    Removing sc_init.o(i.SC_DMA2_Init), (2 bytes).
    Removing sc_init.o(i.SC_DMA3_Init), (2 bytes).
    Removing sc_init.o(i.SC_EPWM_Init), (2 bytes).
    Removing sc_init.o(i.SC_IAP_Init), (2 bytes).
    Removing sc_init.o(i.SC_INT_Init), (2 bytes).
    Removing sc_init.o(i.SC_LCD_Init), (2 bytes).
    Removing sc_init.o(i.SC_LEDPWM_Init), (2 bytes).
    Removing sc_init.o(i.SC_LED_Init), (2 bytes).
    Removing sc_init.o(i.SC_MR_Init), (2 bytes).
    Removing sc_init.o(i.SC_NVIC_Init), (2 bytes).
    Removing sc_init.o(i.SC_OP0_Init), (2 bytes).
    Removing sc_init.o(i.SC_OP1_Init), (2 bytes).
    Removing sc_init.o(i.SC_OP2_Init), (2 bytes).
    Removing sc_init.o(i.SC_OP_Init), (2 bytes).
    Removing sc_init.o(i.SC_PCAP_Init), (2 bytes).
    Removing sc_init.o(i.SC_PWR_Init), (2 bytes).
    Removing sc_init.o(i.SC_QEP0_Init), (2 bytes).
    Removing sc_init.o(i.SC_QEP1_Init), (2 bytes).
    Removing sc_init.o(i.SC_SPI0_Init), (2 bytes).
    Removing sc_init.o(i.SC_SPI1_Init), (2 bytes).
    Removing sc_init.o(i.SC_SPI2_Init), (2 bytes).
    Removing sc_init.o(i.SC_TIM0_Init), (2 bytes).
    Removing sc_init.o(i.SC_TIM3_Init), (2 bytes).
    Removing sc_init.o(i.SC_TIM4_Init), (2 bytes).
    Removing sc_init.o(i.SC_TIM5_Init), (2 bytes).
    Removing sc_init.o(i.SC_TIM6_Init), (2 bytes).
    Removing sc_init.o(i.SC_TIM7_Init), (2 bytes).
    Removing sc_init.o(i.SC_TWI1_Init), (2 bytes).
    Removing sc_init.o(i.SC_TemperSensor_Init), (2 bytes).
    Removing sc_init.o(i.SC_UART0_Init), (2 bytes).
    Removing sc_init.o(i.SC_UART1_Init), (2 bytes).
    Removing sc_init.o(i.SC_UART2_Init), (2 bytes).
    Removing sc_init.o(i.SC_UART3_Init), (2 bytes).
    Removing sc_init.o(i.SC_UART4_Init), (2 bytes).
    Removing sc_init.o(i.SC_UART5_Init), (2 bytes).
    Removing sc_init.o(i.SC_VREF_Init), (2 bytes).
    Removing sc_init.o(i.SC_WDT_Init), (2 bytes).
    Removing sysfunvardefine.o(.rev16_text), (4 bytes).
    Removing sysfunvardefine.o(.revsh_text), (4 bytes).
    Removing compctrldefine.o(.rev16_text), (4 bytes).
    Removing compctrldefine.o(.revsh_text), (4 bytes).
    Removing callbackfunction.o(.rev16_text), (4 bytes).
    Removing callbackfunction.o(.revsh_text), (4 bytes).
    Removing sc32f1xxx_tim.o(.rev16_text), (4 bytes).
    Removing sc32f1xxx_tim.o(.revsh_text), (4 bytes).
    Removing sc32f1xxx_tim.o(i.TIM_ClockOutputCmd), (20 bytes).
    Removing sc32f1xxx_tim.o(i.TIM_DeInit), (192 bytes).
    Removing sc32f1xxx_tim.o(i.TIM_GetAutoreload), (6 bytes).
    Removing sc32f1xxx_tim.o(i.TIM_GetCounter), (4 bytes).
    Removing sc32f1xxx_tim.o(i.TIM_GetFailingCapture), (4 bytes).
    Removing sc32f1xxx_tim.o(i.TIM_GetFlagStatus), (14 bytes).
    Removing sc32f1xxx_tim.o(i.TIM_GetPrescaler), (10 bytes).
    Removing sc32f1xxx_tim.o(i.TIM_GetRisingCapture), (4 bytes).
    Removing sc32f1xxx_tim.o(i.TIM_ICStructInit), (8 bytes).
    Removing sc32f1xxx_tim.o(i.TIM_PWMGetDuty), (14 bytes).
    Removing sc32f1xxx_tim.o(i.TIM_PWMStructInit), (8 bytes).
    Removing sc32f1xxx_tim.o(i.TIM_SetAutoreload), (4 bytes).
    Removing sc32f1xxx_tim.o(i.TIM_SetCounter), (4 bytes).
    Removing sc32f1xxx_tim.o(i.TIM_SetPerscaler), (18 bytes).
    Removing sc32f1xxx_tim.o(i.TIM_TimeBaseStructInit), (14 bytes).
    Removing sc32f1xxx_adc.o(.rev16_text), (4 bytes).
    Removing sc32f1xxx_adc.o(.revsh_text), (4 bytes).
    Removing sc32f1xxx_adc.o(i.ADC_ConvModeConfig), (20 bytes).
    Removing sc32f1xxx_adc.o(i.ADC_DeInit), (14 bytes).
    Removing sc32f1xxx_adc.o(i.ADC_GetChannel), (8 bytes).
    Removing sc32f1xxx_adc.o(i.ADC_GetConversionValue), (6 bytes).
    Removing sc32f1xxx_adc.o(i.ADC_GetFlagStatus), (14 bytes).
    Removing sc32f1xxx_adc.o(i.ADC_SoftwareStartConv), (10 bytes).
    Removing sc32f1xxx_adc.o(i.ADC_StructInit), (16 bytes).
    Removing sc32f1xxx_pwm.o(.rev16_text), (4 bytes).
    Removing sc32f1xxx_pwm.o(.revsh_text), (4 bytes).
    Removing sc32f1xxx_pwm.o(i.PWM_DeInit), (32 bytes).
    Removing sc32f1xxx_pwm.o(i.PWM_FDStructInit), (10 bytes).
    Removing sc32f1xxx_pwm.o(i.PWM_FallingDeadTimeConfig), (16 bytes).
    Removing sc32f1xxx_pwm.o(i.PWM_GetCycle), (6 bytes).
    Removing sc32f1xxx_pwm.o(i.PWM_GetDuty), (36 bytes).
    Removing sc32f1xxx_pwm.o(i.PWM_GetFlagStatus), (14 bytes).
    Removing sc32f1xxx_pwm.o(i.PWM_GetPrescaler), (8 bytes).
    Removing sc32f1xxx_pwm.o(i.PWM_RisingDeadTimeConfig), (12 bytes).
    Removing sc32f1xxx_pwm.o(i.PWM_SetCycle), (4 bytes).
    Removing sc32f1xxx_pwm.o(i.PWM_SetPrescaler), (20 bytes).
    Removing sc32f1xxx_pwm.o(i.PWM_StructInit), (16 bytes).
    Removing sc32f1xxx_twi.o(.rev16_text), (4 bytes).
    Removing sc32f1xxx_twi.o(.revsh_text), (4 bytes).
    Removing sc32f1xxx_twi.o(i.TWI_AcknowledgeConfig), (24 bytes).
    Removing sc32f1xxx_twi.o(i.TWI_ClearFlag), (8 bytes).
    Removing sc32f1xxx_twi.o(i.TWI_DeInit), (60 bytes).
    Removing sc32f1xxx_twi.o(i.TWI_GeneralCallCmd), (24 bytes).
    Removing sc32f1xxx_twi.o(i.TWI_GenerateSTART), (24 bytes).
    Removing sc32f1xxx_twi.o(i.TWI_GenerateSTOP), (24 bytes).
    Removing sc32f1xxx_twi.o(i.TWI_GetFlagStatus), (14 bytes).
    Removing sc32f1xxx_twi.o(i.TWI_GetNbytes), (8 bytes).
    Removing sc32f1xxx_twi.o(i.TWI_GetStateMachine), (10 bytes).
    Removing sc32f1xxx_twi.o(i.TWI_ReceiveData), (6 bytes).
    Removing sc32f1xxx_twi.o(i.TWI_Send7bitAddress), (22 bytes).
    Removing sc32f1xxx_twi.o(i.TWI_SendData), (4 bytes).
    Removing sc32f1xxx_twi.o(i.TWI_SetNbytes), (6 bytes).
    Removing sc32f1xxx_twi.o(i.TWI_StretchClockConfig), (24 bytes).
    Removing sc32f1xxx_twi.o(i.TWI_StructInit), (16 bytes).
    Removing sc32f1xxx_option.o(.rev16_text), (4 bytes).
    Removing sc32f1xxx_option.o(.revsh_text), (4 bytes).
    Removing sc32f1xxx_option.o(i.OPTION_IAPPORA), (20 bytes).
    Removing sc32f1xxx_option.o(i.OPTION_IAPPORB), (20 bytes).
    Removing sc32f1xxx_option.o(i.OPTION_JTAGCmd), (32 bytes).
    Removing sc32f1xxx_option.o(i.OPTION_LVRConfig), (28 bytes).
    Removing sc32f1xxx_option.o(i.OPTION_WDTCmd), (32 bytes).
    Removing sc32f1xxx_rcc.o(.rev16_text), (4 bytes).
    Removing sc32f1xxx_rcc.o(.revsh_text), (4 bytes).
    Removing sc32f1xxx_rcc.o(i.RCC_AHBPeriphClockCmd), (24 bytes).
    Removing sc32f1xxx_rcc.o(i.RCC_AHBPeriphResetCmd), (24 bytes).
    Removing sc32f1xxx_rcc.o(i.RCC_APB0PeriphResetCmd), (24 bytes).
    Removing sc32f1xxx_rcc.o(i.RCC_APB1Cmd), (28 bytes).
    Removing sc32f1xxx_rcc.o(i.RCC_APB1Config), (24 bytes).
    Removing sc32f1xxx_rcc.o(i.RCC_APB1PeriphClockCmd), (24 bytes).
    Removing sc32f1xxx_rcc.o(i.RCC_APB1PeriphResetCmd), (24 bytes).
    Removing sc32f1xxx_rcc.o(i.RCC_APB2PeriphClockCmd), (24 bytes).
    Removing sc32f1xxx_rcc.o(i.RCC_APB2PeriphResetCmd), (24 bytes).
    Removing sc32f1xxx_rcc.o(i.RCC_BTMCLKConfig), (32 bytes).
    Removing sc32f1xxx_rcc.o(i.RCC_DeInit), (28 bytes).
    Removing sc32f1xxx_rcc.o(i.RCC_GetClocksFreq), (168 bytes).
    Removing sc32f1xxx_rcc.o(i.RCC_GetFlagStatus), (20 bytes).
    Removing sc32f1xxx_rcc.o(i.RCC_GetSYSCLKSource), (32 bytes).
    Removing sc32f1xxx_rcc.o(i.RCC_LCDLEDCLKConfig), (32 bytes).
    Removing sc32f1xxx_rcc.o(i.RCC_NMICmd), (32 bytes).
    Removing sc32f1xxx_rcc.o(i.RCC_PLLCmd), (36 bytes).
    Removing sc32f1xxx_rcc.o(i.RCC_PLLConfig), (52 bytes).
    Removing sc32f1xxx_rcc.o(i.RCC_PLLRCmd), (36 bytes).
    Removing sc32f1xxx_rcc.o(i.RCC_SystickGetFlagStatus), (20 bytes).
    Removing sc32f1xxx_rcc.o(i.RCC_WaitConfig), (36 bytes).
    Removing sc32f1xxx_gpio.o(.rev16_text), (4 bytes).
    Removing sc32f1xxx_gpio.o(.revsh_text), (4 bytes).
    Removing sc32f1xxx_gpio.o(i.GPIO_DeInit), (32 bytes).
    Removing sc32f1xxx_gpio.o(i.GPIO_ReadData), (6 bytes).
    Removing sc32f1xxx_gpio.o(i.GPIO_ReadDataBit), (10 bytes).
    Removing sc32f1xxx_gpio.o(i.GPIO_SetDriveLevel), (40 bytes).
    Removing sc32f1xxx_gpio.o(i.GPIO_TogglePins), (34 bytes).
    Removing sc32f1xxx_gpio.o(i.GPIO_Write), (4 bytes).
    Removing sc32f1xxx_gpio.o(i.GPIO_WriteBit), (16 bytes).
    Removing buzzer.o(.rev16_text), (4 bytes).
    Removing buzzer.o(.revsh_text), (4 bytes).
    Removing buzzer.o(i.Buzzer_Play), (260 bytes).
    Removing buzzer.o(i.PWM_SetHz), (40 bytes).
    Removing buzzer.o(i.test_Buzz), (136 bytes).
    Removing buzzer.o(.constdata), (5842 bytes).
    Removing buzzer.o(.data), (4 bytes).
    Removing tkdriver.o(.rev16_text), (4 bytes).
    Removing tkdriver.o(.revsh_text), (4 bytes).
    Removing tkdriver.o(i.TK_GetBaseLineAdjustValue), (12 bytes).
    Removing tkdriver.o(i.TK_GetBaselineUpdateThreshold), (4 bytes).
    Removing tkdriver.o(i.TK_GetCsFunction), (4 bytes).
    Removing tkdriver.o(i.TK_GetCurrFingerValue), (24 bytes).
    Removing tkdriver.o(i.TK_GetInitAutoUpdateTime), (4 bytes).
    Removing tkdriver.o(i.TK_GetTKYzCnt), (20 bytes).
    Removing tkdriver.o(i.TK_GetTKYzThreshold), (18 bytes).
    Removing tkdriver.o(i.TK_GetUpConfirmCnt), (12 bytes).
    Removing tkdriver.o(i.TK_IsDoubleKeyOrSlideKey), (4 bytes).
    Removing tkdriver.o(i.TK_SetOneKeyPushResetTime), (8 bytes).
    Removing tkdriver.o(i.TK_SingleCurrentSensorChoose), (128 bytes).
    Removing tkdriver.o(i.TK_TouchKeyCFGInit), (100 bytes).
    Removing tkdriver.o(i.TK_TouchKeyScan), (104 bytes).
    Removing tkdriver.o(.constdata), (68 bytes).
    Removing tkdriver.o(.data), (1 bytes).
    Removing tkdriver.o(.data), (1 bytes).
    Removing tkdriver.o(.data), (1 bytes).
    Removing tkdriver.o(.data), (1 bytes).
    Removing tkdriver.o(.data), (3 bytes).
    Removing tkdriver.o(.data), (3 bytes).
    Removing tkdriver.o(.data), (3 bytes).
    Removing tkdriver.o(.data), (3 bytes).
    Removing tkdriver.o(.data), (3 bytes).
    Removing tkdriver.o(.data), (6 bytes).
    Removing tkdriver.o(.data), (3 bytes).
    Removing tkdriver.o(.data), (2 bytes).
    Removing sc32f10xx_tk_functionresource.o(.rev16_text), (4 bytes).
    Removing sc32f10xx_tk_functionresource.o(.revsh_text), (4 bytes).
    Removing sc32f10xx_tk_functionresource.o(i.TKSlideModuleCHIs), (108 bytes).
    Removing sc32f10xx_tk_functionresource.o(i.TKSlideModuleSensorRenovate), (852 bytes).
    Removing sc32f10xx_tk_functionresource.o(i.TK_BaseLineUpdataSW), (420 bytes).
    Removing sc32f10xx_tk_functionresource.o(i.TK_FilterAvergeDeal), (124 bytes).
    Removing sc32f10xx_tk_functionresource.o(i.TK_FilterCommCode), (84 bytes).
    Removing sc32f10xx_tk_functionresource.o(i.TK_FilterDataDeal), (192 bytes).
    Removing sc32f10xx_tk_functionresource.o(i.TK_FilterIIRInit), (44 bytes).
    Removing sc32f10xx_tk_functionresource.o(i.TK_GetIsNeedUpdateBaseline), (12 bytes).
    Removing sc32f10xx_tk_functionresource.o(i.TK_Init), (372 bytes).
    Removing sc32f10xx_tk_functionresource.o(i.TK_InitializeBaselines), (44 bytes).
    Removing sc32f10xx_tk_functionresource.o(i.TK_InitializeSensorFlag), (104 bytes).
    Removing sc32f10xx_tk_functionresource.o(i.TK_MultipleDeal), (344 bytes).
    Removing sc32f10xx_tk_functionresource.o(i.TK_Restart), (20 bytes).
    Removing sc32f10xx_tk_functionresource.o(i.TK_SensorKeyFlag), (100 bytes).
    Removing sc32f10xx_tk_functionresource.o(i.TK_SetNeedUpdateBaseline), (12 bytes).
    Removing sc32f10xx_tk_functionresource.o(i.TK_SingleChannel_ICHAAdjust), (140 bytes).
    Removing sc32f10xx_tk_functionresource.o(i.Usdelay), (16 bytes).

224 unused section(s) (total 11946 bytes) removed from the image.

==============================================================================

Image Symbol Table

    Local Symbols

    Symbol Name                              Value     Ov Type        Size  Object(Section)

    ../clib/angel/boardlib.s                 0x00000000   Number         0  boardinit3.o ABSOLUTE
    ../clib/angel/boardlib.s                 0x00000000   Number         0  boardinit2.o ABSOLUTE
    ../clib/angel/boardlib.s                 0x00000000   Number         0  boardshut.o ABSOLUTE
    ../clib/angel/boardlib.s                 0x00000000   Number         0  boardinit1.o ABSOLUTE
    ../clib/angel/handlers.s                 0x00000000   Number         0  __scatter_zi.o ABSOLUTE
    ../clib/angel/handlers.s                 0x00000000   Number         0  __scatter_copy.o ABSOLUTE
    ../clib/angel/kernel.s                   0x00000000   Number         0  __rtentry.o ABSOLUTE
    ../clib/angel/kernel.s                   0x00000000   Number         0  rtexit2.o ABSOLUTE
    ../clib/angel/kernel.s                   0x00000000   Number         0  __rtentry4.o ABSOLUTE
    ../clib/angel/kernel.s                   0x00000000   Number         0  rtexit.o ABSOLUTE
    ../clib/angel/kernel.s                   0x00000000   Number         0  __rtentry2.o ABSOLUTE
    ../clib/angel/rt.s                       0x00000000   Number         0  rt_div0.o ABSOLUTE
    ../clib/angel/rt.s                       0x00000000   Number         0  aeabi_idiv0.o ABSOLUTE
    ../clib/angel/rt.s                       0x00000000   Number         0  aeabi_idiv0_sigfpe.o ABSOLUTE
    ../clib/angel/rt.s                       0x00000000   Number         0  rt_raise.o ABSOLUTE
    ../clib/angel/scatterp.s                 0x00000000   Number         0  __scatter.o ABSOLUTE
    ../clib/angel/startup.s                  0x00000000   Number         0  __main.o ABSOLUTE
    ../clib/angel/sys.s                      0x00000000   Number         0  sys_stackheap_outer.o ABSOLUTE
    ../clib/angel/sys.s                      0x00000000   Number         0  use_no_semi.o ABSOLUTE
    ../clib/angel/sys.s                      0x00000000   Number         0  indicate_semi.o ABSOLUTE
    ../clib/angel/sys.s                      0x00000000   Number         0  tempstk.o ABSOLUTE
    ../clib/angel/sys.s                      0x00000000   Number         0  libspace.o ABSOLUTE
    ../clib/angel/sysapp.c                   0x00000000   Number         0  sys_command.o ABSOLUTE
    ../clib/angel/sysapp.c                   0x00000000   Number         0  sys_exit.o ABSOLUTE
    ../clib/angel/sysapp.c                   0x00000000   Number         0  sys_wrch.o ABSOLUTE
    ../clib/armsys.c                         0x00000000   Number         0  argv_veneer.o ABSOLUTE
    ../clib/armsys.c                         0x00000000   Number         0  _get_argv_nomalloc.o ABSOLUTE
    ../clib/armsys.c                         0x00000000   Number         0  no_argv.o ABSOLUTE
    ../clib/division.s                       0x00000000   Number         0  aeabi_sdiv_div0.o ABSOLUTE
    ../clib/division.s                       0x00000000   Number         0  aeabi_sdiv.o ABSOLUTE
    ../clib/heapalloc.c                      0x00000000   Number         0  hrguard.o ABSOLUTE
    ../clib/heapaux.c                        0x00000000   Number         0  heapauxi.o ABSOLUTE
    ../clib/libinit.s                        0x00000000   Number         0  libinit.o ABSOLUTE
    ../clib/libinit.s                        0x00000000   Number         0  libinit2.o ABSOLUTE
    ../clib/libinit.s                        0x00000000   Number         0  libshutdown2.o ABSOLUTE
    ../clib/libinit.s                        0x00000000   Number         0  libshutdown.o ABSOLUTE
    ../clib/signal.c                         0x00000000   Number         0  defsig_stak_inner.o ABSOLUTE
    ../clib/signal.c                         0x00000000   Number         0  defsig_pvfn_inner.o ABSOLUTE
    ../clib/signal.c                         0x00000000   Number         0  defsig_cppl_inner.o ABSOLUTE
    ../clib/signal.c                         0x00000000   Number         0  defsig_segv_inner.o ABSOLUTE
    ../clib/signal.c                         0x00000000   Number         0  defsig_fpe_formal.o ABSOLUTE
    ../clib/signal.c                         0x00000000   Number         0  defsig_fpe_outer.o ABSOLUTE
    ../clib/signal.c                         0x00000000   Number         0  defsig_other.o ABSOLUTE
    ../clib/signal.c                         0x00000000   Number         0  defsig_general.o ABSOLUTE
    ../clib/signal.c                         0x00000000   Number         0  __raise.o ABSOLUTE
    ../clib/signal.c                         0x00000000   Number         0  defsig_rtred_inner.o ABSOLUTE
    ../clib/signal.c                         0x00000000   Number         0  defsig_abrt_inner.o ABSOLUTE
    ../clib/signal.c                         0x00000000   Number         0  defsig_fpe_inner.o ABSOLUTE
    ../clib/signal.c                         0x00000000   Number         0  defsig_exit.o ABSOLUTE
    ../clib/signal.c                         0x00000000   Number         0  defsig_rtmem_inner.o ABSOLUTE
    ../clib/signal.c                         0x00000000   Number         0  defsig_rtmem_outer.o ABSOLUTE
    ../clib/signal.c                         0x00000000   Number         0  defsig_rtmem_formal.o ABSOLUTE
    ../clib/signal.s                         0x00000000   Number         0  defsig.o ABSOLUTE
    ../clib/stdlib.c                         0x00000000   Number         0  exit.o ABSOLUTE
    ../fplib/cfplib/cmpret.c                 0x00000000   Number         0  cmpret.o ABSOLUTE
    ../fplib/cfplib/d2f.c                    0x00000000   Number         0  d2f.o ABSOLUTE
    ../fplib/cfplib/daddsub.c                0x00000000   Number         0  daddsub.o ABSOLUTE
    ../fplib/cfplib/ddiv.c                   0x00000000   Number         0  ddiv.o ABSOLUTE
    ../fplib/cfplib/dmul.c                   0x00000000   Number         0  dmul.o ABSOLUTE
    ../fplib/cfplib/f2d.c                    0x00000000   Number         0  f2d.o ABSOLUTE
    ../fplib/cfplib/fcmpin.c                 0x00000000   Number         0  fcmpin.o ABSOLUTE
    ../fplib/cfplib/fdiv.c                   0x00000000   Number         0  fdiv.o ABSOLUTE
    ../fplib/cfplib/ffix.c                   0x00000000   Number         0  dfixui.o ABSOLUTE
    ../fplib/cfplib/ffix.c                   0x00000000   Number         0  ffixi.o ABSOLUTE
    ../fplib/cfplib/ffix.c                   0x00000000   Number         0  ffixui.o ABSOLUTE
    ../fplib/cfplib/fflt.c                   0x00000000   Number         0  dflti.o ABSOLUTE
    ../fplib/cfplib/fflt.c                   0x00000000   Number         0  fflti.o ABSOLUTE
    ../fplib/cfplib/fpinit.c                 0x00000000   Number         0  fpinit.o ABSOLUTE
    ../fplib/cfplib/nan2.c                   0x00000000   Number         0  fnan2.o ABSOLUTE
    ../fplib/cfplib/retnan.c                 0x00000000   Number         0  retnan.o ABSOLUTE
    ../fplib/faddsub6m.s                     0x00000000   Number         0  faddsub.o ABSOLUTE
    ../fplib/fleqf6m.s                       0x00000000   Number         0  flef.o ABSOLUTE
    ../fplib/fmul6m.s                        0x00000000   Number         0  fmul.o ABSOLUTE
    ../fplib/frleqf6m.s                      0x00000000   Number         0  frlef.o ABSOLUTE
    ../fplib/usenofp.s                       0x00000000   Number         0  usenofp.o ABSOLUTE
    ..\Buzz\Src\Buzzer.c                     0x00000000   Number         0  buzzer.o ABSOLUTE
    ..\Drivers\TKDriver\C\TKDriver.C         0x00000000   Number         0  tkdriver.o ABSOLUTE
    ..\FWLib\SC32F1XXX_Lib\src\sc32f1xxx_adc.c 0x00000000   Number         0  sc32f1xxx_adc.o ABSOLUTE
    ..\FWLib\SC32F1XXX_Lib\src\sc32f1xxx_gpio.c 0x00000000   Number         0  sc32f1xxx_gpio.o ABSOLUTE
    ..\FWLib\SC32F1XXX_Lib\src\sc32f1xxx_option.c 0x00000000   Number         0  sc32f1xxx_option.o ABSOLUTE
    ..\FWLib\SC32F1XXX_Lib\src\sc32f1xxx_pwm.c 0x00000000   Number         0  sc32f1xxx_pwm.o ABSOLUTE
    ..\FWLib\SC32F1XXX_Lib\src\sc32f1xxx_rcc.c 0x00000000   Number         0  sc32f1xxx_rcc.o ABSOLUTE
    ..\FWLib\SC32F1XXX_Lib\src\sc32f1xxx_tim.c 0x00000000   Number         0  sc32f1xxx_tim.o ABSOLUTE
    ..\FWLib\SC32F1XXX_Lib\src\sc32f1xxx_twi.c 0x00000000   Number         0  sc32f1xxx_twi.o ABSOLUTE
    ..\User\CallBackFunction.c               0x00000000   Number         0  callbackfunction.o ABSOLUTE
    ..\User\CompCtrlDefine.c                 0x00000000   Number         0  compctrldefine.o ABSOLUTE
    ..\User\Delay.c                          0x00000000   Number         0  delay.o ABSOLUTE
    ..\User\SC_Init.c                        0x00000000   Number         0  sc_init.o ABSOLUTE
    ..\User\SC_it.c                          0x00000000   Number         0  sc_it.o ABSOLUTE
    ..\User\SysFunVarDefine.c                0x00000000   Number         0  sysfunvardefine.o ABSOLUTE
    ..\User\main.c                           0x00000000   Number         0  main.o ABSOLUTE
    ..\User\system_sc32f1xxx.c               0x00000000   Number         0  system_sc32f1xxx.o ABSOLUTE
    ..\\Buzz\\Src\\Buzzer.c                  0x00000000   Number         0  buzzer.o ABSOLUTE
    ..\\Drivers\\TKDriver\\C\\TKDriver.C     0x00000000   Number         0  tkdriver.o ABSOLUTE
    ..\\FWLib\\SC32F1XXX_Lib\\src\\sc32f1xxx_adc.c 0x00000000   Number         0  sc32f1xxx_adc.o ABSOLUTE
    ..\\FWLib\\SC32F1XXX_Lib\\src\\sc32f1xxx_gpio.c 0x00000000   Number         0  sc32f1xxx_gpio.o ABSOLUTE
    ..\\FWLib\\SC32F1XXX_Lib\\src\\sc32f1xxx_option.c 0x00000000   Number         0  sc32f1xxx_option.o ABSOLUTE
    ..\\FWLib\\SC32F1XXX_Lib\\src\\sc32f1xxx_pwm.c 0x00000000   Number         0  sc32f1xxx_pwm.o ABSOLUTE
    ..\\FWLib\\SC32F1XXX_Lib\\src\\sc32f1xxx_rcc.c 0x00000000   Number         0  sc32f1xxx_rcc.o ABSOLUTE
    ..\\FWLib\\SC32F1XXX_Lib\\src\\sc32f1xxx_tim.c 0x00000000   Number         0  sc32f1xxx_tim.o ABSOLUTE
    ..\\FWLib\\SC32F1XXX_Lib\\src\\sc32f1xxx_twi.c 0x00000000   Number         0  sc32f1xxx_twi.o ABSOLUTE
    ..\\User\\CallBackFunction.c             0x00000000   Number         0  callbackfunction.o ABSOLUTE
    ..\\User\\CompCtrlDefine.c               0x00000000   Number         0  compctrldefine.o ABSOLUTE
    ..\\User\\SC_Init.c                      0x00000000   Number         0  sc_init.o ABSOLUTE
    ..\\User\\SC_it.c                        0x00000000   Number         0  sc_it.o ABSOLUTE
    ..\\User\\SysFunVarDefine.c              0x00000000   Number         0  sysfunvardefine.o ABSOLUTE
    ..\\User\\main.c                         0x00000000   Number         0  main.o ABSOLUTE
    ..\\User\\system_sc32f1xxx.c             0x00000000   Number         0  system_sc32f1xxx.o ABSOLUTE
    LIB\\sc32f10xx_TK_FunctionResource.c     0x00000000   Number         0  sc32f10xx_tk_functionresource.o ABSOLUTE
    LIB\sc32f10xx_TK_FunctionResource.c      0x00000000   Number         0  sc32f10xx_tk_functionresource.o ABSOLUTE
    dc.s                                     0x00000000   Number         0  dc.o ABSOLUTE
    startup_sc32f10xx.s                      0x00000000   Number         0  startup_sc32f10xx.o ABSOLUTE
    RESET                                    0x08000000   Section      192  startup_sc32f10xx.o(RESET)
    !!!main                                  0x080000c0   Section        8  __main.o(!!!main)
    !!!scatter                               0x080000c8   Section       60  __scatter.o(!!!scatter)
    !!handler_copy                           0x08000104   Section       26  __scatter_copy.o(!!handler_copy)
    !!handler_zi                             0x08000120   Section       28  __scatter_zi.o(!!handler_zi)
    .ARM.Collect$$libinit$$00000000          0x0800013c   Section        2  libinit.o(.ARM.Collect$$libinit$$00000000)
    .ARM.Collect$$libinit$$00000002          0x0800013e   Section        0  libinit2.o(.ARM.Collect$$libinit$$00000002)
    .ARM.Collect$$libinit$$00000004          0x0800013e   Section        0  libinit2.o(.ARM.Collect$$libinit$$00000004)
    .ARM.Collect$$libinit$$0000000A          0x0800013e   Section        0  libinit2.o(.ARM.Collect$$libinit$$0000000A)
    .ARM.Collect$$libinit$$0000000C          0x0800013e   Section        0  libinit2.o(.ARM.Collect$$libinit$$0000000C)
    .ARM.Collect$$libinit$$0000000E          0x0800013e   Section        0  libinit2.o(.ARM.Collect$$libinit$$0000000E)
    .ARM.Collect$$libinit$$00000011          0x0800013e   Section        0  libinit2.o(.ARM.Collect$$libinit$$00000011)
    .ARM.Collect$$libinit$$00000013          0x0800013e   Section        0  libinit2.o(.ARM.Collect$$libinit$$00000013)
    .ARM.Collect$$libinit$$00000015          0x0800013e   Section        0  libinit2.o(.ARM.Collect$$libinit$$00000015)
    .ARM.Collect$$libinit$$00000017          0x0800013e   Section        0  libinit2.o(.ARM.Collect$$libinit$$00000017)
    .ARM.Collect$$libinit$$00000019          0x0800013e   Section        0  libinit2.o(.ARM.Collect$$libinit$$00000019)
    .ARM.Collect$$libinit$$0000001B          0x0800013e   Section        0  libinit2.o(.ARM.Collect$$libinit$$0000001B)
    .ARM.Collect$$libinit$$0000001D          0x0800013e   Section        0  libinit2.o(.ARM.Collect$$libinit$$0000001D)
    .ARM.Collect$$libinit$$0000001F          0x0800013e   Section        0  libinit2.o(.ARM.Collect$$libinit$$0000001F)
    .ARM.Collect$$libinit$$00000021          0x0800013e   Section        0  libinit2.o(.ARM.Collect$$libinit$$00000021)
    .ARM.Collect$$libinit$$00000023          0x0800013e   Section        0  libinit2.o(.ARM.Collect$$libinit$$00000023)
    .ARM.Collect$$libinit$$00000025          0x0800013e   Section        0  libinit2.o(.ARM.Collect$$libinit$$00000025)
    .ARM.Collect$$libinit$$0000002C          0x0800013e   Section        0  libinit2.o(.ARM.Collect$$libinit$$0000002C)
    .ARM.Collect$$libinit$$0000002E          0x0800013e   Section        0  libinit2.o(.ARM.Collect$$libinit$$0000002E)
    .ARM.Collect$$libinit$$00000030          0x0800013e   Section        0  libinit2.o(.ARM.Collect$$libinit$$00000030)
    .ARM.Collect$$libinit$$00000032          0x0800013e   Section        0  libinit2.o(.ARM.Collect$$libinit$$00000032)
    .ARM.Collect$$libinit$$00000033          0x0800013e   Section        2  libinit2.o(.ARM.Collect$$libinit$$00000033)
    .ARM.Collect$$libshutdown$$00000000      0x08000140   Section        2  libshutdown.o(.ARM.Collect$$libshutdown$$00000000)
    .ARM.Collect$$libshutdown$$00000002      0x08000142   Section        0  libshutdown2.o(.ARM.Collect$$libshutdown$$00000002)
    .ARM.Collect$$libshutdown$$00000004      0x08000142   Section        0  libshutdown2.o(.ARM.Collect$$libshutdown$$00000004)
    .ARM.Collect$$libshutdown$$00000006      0x08000142   Section        0  libshutdown2.o(.ARM.Collect$$libshutdown$$00000006)
    .ARM.Collect$$libshutdown$$00000009      0x08000142   Section        0  libshutdown2.o(.ARM.Collect$$libshutdown$$00000009)
    .ARM.Collect$$libshutdown$$0000000C      0x08000142   Section        0  libshutdown2.o(.ARM.Collect$$libshutdown$$0000000C)
    .ARM.Collect$$libshutdown$$0000000E      0x08000142   Section        0  libshutdown2.o(.ARM.Collect$$libshutdown$$0000000E)
    .ARM.Collect$$libshutdown$$00000011      0x08000142   Section        0  libshutdown2.o(.ARM.Collect$$libshutdown$$00000011)
    .ARM.Collect$$libshutdown$$00000012      0x08000142   Section        2  libshutdown2.o(.ARM.Collect$$libshutdown$$00000012)
    .ARM.Collect$$rtentry$$00000000          0x08000144   Section        0  __rtentry.o(.ARM.Collect$$rtentry$$00000000)
    .ARM.Collect$$rtentry$$00000002          0x08000144   Section        0  __rtentry2.o(.ARM.Collect$$rtentry$$00000002)
    .ARM.Collect$$rtentry$$00000004          0x08000144   Section        6  __rtentry4.o(.ARM.Collect$$rtentry$$00000004)
    .ARM.Collect$$rtentry$$00000009          0x0800014a   Section        0  __rtentry2.o(.ARM.Collect$$rtentry$$00000009)
    .ARM.Collect$$rtentry$$0000000A          0x0800014a   Section        4  __rtentry2.o(.ARM.Collect$$rtentry$$0000000A)
    .ARM.Collect$$rtentry$$0000000C          0x0800014e   Section        0  __rtentry2.o(.ARM.Collect$$rtentry$$0000000C)
    .ARM.Collect$$rtentry$$0000000D          0x0800014e   Section        8  __rtentry2.o(.ARM.Collect$$rtentry$$0000000D)
    .ARM.Collect$$rtexit$$00000000           0x08000156   Section        2  rtexit.o(.ARM.Collect$$rtexit$$00000000)
    .ARM.Collect$$rtexit$$00000002           0x08000158   Section        0  rtexit2.o(.ARM.Collect$$rtexit$$00000002)
    .ARM.Collect$$rtexit$$00000003           0x08000158   Section        4  rtexit2.o(.ARM.Collect$$rtexit$$00000003)
    .ARM.Collect$$rtexit$$00000004           0x0800015c   Section        6  rtexit2.o(.ARM.Collect$$rtexit$$00000004)
    .text                                    0x08000164   Section      132  startup_sc32f10xx.o(.text)
    .text                                    0x080001e8   Section      346  aeabi_sdiv.o(.text)
    .text                                    0x08000342   Section        0  heapauxi.o(.text)
    .text                                    0x08000348   Section       62  sys_stackheap_outer.o(.text)
    .text                                    0x08000386   Section        0  exit.o(.text)
    .text                                    0x08000398   Section        8  libspace.o(.text)
    .text                                    0x080003a0   Section        0  sys_exit.o(.text)
    .text                                    0x080003ac   Section        2  use_no_semi.o(.text)
    .text                                    0x080003ae   Section        0  indicate_semi.o(.text)
    i.ADC_ClearFlag                          0x080003ae   Section        0  sc32f1xxx_adc.o(i.ADC_ClearFlag)
    i.ADC_Cmd                                0x080003b2   Section        0  sc32f1xxx_adc.o(i.ADC_Cmd)
    i.ADC_DMACmd                             0x080003c6   Section        0  sc32f1xxx_adc.o(i.ADC_DMACmd)
    i.ADC_IRQHandler                         0x080003dc   Section        0  sc_it.o(i.ADC_IRQHandler)
    i.ADC_ITConfig                           0x080003ec   Section        0  sc32f1xxx_adc.o(i.ADC_ITConfig)
    i.ADC_Init                               0x080003fc   Section        0  sc32f1xxx_adc.o(i.ADC_Init)
    i.ADC_SetChannel                         0x0800041c   Section        0  sc32f1xxx_adc.o(i.ADC_SetChannel)
    i.BTM_IRQHandler                         0x08000428   Section        0  sc_it.o(i.BTM_IRQHandler)
    i.Buzzer_SetVolume                       0x0800042c   Section        0  buzzer.o(i.Buzzer_SetVolume)
    i.CMP_IRQHandler                         0x08000440   Section        0  sc_it.o(i.CMP_IRQHandler)
    i.DMA0_IRQHandler                        0x08000442   Section        0  sc_it.o(i.DMA0_IRQHandler)
    i.DMA1_IRQHandler                        0x08000444   Section        0  sc_it.o(i.DMA1_IRQHandler)
    i.DMA2_IRQHandler                        0x08000446   Section        0  sc_it.o(i.DMA2_IRQHandler)
    i.DMA3_IRQHandler                        0x08000448   Section        0  sc_it.o(i.DMA3_IRQHandler)
    i.Delay_ms                               0x0800044a   Section        0  main.o(i.Delay_ms)
    i.Delay_us                               0x08000464   Section        0  main.o(i.Delay_us)
    i.GPIO_Init                              0x08000488   Section        0  sc32f1xxx_gpio.o(i.GPIO_Init)
    i.GPIO_ResetBits                         0x080004e8   Section        0  sc32f1xxx_gpio.o(i.GPIO_ResetBits)
    i.GPIO_SetBits                           0x08000506   Section        0  sc32f1xxx_gpio.o(i.GPIO_SetBits)
    i.INT0_IRQHandler                        0x08000524   Section        0  sc_it.o(i.INT0_IRQHandler)
    i.INT12_15_IRQHandler                    0x08000526   Section        0  sc_it.o(i.INT12_15_IRQHandler)
    i.INT1_7_IRQHandler                      0x08000528   Section        0  sc_it.o(i.INT1_7_IRQHandler)
    i.INT8_11_IRQHandler                     0x0800052a   Section        0  sc_it.o(i.INT8_11_IRQHandler)
    i.IcResourceInit                         0x0800052c   Section        0  compctrldefine.o(i.IcResourceInit)
    i.LEDPWM_IRQHandler                      0x08000534   Section        0  sc_it.o(i.LEDPWM_IRQHandler)
    i.PWM0_IRQHandler                        0x08000538   Section        0  sc_it.o(i.PWM0_IRQHandler)
    i.PWM_ClearFlag                          0x08000548   Section        0  sc32f1xxx_pwm.o(i.PWM_ClearFlag)
    i.PWM_Cmd                                0x0800054c   Section        0  sc32f1xxx_pwm.o(i.PWM_Cmd)
    i.PWM_FDCmd                              0x08000564   Section        0  sc32f1xxx_pwm.o(i.PWM_FDCmd)
    i.PWM_FDInit                             0x0800057c   Section        0  sc32f1xxx_pwm.o(i.PWM_FDInit)
    i.PWM_ITConfig                           0x08000596   Section        0  sc32f1xxx_pwm.o(i.PWM_ITConfig)
    i.PWM_Init                               0x080005aa   Section        0  sc32f1xxx_pwm.o(i.PWM_Init)
    i.PWM_SetDuty                            0x080005ce   Section        0  sc32f1xxx_pwm.o(i.PWM_SetDuty)
    i.RCC_APB0Cmd                            0x080005ec   Section        0  sc32f1xxx_rcc.o(i.RCC_APB0Cmd)
    i.RCC_APB0Config                         0x08000604   Section        0  sc32f1xxx_rcc.o(i.RCC_APB0Config)
    i.RCC_APB0PeriphClockCmd                 0x0800061c   Section        0  sc32f1xxx_rcc.o(i.RCC_APB0PeriphClockCmd)
    i.RCC_APB2Cmd                            0x08000634   Section        0  sc32f1xxx_rcc.o(i.RCC_APB2Cmd)
    i.RCC_APB2Config                         0x08000650   Section        0  sc32f1xxx_rcc.o(i.RCC_APB2Config)
    i.RCC_HCLKConfig                         0x08000668   Section        0  sc32f1xxx_rcc.o(i.RCC_HCLKConfig)
    i.RCC_HIRCCmd                            0x08000680   Section        0  sc32f1xxx_rcc.o(i.RCC_HIRCCmd)
    i.RCC_HXTCmd                             0x080006a4   Section        0  sc32f1xxx_rcc.o(i.RCC_HXTCmd)
    i.RCC_IRQHandler                         0x080006c8   Section        0  sc_it.o(i.RCC_IRQHandler)
    i.RCC_ITConfig                           0x080006cc   Section        0  sc32f1xxx_rcc.o(i.RCC_ITConfig)
    i.RCC_LIRCCmd                            0x080006f0   Section        0  sc32f1xxx_rcc.o(i.RCC_LIRCCmd)
    i.RCC_LXTCmd                             0x08000714   Section        0  sc32f1xxx_rcc.o(i.RCC_LXTCmd)
    i.RCC_SYSCLKConfig                       0x08000738   Section        0  sc32f1xxx_rcc.o(i.RCC_SYSCLKConfig)
    i.RCC_SystickCLKConfig                   0x080007d0   Section        0  sc32f1xxx_rcc.o(i.RCC_SystickCLKConfig)
    i.RCC_SystickCmd                         0x0800080c   Section        0  sc32f1xxx_rcc.o(i.RCC_SystickCmd)
    i.RCC_SystickSetCounter                  0x08000828   Section        0  sc32f1xxx_rcc.o(i.RCC_SystickSetCounter)
    i.RCC_Unlock                             0x08000844   Section        0  sc32f1xxx_rcc.o(i.RCC_Unlock)
    i.SC_ADC_Init                            0x08000858   Section        0  sc_init.o(i.SC_ADC_Init)
    i.SC_GPIO_Init                           0x080008b0   Section        0  sc_init.o(i.SC_GPIO_Init)
    i.SC_Init                                0x08000934   Section        0  sc_init.o(i.SC_Init)
    i.SC_OPTION_Init                         0x0800095c   Section        0  sc_init.o(i.SC_OPTION_Init)
    i.SC_PWM0_Init                           0x0800097c   Section        0  sc_init.o(i.SC_PWM0_Init)
    i.SC_RCC_Init                            0x08000a38   Section        0  sc_init.o(i.SC_RCC_Init)
    i.SC_SYSTICK_Init                        0x08000a88   Section        0  sc_init.o(i.SC_SYSTICK_Init)
    i.SC_TIM1_Init                           0x08000ab0   Section        0  sc_init.o(i.SC_TIM1_Init)
    i.SC_TIM2_Init                           0x08000b44   Section        0  sc_init.o(i.SC_TIM2_Init)
    i.SC_TWI0_Init                           0x08000be4   Section        0  sc_init.o(i.SC_TWI0_Init)
    i.SPI0_IRQHandler                        0x08000c84   Section        0  sc_it.o(i.SPI0_IRQHandler)
    i.SPI1_IRQHandler                        0x08000c86   Section        0  sc_it.o(i.SPI1_IRQHandler)
    i.SysTick_IRQHandler                     0x08000c88   Section        0  sc_it.o(i.SysTick_IRQHandler)
    i.SystemInit                             0x08000c8c   Section        0  system_sc32f1xxx.o(i.SystemInit)
    i.TIMER0_IRQHandler                      0x08000c9c   Section        0  sc_it.o(i.TIMER0_IRQHandler)
    i.TIMER1_IRQHandler                      0x08000ca0   Section        0  sc_it.o(i.TIMER1_IRQHandler)
    i.TIMER2_IRQHandler                      0x08000cb0   Section        0  sc_it.o(i.TIMER2_IRQHandler)
    i.TIMER3_IRQHandler                      0x08000cb2   Section        0  sc_it.o(i.TIMER3_IRQHandler)
    i.TIMER4_5_IRQHandler                    0x08000cb4   Section        0  sc_it.o(i.TIMER4_5_IRQHandler)
    i.TIMER6_7_IRQHandler                    0x08000cb6   Section        0  sc_it.o(i.TIMER6_7_IRQHandler)
    i.TIM_ClearFlag                          0x08000cb8   Section        0  sc32f1xxx_tim.o(i.TIM_ClearFlag)
    i.TIM_Cmd                                0x08000cbc   Section        0  sc32f1xxx_tim.o(i.TIM_Cmd)
    i.TIM_DMACmd                             0x08000cd4   Section        0  sc32f1xxx_tim.o(i.TIM_DMACmd)
    i.TIM_ICCmd                              0x08000ce8   Section        0  sc32f1xxx_tim.o(i.TIM_ICCmd)
    i.TIM_ICInit                             0x08000d00   Section        0  sc32f1xxx_tim.o(i.TIM_ICInit)
    i.TIM_ITConfig                           0x08000d28   Section        0  sc32f1xxx_tim.o(i.TIM_ITConfig)
    i.TIM_PWMInit                            0x08000d3c   Section        0  sc32f1xxx_tim.o(i.TIM_PWMInit)
    i.TIM_PWMSetDuty                         0x08000d74   Section        0  sc32f1xxx_tim.o(i.TIM_PWMSetDuty)
    i.TIM_PinRemapConfig                     0x08000d94   Section        0  sc32f1xxx_tim.o(i.TIM_PinRemapConfig)
    i.TIM_TIMBaseInit                        0x08000da4   Section        0  sc32f1xxx_tim.o(i.TIM_TIMBaseInit)
    i.TK_GetCfgMsg                           0x08000dcc   Section        0  tkdriver.o(i.TK_GetCfgMsg)
    i.TK_GetScanTimeValue                    0x08000e10   Section        0  tkdriver.o(i.TK_GetScanTimeValue)
    i.TK_IRQHandler                          0x08000e20   Section        0  tkdriver.o(i.TK_IRQHandler)
    i.TK_TouchKey_Service                    0x08000e28   Section        0  sc32f10xx_tk_functionresource.o(i.TK_TouchKey_Service)
    i.TWI0_IRQHandler                        0x08000f70   Section        0  sc_it.o(i.TWI0_IRQHandler)
    i.TWI1_IRQHandler                        0x08000f72   Section        0  sc_it.o(i.TWI1_IRQHandler)
    i.TWI_Cmd                                0x08000f74   Section        0  sc32f1xxx_twi.o(i.TWI_Cmd)
    i.TWI_DMACmd                             0x08000f8c   Section        0  sc32f1xxx_twi.o(i.TWI_DMACmd)
    i.TWI_ITConfig                           0x08000fa0   Section        0  sc32f1xxx_twi.o(i.TWI_ITConfig)
    i.TWI_Init                               0x08000fb4   Section        0  sc32f1xxx_twi.o(i.TWI_Init)
    i.TWI_PinRemapConfig                     0x08000fe4   Section        0  sc32f1xxx_twi.o(i.TWI_PinRemapConfig)
    i.UART0_2_IRQHandler                     0x08000ff2   Section        0  sc_it.o(i.UART0_2_IRQHandler)
    i.UART1_3_IRQHandler                     0x08000ff4   Section        0  sc_it.o(i.UART1_3_IRQHandler)
    i.__ARM_common_switch8                   0x08000ff6   Section        0  main.o(i.__ARM_common_switch8)
    i.__NVIC_EnableIRQ                       0x08001010   Section        0  sc_init.o(i.__NVIC_EnableIRQ)
    __NVIC_EnableIRQ                         0x08001011   Thumb Code    18  sc_init.o(i.__NVIC_EnableIRQ)
    i.__NVIC_SetPriority                     0x08001028   Section        0  sc_init.o(i.__NVIC_SetPriority)
    __NVIC_SetPriority                       0x08001029   Thumb Code    60  sc_init.o(i.__NVIC_SetPriority)
    i.main                                   0x0800106c   Section        0  main.o(i.main)
    .constdata                               0x080010ec   Section       30  tkdriver.o(.constdata)
    .data                                    0x20000000   Section       64  tkdriver.o(.data)
    .data                                    0x20000040   Section        1  tkdriver.o(.data)
    .data                                    0x20000044   Section       25  sc32f10xx_tk_functionresource.o(.data)
    InitSensorCnt                            0x2000005c   Data           1  sc32f10xx_tk_functionresource.o(.data)
    .bss                                     0x20000060   Section       18  tkdriver.o(.bss)
    .bss                                     0x20000074   Section       96  libspace.o(.bss)
    HEAP                                     0x200000d8   Section      512  startup_sc32f10xx.o(HEAP)
    Heap_Mem                                 0x200000d8   Data         512  startup_sc32f10xx.o(HEAP)
    STACK                                    0x200002d8   Section     1024  startup_sc32f10xx.o(STACK)
    Stack_Mem                                0x200002d8   Data        1024  startup_sc32f10xx.o(STACK)
    __initial_sp                             0x200006d8   Data           0  startup_sc32f10xx.o(STACK)

    Global Symbols

    Symbol Name                              Value     Ov Type        Size  Object(Section)

    BuildAttributes$$THM_ISAv3M$S$PE$A:L22$X:L11$S22$IEEE1$IW$USESV6$~STKCKD$USESV7$~SHL$OSPACE$ROPI$EBA8$UX$STANDARDLIB$REQ8$PRES8$EABIv2 0x00000000   Number         0  anon$$obj.o ABSOLUTE
    __ARM_use_no_argv                        0x00000000   Number         0  main.o ABSOLUTE
    __ARM_exceptions_init                     - Undefined Weak Reference
    __alloca_initialize                       - Undefined Weak Reference
    __arm_fini_                               - Undefined Weak Reference
    __arm_preinit_                            - Undefined Weak Reference
    __cpp_initialize__aeabi_                  - Undefined Weak Reference
    __cxa_finalize                            - Undefined Weak Reference
    __rt_locale                               - Undefined Weak Reference
    __sigvec_lookup                           - Undefined Weak Reference
    _atexit_init                              - Undefined Weak Reference
    _call_atexit_fns                          - Undefined Weak Reference
    _clock_init                               - Undefined Weak Reference
    _fp_trap_init                             - Undefined Weak Reference
    _fp_trap_shutdown                         - Undefined Weak Reference
    _get_lc_collate                           - Undefined Weak Reference
    _get_lc_ctype                             - Undefined Weak Reference
    _get_lc_monetary                          - Undefined Weak Reference
    _get_lc_numeric                           - Undefined Weak Reference
    _get_lc_time                              - Undefined Weak Reference
    _getenv_init                              - Undefined Weak Reference
    _handle_redirection                       - Undefined Weak Reference
    _init_alloc                               - Undefined Weak Reference
    _init_user_alloc                          - Undefined Weak Reference
    _initio                                   - Undefined Weak Reference
    _rand_init                                - Undefined Weak Reference
    _signal_finish                            - Undefined Weak Reference
    _signal_init                              - Undefined Weak Reference
    _terminate_alloc                          - Undefined Weak Reference
    _terminate_user_alloc                     - Undefined Weak Reference
    _terminateio                              - Undefined Weak Reference
    __Vectors_Size                           0x000000c0   Number         0  startup_sc32f10xx.o ABSOLUTE
    __Vectors                                0x08000000   Data           4  startup_sc32f10xx.o(RESET)
    __Vectors_End                            0x080000c0   Data           0  startup_sc32f10xx.o(RESET)
    __main                                   0x080000c1   Thumb Code     8  __main.o(!!!main)
    __scatterload                            0x080000c9   Thumb Code     0  __scatter.o(!!!scatter)
    __scatterload_rt2                        0x080000c9   Thumb Code    52  __scatter.o(!!!scatter)
    __scatterload_rt2_thumb_only             0x080000c9   Thumb Code     0  __scatter.o(!!!scatter)
    __scatterload_null                       0x080000d9   Thumb Code     0  __scatter.o(!!!scatter)
    __scatterload_copy                       0x08000105   Thumb Code    26  __scatter_copy.o(!!handler_copy)
    __scatterload_zeroinit                   0x08000121   Thumb Code    28  __scatter_zi.o(!!handler_zi)
    __rt_lib_init                            0x0800013d   Thumb Code     0  libinit.o(.ARM.Collect$$libinit$$00000000)
    __rt_lib_init_alloca_1                   0x0800013f   Thumb Code     0  libinit2.o(.ARM.Collect$$libinit$$0000002E)
    __rt_lib_init_argv_1                     0x0800013f   Thumb Code     0  libinit2.o(.ARM.Collect$$libinit$$0000002C)
    __rt_lib_init_atexit_1                   0x0800013f   Thumb Code     0  libinit2.o(.ARM.Collect$$libinit$$0000001B)
    __rt_lib_init_clock_1                    0x0800013f   Thumb Code     0  libinit2.o(.ARM.Collect$$libinit$$00000021)
    __rt_lib_init_cpp_1                      0x0800013f   Thumb Code     0  libinit2.o(.ARM.Collect$$libinit$$00000032)
    __rt_lib_init_exceptions_1               0x0800013f   Thumb Code     0  libinit2.o(.ARM.Collect$$libinit$$00000030)
    __rt_lib_init_fp_1                       0x0800013f   Thumb Code     0  libinit2.o(.ARM.Collect$$libinit$$00000002)
    __rt_lib_init_fp_trap_1                  0x0800013f   Thumb Code     0  libinit2.o(.ARM.Collect$$libinit$$0000001F)
    __rt_lib_init_getenv_1                   0x0800013f   Thumb Code     0  libinit2.o(.ARM.Collect$$libinit$$00000023)
    __rt_lib_init_heap_1                     0x0800013f   Thumb Code     0  libinit2.o(.ARM.Collect$$libinit$$0000000A)
    __rt_lib_init_lc_collate_1               0x0800013f   Thumb Code     0  libinit2.o(.ARM.Collect$$libinit$$00000011)
    __rt_lib_init_lc_ctype_1                 0x0800013f   Thumb Code     0  libinit2.o(.ARM.Collect$$libinit$$00000013)
    __rt_lib_init_lc_monetary_1              0x0800013f   Thumb Code     0  libinit2.o(.ARM.Collect$$libinit$$00000015)
    __rt_lib_init_lc_numeric_1               0x0800013f   Thumb Code     0  libinit2.o(.ARM.Collect$$libinit$$00000017)
    __rt_lib_init_lc_time_1                  0x0800013f   Thumb Code     0  libinit2.o(.ARM.Collect$$libinit$$00000019)
    __rt_lib_init_preinit_1                  0x0800013f   Thumb Code     0  libinit2.o(.ARM.Collect$$libinit$$00000004)
    __rt_lib_init_rand_1                     0x0800013f   Thumb Code     0  libinit2.o(.ARM.Collect$$libinit$$0000000E)
    __rt_lib_init_return                     0x0800013f   Thumb Code     0  libinit2.o(.ARM.Collect$$libinit$$00000033)
    __rt_lib_init_signal_1                   0x0800013f   Thumb Code     0  libinit2.o(.ARM.Collect$$libinit$$0000001D)
    __rt_lib_init_stdio_1                    0x0800013f   Thumb Code     0  libinit2.o(.ARM.Collect$$libinit$$00000025)
    __rt_lib_init_user_alloc_1               0x0800013f   Thumb Code     0  libinit2.o(.ARM.Collect$$libinit$$0000000C)
    __rt_lib_shutdown                        0x08000141   Thumb Code     0  libshutdown.o(.ARM.Collect$$libshutdown$$00000000)
    __rt_lib_shutdown_cpp_1                  0x08000143   Thumb Code     0  libshutdown2.o(.ARM.Collect$$libshutdown$$00000004)
    __rt_lib_shutdown_fini_1                 0x08000143   Thumb Code     0  libshutdown2.o(.ARM.Collect$$libshutdown$$00000002)
    __rt_lib_shutdown_fp_trap_1              0x08000143   Thumb Code     0  libshutdown2.o(.ARM.Collect$$libshutdown$$00000009)
    __rt_lib_shutdown_heap_1                 0x08000143   Thumb Code     0  libshutdown2.o(.ARM.Collect$$libshutdown$$00000011)
    __rt_lib_shutdown_return                 0x08000143   Thumb Code     0  libshutdown2.o(.ARM.Collect$$libshutdown$$00000012)
    __rt_lib_shutdown_signal_1               0x08000143   Thumb Code     0  libshutdown2.o(.ARM.Collect$$libshutdown$$0000000C)
    __rt_lib_shutdown_stdio_1                0x08000143   Thumb Code     0  libshutdown2.o(.ARM.Collect$$libshutdown$$00000006)
    __rt_lib_shutdown_user_alloc_1           0x08000143   Thumb Code     0  libshutdown2.o(.ARM.Collect$$libshutdown$$0000000E)
    __rt_entry                               0x08000145   Thumb Code     0  __rtentry.o(.ARM.Collect$$rtentry$$00000000)
    __rt_entry_presh_1                       0x08000145   Thumb Code     0  __rtentry2.o(.ARM.Collect$$rtentry$$00000002)
    __rt_entry_sh                            0x08000145   Thumb Code     0  __rtentry4.o(.ARM.Collect$$rtentry$$00000004)
    __rt_entry_li                            0x0800014b   Thumb Code     0  __rtentry2.o(.ARM.Collect$$rtentry$$0000000A)
    __rt_entry_postsh_1                      0x0800014b   Thumb Code     0  __rtentry2.o(.ARM.Collect$$rtentry$$00000009)
    __rt_entry_main                          0x0800014f   Thumb Code     0  __rtentry2.o(.ARM.Collect$$rtentry$$0000000D)
    __rt_entry_postli_1                      0x0800014f   Thumb Code     0  __rtentry2.o(.ARM.Collect$$rtentry$$0000000C)
    __rt_exit                                0x08000157   Thumb Code     0  rtexit.o(.ARM.Collect$$rtexit$$00000000)
    __rt_exit_ls                             0x08000159   Thumb Code     0  rtexit2.o(.ARM.Collect$$rtexit$$00000003)
    __rt_exit_prels_1                        0x08000159   Thumb Code     0  rtexit2.o(.ARM.Collect$$rtexit$$00000002)
    __rt_exit_exit                           0x0800015d   Thumb Code     0  rtexit2.o(.ARM.Collect$$rtexit$$00000004)
    Reset_Handler                            0x08000165   Thumb Code    38  startup_sc32f10xx.o(.text)
    NMI_Handler                              0x0800018b   Thumb Code     2  startup_sc32f10xx.o(.text)
    HardFault_Handler                        0x0800018d   Thumb Code     2  startup_sc32f10xx.o(.text)
    MemManage_Handler                        0x0800018f   Thumb Code     2  startup_sc32f10xx.o(.text)
    BusFault_Handler                         0x08000191   Thumb Code     2  startup_sc32f10xx.o(.text)
    UsageFault_Handler                       0x08000193   Thumb Code     2  startup_sc32f10xx.o(.text)
    SVC_Handler                              0x08000195   Thumb Code     2  startup_sc32f10xx.o(.text)
    DebugMon_Handler                         0x08000197   Thumb Code     2  startup_sc32f10xx.o(.text)
    PendSV_Handler                           0x08000199   Thumb Code     2  startup_sc32f10xx.o(.text)
    __user_initial_stackheap                 0x080001a1   Thumb Code     0  startup_sc32f10xx.o(.text)
    __aeabi_uidiv                            0x080001e9   Thumb Code     0  aeabi_sdiv.o(.text)
    __aeabi_uidivmod                         0x080001e9   Thumb Code    20  aeabi_sdiv.o(.text)
    __aeabi_idiv                             0x080001fd   Thumb Code     0  aeabi_sdiv.o(.text)
    __aeabi_idivmod                          0x080001fd   Thumb Code   326  aeabi_sdiv.o(.text)
    __use_two_region_memory                  0x08000343   Thumb Code     2  heapauxi.o(.text)
    __rt_heap_escrow$2region                 0x08000345   Thumb Code     2  heapauxi.o(.text)
    __rt_heap_expand$2region                 0x08000347   Thumb Code     2  heapauxi.o(.text)
    __user_setup_stackheap                   0x08000349   Thumb Code    62  sys_stackheap_outer.o(.text)
    exit                                     0x08000387   Thumb Code    16  exit.o(.text)
    __user_libspace                          0x08000399   Thumb Code     8  libspace.o(.text)
    __user_perproc_libspace                  0x08000399   Thumb Code     0  libspace.o(.text)
    __user_perthread_libspace                0x08000399   Thumb Code     0  libspace.o(.text)
    _sys_exit                                0x080003a1   Thumb Code     8  sys_exit.o(.text)
    __I$use$semihosting                      0x080003ad   Thumb Code     0  use_no_semi.o(.text)
    __use_no_semihosting_swi                 0x080003ad   Thumb Code     2  use_no_semi.o(.text)
    ADC_ClearFlag                            0x080003af   Thumb Code     4  sc32f1xxx_adc.o(i.ADC_ClearFlag)
    __semihosting_library_function           0x080003af   Thumb Code     0  indicate_semi.o(.text)
    ADC_Cmd                                  0x080003b3   Thumb Code    20  sc32f1xxx_adc.o(i.ADC_Cmd)
    ADC_DMACmd                               0x080003c7   Thumb Code    20  sc32f1xxx_adc.o(i.ADC_DMACmd)
    ADC_IRQHandler                           0x080003dd   Thumb Code    12  sc_it.o(i.ADC_IRQHandler)
    ADC_ITConfig                             0x080003ed   Thumb Code    16  sc32f1xxx_adc.o(i.ADC_ITConfig)
    ADC_Init                                 0x080003fd   Thumb Code    28  sc32f1xxx_adc.o(i.ADC_Init)
    ADC_SetChannel                           0x0800041d   Thumb Code    12  sc32f1xxx_adc.o(i.ADC_SetChannel)
    BTM_IRQHandler                           0x08000429   Thumb Code     2  sc_it.o(i.BTM_IRQHandler)
    Buzzer_SetVolume                         0x0800042d   Thumb Code    14  buzzer.o(i.Buzzer_SetVolume)
    CMP_IRQHandler                           0x08000441   Thumb Code     2  sc_it.o(i.CMP_IRQHandler)
    DMA0_IRQHandler                          0x08000443   Thumb Code     2  sc_it.o(i.DMA0_IRQHandler)
    DMA1_IRQHandler                          0x08000445   Thumb Code     2  sc_it.o(i.DMA1_IRQHandler)
    DMA2_IRQHandler                          0x08000447   Thumb Code     2  sc_it.o(i.DMA2_IRQHandler)
    DMA3_IRQHandler                          0x08000449   Thumb Code     2  sc_it.o(i.DMA3_IRQHandler)
    Delay_ms                                 0x0800044b   Thumb Code    26  main.o(i.Delay_ms)
    Delay_us                                 0x08000465   Thumb Code    32  main.o(i.Delay_us)
    GPIO_Init                                0x08000489   Thumb Code    96  sc32f1xxx_gpio.o(i.GPIO_Init)
    GPIO_ResetBits                           0x080004e9   Thumb Code    30  sc32f1xxx_gpio.o(i.GPIO_ResetBits)
    GPIO_SetBits                             0x08000507   Thumb Code    30  sc32f1xxx_gpio.o(i.GPIO_SetBits)
    INT0_IRQHandler                          0x08000525   Thumb Code     2  sc_it.o(i.INT0_IRQHandler)
    INT12_15_IRQHandler                      0x08000527   Thumb Code     2  sc_it.o(i.INT12_15_IRQHandler)
    INT1_7_IRQHandler                        0x08000529   Thumb Code     2  sc_it.o(i.INT1_7_IRQHandler)
    INT8_11_IRQHandler                       0x0800052b   Thumb Code     2  sc_it.o(i.INT8_11_IRQHandler)
    IcResourceInit                           0x0800052d   Thumb Code     8  compctrldefine.o(i.IcResourceInit)
    LEDPWM_IRQHandler                        0x08000535   Thumb Code     2  sc_it.o(i.LEDPWM_IRQHandler)
    PWM0_IRQHandler                          0x08000539   Thumb Code    12  sc_it.o(i.PWM0_IRQHandler)
    PWM_ClearFlag                            0x08000549   Thumb Code     4  sc32f1xxx_pwm.o(i.PWM_ClearFlag)
    PWM_Cmd                                  0x0800054d   Thumb Code    20  sc32f1xxx_pwm.o(i.PWM_Cmd)
    PWM_FDCmd                                0x08000565   Thumb Code    20  sc32f1xxx_pwm.o(i.PWM_FDCmd)
    PWM_FDInit                               0x0800057d   Thumb Code    26  sc32f1xxx_pwm.o(i.PWM_FDInit)
    PWM_ITConfig                             0x08000597   Thumb Code    20  sc32f1xxx_pwm.o(i.PWM_ITConfig)
    PWM_Init                                 0x080005ab   Thumb Code    36  sc32f1xxx_pwm.o(i.PWM_Init)
    PWM_SetDuty                              0x080005cf   Thumb Code    28  sc32f1xxx_pwm.o(i.PWM_SetDuty)
    RCC_APB0Cmd                              0x080005ed   Thumb Code    20  sc32f1xxx_rcc.o(i.RCC_APB0Cmd)
    RCC_APB0Config                           0x08000605   Thumb Code    20  sc32f1xxx_rcc.o(i.RCC_APB0Config)
    RCC_APB0PeriphClockCmd                   0x0800061d   Thumb Code    18  sc32f1xxx_rcc.o(i.RCC_APB0PeriphClockCmd)
    RCC_APB2Cmd                              0x08000635   Thumb Code    22  sc32f1xxx_rcc.o(i.RCC_APB2Cmd)
    RCC_APB2Config                           0x08000651   Thumb Code    20  sc32f1xxx_rcc.o(i.RCC_APB2Config)
    RCC_HCLKConfig                           0x08000669   Thumb Code    20  sc32f1xxx_rcc.o(i.RCC_HCLKConfig)
    RCC_HIRCCmd                              0x08000681   Thumb Code    30  sc32f1xxx_rcc.o(i.RCC_HIRCCmd)
    RCC_HXTCmd                               0x080006a5   Thumb Code    30  sc32f1xxx_rcc.o(i.RCC_HXTCmd)
    RCC_IRQHandler                           0x080006c9   Thumb Code     2  sc_it.o(i.RCC_IRQHandler)
    RCC_ITConfig                             0x080006cd   Thumb Code    30  sc32f1xxx_rcc.o(i.RCC_ITConfig)
    RCC_LIRCCmd                              0x080006f1   Thumb Code    30  sc32f1xxx_rcc.o(i.RCC_LIRCCmd)
    RCC_LXTCmd                               0x08000715   Thumb Code    32  sc32f1xxx_rcc.o(i.RCC_LXTCmd)
    RCC_SYSCLKConfig                         0x08000739   Thumb Code   144  sc32f1xxx_rcc.o(i.RCC_SYSCLKConfig)
    RCC_SystickCLKConfig                     0x080007d1   Thumb Code    50  sc32f1xxx_rcc.o(i.RCC_SystickCLKConfig)
    RCC_SystickCmd                           0x0800080d   Thumb Code    22  sc32f1xxx_rcc.o(i.RCC_SystickCmd)
    RCC_SystickSetCounter                    0x08000829   Thumb Code    18  sc32f1xxx_rcc.o(i.RCC_SystickSetCounter)
    RCC_Unlock                               0x08000845   Thumb Code    16  sc32f1xxx_rcc.o(i.RCC_Unlock)
    SC_ADC_Init                              0x08000859   Thumb Code    82  sc_init.o(i.SC_ADC_Init)
    SC_GPIO_Init                             0x080008b1   Thumb Code   122  sc_init.o(i.SC_GPIO_Init)
    SC_Init                                  0x08000935   Thumb Code    40  sc_init.o(i.SC_Init)
    SC_OPTION_Init                           0x0800095d   Thumb Code    24  sc_init.o(i.SC_OPTION_Init)
    SC_PWM0_Init                             0x0800097d   Thumb Code   182  sc_init.o(i.SC_PWM0_Init)
    SC_RCC_Init                              0x08000a39   Thumb Code    76  sc_init.o(i.SC_RCC_Init)
    SC_SYSTICK_Init                          0x08000a89   Thumb Code    38  sc_init.o(i.SC_SYSTICK_Init)
    SC_TIM1_Init                             0x08000ab1   Thumb Code   142  sc_init.o(i.SC_TIM1_Init)
    SC_TIM2_Init                             0x08000b45   Thumb Code   150  sc_init.o(i.SC_TIM2_Init)
    SC_TWI0_Init                             0x08000be5   Thumb Code   150  sc_init.o(i.SC_TWI0_Init)
    SPI0_IRQHandler                          0x08000c85   Thumb Code     2  sc_it.o(i.SPI0_IRQHandler)
    SPI1_IRQHandler                          0x08000c87   Thumb Code     2  sc_it.o(i.SPI1_IRQHandler)
    SysTick_IRQHandler                       0x08000c89   Thumb Code     2  sc_it.o(i.SysTick_IRQHandler)
    SystemInit                               0x08000c8d   Thumb Code    10  system_sc32f1xxx.o(i.SystemInit)
    TIMER0_IRQHandler                        0x08000c9d   Thumb Code     2  sc_it.o(i.TIMER0_IRQHandler)
    TIMER1_IRQHandler                        0x08000ca1   Thumb Code    12  sc_it.o(i.TIMER1_IRQHandler)
    TIMER2_IRQHandler                        0x08000cb1   Thumb Code     2  sc_it.o(i.TIMER2_IRQHandler)
    TIMER3_IRQHandler                        0x08000cb3   Thumb Code     2  sc_it.o(i.TIMER3_IRQHandler)
    TIMER4_5_IRQHandler                      0x08000cb5   Thumb Code     2  sc_it.o(i.TIMER4_5_IRQHandler)
    TIMER6_7_IRQHandler                      0x08000cb7   Thumb Code     2  sc_it.o(i.TIMER6_7_IRQHandler)
    TIM_ClearFlag                            0x08000cb9   Thumb Code     4  sc32f1xxx_tim.o(i.TIM_ClearFlag)
    TIM_Cmd                                  0x08000cbd   Thumb Code    20  sc32f1xxx_tim.o(i.TIM_Cmd)
    TIM_DMACmd                               0x08000cd5   Thumb Code    20  sc32f1xxx_tim.o(i.TIM_DMACmd)
    TIM_ICCmd                                0x08000ce9   Thumb Code    20  sc32f1xxx_tim.o(i.TIM_ICCmd)
    TIM_ICInit                               0x08000d01   Thumb Code    34  sc32f1xxx_tim.o(i.TIM_ICInit)
    TIM_ITConfig                             0x08000d29   Thumb Code    20  sc32f1xxx_tim.o(i.TIM_ITConfig)
    TIM_PWMInit                              0x08000d3d   Thumb Code    52  sc32f1xxx_tim.o(i.TIM_PWMInit)
    TIM_PWMSetDuty                           0x08000d75   Thumb Code    26  sc32f1xxx_tim.o(i.TIM_PWMSetDuty)
    TIM_PinRemapConfig                       0x08000d95   Thumb Code    14  sc32f1xxx_tim.o(i.TIM_PinRemapConfig)
    TIM_TIMBaseInit                          0x08000da5   Thumb Code    36  sc32f1xxx_tim.o(i.TIM_TIMBaseInit)
    TK_GetCfgMsg                             0x08000dcd   Thumb Code    58  tkdriver.o(i.TK_GetCfgMsg)
    TK_GetScanTimeValue                      0x08000e11   Thumb Code    12  tkdriver.o(i.TK_GetScanTimeValue)
    TK_IRQHandler                            0x08000e21   Thumb Code     8  tkdriver.o(i.TK_IRQHandler)
    TK_TouchKey_Service                      0x08000e29   Thumb Code   300  sc32f10xx_tk_functionresource.o(i.TK_TouchKey_Service)
    TWI0_IRQHandler                          0x08000f71   Thumb Code     2  sc_it.o(i.TWI0_IRQHandler)
    TWI1_IRQHandler                          0x08000f73   Thumb Code     2  sc_it.o(i.TWI1_IRQHandler)
    TWI_Cmd                                  0x08000f75   Thumb Code    20  sc32f1xxx_twi.o(i.TWI_Cmd)
    TWI_DMACmd                               0x08000f8d   Thumb Code    20  sc32f1xxx_twi.o(i.TWI_DMACmd)
    TWI_ITConfig                             0x08000fa1   Thumb Code    20  sc32f1xxx_twi.o(i.TWI_ITConfig)
    TWI_Init                                 0x08000fb5   Thumb Code    44  sc32f1xxx_twi.o(i.TWI_Init)
    TWI_PinRemapConfig                       0x08000fe5   Thumb Code    14  sc32f1xxx_twi.o(i.TWI_PinRemapConfig)
    UART0_2_IRQHandler                       0x08000ff3   Thumb Code     2  sc_it.o(i.UART0_2_IRQHandler)
    UART1_3_IRQHandler                       0x08000ff5   Thumb Code     2  sc_it.o(i.UART1_3_IRQHandler)
    __ARM_common_switch8                     0x08000ff7   Thumb Code    26  main.o(i.__ARM_common_switch8)
    main                                     0x0800106d   Thumb Code   116  main.o(i.main)
    TKChannelCfg                             0x080010ec   Data          30  tkdriver.o(.constdata)
    Region$$Table$$Base                      0x0800110c   Number         0  anon$$obj.o(Region$$Table)
    Region$$Table$$Limit                     0x0800112c   Number         0  anon$$obj.o(Region$$Table)
    ConfirmTouchCnt                          0x20000000   Data           1  tkdriver.o(.data)
    SetNoiseThreshold                        0x20000001   Data           1  tkdriver.o(.data)
    UpdateBaseLNum                           0x20000002   Data           2  tkdriver.o(.data)
    CurrentChannel                           0x20000004   Data           3  tkdriver.o(.data)
    SingleParameterBufferSet                 0x20000007   Data           3  tkdriver.o(.data)
    TKSlideModulePCBArray                    0x2000000a   Data          54  tkdriver.o(.data)
    TK_TouchKeyStatus                        0x20000040   Data           1  tkdriver.o(.data)
    SingleCurrentChannelMax                  0x20000044   Data           1  sc32f10xx_tk_functionresource.o(.data)
    KeyFlag                                  0x20000048   Data           4  sc32f10xx_tk_functionresource.o(.data)
    KeyMark                                  0x2000004c   Data           4  sc32f10xx_tk_functionresource.o(.data)
    UsingTKSlideModuleNumber                 0x20000050   Data           1  sc32f10xx_tk_functionresource.o(.data)
    CurrentIndex                             0x20000051   Data           1  sc32f10xx_tk_functionresource.o(.data)
    ScanTime                                 0x20000052   Data           2  sc32f10xx_tk_functionresource.o(.data)
    IsInNosicValue                           0x20000054   Data           1  sc32f10xx_tk_functionresource.o(.data)
    bMultiple                                0x20000055   Data           1  sc32f10xx_tk_functionresource.o(.data)
    bNeedUpdate                              0x20000056   Data           1  sc32f10xx_tk_functionresource.o(.data)
    MultipleDealIndex                        0x20000057   Data           1  sc32f10xx_tk_functionresource.o(.data)
    FlowFingerRoundIndex                     0x20000058   Data           1  sc32f10xx_tk_functionresource.o(.data)
    FlowFingerRoundCnt                       0x2000005a   Data           2  sc32f10xx_tk_functionresource.o(.data)
    SingleChannelsBaseLineUpdatePar          0x20000060   Data          18  tkdriver.o(.bss)
    __libspace_start                         0x20000074   Data          96  libspace.o(.bss)
    __temporary_stack_top$libspace           0x200000d4   Data           0  libspace.o(.bss)



==============================================================================

Memory Map of the image

  Image Entry point : 0x080000c1

  Load Region LR_IROM1 (Base: 0x08000000, Size: 0x0000118c, Max: 0x00040000, ABSOLUTE)

    Execution Region ER_IROM1 (Exec base: 0x08000000, Load base: 0x08000000, Size: 0x0000112c, Max: 0x00040000, ABSOLUTE)

    Exec Addr    Load Addr    Size         Type   Attr      Idx    E Section Name        Object

    0x08000000   0x08000000   0x000000c0   Data   RO         1744    RESET               startup_sc32f10xx.o
    0x080000c0   0x080000c0   0x00000008   Code   RO         2104  * !!!main             c_p.l(__main.o)
    0x080000c8   0x080000c8   0x0000003c   Code   RO         2320    !!!scatter          c_p.l(__scatter.o)
    0x08000104   0x08000104   0x0000001a   Code   RO         2322    !!handler_copy      c_p.l(__scatter_copy.o)
    0x0800011e   0x0800011e   0x00000002   PAD
    0x08000120   0x08000120   0x0000001c   Code   RO         2324    !!handler_zi        c_p.l(__scatter_zi.o)
    0x0800013c   0x0800013c   0x00000002   Code   RO         2185    .ARM.Collect$$libinit$$00000000  c_p.l(libinit.o)
    0x0800013e   0x0800013e   0x00000000   Code   RO         2201    .ARM.Collect$$libinit$$00000002  c_p.l(libinit2.o)
    0x0800013e   0x0800013e   0x00000000   Code   RO         2203    .ARM.Collect$$libinit$$00000004  c_p.l(libinit2.o)
    0x0800013e   0x0800013e   0x00000000   Code   RO         2206    .ARM.Collect$$libinit$$0000000A  c_p.l(libinit2.o)
    0x0800013e   0x0800013e   0x00000000   Code   RO         2208    .ARM.Collect$$libinit$$0000000C  c_p.l(libinit2.o)
    0x0800013e   0x0800013e   0x00000000   Code   RO         2210    .ARM.Collect$$libinit$$0000000E  c_p.l(libinit2.o)
    0x0800013e   0x0800013e   0x00000000   Code   RO         2213    .ARM.Collect$$libinit$$00000011  c_p.l(libinit2.o)
    0x0800013e   0x0800013e   0x00000000   Code   RO         2215    .ARM.Collect$$libinit$$00000013  c_p.l(libinit2.o)
    0x0800013e   0x0800013e   0x00000000   Code   RO         2217    .ARM.Collect$$libinit$$00000015  c_p.l(libinit2.o)
    0x0800013e   0x0800013e   0x00000000   Code   RO         2219    .ARM.Collect$$libinit$$00000017  c_p.l(libinit2.o)
    0x0800013e   0x0800013e   0x00000000   Code   RO         2221    .ARM.Collect$$libinit$$00000019  c_p.l(libinit2.o)
    0x0800013e   0x0800013e   0x00000000   Code   RO         2223    .ARM.Collect$$libinit$$0000001B  c_p.l(libinit2.o)
    0x0800013e   0x0800013e   0x00000000   Code   RO         2225    .ARM.Collect$$libinit$$0000001D  c_p.l(libinit2.o)
    0x0800013e   0x0800013e   0x00000000   Code   RO         2227    .ARM.Collect$$libinit$$0000001F  c_p.l(libinit2.o)
    0x0800013e   0x0800013e   0x00000000   Code   RO         2229    .ARM.Collect$$libinit$$00000021  c_p.l(libinit2.o)
    0x0800013e   0x0800013e   0x00000000   Code   RO         2231    .ARM.Collect$$libinit$$00000023  c_p.l(libinit2.o)
    0x0800013e   0x0800013e   0x00000000   Code   RO         2233    .ARM.Collect$$libinit$$00000025  c_p.l(libinit2.o)
    0x0800013e   0x0800013e   0x00000000   Code   RO         2237    .ARM.Collect$$libinit$$0000002C  c_p.l(libinit2.o)
    0x0800013e   0x0800013e   0x00000000   Code   RO         2239    .ARM.Collect$$libinit$$0000002E  c_p.l(libinit2.o)
    0x0800013e   0x0800013e   0x00000000   Code   RO         2241    .ARM.Collect$$libinit$$00000030  c_p.l(libinit2.o)
    0x0800013e   0x0800013e   0x00000000   Code   RO         2243    .ARM.Collect$$libinit$$00000032  c_p.l(libinit2.o)
    0x0800013e   0x0800013e   0x00000002   Code   RO         2244    .ARM.Collect$$libinit$$00000033  c_p.l(libinit2.o)
    0x08000140   0x08000140   0x00000002   Code   RO         2275    .ARM.Collect$$libshutdown$$00000000  c_p.l(libshutdown.o)
    0x08000142   0x08000142   0x00000000   Code   RO         2301    .ARM.Collect$$libshutdown$$00000002  c_p.l(libshutdown2.o)
    0x08000142   0x08000142   0x00000000   Code   RO         2303    .ARM.Collect$$libshutdown$$00000004  c_p.l(libshutdown2.o)
    0x08000142   0x08000142   0x00000000   Code   RO         2305    .ARM.Collect$$libshutdown$$00000006  c_p.l(libshutdown2.o)
    0x08000142   0x08000142   0x00000000   Code   RO         2308    .ARM.Collect$$libshutdown$$00000009  c_p.l(libshutdown2.o)
    0x08000142   0x08000142   0x00000000   Code   RO         2311    .ARM.Collect$$libshutdown$$0000000C  c_p.l(libshutdown2.o)
    0x08000142   0x08000142   0x00000000   Code   RO         2313    .ARM.Collect$$libshutdown$$0000000E  c_p.l(libshutdown2.o)
    0x08000142   0x08000142   0x00000000   Code   RO         2316    .ARM.Collect$$libshutdown$$00000011  c_p.l(libshutdown2.o)
    0x08000142   0x08000142   0x00000002   Code   RO         2317    .ARM.Collect$$libshutdown$$00000012  c_p.l(libshutdown2.o)
    0x08000144   0x08000144   0x00000000   Code   RO         2142    .ARM.Collect$$rtentry$$00000000  c_p.l(__rtentry.o)
    0x08000144   0x08000144   0x00000000   Code   RO         2151    .ARM.Collect$$rtentry$$00000002  c_p.l(__rtentry2.o)
    0x08000144   0x08000144   0x00000006   Code   RO         2163    .ARM.Collect$$rtentry$$00000004  c_p.l(__rtentry4.o)
    0x0800014a   0x0800014a   0x00000000   Code   RO         2153    .ARM.Collect$$rtentry$$00000009  c_p.l(__rtentry2.o)
    0x0800014a   0x0800014a   0x00000004   Code   RO         2154    .ARM.Collect$$rtentry$$0000000A  c_p.l(__rtentry2.o)
    0x0800014e   0x0800014e   0x00000000   Code   RO         2156    .ARM.Collect$$rtentry$$0000000C  c_p.l(__rtentry2.o)
    0x0800014e   0x0800014e   0x00000008   Code   RO         2157    .ARM.Collect$$rtentry$$0000000D  c_p.l(__rtentry2.o)
    0x08000156   0x08000156   0x00000002   Code   RO         2192    .ARM.Collect$$rtexit$$00000000  c_p.l(rtexit.o)
    0x08000158   0x08000158   0x00000000   Code   RO         2248    .ARM.Collect$$rtexit$$00000002  c_p.l(rtexit2.o)
    0x08000158   0x08000158   0x00000004   Code   RO         2249    .ARM.Collect$$rtexit$$00000003  c_p.l(rtexit2.o)
    0x0800015c   0x0800015c   0x00000006   Code   RO         2250    .ARM.Collect$$rtexit$$00000004  c_p.l(rtexit2.o)
    0x08000162   0x08000162   0x00000002   PAD
    0x08000164   0x08000164   0x00000084   Code   RO         1745    .text               startup_sc32f10xx.o
    0x080001e8   0x080001e8   0x0000015a   Code   RO         2098    .text               c_p.l(aeabi_sdiv.o)
    0x08000342   0x08000342   0x00000006   Code   RO         2102    .text               c_p.l(heapauxi.o)
    0x08000348   0x08000348   0x0000003e   Code   RO         2171    .text               c_p.l(sys_stackheap_outer.o)
    0x08000386   0x08000386   0x00000010   Code   RO         2174    .text               c_p.l(exit.o)
    0x08000396   0x08000396   0x00000002   PAD
    0x08000398   0x08000398   0x00000008   Code   RO         2188    .text               c_p.l(libspace.o)
    0x080003a0   0x080003a0   0x0000000c   Code   RO         2245    .text               c_p.l(sys_exit.o)
    0x080003ac   0x080003ac   0x00000002   Code   RO         2264    .text               c_p.l(use_no_semi.o)
    0x080003ae   0x080003ae   0x00000000   Code   RO         2266    .text               c_p.l(indicate_semi.o)
    0x080003ae   0x080003ae   0x00000004   Code   RO         1039    i.ADC_ClearFlag     sc32f1xxx_adc.o
    0x080003b2   0x080003b2   0x00000014   Code   RO         1040    i.ADC_Cmd           sc32f1xxx_adc.o
    0x080003c6   0x080003c6   0x00000014   Code   RO         1042    i.ADC_DMACmd        sc32f1xxx_adc.o
    0x080003da   0x080003da   0x00000002   PAD
    0x080003dc   0x080003dc   0x00000010   Code   RO          187    i.ADC_IRQHandler    sc_it.o
    0x080003ec   0x080003ec   0x00000010   Code   RO         1047    i.ADC_ITConfig      sc32f1xxx_adc.o
    0x080003fc   0x080003fc   0x00000020   Code   RO         1048    i.ADC_Init          sc32f1xxx_adc.o
    0x0800041c   0x0800041c   0x0000000c   Code   RO         1049    i.ADC_SetChannel    sc32f1xxx_adc.o
    0x08000428   0x08000428   0x00000002   Code   RO          188    i.BTM_IRQHandler    sc_it.o
    0x0800042a   0x0800042a   0x00000002   PAD
    0x0800042c   0x0800042c   0x00000014   Code   RO         1752    i.Buzzer_SetVolume  buzzer.o
    0x08000440   0x08000440   0x00000002   Code   RO          192    i.CMP_IRQHandler    sc_it.o
    0x08000442   0x08000442   0x00000002   Code   RO          193    i.DMA0_IRQHandler   sc_it.o
    0x08000444   0x08000444   0x00000002   Code   RO          194    i.DMA1_IRQHandler   sc_it.o
    0x08000446   0x08000446   0x00000002   Code   RO          195    i.DMA2_IRQHandler   sc_it.o
    0x08000448   0x08000448   0x00000002   Code   RO          196    i.DMA3_IRQHandler   sc_it.o
    0x0800044a   0x0800044a   0x0000001a   Code   RO            3    i.Delay_ms          main.o
    0x08000464   0x08000464   0x00000024   Code   RO            4    i.Delay_us          main.o
    0x08000488   0x08000488   0x00000060   Code   RO         1671    i.GPIO_Init         sc32f1xxx_gpio.o
    0x080004e8   0x080004e8   0x0000001e   Code   RO         1674    i.GPIO_ResetBits    sc32f1xxx_gpio.o
    0x08000506   0x08000506   0x0000001e   Code   RO         1675    i.GPIO_SetBits      sc32f1xxx_gpio.o
    0x08000524   0x08000524   0x00000002   Code   RO          198    i.INT0_IRQHandler   sc_it.o
    0x08000526   0x08000526   0x00000002   Code   RO          199    i.INT12_15_IRQHandler  sc_it.o
    0x08000528   0x08000528   0x00000002   Code   RO          200    i.INT1_7_IRQHandler  sc_it.o
    0x0800052a   0x0800052a   0x00000002   Code   RO          201    i.INT8_11_IRQHandler  sc_it.o
    0x0800052c   0x0800052c   0x00000008   Code   RO          838    i.IcResourceInit    compctrldefine.o
    0x08000534   0x08000534   0x00000002   Code   RO          202    i.LEDPWM_IRQHandler  sc_it.o
    0x08000536   0x08000536   0x00000002   PAD
    0x08000538   0x08000538   0x00000010   Code   RO          205    i.PWM0_IRQHandler   sc_it.o
    0x08000548   0x08000548   0x00000004   Code   RO         1131    i.PWM_ClearFlag     sc32f1xxx_pwm.o
    0x0800054c   0x0800054c   0x00000018   Code   RO         1132    i.PWM_Cmd           sc32f1xxx_pwm.o
    0x08000564   0x08000564   0x00000018   Code   RO         1134    i.PWM_FDCmd         sc32f1xxx_pwm.o
    0x0800057c   0x0800057c   0x0000001a   Code   RO         1135    i.PWM_FDInit        sc32f1xxx_pwm.o
    0x08000596   0x08000596   0x00000014   Code   RO         1142    i.PWM_ITConfig      sc32f1xxx_pwm.o
    0x080005aa   0x080005aa   0x00000024   Code   RO         1143    i.PWM_Init          sc32f1xxx_pwm.o
    0x080005ce   0x080005ce   0x0000001c   Code   RO         1146    i.PWM_SetDuty       sc32f1xxx_pwm.o
    0x080005ea   0x080005ea   0x00000002   PAD
    0x080005ec   0x080005ec   0x00000018   Code   RO         1436    i.RCC_APB0Cmd       sc32f1xxx_rcc.o
    0x08000604   0x08000604   0x00000018   Code   RO         1437    i.RCC_APB0Config    sc32f1xxx_rcc.o
    0x0800061c   0x0800061c   0x00000018   Code   RO         1438    i.RCC_APB0PeriphClockCmd  sc32f1xxx_rcc.o
    0x08000634   0x08000634   0x0000001c   Code   RO         1444    i.RCC_APB2Cmd       sc32f1xxx_rcc.o
    0x08000650   0x08000650   0x00000018   Code   RO         1445    i.RCC_APB2Config    sc32f1xxx_rcc.o
    0x08000668   0x08000668   0x00000018   Code   RO         1453    i.RCC_HCLKConfig    sc32f1xxx_rcc.o
    0x08000680   0x08000680   0x00000024   Code   RO         1454    i.RCC_HIRCCmd       sc32f1xxx_rcc.o
    0x080006a4   0x080006a4   0x00000024   Code   RO         1455    i.RCC_HXTCmd        sc32f1xxx_rcc.o
    0x080006c8   0x080006c8   0x00000002   Code   RO          208    i.RCC_IRQHandler    sc_it.o
    0x080006ca   0x080006ca   0x00000002   PAD
    0x080006cc   0x080006cc   0x00000024   Code   RO         1456    i.RCC_ITConfig      sc32f1xxx_rcc.o
    0x080006f0   0x080006f0   0x00000024   Code   RO         1458    i.RCC_LIRCCmd       sc32f1xxx_rcc.o
    0x08000714   0x08000714   0x00000024   Code   RO         1459    i.RCC_LXTCmd        sc32f1xxx_rcc.o
    0x08000738   0x08000738   0x00000098   Code   RO         1464    i.RCC_SYSCLKConfig  sc32f1xxx_rcc.o
    0x080007d0   0x080007d0   0x0000003c   Code   RO         1465    i.RCC_SystickCLKConfig  sc32f1xxx_rcc.o
    0x0800080c   0x0800080c   0x0000001c   Code   RO         1466    i.RCC_SystickCmd    sc32f1xxx_rcc.o
    0x08000828   0x08000828   0x0000001c   Code   RO         1468    i.RCC_SystickSetCounter  sc32f1xxx_rcc.o
    0x08000844   0x08000844   0x00000014   Code   RO         1469    i.RCC_Unlock        sc32f1xxx_rcc.o
    0x08000858   0x08000858   0x00000058   Code   RO          455    i.SC_ADC_Init       sc_init.o
    0x080008b0   0x080008b0   0x00000084   Code   RO          465    i.SC_GPIO_Init      sc_init.o
    0x08000934   0x08000934   0x00000028   Code   RO          468    i.SC_Init           sc_init.o
    0x0800095c   0x0800095c   0x00000020   Code   RO          477    i.SC_OPTION_Init    sc_init.o
    0x0800097c   0x0800097c   0x000000bc   Code   RO          480    i.SC_PWM0_Init      sc_init.o
    0x08000a38   0x08000a38   0x00000050   Code   RO          484    i.SC_RCC_Init       sc_init.o
    0x08000a88   0x08000a88   0x00000026   Code   RO          488    i.SC_SYSTICK_Init   sc_init.o
    0x08000aae   0x08000aae   0x00000002   PAD
    0x08000ab0   0x08000ab0   0x00000094   Code   RO          490    i.SC_TIM1_Init      sc_init.o
    0x08000b44   0x08000b44   0x000000a0   Code   RO          491    i.SC_TIM2_Init      sc_init.o
    0x08000be4   0x08000be4   0x000000a0   Code   RO          497    i.SC_TWI0_Init      sc_init.o
    0x08000c84   0x08000c84   0x00000002   Code   RO          209    i.SPI0_IRQHandler   sc_it.o
    0x08000c86   0x08000c86   0x00000002   Code   RO          211    i.SPI1_IRQHandler   sc_it.o
    0x08000c88   0x08000c88   0x00000002   Code   RO          213    i.SysTick_IRQHandler  sc_it.o
    0x08000c8a   0x08000c8a   0x00000002   PAD
    0x08000c8c   0x08000c8c   0x00000010   Code   RO          167    i.SystemInit        system_sc32f1xxx.o
    0x08000c9c   0x08000c9c   0x00000002   Code   RO          214    i.TIMER0_IRQHandler  sc_it.o
    0x08000c9e   0x08000c9e   0x00000002   PAD
    0x08000ca0   0x08000ca0   0x00000010   Code   RO          215    i.TIMER1_IRQHandler  sc_it.o
    0x08000cb0   0x08000cb0   0x00000002   Code   RO          216    i.TIMER2_IRQHandler  sc_it.o
    0x08000cb2   0x08000cb2   0x00000002   Code   RO          217    i.TIMER3_IRQHandler  sc_it.o
    0x08000cb4   0x08000cb4   0x00000002   Code   RO          218    i.TIMER4_5_IRQHandler  sc_it.o
    0x08000cb6   0x08000cb6   0x00000002   Code   RO          219    i.TIMER6_7_IRQHandler  sc_it.o
    0x08000cb8   0x08000cb8   0x00000004   Code   RO          875    i.TIM_ClearFlag     sc32f1xxx_tim.o
    0x08000cbc   0x08000cbc   0x00000018   Code   RO          877    i.TIM_Cmd           sc32f1xxx_tim.o
    0x08000cd4   0x08000cd4   0x00000014   Code   RO          878    i.TIM_DMACmd        sc32f1xxx_tim.o
    0x08000ce8   0x08000ce8   0x00000018   Code   RO          886    i.TIM_ICCmd         sc32f1xxx_tim.o
    0x08000d00   0x08000d00   0x00000028   Code   RO          887    i.TIM_ICInit        sc32f1xxx_tim.o
    0x08000d28   0x08000d28   0x00000014   Code   RO          889    i.TIM_ITConfig      sc32f1xxx_tim.o
    0x08000d3c   0x08000d3c   0x00000038   Code   RO          891    i.TIM_PWMInit       sc32f1xxx_tim.o
    0x08000d74   0x08000d74   0x00000020   Code   RO          892    i.TIM_PWMSetDuty    sc32f1xxx_tim.o
    0x08000d94   0x08000d94   0x0000000e   Code   RO          894    i.TIM_PinRemapConfig  sc32f1xxx_tim.o
    0x08000da2   0x08000da2   0x00000002   PAD
    0x08000da4   0x08000da4   0x00000028   Code   RO          898    i.TIM_TIMBaseInit   sc32f1xxx_tim.o
    0x08000dcc   0x08000dcc   0x00000044   Code   RO         1795    i.TK_GetCfgMsg      tkdriver.o
    0x08000e10   0x08000e10   0x00000010   Code   RO         1799    i.TK_GetScanTimeValue  tkdriver.o
    0x08000e20   0x08000e20   0x00000008   Code   RO         1803    i.TK_IRQHandler     tkdriver.o
    0x08000e28   0x08000e28   0x00000148   Code   RO         1949    i.TK_TouchKey_Service  sc32f10xx_HighSensitive_lib_Slider_V0.3.lib(sc32f10xx_tk_functionresource.o)
    0x08000f70   0x08000f70   0x00000002   Code   RO          220    i.TWI0_IRQHandler   sc_it.o
    0x08000f72   0x08000f72   0x00000002   Code   RO          221    i.TWI1_IRQHandler   sc_it.o
    0x08000f74   0x08000f74   0x00000018   Code   RO         1255    i.TWI_Cmd           sc32f1xxx_twi.o
    0x08000f8c   0x08000f8c   0x00000014   Code   RO         1256    i.TWI_DMACmd        sc32f1xxx_twi.o
    0x08000fa0   0x08000fa0   0x00000014   Code   RO         1264    i.TWI_ITConfig      sc32f1xxx_twi.o
    0x08000fb4   0x08000fb4   0x00000030   Code   RO         1265    i.TWI_Init          sc32f1xxx_twi.o
    0x08000fe4   0x08000fe4   0x0000000e   Code   RO         1266    i.TWI_PinRemapConfig  sc32f1xxx_twi.o
    0x08000ff2   0x08000ff2   0x00000002   Code   RO          223    i.UART0_2_IRQHandler  sc_it.o
    0x08000ff4   0x08000ff4   0x00000002   Code   RO          225    i.UART1_3_IRQHandler  sc_it.o
    0x08000ff6   0x08000ff6   0x0000001a   Code   RO           29    i.__ARM_common_switch8  main.o
    0x08001010   0x08001010   0x00000018   Code   RO          508    i.__NVIC_EnableIRQ  sc_init.o
    0x08001028   0x08001028   0x00000044   Code   RO          509    i.__NVIC_SetPriority  sc_init.o
    0x0800106c   0x0800106c   0x00000080   Code   RO            5    i.main              main.o
    0x080010ec   0x080010ec   0x0000001e   Data   RO         1811    .constdata          tkdriver.o
    0x0800110a   0x0800110a   0x00000002   PAD
    0x0800110c   0x0800110c   0x00000020   Data   RO         2318    Region$$Table       anon$$obj.o


    Execution Region RW_IRAM1 (Exec base: 0x20000000, Load base: 0x0800112c, Size: 0x000006d8, Max: 0x00002000, ABSOLUTE)

    Exec Addr    Load Addr    Size         Type   Attr      Idx    E Section Name        Object

    0x20000000   0x0800112c   0x00000040   Data   RW         1813    .data               tkdriver.o
    0x20000040   0x0800116c   0x00000001   Data   RW         1817    .data               tkdriver.o
    0x20000041   0x0800116d   0x00000003   PAD
    0x20000044   0x08001170   0x00000019   Data   RW         1951    .data               sc32f10xx_HighSensitive_lib_Slider_V0.3.lib(sc32f10xx_tk_functionresource.o)
    0x2000005d   0x08001189   0x00000003   PAD
    0x20000060        -       0x00000012   Zero   RW         1809    .bss                tkdriver.o
    0x20000072   0x08001189   0x00000002   PAD
    0x20000074        -       0x00000060   Zero   RW         2189    .bss                c_p.l(libspace.o)
    0x200000d4   0x08001189   0x00000004   PAD
    0x200000d8        -       0x00000200   Zero   RW         1743    HEAP                startup_sc32f10xx.o
    0x200002d8        -       0x00000400   Zero   RW         1742    STACK               startup_sc32f10xx.o


==============================================================================

Image component sizes


      Code (inc. data)   RO Data    RW Data    ZI Data      Debug   Object Name

        20          6          0          0          0        475   buzzer.o
         8          0          0          0          0        441   compctrldefine.o
       216         22          0          0          0      80331   main.o
       104          4          0          0          0       3674   sc32f1xxx_adc.o
       156          0          0          0          0       2360   sc32f1xxx_gpio.o
       162          8          0          0          0       4343   sc32f1xxx_pwm.o
       616         94          0          0          0       9289   sc32f1xxx_rcc.o
       274         28          0          0          0       6209   sc32f1xxx_tim.o
       126          8          0          0          0       3230   sc32f1xxx_twi.o
      1158         74          0          0          0      16134   sc_init.o
        96         12          0          0          0      10846   sc_it.o
       132         64        192          0       1536        800   startup_sc32f10xx.o
        16          6          0          0          0        413   system_sc32f1xxx.o
        92         24         30         65         18       7078   tkdriver.o

    ----------------------------------------------------------------------
      3194        350        256         68       1556     145623   Object Totals
         0          0         32          0          0          0   (incl. Generated)
        18          0          2          3          2          0   (incl. Padding)

    ----------------------------------------------------------------------

      Code (inc. data)   RO Data    RW Data    ZI Data      Debug   Library Member Name

         8          0          0          0          0         68   __main.o
         0          0          0          0          0          0   __rtentry.o
        12          0          0          0          0          0   __rtentry2.o
         6          0          0          0          0          0   __rtentry4.o
        60          8          0          0          0          0   __scatter.o
        26          0          0          0          0          0   __scatter_copy.o
        28          0          0          0          0          0   __scatter_zi.o
       346          0          0          0          0         92   aeabi_sdiv.o
        16          0          0          0          0         68   exit.o
         6          0          0          0          0        136   heapauxi.o
         0          0          0          0          0          0   indicate_semi.o
         2          0          0          0          0          0   libinit.o
         2          0          0          0          0          0   libinit2.o
         2          0          0          0          0          0   libshutdown.o
         2          0          0          0          0          0   libshutdown2.o
         8          4          0          0         96         68   libspace.o
         2          0          0          0          0          0   rtexit.o
        10          0          0          0          0          0   rtexit2.o
        12          4          0          0          0         60   sys_exit.o
        62          0          0          0          0         80   sys_stackheap_outer.o
         2          0          0          0          0         68   use_no_semi.o
       328         28          0         25          0       5524   sc32f10xx_tk_functionresource.o

    ----------------------------------------------------------------------
       946         44          0         28        100       6164   Library Totals
         6          0          0          3          4          0   (incl. Padding)

    ----------------------------------------------------------------------

      Code (inc. data)   RO Data    RW Data    ZI Data      Debug   Library Name

       612         16          0          0         96        640   c_p.l
       328         28          0         25          0       5524   sc32f10xx_HighSensitive_lib_Slider_V0.3.lib

    ----------------------------------------------------------------------
       946         44          0         28        100       6164   Library Totals

    ----------------------------------------------------------------------

==============================================================================


      Code (inc. data)   RO Data    RW Data    ZI Data      Debug   

      4140        394        256         96       1656     147551   Grand Totals
      4140        394        256         96       1656     147551   ELF Image Totals
      4140        394        256         96          0          0   ROM Totals

==============================================================================

    Total RO  Size (Code + RO Data)                 4396 (   4.29kB)
    Total RW  Size (RW Data + ZI Data)              1752 (   1.71kB)
    Total ROM Size (Code + RO Data + RW Data)       4492 (   4.39kB)

==============================================================================

