Component: ARM Compiler 5.06 update 7 (build 960) Tool: armlink [4d3601]

==============================================================================

Section Cross References

    main.o(i.DataProcessing) refers to main.o(.data) for TK_exKeyValueFlag
    main.o(i.Delay_ms) refers to main.o(i.Delay_us) for Delay_us
    main.o(i.Delay_us) refers to sc32f1xxx_tim.o(i.TIM_Cmd) for TIM_Cmd
    main.o(i.UpdateDisplay) refers to sc32f1xxx_gpio.o(i.GPIO_TogglePins) for GPIO_TogglePins
    main.o(i.UpdateDisplay) refers to sc32f1xxx_gpio.o(i.GPIO_SetBits) for GPIO_SetBits
    main.o(i.UpdateDisplay) refers to main.o(i.Delay_ms) for Delay_ms
    main.o(i.UpdateDisplay) refers to main.o(.data) for exKeyValue
    main.o(i.fputc) refers to sc32f1xxx_uart.o(i.UART_SendData) for UART_SendData
    main.o(i.fputc) refers to sc32f1xxx_uart.o(i.UART_GetFlagStatus) for UART_GetFlagStatus
    main.o(i.main) refers to compctrldefine.o(i.IcResourceInit) for IcResourceInit
    main.o(i.main) refers to sc32f1xxx_tim.o(i.TIM_Cmd) for TIM_Cmd
    main.o(i.main) refers to buzzer.o(i.Buzzer_SetVolume) for Buzzer_SetVolume
    main.o(i.main) refers to sc32f10xx_tk_functionresource.o(i.TK_Init) for TK_Init
    main.o(i.main) refers to uart_communication_dma.o(i.UART_Communication_DMA) for UART_Communication_DMA
    main.o(i.main) refers to main.o(i.__ARM_common_switch8) for __ARM_common_switch8
    main.o(i.main) refers to sc32f1xxx_gpio.o(i.GPIO_ResetBits) for GPIO_ResetBits
    main.o(i.main) refers to tkdriver.o(i.TK_TouchKeyScan) for TK_TouchKeyScan
    main.o(i.main) refers to main.o(i.DataProcessing) for DataProcessing
    main.o(i.main) refers to main.o(i.UpdateDisplay) for UpdateDisplay
    main.o(i.main) refers to sc32f10xx_tk_functionresource.o(i.TK_Restart) for TK_Restart
    main.o(i.main) refers to uidiv.o(.text) for __aeabi_uidivmod
    main.o(i.main) refers to sc32f1xxx_gpio.o(i.GPIO_TogglePins) for GPIO_TogglePins
    main.o(i.main) refers to main.o(.data) for Task_state
    main.o(i.main) refers to tkdriver.o(.data) for TK_TouchKeyStatus
    sc_it.o(i.ADC_IRQHandler) refers to sc32f1xxx_adc.o(i.ADC_ClearFlag) for ADC_ClearFlag
    sc_it.o(i.DMA0_IRQHandler) refers to sc32f1xxx_dma.o(i.DMA_ClearFlag) for DMA_ClearFlag
    sc_it.o(i.DMA1_IRQHandler) refers to sc32f1xxx_dma.o(i.DMA_ClearFlag) for DMA_ClearFlag
    sc_it.o(i.PWM0_IRQHandler) refers to sc32f1xxx_pwm.o(i.PWM_ClearFlag) for PWM_ClearFlag
    sc_it.o(i.TIMER1_IRQHandler) refers to sc32f1xxx_tim.o(i.TIM_ClearFlag) for TIM_ClearFlag
    sc_it.o(i.TIMER2_IRQHandler) refers to sc32f1xxx_tim.o(i.TIM_ClearFlag) for TIM_ClearFlag
    sc_it.o(i.TIMER3_IRQHandler) refers to uart_communication_dma.o(i.TIM3_IRQHandler) for TIM3_IRQHandler
    sc_it.o(i.TIMER3_IRQHandler) refers to sc32f1xxx_tim.o(i.TIM_ClearFlag) for TIM_ClearFlag
    sc_it.o(i.UART0_2_IRQHandler) refers to uart_communication.o(i.UART2_Handler) for UART2_Handler
    sc_it.o(i.UART0_2_IRQHandler) refers to sc32f1xxx_uart.o(i.UART_ClearFlag) for UART_ClearFlag
    sc_it.o(i.UART1_3_IRQHandler) refers to uart_communication_dma.o(i.UART1_IRQHandler_DMA) for UART1_IRQHandler_DMA
    sc_it.o(i.UART1_3_IRQHandler) refers to sc32f1xxx_uart.o(i.UART_ClearFlag) for UART_ClearFlag
    sc_init.o(i.SC_ADC_Init) refers to sc32f1xxx_adc.o(i.ADC_Init) for ADC_Init
    sc_init.o(i.SC_ADC_Init) refers to sc32f1xxx_adc.o(i.ADC_SetChannel) for ADC_SetChannel
    sc_init.o(i.SC_ADC_Init) refers to sc32f1xxx_adc.o(i.ADC_ITConfig) for ADC_ITConfig
    sc_init.o(i.SC_ADC_Init) refers to sc32f1xxx_adc.o(i.ADC_DMACmd) for ADC_DMACmd
    sc_init.o(i.SC_ADC_Init) refers to sc_init.o(i.__NVIC_SetPriority) for __NVIC_SetPriority
    sc_init.o(i.SC_ADC_Init) refers to sc_init.o(i.__NVIC_EnableIRQ) for __NVIC_EnableIRQ
    sc_init.o(i.SC_ADC_Init) refers to sc32f1xxx_adc.o(i.ADC_Cmd) for ADC_Cmd
    sc_init.o(i.SC_DMA0_Init) refers to sc32f1xxx_rcc.o(i.RCC_AHBPeriphClockCmd) for RCC_AHBPeriphClockCmd
    sc_init.o(i.SC_DMA0_Init) refers to sc32f1xxx_dma.o(i.DMA_Init) for DMA_Init
    sc_init.o(i.SC_DMA0_Init) refers to sc32f1xxx_dma.o(i.DMA_ITConfig) for DMA_ITConfig
    sc_init.o(i.SC_DMA0_Init) refers to sc32f1xxx_dma.o(i.DMA_DMACmd) for DMA_DMACmd
    sc_init.o(i.SC_DMA0_Init) refers to sc32f1xxx_dma.o(i.DMA_Cmd) for DMA_Cmd
    sc_init.o(i.SC_DMA0_Init) refers to uart_communication_dma.o(.bss) for UART_Communication_DMA_Data
    sc_init.o(i.SC_DMA1_Init) refers to sc32f1xxx_rcc.o(i.RCC_AHBPeriphClockCmd) for RCC_AHBPeriphClockCmd
    sc_init.o(i.SC_DMA1_Init) refers to sc32f1xxx_dma.o(i.DMA_Init) for DMA_Init
    sc_init.o(i.SC_DMA1_Init) refers to sc32f1xxx_dma.o(i.DMA_ITConfig) for DMA_ITConfig
    sc_init.o(i.SC_DMA1_Init) refers to sc32f1xxx_dma.o(i.DMA_DMACmd) for DMA_DMACmd
    sc_init.o(i.SC_DMA1_Init) refers to sc32f1xxx_dma.o(i.DMA_Cmd) for DMA_Cmd
    sc_init.o(i.SC_DMA1_Init) refers to uart_communication_dma.o(.bss) for UART_Communication_DMA_Data
[...]
    ../clib/microlib/init/entry.s            0x00000000   Number         0  entry12a.o ABSOLUTE
    ../clib/microlib/init/entry.s            0x00000000   Number         0  entry8b.o ABSOLUTE
    ../clib/microlib/init/entry.s            0x00000000   Number         0  entry12b.o ABSOLUTE
    ../clib/microlib/init/entry.s            0x00000000   Number         0  entry8a.o ABSOLUTE
    ../clib/microlib/init/entry.s            0x00000000   Number         0  entry.o ABSOLUTE
    ../clib/microlib/init/entry.s            0x00000000   Number         0  entry10b.o ABSOLUTE
    ../clib/microlib/init/entry.s            0x00000000   Number         0  entry10a.o ABSOLUTE
    ../clib/microlib/init/entry.s            0x00000000   Number         0  entry9b.o ABSOLUTE
    ../clib/microlib/init/entry.s            0x00000000   Number         0  entry9a.o ABSOLUTE
    ../clib/microlib/longlong.c              0x00000000   Number         0  llshl.o ABSOLUTE
    ../clib/microlib/longlong.c              0x00000000   Number         0  llushr.o ABSOLUTE
    ../clib/microlib/longlong.c              0x00000000   Number         0  llsshr.o ABSOLUTE
    ../clib/microlib/string/memcpy.c         0x00000000   Number         0  memcpya.o ABSOLUTE
    ../clib/microlib/string/memcpy.c         0x00000000   Number         0  memcpyb.o ABSOLUTE
    ../clib/microlib/string/memset.c         0x00000000   Number         0  memseta.o ABSOLUTE
    ../clib/microlib/string/strcat.c         0x00000000   Number         0  strcat.o ABSOLUTE
    ../clib/microlib/stubs.s                 0x00000000   Number         0  iusefp.o ABSOLUTE
    ../fplib/microlib/d2f.c                  0x00000000   Number         0  d2f.o ABSOLUTE
    ../fplib/microlib/f2d.c                  0x00000000   Number         0  f2d.o ABSOLUTE
    ../fplib/microlib/fpadd.c                0x00000000   Number         0  dadd.o ABSOLUTE
    ../fplib/microlib/fpadd.c                0x00000000   Number         0  fadd.o ABSOLUTE
    ../fplib/microlib/fpdiv.c                0x00000000   Number         0  ddiv.o ABSOLUTE
    ../fplib/microlib/fpdiv.c                0x00000000   Number         0  fdiv.o ABSOLUTE
    ../fplib/microlib/fpepilogue.c           0x00000000   Number         0  fepilogue.o ABSOLUTE
    ../fplib/microlib/fpepilogue.c           0x00000000   Number         0  depilogue.o ABSOLUTE
    ../fplib/microlib/fpfix.c                0x00000000   Number         0  ffixui.o ABSOLUTE
    ../fplib/microlib/fpfix.c                0x00000000   Number         0  ffixi.o ABSOLUTE
    ../fplib/microlib/fpfix.c                0x00000000   Number         0  dfixui.o ABSOLUTE
    ../fplib/microlib/fpflt.c                0x00000000   Number         0  dflti.o ABSOLUTE
    ../fplib/microlib/fpflt.c                0x00000000   Number         0  fflti.o ABSOLUTE
    ../fplib/microlib/fpflt.c                0x00000000   Number         0  ffltui.o ABSOLUTE
    ../fplib/microlib/fpflt.c                0x00000000   Number         0  dfltui.o ABSOLUTE
    ../fplib/microlib/fpmul.c                0x00000000   Number         0  dmul.o ABSOLUTE
    ../fplib/microlib/fpmul.c                0x00000000   Number         0  fmul.o ABSOLUTE
    ..\Apps\TIM_TI_DMA.C                     0x00000000   Number         0  tim_ti_dma.o ABSOLUTE
    ..\Apps\UART_Communication.C             0x00000000   Number         0  uart_communication.o ABSOLUTE
    ..\Apps\UART_Communication_DMA.C         0x00000000   Number         0  uart_communication_dma.o ABSOLUTE
    ..\Buzz\Src\Buzzer.c                     0x00000000   Number         0  buzzer.o ABSOLUTE
    ..\Drivers\TKDriver\C\TKDriver.C         0x00000000   Number         0  tkdriver.o ABSOLUTE
    ..\FWLib\SC32F1XXX_Lib\src\sc32f1xxx_adc.c 0x00000000   Number         0  sc32f1xxx_adc.o ABSOLUTE
    ..\FWLib\SC32F1XXX_Lib\src\sc32f1xxx_dma.c 0x00000000   Number         0  sc32f1xxx_dma.o ABSOLUTE
    ..\FWLib\SC32F1XXX_Lib\src\sc32f1xxx_gpio.c 0x00000000   Number         0  sc32f1xxx_gpio.o ABSOLUTE
    ..\FWLib\SC32F1XXX_Lib\src\sc32f1xxx_option.c 0x00000000   Number         0  sc32f1xxx_option.o ABSOLUTE
    ..\FWLib\SC32F1XXX_Lib\src\sc32f1xxx_pwm.c 0x00000000   Number         0  sc32f1xxx_pwm.o ABSOLUTE
    ..\FWLib\SC32F1XXX_Lib\src\sc32f1xxx_rcc.c 0x00000000   Number         0  sc32f1xxx_rcc.o ABSOLUTE
    ..\FWLib\SC32F1XXX_Lib\src\sc32f1xxx_tim.c 0x00000000   Number         0  sc32f1xxx_tim.o ABSOLUTE
    ..\FWLib\SC32F1XXX_Lib\src\sc32f1xxx_twi.c 0x00000000   Number         0  sc32f1xxx_twi.o ABSOLUTE
    ..\FWLib\SC32F1XXX_Lib\src\sc32f1xxx_uart.c 0x00000000   Number         0  sc32f1xxx_uart.o ABSOLUTE
    ..\Mqtt\Src\mqtt.c                       0x00000000   Number         0  mqtt.o ABSOLUTE
    ..\User\CallBackFunction.c               0x00000000   Number         0  callbackfunction.o ABSOLUTE
    ..\User\CompCtrlDefine.c                 0x00000000   Number         0  compctrldefine.o ABSOLUTE
    ..\User\Delay.c                          0x00000000   Number         0  delay.o ABSOLUTE
    ..\User\SC_Init.c                        0x00000000   Number         0  sc_init.o ABSOLUTE
    ..\User\SC_it.c                          0x00000000   Number         0  sc_it.o ABSOLUTE
    ..\User\SysFunVarDefine.c                0x00000000   Number         0  sysfunvardefine.o ABSOLUTE
    ..\User\main.c                           0x00000000   Number         0  main.o ABSOLUTE
    ..\User\system_sc32f1xxx.c               0x00000000   Number         0  system_sc32f1xxx.o ABSOLUTE
    ..\\Apps\\TIM_TI_DMA.C                   0x00000000   Number         0  tim_ti_dma.o ABSOLUTE
    ..\\Apps\\UART_Communication.C           0x00000000   Number         0  uart_communication.o ABSOLUTE
    ..\\Apps\\UART_Communication_DMA.C       0x00000000   Number         0  uart_communication_dma.o ABSOLUTE
    ..\\Buzz\\Src\\Buzzer.c                  0x00000000   Number         0  buzzer.o ABSOLUTE
    ..\\Drivers\\TKDriver\\C\\TKDriver.C     0x00000000   Number         0  tkdriver.o ABSOLUTE
    ..\\FWLib\\SC32F1XXX_Lib\\src\\sc32f1xxx_adc.c 0x00000000   Number         0  sc32f1xxx_adc.o ABSOLUTE
    ..\\FWLib\\SC32F1XXX_Lib\\src\\sc32f1xxx_dma.c 0x00000000   Number         0  sc32f1xxx_dma.o ABSOLUTE
    ..\\FWLib\\SC32F1XXX_Lib\\src\\sc32f1xxx_gpio.c 0x00000000   Number         0  sc32f1xxx_gpio.o ABSOLUTE
    ..\\FWLib\\SC32F1XXX_Lib\\src\\sc32f1xxx_option.c 0x00000000   Number         0  sc32f1xxx_option.o ABSOLUTE
    ..\\FWLib\\SC32F1XXX_Lib\\src\\sc32f1xxx_pwm.c 0x00000000   Number         0  sc32f1xxx_pwm.o ABSOLUTE
    ..\\FWLib\\SC32F1XXX_Lib\\src\\sc32f1xxx_rcc.c 0x00000000   Number         0  sc32f1xxx_rcc.o ABSOLUTE
    ..\\FWLib\\SC32F1XXX_Lib\\src\\sc32f1xxx_tim.c 0x00000000   Number         0  sc32f1xxx_tim.o ABSOLUTE
    ..\\FWLib\\SC32F1XXX_Lib\\src\\sc32f1xxx_twi.c 0x00000000   Number         0  sc32f1xxx_twi.o ABSOLUTE
    ..\\FWLib\\SC32F1XXX_Lib\\src\\sc32f1xxx_uart.c 0x00000000   Number         0  sc32f1xxx_uart.o ABSOLUTE
    ..\\Mqtt\\Src\\mqtt.c                    0x00000000   Number         0  mqtt.o ABSOLUTE
    ..\\User\\CallBackFunction.c             0x00000000   Number         0  callbackfunction.o ABSOLUTE
    ..\\User\\CompCtrlDefine.c               0x00000000   Number         0  compctrldefine.o ABSOLUTE
    ..\\User\\SC_Init.c                      0x00000000   Number         0  sc_init.o ABSOLUTE
    ..\\User\\SC_it.c                        0x00000000   Number         0  sc_it.o ABSOLUTE
    ..\\User\\SysFunVarDefine.c              0x00000000   Number         0  sysfunvardefine.o ABSOLUTE
    ..\\User\\main.c                         0x00000000   Number         0  main.o ABSOLUTE
    ..\\User\\system_sc32f1xxx.c             0x00000000   Number         0  system_sc32f1xxx.o ABSOLUTE
    LIB\\sc32f10xx_TK_FunctionResource.c     0x00000000   Number         0  sc32f10xx_tk_functionresource.o ABSOLUTE
    LIB\sc32f10xx_TK_FunctionResource.c      0x00000000   Number         0  sc32f10xx_tk_functionresource.o ABSOLUTE
    cfcmple.s                                0x00000000   Number         0  cfcmple.o ABSOLUTE
    cfrcmple.s                               0x00000000   Number         0  cfrcmple.o ABSOLUTE
    dc.s                                     0x00000000   Number         0  dc.o ABSOLUTE
    handlers.s                               0x00000000   Number         0  handlers.o ABSOLUTE
    init.s                                   0x00000000   Number         0  init.o ABSOLUTE
    startup_sc32f10xx.s                      0x00000000   Number         0  startup_sc32f10xx.o ABSOLUTE
    RESET                                    0x08000000   Section      192  startup_sc32f10xx.o(RESET)
    .ARM.Collect$$$$00000000                 0x080000c0   Section        0  entry.o(.ARM.Collect$$$$00000000)
    .ARM.Collect$$$$00000001                 0x080000c0   Section        4  entry2.o(.ARM.Collect$$$$00000001)
    .ARM.Collect$$$$00000004                 0x080000c4   Section        4  entry5.o(.ARM.Collect$$$$00000004)
    .ARM.Collect$$$$00000008                 0x080000c8   Section        0  entry7b.o(.ARM.Collect$$$$00000008)
    .ARM.Collect$$$$0000000A                 0x080000c8   Section        0  entry8b.o(.ARM.Collect$$$$0000000A)
    .ARM.Collect$$$$0000000B                 0x080000c8   Section        8  entry9a.o(.ARM.Collect$$$$0000000B)
    .ARM.Collect$$$$0000000E                 0x080000d0   Section        4  entry12b.o(.ARM.Collect$$$$0000000E)
    .ARM.Collect$$$$0000000F                 0x080000d4   Section        0  entry10a.o(.ARM.Collect$$$$0000000F)
    .ARM.Collect$$$$00000011                 0x080000d4   Section        0  entry11a.o(.ARM.Collect$$$$00000011)
    .ARM.Collect$$$$00002712                 0x080000d4   Section        4  entry2.o(.ARM.Collect$$$$00002712)
    __lit__00000000                          0x080000d4   Data           4  entry2.o(.ARM.Collect$$$$00002712)
    .text                                    0x080000d8   Section      104  startup_sc32f10xx.o(.text)
    .text                                    0x08000140   Section        0  uidiv.o(.text)
    .text                                    0x0800016c   Section        0  idiv.o(.text)
    .text                                    0x08000194   Section        0  memcpya.o(.text)
    .text                                    0x080001b8   Section        0  fadd.o(.text)
    .text                                    0x0800026a   Section        0  fmul.o(.text)
    .text                                    0x080002e4   Section        0  fdiv.o(.text)
    .text                                    0x08000360   Section        0  dadd.o(.text)
    .text                                    0x080004c8   Section        0  dmul.o(.text)
    .text                                    0x08000598   Section        0  ddiv.o(.text)
    .text                                    0x08000688   Section        0  fflti.o(.text)
    .text                                    0x0800069e   Section        0  ffltui.o(.text)
    .text                                    0x080006ac   Section        0  dflti.o(.text)
    .text                                    0x080006d4   Section        0  dfltui.o(.text)
    .text                                    0x080006f0   Section        0  ffixi.o(.text)
    .text                                    0x08000722   Section        0  ffixui.o(.text)
    .text                                    0x0800074a   Section        0  f2d.o(.text)
    .text                                    0x08000772   Section        0  d2f.o(.text)
    .text                                    0x080007ac   Section       20  cfcmple.o(.text)
    .text                                    0x080007c0   Section       20  cfrcmple.o(.text)
    .text                                    0x080007d4   Section        0  llshl.o(.text)
    .text                                    0x080007f4   Section        0  llushr.o(.text)
    .text                                    0x08000816   Section        0  llsshr.o(.text)
    .text                                    0x0800083c   Section        0  iusefp.o(.text)
    .text                                    0x0800083c   Section        0  fepilogue.o(.text)
    .text                                    0x080008be   Section        0  depilogue.o(.text)
    .text                                    0x0800097c   Section       36  init.o(.text)
    i.ADC_ClearFlag                          0x080009a0   Section        0  sc32f1xxx_adc.o(i.ADC_ClearFlag)
    i.ADC_Cmd                                0x080009a4   Section        0  sc32f1xxx_adc.o(i.ADC_Cmd)
    i.ADC_DMACmd                             0x080009c0   Section        0  sc32f1xxx_adc.o(i.ADC_DMACmd)
    i.ADC_IRQHandler                         0x080009dc   Section        0  sc_it.o(i.ADC_IRQHandler)
    i.ADC_ITConfig                           0x080009ec   Section        0  sc32f1xxx_adc.o(i.ADC_ITConfig)
    i.ADC_Init                               0x08000a00   Section        0  sc32f1xxx_adc.o(i.ADC_Init)
    i.ADC_SetChannel                         0x08000a20   Section        0  sc32f1xxx_adc.o(i.ADC_SetChannel)
    i.BTM_IRQHandler                         0x08000a32   Section        0  sc_it.o(i.BTM_IRQHandler)
    i.Buzzer_SetVolume                       0x08000a34   Section        0  buzzer.o(i.Buzzer_SetVolume)
    i.CMP_IRQHandler                         0x08000a48   Section        0  sc_it.o(i.CMP_IRQHandler)
    i.DMA0_IRQHandler                        0x08000a4c   Section        0  sc_it.o(i.DMA0_IRQHandler)
    i.DMA1_IRQHandler                        0x08000a5c   Section        0  sc_it.o(i.DMA1_IRQHandler)
    i.DMA2_IRQHandler                        0x08000a6c   Section        0  sc_it.o(i.DMA2_IRQHandler)
    i.DMA3_IRQHandler                        0x08000a6e   Section        0  sc_it.o(i.DMA3_IRQHandler)
    i.DMA_ClearFlag                          0x08000a70   Section        0  sc32f1xxx_dma.o(i.DMA_ClearFlag)
    i.DMA_Cmd                                0x08000a74   Section        0  sc32f1xxx_dma.o(i.DMA_Cmd)
    i.DMA_DMACmd                             0x08000a8c   Section        0  sc32f1xxx_dma.o(i.DMA_DMACmd)
    i.DMA_GetCurrDataCounter                 0x08000aa0   Section        0  sc32f1xxx_dma.o(i.DMA_GetCurrDataCounter)
    i.DMA_GetFlagStatus                      0x08000aa6   Section        0  sc32f1xxx_dma.o(i.DMA_GetFlagStatus)
    i.DMA_ITConfig                           0x08000aba   Section        0  sc32f1xxx_dma.o(i.DMA_ITConfig)
    i.DMA_Init                               0x08000ad0   Section        0  sc32f1xxx_dma.o(i.DMA_Init)
    i.DMA_SetCurrDataCounter                 0x08000b08   Section        0  sc32f1xxx_dma.o(i.DMA_SetCurrDataCounter)
    i.DMA_SoftwareTrigger                    0x08000b0c   Section        0  sc32f1xxx_dma.o(i.DMA_SoftwareTrigger)
    i.DataProcessing                         0x08000b14   Section        0  main.o(i.DataProcessing)
    i.Delay_ms                               0x08000b48   Section        0  main.o(i.Delay_ms)
    i.Delay_us                               0x08000b60   Section        0  main.o(i.Delay_us)
    i.GPIO_Init                              0x08000b8c   Section        0  sc32f1xxx_gpio.o(i.GPIO_Init)
    i.GPIO_ResetBits                         0x08000bfc   Section        0  sc32f1xxx_gpio.o(i.GPIO_ResetBits)
    i.GPIO_SetBits                           0x08000c1e   Section        0  sc32f1xxx_gpio.o(i.GPIO_SetBits)
    i.GPIO_TogglePins                        0x08000c40   Section        0  sc32f1xxx_gpio.o(i.GPIO_TogglePins)
    i.INT0_IRQHandler                        0x08000c6c   Section        0  sc_it.o(i.INT0_IRQHandler)
    i.INT12_15_IRQHandler                    0x08000c6e   Section        0  sc_it.o(i.INT12_15_IRQHandler)
    i.INT1_7_IRQHandler                      0x08000c70   Section        0  sc_it.o(i.INT1_7_IRQHandler)
    i.INT8_11_IRQHandler                     0x08000c72   Section        0  sc_it.o(i.INT8_11_IRQHandler)
    i.IcResourceInit                         0x08000c74   Section        0  compctrldefine.o(i.IcResourceInit)
    i.LEDPWM_IRQHandler                      0x08000c7c   Section        0  sc_it.o(i.LEDPWM_IRQHandler)
    i.PWM0_IRQHandler                        0x08000c80   Section        0  sc_it.o(i.PWM0_IRQHandler)
    i.PWM_ClearFlag                          0x08000c90   Section        0  sc32f1xxx_pwm.o(i.PWM_ClearFlag)
    i.PWM_Cmd                                0x08000c94   Section        0  sc32f1xxx_pwm.o(i.PWM_Cmd)
    i.PWM_FDCmd                              0x08000cb0   Section        0  sc32f1xxx_pwm.o(i.PWM_FDCmd)
    i.PWM_FDInit                             0x08000ccc   Section        0  sc32f1xxx_pwm.o(i.PWM_FDInit)
    i.PWM_ITConfig                           0x08000ce6   Section        0  sc32f1xxx_pwm.o(i.PWM_ITConfig)
    i.PWM_Init                               0x08000d00   Section        0  sc32f1xxx_pwm.o(i.PWM_Init)
    i.PWM_SetDuty                            0x08000d28   Section        0  sc32f1xxx_pwm.o(i.PWM_SetDuty)
    i.RCC_AHBPeriphClockCmd                  0x08000d50   Section        0  sc32f1xxx_rcc.o(i.RCC_AHBPeriphClockCmd)
    i.RCC_APB0Cmd                            0x08000d70   Section        0  sc32f1xxx_rcc.o(i.RCC_APB0Cmd)
    i.RCC_APB0Config                         0x08000d98   Section        0  sc32f1xxx_rcc.o(i.RCC_APB0Config)
    i.RCC_APB0PeriphClockCmd                 0x08000db4   Section        0  sc32f1xxx_rcc.o(i.RCC_APB0PeriphClockCmd)
    i.RCC_APB1Cmd                            0x08000dd4   Section        0  sc32f1xxx_rcc.o(i.RCC_APB1Cmd)
    i.RCC_APB1Config                         0x08000dfc   Section        0  sc32f1xxx_rcc.o(i.RCC_APB1Config)
    i.RCC_APB1PeriphClockCmd                 0x08000e18   Section        0  sc32f1xxx_rcc.o(i.RCC_APB1PeriphClockCmd)
    i.RCC_APB2Cmd                            0x08000e38   Section        0  sc32f1xxx_rcc.o(i.RCC_APB2Cmd)
    i.RCC_APB2Config                         0x08000e60   Section        0  sc32f1xxx_rcc.o(i.RCC_APB2Config)
    i.RCC_HCLKConfig                         0x08000e7c   Section        0  sc32f1xxx_rcc.o(i.RCC_HCLKConfig)
    i.RCC_HIRCCmd                            0x08000e98   Section        0  sc32f1xxx_rcc.o(i.RCC_HIRCCmd)
    i.RCC_HXTCmd                             0x08000ec8   Section        0  sc32f1xxx_rcc.o(i.RCC_HXTCmd)
    i.RCC_IRQHandler                         0x08000ef8   Section        0  sc_it.o(i.RCC_IRQHandler)
    i.RCC_ITConfig                           0x08000efc   Section        0  sc32f1xxx_rcc.o(i.RCC_ITConfig)
    i.RCC_LIRCCmd                            0x08000f30   Section        0  sc32f1xxx_rcc.o(i.RCC_LIRCCmd)
    i.RCC_LXTCmd                             0x08000f60   Section        0  sc32f1xxx_rcc.o(i.RCC_LXTCmd)
    i.RCC_SYSCLKConfig                       0x08000f90   Section        0  sc32f1xxx_rcc.o(i.RCC_SYSCLKConfig)
    i.RCC_SystickCLKConfig                   0x08001068   Section        0  sc32f1xxx_rcc.o(i.RCC_SystickCLKConfig)
    i.RCC_SystickCmd                         0x080010b0   Section        0  sc32f1xxx_rcc.o(i.RCC_SystickCmd)
    i.RCC_SystickSetCounter                  0x080010d4   Section        0  sc32f1xxx_rcc.o(i.RCC_SystickSetCounter)
    i.RCC_Unlock                             0x080010f0   Section        0  sc32f1xxx_rcc.o(i.RCC_Unlock)
    i.SC_ADC_Init                            0x08001108   Section        0  sc_init.o(i.SC_ADC_Init)
    i.SC_DMA0_Init                           0x08001160   Section        0  sc_init.o(i.SC_DMA0_Init)
    i.SC_DMA1_Init                           0x080011d4   Section        0  sc_init.o(i.SC_DMA1_Init)
    i.SC_GPIO_Init                           0x08001244   Section        0  sc_init.o(i.SC_GPIO_Init)
    i.SC_Init                                0x080013e0   Section        0  sc_init.o(i.SC_Init)
    i.SC_OPTION_Init                         0x0800141c   Section        0  sc_init.o(i.SC_OPTION_Init)
    i.SC_PWM0_Init                           0x08001440   Section        0  sc_init.o(i.SC_PWM0_Init)
    i.SC_RCC_Init                            0x08001500   Section        0  sc_init.o(i.SC_RCC_Init)
    i.SC_SYSTICK_Init                        0x0800155c   Section        0  sc_init.o(i.SC_SYSTICK_Init)
    i.SC_TIM1_Init                           0x08001584   Section        0  sc_init.o(i.SC_TIM1_Init)
    i.SC_TIM2_Init                           0x0800161c   Section        0  sc_init.o(i.SC_TIM2_Init)
    i.SC_TIM3_Init                           0x080016b0   Section        0  sc_init.o(i.SC_TIM3_Init)
    i.SC_TWI0_Init                           0x08001740   Section        0  sc_init.o(i.SC_TWI0_Init)
    i.SC_UART1_Init                          0x080017e4   Section        0  sc_init.o(i.SC_UART1_Init)
    i.SC_UART2_Init                          0x080018a0   Section        0  sc_init.o(i.SC_UART2_Init)
    i.SPI0_IRQHandler                        0x08001948   Section        0  sc_it.o(i.SPI0_IRQHandler)
    i.SPI1_IRQHandler                        0x0800194a   Section        0  sc_it.o(i.SPI1_IRQHandler)
    i.SysTick_IRQHandler                     0x0800194c   Section        0  sc_it.o(i.SysTick_IRQHandler)
    i.SystemInit                             0x08001950   Section        0  system_sc32f1xxx.o(i.SystemInit)
    i.TIM3_IRQHandler                        0x08001960   Section        0  uart_communication_dma.o(i.TIM3_IRQHandler)
    i.TIMER0_IRQHandler                      0x080019a4   Section        0  sc_it.o(i.TIMER0_IRQHandler)
    i.TIMER1_IRQHandler                      0x080019a8   Section        0  sc_it.o(i.TIMER1_IRQHandler)
    i.TIMER2_IRQHandler                      0x080019b8   Section        0  sc_it.o(i.TIMER2_IRQHandler)
    i.TIMER3_IRQHandler                      0x080019c8   Section        0  sc_it.o(i.TIMER3_IRQHandler)
    i.TIMER4_5_IRQHandler                    0x080019dc   Section        0  sc_it.o(i.TIMER4_5_IRQHandler)
    i.TIMER6_7_IRQHandler                    0x080019de   Section        0  sc_it.o(i.TIMER6_7_IRQHandler)
    i.TIM_ClearFlag                          0x080019e0   Section        0  sc32f1xxx_tim.o(i.TIM_ClearFlag)
    i.TIM_Cmd                                0x080019e4   Section        0  sc32f1xxx_tim.o(i.TIM_Cmd)
    i.TIM_DMACmd                             0x08001a00   Section        0  sc32f1xxx_tim.o(i.TIM_DMACmd)
    i.TIM_GetFlagStatus                      0x08001a1a   Section        0  sc32f1xxx_tim.o(i.TIM_GetFlagStatus)
    i.TIM_ICCmd                              0x08001a30   Section        0  sc32f1xxx_tim.o(i.TIM_ICCmd)
    i.TIM_ICInit                             0x08001a4c   Section        0  sc32f1xxx_tim.o(i.TIM_ICInit)
    i.TIM_ITConfig                           0x08001a94   Section        0  sc32f1xxx_tim.o(i.TIM_ITConfig)
    i.TIM_PWMInit                            0x08001ab0   Section        0  sc32f1xxx_tim.o(i.TIM_PWMInit)
    i.TIM_PWMSetDuty                         0x08001b14   Section        0  sc32f1xxx_tim.o(i.TIM_PWMSetDuty)
    i.TIM_SetCounter                         0x08001b40   Section        0  sc32f1xxx_tim.o(i.TIM_SetCounter)
    i.TIM_TIMBaseInit                        0x08001b44   Section        0  sc32f1xxx_tim.o(i.TIM_TIMBaseInit)
    i.TKSlideModuleCHIs                      0x08001b6c   Section        0  sc32f10xx_tk_functionresource.o(i.TKSlideModuleCHIs)
    i.TKSlideModuleSensorRenovate            0x08001bd8   Section        0  sc32f10xx_tk_functionresource.o(i.TKSlideModuleSensorRenovate)
    i.TK_BaseLineUpdataSW                    0x08001f2c   Section        0  sc32f10xx_tk_functionresource.o(i.TK_BaseLineUpdataSW)
    i.TK_FilterAvergeDeal                    0x080020d0   Section        0  sc32f10xx_tk_functionresource.o(i.TK_FilterAvergeDeal)
    i.TK_FilterCommCode                      0x0800214c   Section        0  sc32f10xx_tk_functionresource.o(i.TK_FilterCommCode)
    i.TK_FilterDataDeal                      0x080021a0   Section        0  sc32f10xx_tk_functionresource.o(i.TK_FilterDataDeal)
    i.TK_FilterIIRInit                       0x08002260   Section        0  sc32f10xx_tk_functionresource.o(i.TK_FilterIIRInit)
    i.TK_GetBaseLineAdjustValue              0x0800228c   Section        0  tkdriver.o(i.TK_GetBaseLineAdjustValue)
    i.TK_GetBaselineUpdateThreshold          0x08002298   Section        0  tkdriver.o(i.TK_GetBaselineUpdateThreshold)
    i.TK_GetCfgMsg                           0x080022a4   Section        0  tkdriver.o(i.TK_GetCfgMsg)
    i.TK_GetCsFunction                       0x08002310   Section        0  tkdriver.o(i.TK_GetCsFunction)
    i.TK_GetCurrFingerValue                  0x08002314   Section        0  tkdriver.o(i.TK_GetCurrFingerValue)
    i.TK_GetInitAutoUpdateTime               0x08002338   Section        0  tkdriver.o(i.TK_GetInitAutoUpdateTime)
    i.TK_GetIsNeedUpdateBaseline             0x08002344   Section        0  sc32f10xx_tk_functionresource.o(i.TK_GetIsNeedUpdateBaseline)
    i.TK_GetScanTimeValue                    0x08002350   Section        0  tkdriver.o(i.TK_GetScanTimeValue)
    i.TK_GetTKYzCnt                          0x08002364   Section        0  tkdriver.o(i.TK_GetTKYzCnt)
    i.TK_GetTKYzThreshold                    0x08002378   Section        0  tkdriver.o(i.TK_GetTKYzThreshold)
    i.TK_GetUpConfirmCnt                     0x08002394   Section        0  tkdriver.o(i.TK_GetUpConfirmCnt)
    i.TK_IRQHandler                          0x080023a0   Section        0  tkdriver.o(i.TK_IRQHandler)
    i.TK_Init                                0x080023a8   Section        0  sc32f10xx_tk_functionresource.o(i.TK_Init)
    i.TK_InitializeBaselines                 0x0800251c   Section        0  sc32f10xx_tk_functionresource.o(i.TK_InitializeBaselines)
    i.TK_InitializeSensorFlag                0x08002548   Section        0  sc32f10xx_tk_functionresource.o(i.TK_InitializeSensorFlag)
    i.TK_IsDoubleKeyOrSlideKey               0x080025b0   Section        0  tkdriver.o(i.TK_IsDoubleKeyOrSlideKey)
    i.TK_MultipleDeal                        0x080025bc   Section        0  sc32f10xx_tk_functionresource.o(i.TK_MultipleDeal)
    i.TK_Restart                             0x08002714   Section        0  sc32f10xx_tk_functionresource.o(i.TK_Restart)
    i.TK_SensorKeyFlag                       0x08002728   Section        0  sc32f10xx_tk_functionresource.o(i.TK_SensorKeyFlag)
    i.TK_SensorRenovate                      0x08002798   Section        0  sc32f10xx_tk_functionresource.o(i.TK_SensorRenovate)
    i.TK_SetNeedUpdateBaseline               0x08002bbc   Section        0  sc32f10xx_tk_functionresource.o(i.TK_SetNeedUpdateBaseline)
    i.TK_SetOneKeyPushResetTime              0x08002bc8   Section        0  tkdriver.o(i.TK_SetOneKeyPushResetTime)
    i.TK_SingleChannel_ICHAAdjust            0x08002bd4   Section        0  sc32f10xx_tk_functionresource.o(i.TK_SingleChannel_ICHAAdjust)
    i.TK_SingleCurrentSensorChoose           0x08002c60   Section        0  tkdriver.o(i.TK_SingleCurrentSensorChoose)
    i.TK_TouchKeyCFGInit                     0x08002cfc   Section        0  tkdriver.o(i.TK_TouchKeyCFGInit)
    i.TK_TouchKeyScan                        0x08002d80   Section        0  tkdriver.o(i.TK_TouchKeyScan)
    i.TK_TouchKey_Service                    0x08002f18   Section        0  sc32f10xx_tk_functionresource.o(i.TK_TouchKey_Service)
    i.TWI0_IRQHandler                        0x08003060   Section        0  sc_it.o(i.TWI0_IRQHandler)
    i.TWI1_IRQHandler                        0x08003062   Section        0  sc_it.o(i.TWI1_IRQHandler)
    i.TWI_Cmd                                0x08003064   Section        0  sc32f1xxx_twi.o(i.TWI_Cmd)
    i.TWI_DMACmd                             0x08003080   Section        0  sc32f1xxx_twi.o(i.TWI_DMACmd)
    i.TWI_ITConfig                           0x0800309a   Section        0  sc32f1xxx_twi.o(i.TWI_ITConfig)
    i.TWI_Init                               0x080030b4   Section        0  sc32f1xxx_twi.o(i.TWI_Init)
    i.TWI_PinRemapConfig                     0x080030e8   Section        0  sc32f1xxx_twi.o(i.TWI_PinRemapConfig)
    i.UART0_2_IRQHandler                     0x08003110   Section        0  sc_it.o(i.UART0_2_IRQHandler)
    i.UART1_3_IRQHandler                     0x08003124   Section        0  sc_it.o(i.UART1_3_IRQHandler)
    i.UART1_IRQHandler_DMA                   0x08003138   Section        0  uart_communication_dma.o(i.UART1_IRQHandler_DMA)
    i.UART2_Handler                          0x08003160   Section        0  uart_communication.o(i.UART2_Handler)
    i.UART_ClearFlag                         0x08003278   Section        0  sc32f1xxx_uart.o(i.UART_ClearFlag)
    i.UART_Communication_DMA                 0x0800327c   Section        0  uart_communication_dma.o(i.UART_Communication_DMA)
    i.UART_DMACmd                            0x08003300   Section        0  sc32f1xxx_uart.o(i.UART_DMACmd)
    i.UART_GetFlagStatus                     0x0800331a   Section        0  sc32f1xxx_uart.o(i.UART_GetFlagStatus)
    i.UART_ITConfig                          0x0800332e   Section        0  sc32f1xxx_uart.o(i.UART_ITConfig)
    i.UART_Init                              0x08003348   Section        0  sc32f1xxx_uart.o(i.UART_Init)
    i.UART_PinRemapConfig                    0x08003394   Section        0  sc32f1xxx_uart.o(i.UART_PinRemapConfig)
    i.UART_RXCmd                             0x080033b8   Section        0  sc32f1xxx_uart.o(i.UART_RXCmd)
    i.UART_ReceiveData                       0x080033d4   Section        0  sc32f1xxx_uart.o(i.UART_ReceiveData)
    i.UART_SendData                          0x080033de   Section        0  sc32f1xxx_uart.o(i.UART_SendData)
    i.UART_TXCmd                             0x080033e8   Section        0  sc32f1xxx_uart.o(i.UART_TXCmd)
    i.UpdateDisplay                          0x08003404   Section        0  main.o(i.UpdateDisplay)
    i.Usdelay                                0x08003488   Section        0  sc32f10xx_tk_functionresource.o(i.Usdelay)
    i.__ARM_clz                              0x08003498   Section        0  depilogue.o(i.__ARM_clz)
    i.__ARM_common_switch8                   0x080034c6   Section        0  main.o(i.__ARM_common_switch8)
    i.__NVIC_EnableIRQ                       0x080034e4   Section        0  sc_init.o(i.__NVIC_EnableIRQ)
    __NVIC_EnableIRQ                         0x080034e5   Thumb Code    18  sc_init.o(i.__NVIC_EnableIRQ)
    i.__NVIC_SetPriority                     0x080034fc   Section        0  sc_init.o(i.__NVIC_SetPriority)
    __NVIC_SetPriority                       0x080034fd   Thumb Code   110  sc_init.o(i.__NVIC_SetPriority)
    i.__scatterload_copy                     0x08003574   Section       14  handlers.o(i.__scatterload_copy)
    i.__scatterload_null                     0x08003582   Section        2  handlers.o(i.__scatterload_null)
    i.__scatterload_zeroinit                 0x08003584   Section       14  handlers.o(i.__scatterload_zeroinit)
    i.main                                   0x08003594   Section        0  main.o(i.main)
    .constdata                               0x080036a8   Section      148  tkdriver.o(.constdata)
    .data                                    0x20000000   Section       20  main.o(.data)
    .data                                    0x20000014   Section        4  uart_communication_dma.o(.data)
    UART_RxFlag                              0x20000014   Data           1  uart_communication_dma.o(.data)
    UART_TxFlag                              0x20000015   Data           1  uart_communication_dma.o(.data)
    UART_Communication_DMA_RxCount           0x20000016   Data           2  uart_communication_dma.o(.data)
    .data                                    0x20000018   Section        2  uart_communication.o(.data)
    RxIndex                                  0x20000018   Data           1  uart_communication.o(.data)
    UART_RxComplete                          0x20000019   Data           1  uart_communication.o(.data)
    .data                                    0x2000001a   Section      129  tkdriver.o(.data)
    .data                                    0x2000009c   Section       25  sc32f10xx_tk_functionresource.o(.data)
    InitSensorCnt                            0x200000b4   Data           1  sc32f10xx_tk_functionresource.o(.data)
    .bss                                     0x200000b8   Section      400  uart_communication_dma.o(.bss)
    .bss                                     0x20000248   Section      200  uart_communication.o(.bss)
    UART_RxBuffer                            0x20000248   Data         100  uart_communication.o(.bss)
    UART_TxBuffer                            0x200002ac   Data         100  uart_communication.o(.bss)
    .bss                                     0x20000310   Section       64  tkdriver.o(.bss)
    STACK                                    0x20000350   Section     1024  startup_sc32f10xx.o(STACK)

    Global Symbols

    Symbol Name                              Value     Ov Type        Size  Object(Section)

    BuildAttributes$$THM_ISAv3M$S$PE$A:L22$X:L11$S22$IEEE1$IW$USESV6$~STKCKD$USESV7$~SHL$OTIME$ROPI$EBA8$MICROLIB$REQ8$PRES8$EABIv2 0x00000000   Number         0  anon$$obj.o ABSOLUTE
    __ARM_use_no_argv                        0x00000000   Number         0  main.o ABSOLUTE
    __arm_fini_                               - Undefined Weak Reference
    __cpp_initialize__aeabi_                  - Undefined Weak Reference
    __cxa_finalize                            - Undefined Weak Reference
    __decompress                              - Undefined Weak Reference
    _clock_init                               - Undefined Weak Reference
    _microlib_exit                            - Undefined Weak Reference
    __Vectors_Size                           0x000000c0   Number         0  startup_sc32f10xx.o ABSOLUTE
    __Vectors                                0x08000000   Data           4  startup_sc32f10xx.o(RESET)
    __Vectors_End                            0x080000c0   Data           0  startup_sc32f10xx.o(RESET)
    __main                                   0x080000c1   Thumb Code     0  entry.o(.ARM.Collect$$$$00000000)
    _main_stk                                0x080000c1   Thumb Code     0  entry2.o(.ARM.Collect$$$$00000001)
    _main_scatterload                        0x080000c5   Thumb Code     0  entry5.o(.ARM.Collect$$$$00000004)
    __main_after_scatterload                 0x080000c9   Thumb Code     0  entry5.o(.ARM.Collect$$$$00000004)
    _main_clock                              0x080000c9   Thumb Code     0  entry7b.o(.ARM.Collect$$$$00000008)
    _main_cpp_init                           0x080000c9   Thumb Code     0  entry8b.o(.ARM.Collect$$$$0000000A)
    _main_init                               0x080000c9   Thumb Code     0  entry9a.o(.ARM.Collect$$$$0000000B)
    __rt_lib_shutdown_fini                   0x080000d1   Thumb Code     0  entry12b.o(.ARM.Collect$$$$0000000E)
    __rt_final_cpp                           0x080000d5   Thumb Code     0  entry10a.o(.ARM.Collect$$$$0000000F)
    __rt_final_exit                          0x080000d5   Thumb Code     0  entry11a.o(.ARM.Collect$$$$00000011)
    Reset_Handler                            0x080000d9   Thumb Code    38  startup_sc32f10xx.o(.text)
    NMI_Handler                              0x080000ff   Thumb Code     2  startup_sc32f10xx.o(.text)
    HardFault_Handler                        0x08000101   Thumb Code     2  startup_sc32f10xx.o(.text)
    MemManage_Handler                        0x08000103   Thumb Code     2  startup_sc32f10xx.o(.text)
    BusFault_Handler                         0x08000105   Thumb Code     2  startup_sc32f10xx.o(.text)
    UsageFault_Handler                       0x08000107   Thumb Code     2  startup_sc32f10xx.o(.text)
    SVC_Handler                              0x08000109   Thumb Code     2  startup_sc32f10xx.o(.text)
    DebugMon_Handler                         0x0800010b   Thumb Code     2  startup_sc32f10xx.o(.text)
    PendSV_Handler                           0x0800010d   Thumb Code     2  startup_sc32f10xx.o(.text)
    __aeabi_uidiv                            0x08000141   Thumb Code     0  uidiv.o(.text)
    __aeabi_uidivmod                         0x08000141   Thumb Code    44  uidiv.o(.text)
    __aeabi_idiv                             0x0800016d   Thumb Code     0  idiv.o(.text)
    __aeabi_idivmod                          0x0800016d   Thumb Code    40  idiv.o(.text)
    __aeabi_memcpy                           0x08000195   Thumb Code    36  memcpya.o(.text)
    __aeabi_memcpy4                          0x08000195   Thumb Code     0  memcpya.o(.text)
    __aeabi_memcpy8                          0x08000195   Thumb Code     0  memcpya.o(.text)
    __aeabi_fadd                             0x080001b9   Thumb Code   162  fadd.o(.text)
    __aeabi_fsub                             0x0800025b   Thumb Code     8  fadd.o(.text)
    __aeabi_frsub                            0x08000263   Thumb Code     8  fadd.o(.text)
    __aeabi_fmul                             0x0800026b   Thumb Code   122  fmul.o(.text)
    __aeabi_fdiv                             0x080002e5   Thumb Code   124  fdiv.o(.text)
    __aeabi_dadd                             0x08000361   Thumb Code   330  dadd.o(.text)
    __aeabi_dsub                             0x080004ab   Thumb Code    12  dadd.o(.text)
    __aeabi_drsub                            0x080004b7   Thumb Code    12  dadd.o(.text)
    __aeabi_dmul                             0x080004c9   Thumb Code   202  dmul.o(.text)
    __aeabi_ddiv                             0x08000599   Thumb Code   234  ddiv.o(.text)
    __aeabi_i2f                              0x08000689   Thumb Code    22  fflti.o(.text)
    __aeabi_ui2f                             0x0800069f   Thumb Code    14  ffltui.o(.text)
    __aeabi_i2d                              0x080006ad   Thumb Code    34  dflti.o(.text)
    __aeabi_ui2d                             0x080006d5   Thumb Code    24  dfltui.o(.text)
    __aeabi_f2iz                             0x080006f1   Thumb Code    50  ffixi.o(.text)
    __aeabi_f2uiz                            0x08000723   Thumb Code    40  ffixui.o(.text)
    __aeabi_f2d                              0x0800074b   Thumb Code    40  f2d.o(.text)
    __aeabi_d2f                              0x08000773   Thumb Code    56  d2f.o(.text)
    __aeabi_cfcmpeq                          0x080007ad   Thumb Code     0  cfcmple.o(.text)
    __aeabi_cfcmple                          0x080007ad   Thumb Code    20  cfcmple.o(.text)
    __aeabi_cfrcmple                         0x080007c1   Thumb Code    20  cfrcmple.o(.text)
    __aeabi_llsl                             0x080007d5   Thumb Code    32  llshl.o(.text)
    _ll_shift_l                              0x080007d5   Thumb Code     0  llshl.o(.text)
    __aeabi_llsr                             0x080007f5   Thumb Code    34  llushr.o(.text)
    _ll_ushift_r                             0x080007f5   Thumb Code     0  llushr.o(.text)
    __aeabi_lasr                             0x08000817   Thumb Code    38  llsshr.o(.text)
    _ll_sshift_r                             0x08000817   Thumb Code     0  llsshr.o(.text)
    __I$use$fp                               0x0800083d   Thumb Code     0  iusefp.o(.text)
    _float_round                             0x0800083d   Thumb Code    16  fepilogue.o(.text)
    _float_epilogue                          0x0800084d   Thumb Code   114  fepilogue.o(.text)
    _double_round                            0x080008bf   Thumb Code    26  depilogue.o(.text)
    _double_epilogue                         0x080008d9   Thumb Code   164  depilogue.o(.text)
    __scatterload                            0x0800097d   Thumb Code    28  init.o(.text)
    __scatterload_rt2                        0x0800097d   Thumb Code     0  init.o(.text)
    ADC_ClearFlag                            0x080009a1   Thumb Code     4  sc32f1xxx_adc.o(i.ADC_ClearFlag)
    ADC_Cmd                                  0x080009a5   Thumb Code    28  sc32f1xxx_adc.o(i.ADC_Cmd)
    ADC_DMACmd                               0x080009c1   Thumb Code    28  sc32f1xxx_adc.o(i.ADC_DMACmd)
    ADC_IRQHandler                           0x080009dd   Thumb Code    12  sc_it.o(i.ADC_IRQHandler)
    ADC_ITConfig                             0x080009ed   Thumb Code    20  sc32f1xxx_adc.o(i.ADC_ITConfig)
    ADC_Init                                 0x08000a01   Thumb Code    28  sc32f1xxx_adc.o(i.ADC_Init)
    ADC_SetChannel                           0x08000a21   Thumb Code    18  sc32f1xxx_adc.o(i.ADC_SetChannel)
    BTM_IRQHandler                           0x08000a33   Thumb Code     2  sc_it.o(i.BTM_IRQHandler)
    Buzzer_SetVolume                         0x08000a35   Thumb Code    16  buzzer.o(i.Buzzer_SetVolume)
    CMP_IRQHandler                           0x08000a49   Thumb Code     2  sc_it.o(i.CMP_IRQHandler)
    DMA0_IRQHandler                          0x08000a4d   Thumb Code    12  sc_it.o(i.DMA0_IRQHandler)
    DMA1_IRQHandler                          0x08000a5d   Thumb Code    12  sc_it.o(i.DMA1_IRQHandler)
    DMA2_IRQHandler                          0x08000a6d   Thumb Code     2  sc_it.o(i.DMA2_IRQHandler)
    DMA3_IRQHandler                          0x08000a6f   Thumb Code     2  sc_it.o(i.DMA3_IRQHandler)
    DMA_ClearFlag                            0x08000a71   Thumb Code     4  sc32f1xxx_dma.o(i.DMA_ClearFlag)
    DMA_Cmd                                  0x08000a75   Thumb Code    24  sc32f1xxx_dma.o(i.DMA_Cmd)
    DMA_DMACmd                               0x08000a8d   Thumb Code    20  sc32f1xxx_dma.o(i.DMA_DMACmd)
    DMA_GetCurrDataCounter                   0x08000aa1   Thumb Code     6  sc32f1xxx_dma.o(i.DMA_GetCurrDataCounter)
    DMA_GetFlagStatus                        0x08000aa7   Thumb Code    20  sc32f1xxx_dma.o(i.DMA_GetFlagStatus)
    DMA_ITConfig                             0x08000abb   Thumb Code    20  sc32f1xxx_dma.o(i.DMA_ITConfig)
    DMA_Init                                 0x08000ad1   Thumb Code    52  sc32f1xxx_dma.o(i.DMA_Init)
    DMA_SetCurrDataCounter                   0x08000b09   Thumb Code     4  sc32f1xxx_dma.o(i.DMA_SetCurrDataCounter)
    DMA_SoftwareTrigger                      0x08000b0d   Thumb Code     8  sc32f1xxx_dma.o(i.DMA_SoftwareTrigger)
    DataProcessing                           0x08000b15   Thumb Code    44  main.o(i.DataProcessing)
    Delay_ms                                 0x08000b49   Thumb Code    24  main.o(i.Delay_ms)
    Delay_us                                 0x08000b61   Thumb Code    38  main.o(i.Delay_us)
    GPIO_Init                                0x08000b8d   Thumb Code   112  sc32f1xxx_gpio.o(i.GPIO_Init)
    GPIO_ResetBits                           0x08000bfd   Thumb Code    34  sc32f1xxx_gpio.o(i.GPIO_ResetBits)
    GPIO_SetBits                             0x08000c1f   Thumb Code    34  sc32f1xxx_gpio.o(i.GPIO_SetBits)
    GPIO_TogglePins                          0x08000c41   Thumb Code    44  sc32f1xxx_gpio.o(i.GPIO_TogglePins)
    INT0_IRQHandler                          0x08000c6d   Thumb Code     2  sc_it.o(i.INT0_IRQHandler)
    INT12_15_IRQHandler                      0x08000c6f   Thumb Code     2  sc_it.o(i.INT12_15_IRQHandler)
    INT1_7_IRQHandler                        0x08000c71   Thumb Code     2  sc_it.o(i.INT1_7_IRQHandler)
    INT8_11_IRQHandler                       0x08000c73   Thumb Code     2  sc_it.o(i.INT8_11_IRQHandler)
    IcResourceInit                           0x08000c75   Thumb Code     8  compctrldefine.o(i.IcResourceInit)
    LEDPWM_IRQHandler                        0x08000c7d   Thumb Code     2  sc_it.o(i.LEDPWM_IRQHandler)
    PWM0_IRQHandler                          0x08000c81   Thumb Code    12  sc_it.o(i.PWM0_IRQHandler)
    PWM_ClearFlag                            0x08000c91   Thumb Code     4  sc32f1xxx_pwm.o(i.PWM_ClearFlag)
    PWM_Cmd                                  0x08000c95   Thumb Code    24  sc32f1xxx_pwm.o(i.PWM_Cmd)
    PWM_FDCmd                                0x08000cb1   Thumb Code    24  sc32f1xxx_pwm.o(i.PWM_FDCmd)
    PWM_FDInit                               0x08000ccd   Thumb Code    26  sc32f1xxx_pwm.o(i.PWM_FDInit)
    PWM_ITConfig                             0x08000ce7   Thumb Code    26  sc32f1xxx_pwm.o(i.PWM_ITConfig)
    PWM_Init                                 0x08000d01   Thumb Code    40  sc32f1xxx_pwm.o(i.PWM_Init)
    PWM_SetDuty                              0x08000d29   Thumb Code    38  sc32f1xxx_pwm.o(i.PWM_SetDuty)
    RCC_AHBPeriphClockCmd                    0x08000d51   Thumb Code    28  sc32f1xxx_rcc.o(i.RCC_AHBPeriphClockCmd)
    RCC_APB0Cmd                              0x08000d71   Thumb Code    36  sc32f1xxx_rcc.o(i.RCC_APB0Cmd)
    RCC_APB0Config                           0x08000d99   Thumb Code    24  sc32f1xxx_rcc.o(i.RCC_APB0Config)
    RCC_APB0PeriphClockCmd                   0x08000db5   Thumb Code    28  sc32f1xxx_rcc.o(i.RCC_APB0PeriphClockCmd)
    RCC_APB1Cmd                              0x08000dd5   Thumb Code    36  sc32f1xxx_rcc.o(i.RCC_APB1Cmd)
    RCC_APB1Config                           0x08000dfd   Thumb Code    24  sc32f1xxx_rcc.o(i.RCC_APB1Config)
    RCC_APB1PeriphClockCmd                   0x08000e19   Thumb Code    28  sc32f1xxx_rcc.o(i.RCC_APB1PeriphClockCmd)
    RCC_APB2Cmd                              0x08000e39   Thumb Code    36  sc32f1xxx_rcc.o(i.RCC_APB2Cmd)
    RCC_APB2Config                           0x08000e61   Thumb Code    24  sc32f1xxx_rcc.o(i.RCC_APB2Config)
    RCC_HCLKConfig                           0x08000e7d   Thumb Code    24  sc32f1xxx_rcc.o(i.RCC_HCLKConfig)
    RCC_HIRCCmd                              0x08000e99   Thumb Code    42  sc32f1xxx_rcc.o(i.RCC_HIRCCmd)
    RCC_HXTCmd                               0x08000ec9   Thumb Code    42  sc32f1xxx_rcc.o(i.RCC_HXTCmd)
    RCC_IRQHandler                           0x08000ef9   Thumb Code     2  sc_it.o(i.RCC_IRQHandler)
    RCC_ITConfig                             0x08000efd   Thumb Code    46  sc32f1xxx_rcc.o(i.RCC_ITConfig)
    RCC_LIRCCmd                              0x08000f31   Thumb Code    42  sc32f1xxx_rcc.o(i.RCC_LIRCCmd)
    RCC_LXTCmd                               0x08000f61   Thumb Code    42  sc32f1xxx_rcc.o(i.RCC_LXTCmd)
    RCC_SYSCLKConfig                         0x08000f91   Thumb Code   206  sc32f1xxx_rcc.o(i.RCC_SYSCLKConfig)
    RCC_SystickCLKConfig                     0x08001069   Thumb Code    62  sc32f1xxx_rcc.o(i.RCC_SystickCLKConfig)
    RCC_SystickCmd                           0x080010b1   Thumb Code    32  sc32f1xxx_rcc.o(i.RCC_SystickCmd)
    RCC_SystickSetCounter                    0x080010d5   Thumb Code    18  sc32f1xxx_rcc.o(i.RCC_SystickSetCounter)
    RCC_Unlock                               0x080010f1   Thumb Code    18  sc32f1xxx_rcc.o(i.RCC_Unlock)
    SC_ADC_Init                              0x08001109   Thumb Code    82  sc_init.o(i.SC_ADC_Init)
    SC_DMA0_Init                             0x08001161   Thumb Code   102  sc_init.o(i.SC_DMA0_Init)
    SC_DMA1_Init                             0x080011d5   Thumb Code   100  sc_init.o(i.SC_DMA1_Init)
    SC_GPIO_Init                             0x08001245   Thumb Code   398  sc_init.o(i.SC_GPIO_Init)
    SC_Init                                  0x080013e1   Thumb Code    60  sc_init.o(i.SC_Init)
    SC_OPTION_Init                           0x0800141d   Thumb Code    28  sc_init.o(i.SC_OPTION_Init)
    SC_PWM0_Init                             0x08001441   Thumb Code   186  sc_init.o(i.SC_PWM0_Init)
    SC_RCC_Init                              0x08001501   Thumb Code    88  sc_init.o(i.SC_RCC_Init)
    SC_SYSTICK_Init                          0x0800155d   Thumb Code    38  sc_init.o(i.SC_SYSTICK_Init)
    SC_TIM1_Init                             0x08001585   Thumb Code   148  sc_init.o(i.SC_TIM1_Init)
    SC_TIM2_Init                             0x0800161d   Thumb Code   142  sc_init.o(i.SC_TIM2_Init)
    SC_TIM3_Init                             0x080016b1   Thumb Code   140  sc_init.o(i.SC_TIM3_Init)
    SC_TWI0_Init                             0x08001741   Thumb Code   154  sc_init.o(i.SC_TWI0_Init)
    SC_UART1_Init                            0x080017e5   Thumb Code   174  sc_init.o(i.SC_UART1_Init)
    SC_UART2_Init                            0x080018a1   Thumb Code   150  sc_init.o(i.SC_UART2_Init)
    SPI0_IRQHandler                          0x08001949   Thumb Code     2  sc_it.o(i.SPI0_IRQHandler)
    SPI1_IRQHandler                          0x0800194b   Thumb Code     2  sc_it.o(i.SPI1_IRQHandler)
    SysTick_IRQHandler                       0x0800194d   Thumb Code     2  sc_it.o(i.SysTick_IRQHandler)
    SystemInit                               0x08001951   Thumb Code    10  system_sc32f1xxx.o(i.SystemInit)
    TIM3_IRQHandler                          0x08001961   Thumb Code    52  uart_communication_dma.o(i.TIM3_IRQHandler)
    TIMER0_IRQHandler                        0x080019a5   Thumb Code     2  sc_it.o(i.TIMER0_IRQHandler)
    TIMER1_IRQHandler                        0x080019a9   Thumb Code    12  sc_it.o(i.TIMER1_IRQHandler)
    TIMER2_IRQHandler                        0x080019b9   Thumb Code    12  sc_it.o(i.TIMER2_IRQHandler)
    TIMER3_IRQHandler                        0x080019c9   Thumb Code    16  sc_it.o(i.TIMER3_IRQHandler)
    TIMER4_5_IRQHandler                      0x080019dd   Thumb Code     2  sc_it.o(i.TIMER4_5_IRQHandler)
    TIMER6_7_IRQHandler                      0x080019df   Thumb Code     2  sc_it.o(i.TIMER6_7_IRQHandler)
    TIM_ClearFlag                            0x080019e1   Thumb Code     4  sc32f1xxx_tim.o(i.TIM_ClearFlag)
    TIM_Cmd                                  0x080019e5   Thumb Code    24  sc32f1xxx_tim.o(i.TIM_Cmd)
    TIM_DMACmd                               0x08001a01   Thumb Code    26  sc32f1xxx_tim.o(i.TIM_DMACmd)
    TIM_GetFlagStatus                        0x08001a1b   Thumb Code    20  sc32f1xxx_tim.o(i.TIM_GetFlagStatus)
    TIM_ICCmd                                0x08001a31   Thumb Code    24  sc32f1xxx_tim.o(i.TIM_ICCmd)
    TIM_ICInit                               0x08001a4d   Thumb Code    66  sc32f1xxx_tim.o(i.TIM_ICInit)
    TIM_ITConfig                             0x08001a95   Thumb Code    26  sc32f1xxx_tim.o(i.TIM_ITConfig)
    TIM_PWMInit                              0x08001ab1   Thumb Code    94  sc32f1xxx_tim.o(i.TIM_PWMInit)
    TIM_PWMSetDuty                           0x08001b15   Thumb Code    40  sc32f1xxx_tim.o(i.TIM_PWMSetDuty)
    TIM_SetCounter                           0x08001b41   Thumb Code     4  sc32f1xxx_tim.o(i.TIM_SetCounter)
    TIM_TIMBaseInit                          0x08001b45   Thumb Code    36  sc32f1xxx_tim.o(i.TIM_TIMBaseInit)
    TKSlideModuleCHIs                        0x08001b6d   Thumb Code    98  sc32f10xx_tk_functionresource.o(i.TKSlideModuleCHIs)
    TKSlideModuleSensorRenovate              0x08001bd9   Thumb Code   832  sc32f10xx_tk_functionresource.o(i.TKSlideModuleSensorRenovate)
    TK_BaseLineUpdataSW                      0x08001f2d   Thumb Code   388  sc32f10xx_tk_functionresource.o(i.TK_BaseLineUpdataSW)
    TK_FilterAvergeDeal                      0x080020d1   Thumb Code   112  sc32f10xx_tk_functionresource.o(i.TK_FilterAvergeDeal)
    TK_FilterCommCode                        0x0800214d   Thumb Code    72  sc32f10xx_tk_functionresource.o(i.TK_FilterCommCode)
    TK_FilterDataDeal                        0x080021a1   Thumb Code   186  sc32f10xx_tk_functionresource.o(i.TK_FilterDataDeal)
    TK_FilterIIRInit                         0x08002261   Thumb Code    36  sc32f10xx_tk_functionresource.o(i.TK_FilterIIRInit)
    TK_GetBaseLineAdjustValue                0x0800228d   Thumb Code     8  tkdriver.o(i.TK_GetBaseLineAdjustValue)
    TK_GetBaselineUpdateThreshold            0x08002299   Thumb Code     8  tkdriver.o(i.TK_GetBaselineUpdateThreshold)
    TK_GetCfgMsg                             0x080022a5   Thumb Code   100  tkdriver.o(i.TK_GetCfgMsg)
    TK_GetCsFunction                         0x08002311   Thumb Code     4  tkdriver.o(i.TK_GetCsFunction)
    TK_GetCurrFingerValue                    0x08002315   Thumb Code    30  tkdriver.o(i.TK_GetCurrFingerValue)
    TK_GetInitAutoUpdateTime                 0x08002339   Thumb Code     6  tkdriver.o(i.TK_GetInitAutoUpdateTime)
    TK_GetIsNeedUpdateBaseline               0x08002345   Thumb Code     6  sc32f10xx_tk_functionresource.o(i.TK_GetIsNeedUpdateBaseline)
    TK_GetScanTimeValue                      0x08002351   Thumb Code    14  tkdriver.o(i.TK_GetScanTimeValue)
    TK_GetTKYzCnt                            0x08002365   Thumb Code    16  tkdriver.o(i.TK_GetTKYzCnt)
    TK_GetTKYzThreshold                      0x08002379   Thumb Code    26  tkdriver.o(i.TK_GetTKYzThreshold)
    TK_GetUpConfirmCnt                       0x08002395   Thumb Code     8  tkdriver.o(i.TK_GetUpConfirmCnt)
    TK_IRQHandler                            0x080023a1   Thumb Code     8  tkdriver.o(i.TK_IRQHandler)
    TK_Init                                  0x080023a9   Thumb Code   344  sc32f10xx_tk_functionresource.o(i.TK_Init)
    TK_InitializeBaselines                   0x0800251d   Thumb Code    36  sc32f10xx_tk_functionresource.o(i.TK_InitializeBaselines)
    TK_InitializeSensorFlag                  0x08002549   Thumb Code    64  sc32f10xx_tk_functionresource.o(i.TK_InitializeSensorFlag)
    TK_IsDoubleKeyOrSlideKey                 0x080025b1   Thumb Code     6  tkdriver.o(i.TK_IsDoubleKeyOrSlideKey)
    TK_MultipleDeal                          0x080025bd   Thumb Code   306  sc32f10xx_tk_functionresource.o(i.TK_MultipleDeal)
    TK_Restart                               0x08002715   Thumb Code    14  sc32f10xx_tk_functionresource.o(i.TK_Restart)
    TK_SensorKeyFlag                         0x08002729   Thumb Code    90  sc32f10xx_tk_functionresource.o(i.TK_SensorKeyFlag)
    TK_SensorRenovate                        0x08002799   Thumb Code   982  sc32f10xx_tk_functionresource.o(i.TK_SensorRenovate)
    TK_SetNeedUpdateBaseline                 0x08002bbd   Thumb Code     8  sc32f10xx_tk_functionresource.o(i.TK_SetNeedUpdateBaseline)
    TK_SetOneKeyPushResetTime                0x08002bc9   Thumb Code     8  tkdriver.o(i.TK_SetOneKeyPushResetTime)
    TK_SingleChannel_ICHAAdjust              0x08002bd5   Thumb Code   122  sc32f10xx_tk_functionresource.o(i.TK_SingleChannel_ICHAAdjust)
    TK_SingleCurrentSensorChoose             0x08002c61   Thumb Code   140  tkdriver.o(i.TK_SingleCurrentSensorChoose)
    TK_TouchKeyCFGInit                       0x08002cfd   Thumb Code    96  tkdriver.o(i.TK_TouchKeyCFGInit)
    TK_TouchKeyScan                          0x08002d81   Thumb Code   370  tkdriver.o(i.TK_TouchKeyScan)
    TK_TouchKey_Service                      0x08002f19   Thumb Code   300  sc32f10xx_tk_functionresource.o(i.TK_TouchKey_Service)
    TWI0_IRQHandler                          0x08003061   Thumb Code     2  sc_it.o(i.TWI0_IRQHandler)
    TWI1_IRQHandler                          0x08003063   Thumb Code     2  sc_it.o(i.TWI1_IRQHandler)
    TWI_Cmd                                  0x08003065   Thumb Code    24  sc32f1xxx_twi.o(i.TWI_Cmd)
    TWI_DMACmd                               0x08003081   Thumb Code    26  sc32f1xxx_twi.o(i.TWI_DMACmd)
    TWI_ITConfig                             0x0800309b   Thumb Code    26  sc32f1xxx_twi.o(i.TWI_ITConfig)
    TWI_Init                                 0x080030b5   Thumb Code    48  sc32f1xxx_twi.o(i.TWI_Init)
    TWI_PinRemapConfig                       0x080030e9   Thumb Code    36  sc32f1xxx_twi.o(i.TWI_PinRemapConfig)
    UART0_2_IRQHandler                       0x08003111   Thumb Code    16  sc_it.o(i.UART0_2_IRQHandler)
    UART1_3_IRQHandler                       0x08003125   Thumb Code    16  sc_it.o(i.UART1_3_IRQHandler)
    UART1_IRQHandler_DMA                     0x08003139   Thumb Code    32  uart_communication_dma.o(i.UART1_IRQHandler_DMA)
    UART2_Handler                            0x08003161   Thumb Code   260  uart_communication.o(i.UART2_Handler)
    UART_ClearFlag                           0x08003279   Thumb Code     4  sc32f1xxx_uart.o(i.UART_ClearFlag)
    UART_Communication_DMA                   0x0800327d   Thumb Code   106  uart_communication_dma.o(i.UART_Communication_DMA)
    UART_DMACmd                              0x08003301   Thumb Code    26  sc32f1xxx_uart.o(i.UART_DMACmd)
    UART_GetFlagStatus                       0x0800331b   Thumb Code    20  sc32f1xxx_uart.o(i.UART_GetFlagStatus)
    UART_ITConfig                            0x0800332f   Thumb Code    26  sc32f1xxx_uart.o(i.UART_ITConfig)
    UART_Init                                0x08003349   Thumb Code    72  sc32f1xxx_uart.o(i.UART_Init)
    UART_PinRemapConfig                      0x08003395   Thumb Code    32  sc32f1xxx_uart.o(i.UART_PinRemapConfig)
    UART_RXCmd                               0x080033b9   Thumb Code    24  sc32f1xxx_uart.o(i.UART_RXCmd)
    UART_ReceiveData                         0x080033d5   Thumb Code    10  sc32f1xxx_uart.o(i.UART_ReceiveData)
    UART_SendData                            0x080033df   Thumb Code     8  sc32f1xxx_uart.o(i.UART_SendData)
    UART_TXCmd                               0x080033e9   Thumb Code    24  sc32f1xxx_uart.o(i.UART_TXCmd)
    UpdateDisplay                            0x08003405   Thumb Code   112  main.o(i.UpdateDisplay)
    Usdelay                                  0x08003489   Thumb Code    16  sc32f10xx_tk_functionresource.o(i.Usdelay)
    __ARM_clz                                0x08003499   Thumb Code    46  depilogue.o(i.__ARM_clz)
    __ARM_common_switch8                     0x080034c7   Thumb Code    28  main.o(i.__ARM_common_switch8)
    __scatterload_copy                       0x08003575   Thumb Code    14  handlers.o(i.__scatterload_copy)
    __scatterload_null                       0x08003583   Thumb Code     2  handlers.o(i.__scatterload_null)
    __scatterload_zeroinit                   0x08003585   Thumb Code    14  handlers.o(i.__scatterload_zeroinit)
    main                                     0x08003595   Thumb Code   236  main.o(i.main)
    TKCFG                                    0x080036a8   Data          68  tkdriver.o(.constdata)
    TKChannelCfg                             0x080036ec   Data          80  tkdriver.o(.constdata)
    Region$$Table$$Base                      0x0800373c   Number         0  anon$$obj.o(Region$$Table)
    Region$$Table$$Limit                     0x0800375c   Number         0  anon$$obj.o(Region$$Table)
    exKeyValue                               0x20000000   Data           1  main.o(.data)
    gTkIsValid                               0x20000001   Data           1  main.o(.data)
    Task_state                               0x20000002   Data           1  main.o(.data)
    TK_exKeyValueFlag                        0x20000004   Data           4  main.o(.data)
    first_Press                              0x20000008   Data           1  main.o(.data)
    cnt1                                     0x2000000c   Data           4  main.o(.data)
    cnt2                                     0x20000010   Data           4  main.o(.data)
    TK_TouchKeyStatus                        0x2000001a   Data           1  tkdriver.o(.data)
    CurrentChannel                           0x2000001b   Data           8  tkdriver.o(.data)
    RestAreaCnt                              0x20000023   Data           8  tkdriver.o(.data)
    TouchCnt                                 0x2000002b   Data           8  tkdriver.o(.data)
    NoTouchCnt                               0x20000033   Data           8  tkdriver.o(.data)
    LowFingerDataCnt                         0x2000003b   Data           8  tkdriver.o(.data)
    FloatAreaCnt                             0x20000043   Data           8  tkdriver.o(.data)
    SingleParameterBufferSet                 0x2000004b   Data           8  tkdriver.o(.data)
    CombineParameterBufferSet                0x20000053   Data           8  tkdriver.o(.data)
    ConfirmTouchCnt                          0x2000005b   Data           1  tkdriver.o(.data)
    SetNoiseThreshold                        0x2000005c   Data           1  tkdriver.o(.data)
    MultipleDealTpye                         0x2000005d   Data           1  tkdriver.o(.data)
    UpdateBaseLNum                           0x2000005e   Data           2  tkdriver.o(.data)
    MultipleLNum                             0x20000060   Data           2  tkdriver.o(.data)
    TKSlideModulePCBArray                    0x20000062   Data          54  tkdriver.o(.data)
    CFG_OVERLOW_MAX_COUNT                    0x20000098   Data           1  tkdriver.o(.data)
    CFG_RESET_BASELINE_CNT                   0x20000099   Data           1  tkdriver.o(.data)
    CFG_CYCLE_CNT                            0x2000009a   Data           1  tkdriver.o(.data)
    SingleCurrentChannelMax                  0x2000009c   Data           1  sc32f10xx_tk_functionresource.o(.data)
    KeyFlag                                  0x200000a0   Data           4  sc32f10xx_tk_functionresource.o(.data)
    KeyMark                                  0x200000a4   Data           4  sc32f10xx_tk_functionresource.o(.data)
    UsingTKSlideModuleNumber                 0x200000a8   Data           1  sc32f10xx_tk_functionresource.o(.data)
    CurrentIndex                             0x200000a9   Data           1  sc32f10xx_tk_functionresource.o(.data)
    ScanTime                                 0x200000aa   Data           2  sc32f10xx_tk_functionresource.o(.data)
    IsInNosicValue                           0x200000ac   Data           1  sc32f10xx_tk_functionresource.o(.data)
    bMultiple                                0x200000ad   Data           1  sc32f10xx_tk_functionresource.o(.data)
    bNeedUpdate                              0x200000ae   Data           1  sc32f10xx_tk_functionresource.o(.data)
    MultipleDealIndex                        0x200000af   Data           1  sc32f10xx_tk_functionresource.o(.data)
    FlowFingerRoundIndex                     0x200000b0   Data           1  sc32f10xx_tk_functionresource.o(.data)
    FlowFingerRoundCnt                       0x200000b2   Data           2  sc32f10xx_tk_functionresource.o(.data)
    UART_Communication_DMA_Data              0x200000b8   Data         200  uart_communication_dma.o(.bss)
    UART_Communication_DMA_Buffer            0x20000180   Data         200  uart_communication_dma.o(.bss)
    DifferAccum                              0x20000310   Data          16  tkdriver.o(.bss)
    SingleChannelsBaseLineUpdatePar          0x20000320   Data          48  tkdriver.o(.bss)
    __initial_sp                             0x20000750   Data           0  startup_sc32f10xx.o(STACK)



==============================================================================

Memory Map of the image

  Image Entry point : 0x080000c1

  Load Region LR_IROM1 (Base: 0x08000000, Size: 0x00003814, Max: 0x00040000, ABSOLUTE)

    Execution Region ER_IROM1 (Exec base: 0x08000000, Load base: 0x08000000, Size: 0x0000375c, Max: 0x00040000, ABSOLUTE)

    Exec Addr    Load Addr    Size         Type   Attr      Idx    E Section Name        Object

    0x08000000   0x08000000   0x000000c0   Data   RO         2137    RESET               startup_sc32f10xx.o
    0x080000c0   0x080000c0   0x00000000   Code   RO         2584  * .ARM.Collect$$$$00000000  mc_p.l(entry.o)
    0x080000c0   0x080000c0   0x00000004   Code   RO         2633    .ARM.Collect$$$$00000001  mc_p.l(entry2.o)
    0x080000c4   0x080000c4   0x00000004   Code   RO         2636    .ARM.Collect$$$$00000004  mc_p.l(entry5.o)
    0x080000c8   0x080000c8   0x00000000   Code   RO         2638    .ARM.Collect$$$$00000008  mc_p.l(entry7b.o)
    0x080000c8   0x080000c8   0x00000000   Code   RO         2640    .ARM.Collect$$$$0000000A  mc_p.l(entry8b.o)
    0x080000c8   0x080000c8   0x00000008   Code   RO         2641    .ARM.Collect$$$$0000000B  mc_p.l(entry9a.o)
    0x080000d0   0x080000d0   0x00000004   Code   RO         2648    .ARM.Collect$$$$0000000E  mc_p.l(entry12b.o)
    0x080000d4   0x080000d4   0x00000000   Code   RO         2643    .ARM.Collect$$$$0000000F  mc_p.l(entry10a.o)
    0x080000d4   0x080000d4   0x00000000   Code   RO         2645    .ARM.Collect$$$$00000011  mc_p.l(entry11a.o)
    0x080000d4   0x080000d4   0x00000004   Code   RO         2634    .ARM.Collect$$$$00002712  mc_p.l(entry2.o)
    0x080000d8   0x080000d8   0x00000068   Code   RO         2138    .text               startup_sc32f10xx.o
    0x08000140   0x08000140   0x0000002c   Code   RO         2587    .text               mc_p.l(uidiv.o)
    0x0800016c   0x0800016c   0x00000028   Code   RO         2589    .text               mc_p.l(idiv.o)
    0x08000194   0x08000194   0x00000024   Code   RO         2591    .text               mc_p.l(memcpya.o)
    0x080001b8   0x080001b8   0x000000b2   Code   RO         2599    .text               mf_p.l(fadd.o)
    0x0800026a   0x0800026a   0x0000007a   Code   RO         2601    .text               mf_p.l(fmul.o)
    0x080002e4   0x080002e4   0x0000007c   Code   RO         2603    .text               mf_p.l(fdiv.o)
    0x08000360   0x08000360   0x00000168   Code   RO         2605    .text               mf_p.l(dadd.o)
    0x080004c8   0x080004c8   0x000000d0   Code   RO         2607    .text               mf_p.l(dmul.o)
    0x08000598   0x08000598   0x000000f0   Code   RO         2609    .text               mf_p.l(ddiv.o)
    0x08000688   0x08000688   0x00000016   Code   RO         2611    .text               mf_p.l(fflti.o)
    0x0800069e   0x0800069e   0x0000000e   Code   RO         2613    .text               mf_p.l(ffltui.o)
    0x080006ac   0x080006ac   0x00000028   Code   RO         2615    .text               mf_p.l(dflti.o)
    0x080006d4   0x080006d4   0x0000001c   Code   RO         2617    .text               mf_p.l(dfltui.o)
    0x080006f0   0x080006f0   0x00000032   Code   RO         2619    .text               mf_p.l(ffixi.o)
    0x08000722   0x08000722   0x00000028   Code   RO         2621    .text               mf_p.l(ffixui.o)
    0x0800074a   0x0800074a   0x00000028   Code   RO         2625    .text               mf_p.l(f2d.o)
    0x08000772   0x08000772   0x00000038   Code   RO         2627    .text               mf_p.l(d2f.o)
    0x080007aa   0x080007aa   0x00000002   PAD
    0x080007ac   0x080007ac   0x00000014   Code   RO         2629    .text               mf_p.l(cfcmple.o)
    0x080007c0   0x080007c0   0x00000014   Code   RO         2631    .text               mf_p.l(cfrcmple.o)
    0x080007d4   0x080007d4   0x00000020   Code   RO         2649    .text               mc_p.l(llshl.o)
    0x080007f4   0x080007f4   0x00000022   Code   RO         2651    .text               mc_p.l(llushr.o)
    0x08000816   0x08000816   0x00000026   Code   RO         2653    .text               mc_p.l(llsshr.o)
    0x0800083c   0x0800083c   0x00000000   Code   RO         2655    .text               mc_p.l(iusefp.o)
    0x0800083c   0x0800083c   0x00000082   Code   RO         2656    .text               mf_p.l(fepilogue.o)
    0x080008be   0x080008be   0x000000be   Code   RO         2658    .text               mf_p.l(depilogue.o)
    0x0800097c   0x0800097c   0x00000024   Code   RO         2662    .text               mc_p.l(init.o)
    0x080009a0   0x080009a0   0x00000004   Code   RO         1432    i.ADC_ClearFlag     sc32f1xxx_adc.o
    0x080009a4   0x080009a4   0x0000001c   Code   RO         1433    i.ADC_Cmd           sc32f1xxx_adc.o
    0x080009c0   0x080009c0   0x0000001c   Code   RO         1435    i.ADC_DMACmd        sc32f1xxx_adc.o
    0x080009dc   0x080009dc   0x00000010   Code   RO          228    i.ADC_IRQHandler    sc_it.o
    0x080009ec   0x080009ec   0x00000014   Code   RO         1440    i.ADC_ITConfig      sc32f1xxx_adc.o
    0x08000a00   0x08000a00   0x00000020   Code   RO         1441    i.ADC_Init          sc32f1xxx_adc.o
    0x08000a20   0x08000a20   0x00000012   Code   RO         1442    i.ADC_SetChannel    sc32f1xxx_adc.o
    0x08000a32   0x08000a32   0x00000002   Code   RO          229    i.BTM_IRQHandler    sc_it.o
    0x08000a34   0x08000a34   0x00000014   Code   RO         2145    i.Buzzer_SetVolume  buzzer.o
    0x08000a48   0x08000a48   0x00000002   Code   RO          233    i.CMP_IRQHandler    sc_it.o
    0x08000a4a   0x08000a4a   0x00000002   PAD
    0x08000a4c   0x08000a4c   0x00000010   Code   RO          234    i.DMA0_IRQHandler   sc_it.o
    0x08000a5c   0x08000a5c   0x00000010   Code   RO          235    i.DMA1_IRQHandler   sc_it.o
    0x08000a6c   0x08000a6c   0x00000002   Code   RO          236    i.DMA2_IRQHandler   sc_it.o
    0x08000a6e   0x08000a6e   0x00000002   Code   RO          237    i.DMA3_IRQHandler   sc_it.o
    0x08000a70   0x08000a70   0x00000004   Code   RO         1059    i.DMA_ClearFlag     sc32f1xxx_dma.o
    0x08000a74   0x08000a74   0x00000018   Code   RO         1060    i.DMA_Cmd           sc32f1xxx_dma.o
    0x08000a8c   0x08000a8c   0x00000014   Code   RO         1061    i.DMA_DMACmd        sc32f1xxx_dma.o
    0x08000aa0   0x08000aa0   0x00000006   Code   RO         1063    i.DMA_GetCurrDataCounter  sc32f1xxx_dma.o
    0x08000aa6   0x08000aa6   0x00000014   Code   RO         1064    i.DMA_GetFlagStatus  sc32f1xxx_dma.o
    0x08000aba   0x08000aba   0x00000014   Code   RO         1066    i.DMA_ITConfig      sc32f1xxx_dma.o
    0x08000ace   0x08000ace   0x00000002   PAD
    0x08000ad0   0x08000ad0   0x00000038   Code   RO         1067    i.DMA_Init          sc32f1xxx_dma.o
    0x08000b08   0x08000b08   0x00000004   Code   RO         1069    i.DMA_SetCurrDataCounter  sc32f1xxx_dma.o
    0x08000b0c   0x08000b0c   0x00000008   Code   RO         1072    i.DMA_SoftwareTrigger  sc32f1xxx_dma.o
    0x08000b14   0x08000b14   0x00000034   Code   RO            3    i.DataProcessing    main.o
    0x08000b48   0x08000b48   0x00000018   Code   RO            4    i.Delay_ms          main.o
    0x08000b60   0x08000b60   0x0000002c   Code   RO            5    i.Delay_us          main.o
    0x08000b8c   0x08000b8c   0x00000070   Code   RO         2064    i.GPIO_Init         sc32f1xxx_gpio.o
    0x08000bfc   0x08000bfc   0x00000022   Code   RO         2067    i.GPIO_ResetBits    sc32f1xxx_gpio.o
    0x08000c1e   0x08000c1e   0x00000022   Code   RO         2068    i.GPIO_SetBits      sc32f1xxx_gpio.o
    0x08000c40   0x08000c40   0x0000002c   Code   RO         2070    i.GPIO_TogglePins   sc32f1xxx_gpio.o
    0x08000c6c   0x08000c6c   0x00000002   Code   RO          239    i.INT0_IRQHandler   sc_it.o
    0x08000c6e   0x08000c6e   0x00000002   Code   RO          240    i.INT12_15_IRQHandler  sc_it.o
    0x08000c70   0x08000c70   0x00000002   Code   RO          241    i.INT1_7_IRQHandler  sc_it.o
    0x08000c72   0x08000c72   0x00000002   Code   RO          242    i.INT8_11_IRQHandler  sc_it.o
    0x08000c74   0x08000c74   0x00000008   Code   RO          895    i.IcResourceInit    compctrldefine.o
    0x08000c7c   0x08000c7c   0x00000002   Code   RO          243    i.LEDPWM_IRQHandler  sc_it.o
    0x08000c7e   0x08000c7e   0x00000002   PAD
    0x08000c80   0x08000c80   0x00000010   Code   RO          246    i.PWM0_IRQHandler   sc_it.o
    0x08000c90   0x08000c90   0x00000004   Code   RO         1524    i.PWM_ClearFlag     sc32f1xxx_pwm.o
    0x08000c94   0x08000c94   0x0000001c   Code   RO         1525    i.PWM_Cmd           sc32f1xxx_pwm.o
    0x08000cb0   0x08000cb0   0x0000001c   Code   RO         1527    i.PWM_FDCmd         sc32f1xxx_pwm.o
    0x08000ccc   0x08000ccc   0x0000001a   Code   RO         1528    i.PWM_FDInit        sc32f1xxx_pwm.o
    0x08000ce6   0x08000ce6   0x0000001a   Code   RO         1535    i.PWM_ITConfig      sc32f1xxx_pwm.o
    0x08000d00   0x08000d00   0x00000028   Code   RO         1536    i.PWM_Init          sc32f1xxx_pwm.o
    0x08000d28   0x08000d28   0x00000026   Code   RO         1539    i.PWM_SetDuty       sc32f1xxx_pwm.o
    0x08000d4e   0x08000d4e   0x00000002   PAD
    0x08000d50   0x08000d50   0x00000020   Code   RO         1827    i.RCC_AHBPeriphClockCmd  sc32f1xxx_rcc.o
    0x08000d70   0x08000d70   0x00000028   Code   RO         1829    i.RCC_APB0Cmd       sc32f1xxx_rcc.o
    0x08000d98   0x08000d98   0x0000001c   Code   RO         1830    i.RCC_APB0Config    sc32f1xxx_rcc.o
    0x08000db4   0x08000db4   0x00000020   Code   RO         1831    i.RCC_APB0PeriphClockCmd  sc32f1xxx_rcc.o
    0x08000dd4   0x08000dd4   0x00000028   Code   RO         1833    i.RCC_APB1Cmd       sc32f1xxx_rcc.o
    0x08000dfc   0x08000dfc   0x0000001c   Code   RO         1834    i.RCC_APB1Config    sc32f1xxx_rcc.o
    0x08000e18   0x08000e18   0x00000020   Code   RO         1835    i.RCC_APB1PeriphClockCmd  sc32f1xxx_rcc.o
    0x08000e38   0x08000e38   0x00000028   Code   RO         1837    i.RCC_APB2Cmd       sc32f1xxx_rcc.o
    0x08000e60   0x08000e60   0x0000001c   Code   RO         1838    i.RCC_APB2Config    sc32f1xxx_rcc.o
    0x08000e7c   0x08000e7c   0x0000001c   Code   RO         1846    i.RCC_HCLKConfig    sc32f1xxx_rcc.o
    0x08000e98   0x08000e98   0x00000030   Code   RO         1847    i.RCC_HIRCCmd       sc32f1xxx_rcc.o
    0x08000ec8   0x08000ec8   0x00000030   Code   RO         1848    i.RCC_HXTCmd        sc32f1xxx_rcc.o
    0x08000ef8   0x08000ef8   0x00000002   Code   RO          249    i.RCC_IRQHandler    sc_it.o
    0x08000efa   0x08000efa   0x00000002   PAD
    0x08000efc   0x08000efc   0x00000034   Code   RO         1849    i.RCC_ITConfig      sc32f1xxx_rcc.o
    0x08000f30   0x08000f30   0x00000030   Code   RO         1851    i.RCC_LIRCCmd       sc32f1xxx_rcc.o
    0x08000f60   0x08000f60   0x00000030   Code   RO         1852    i.RCC_LXTCmd        sc32f1xxx_rcc.o
    0x08000f90   0x08000f90   0x000000d8   Code   RO         1857    i.RCC_SYSCLKConfig  sc32f1xxx_rcc.o
    0x08001068   0x08001068   0x00000048   Code   RO         1858    i.RCC_SystickCLKConfig  sc32f1xxx_rcc.o
    0x080010b0   0x080010b0   0x00000024   Code   RO         1859    i.RCC_SystickCmd    sc32f1xxx_rcc.o
    0x080010d4   0x080010d4   0x0000001c   Code   RO         1861    i.RCC_SystickSetCounter  sc32f1xxx_rcc.o
    0x080010f0   0x080010f0   0x00000018   Code   RO         1862    i.RCC_Unlock        sc32f1xxx_rcc.o
    0x08001108   0x08001108   0x00000058   Code   RO          511    i.SC_ADC_Init       sc_init.o
    0x08001160   0x08001160   0x00000074   Code   RO          516    i.SC_DMA0_Init      sc_init.o
    0x080011d4   0x080011d4   0x00000070   Code   RO          517    i.SC_DMA1_Init      sc_init.o
    0x08001244   0x08001244   0x0000019c   Code   RO          521    i.SC_GPIO_Init      sc_init.o
    0x080013e0   0x080013e0   0x0000003c   Code   RO          524    i.SC_Init           sc_init.o
    0x0800141c   0x0800141c   0x00000024   Code   RO          533    i.SC_OPTION_Init    sc_init.o
    0x08001440   0x08001440   0x000000c0   Code   RO          536    i.SC_PWM0_Init      sc_init.o
    0x08001500   0x08001500   0x0000005c   Code   RO          540    i.SC_RCC_Init       sc_init.o
    0x0800155c   0x0800155c   0x00000026   Code   RO          544    i.SC_SYSTICK_Init   sc_init.o
    0x08001582   0x08001582   0x00000002   PAD
    0x08001584   0x08001584   0x00000098   Code   RO          546    i.SC_TIM1_Init      sc_init.o
    0x0800161c   0x0800161c   0x00000094   Code   RO          547    i.SC_TIM2_Init      sc_init.o
    0x080016b0   0x080016b0   0x00000090   Code   RO          548    i.SC_TIM3_Init      sc_init.o
    0x08001740   0x08001740   0x000000a4   Code   RO          553    i.SC_TWI0_Init      sc_init.o
    0x080017e4   0x080017e4   0x000000bc   Code   RO          557    i.SC_UART1_Init     sc_init.o
    0x080018a0   0x080018a0   0x000000a8   Code   RO          558    i.SC_UART2_Init     sc_init.o
    0x08001948   0x08001948   0x00000002   Code   RO          250    i.SPI0_IRQHandler   sc_it.o
    0x0800194a   0x0800194a   0x00000002   Code   RO          252    i.SPI1_IRQHandler   sc_it.o
    0x0800194c   0x0800194c   0x00000002   Code   RO          254    i.SysTick_IRQHandler  sc_it.o
    0x0800194e   0x0800194e   0x00000002   PAD
    0x08001950   0x08001950   0x00000010   Code   RO          208    i.SystemInit        system_sc32f1xxx.o
    0x08001960   0x08001960   0x00000044   Code   RO          950    i.TIM3_IRQHandler   uart_communication_dma.o
    0x080019a4   0x080019a4   0x00000002   Code   RO          255    i.TIMER0_IRQHandler  sc_it.o
    0x080019a6   0x080019a6   0x00000002   PAD
    0x080019a8   0x080019a8   0x00000010   Code   RO          256    i.TIMER1_IRQHandler  sc_it.o
    0x080019b8   0x080019b8   0x00000010   Code   RO          257    i.TIMER2_IRQHandler  sc_it.o
    0x080019c8   0x080019c8   0x00000014   Code   RO          258    i.TIMER3_IRQHandler  sc_it.o
    0x080019dc   0x080019dc   0x00000002   Code   RO          259    i.TIMER4_5_IRQHandler  sc_it.o
    0x080019de   0x080019de   0x00000002   Code   RO          260    i.TIMER6_7_IRQHandler  sc_it.o
    0x080019e0   0x080019e0   0x00000004   Code   RO         1268    i.TIM_ClearFlag     sc32f1xxx_tim.o
    0x080019e4   0x080019e4   0x0000001c   Code   RO         1270    i.TIM_Cmd           sc32f1xxx_tim.o
    0x08001a00   0x08001a00   0x0000001a   Code   RO         1271    i.TIM_DMACmd        sc32f1xxx_tim.o
    0x08001a1a   0x08001a1a   0x00000014   Code   RO         1276    i.TIM_GetFlagStatus  sc32f1xxx_tim.o
    0x08001a2e   0x08001a2e   0x00000002   PAD
    0x08001a30   0x08001a30   0x0000001c   Code   RO         1279    i.TIM_ICCmd         sc32f1xxx_tim.o
    0x08001a4c   0x08001a4c   0x00000048   Code   RO         1280    i.TIM_ICInit        sc32f1xxx_tim.o
    0x08001a94   0x08001a94   0x0000001a   Code   RO         1282    i.TIM_ITConfig      sc32f1xxx_tim.o
    0x08001aae   0x08001aae   0x00000002   PAD
    0x08001ab0   0x08001ab0   0x00000064   Code   RO         1284    i.TIM_PWMInit       sc32f1xxx_tim.o
    0x08001b14   0x08001b14   0x0000002c   Code   RO         1285    i.TIM_PWMSetDuty    sc32f1xxx_tim.o
    0x08001b40   0x08001b40   0x00000004   Code   RO         1289    i.TIM_SetCounter    sc32f1xxx_tim.o
    0x08001b44   0x08001b44   0x00000028   Code   RO         1291    i.TIM_TIMBaseInit   sc32f1xxx_tim.o
    0x08001b6c   0x08001b6c   0x0000006c   Code   RO         2415    i.TKSlideModuleCHIs  sc32f10xx_HighSensitive_lib_T1Slider_V0.3.lib(sc32f10xx_tk_functionresource.o)
    0x08001bd8   0x08001bd8   0x00000354   Code   RO         2416    i.TKSlideModuleSensorRenovate  sc32f10xx_HighSensitive_lib_T1Slider_V0.3.lib(sc32f10xx_tk_functionresource.o)
    0x08001f2c   0x08001f2c   0x000001a4   Code   RO         2417    i.TK_BaseLineUpdataSW  sc32f10xx_HighSensitive_lib_T1Slider_V0.3.lib(sc32f10xx_tk_functionresource.o)
    0x080020d0   0x080020d0   0x0000007c   Code   RO         2418    i.TK_FilterAvergeDeal  sc32f10xx_HighSensitive_lib_T1Slider_V0.3.lib(sc32f10xx_tk_functionresource.o)
    0x0800214c   0x0800214c   0x00000054   Code   RO         2419    i.TK_FilterCommCode  sc32f10xx_HighSensitive_lib_T1Slider_V0.3.lib(sc32f10xx_tk_functionresource.o)
    0x080021a0   0x080021a0   0x000000c0   Code   RO         2420    i.TK_FilterDataDeal  sc32f10xx_HighSensitive_lib_T1Slider_V0.3.lib(sc32f10xx_tk_functionresource.o)
    0x08002260   0x08002260   0x0000002c   Code   RO         2421    i.TK_FilterIIRInit  sc32f10xx_HighSensitive_lib_T1Slider_V0.3.lib(sc32f10xx_tk_functionresource.o)
    0x0800228c   0x0800228c   0x0000000c   Code   RO         2186    i.TK_GetBaseLineAdjustValue  tkdriver.o
    0x08002298   0x08002298   0x0000000c   Code   RO         2187    i.TK_GetBaselineUpdateThreshold  tkdriver.o
    0x080022a4   0x080022a4   0x0000006c   Code   RO         2188    i.TK_GetCfgMsg      tkdriver.o
    0x08002310   0x08002310   0x00000004   Code   RO         2189    i.TK_GetCsFunction  tkdriver.o
    0x08002314   0x08002314   0x00000024   Code   RO         2190    i.TK_GetCurrFingerValue  tkdriver.o
    0x08002338   0x08002338   0x0000000c   Code   RO         2191    i.TK_GetInitAutoUpdateTime  tkdriver.o
    0x08002344   0x08002344   0x0000000c   Code   RO         2422    i.TK_GetIsNeedUpdateBaseline  sc32f10xx_HighSensitive_lib_T1Slider_V0.3.lib(sc32f10xx_tk_functionresource.o)
    0x08002350   0x08002350   0x00000014   Code   RO         2192    i.TK_GetScanTimeValue  tkdriver.o
    0x08002364   0x08002364   0x00000014   Code   RO         2193    i.TK_GetTKYzCnt     tkdriver.o
    0x08002378   0x08002378   0x0000001a   Code   RO         2194    i.TK_GetTKYzThreshold  tkdriver.o
    0x08002392   0x08002392   0x00000002   PAD
    0x08002394   0x08002394   0x0000000c   Code   RO         2195    i.TK_GetUpConfirmCnt  tkdriver.o
    0x080023a0   0x080023a0   0x00000008   Code   RO         2196    i.TK_IRQHandler     tkdriver.o
    0x080023a8   0x080023a8   0x00000174   Code   RO         2423    i.TK_Init           sc32f10xx_HighSensitive_lib_T1Slider_V0.3.lib(sc32f10xx_tk_functionresource.o)
    0x0800251c   0x0800251c   0x0000002c   Code   RO         2424    i.TK_InitializeBaselines  sc32f10xx_HighSensitive_lib_T1Slider_V0.3.lib(sc32f10xx_tk_functionresource.o)
    0x08002548   0x08002548   0x00000068   Code   RO         2425    i.TK_InitializeSensorFlag  sc32f10xx_HighSensitive_lib_T1Slider_V0.3.lib(sc32f10xx_tk_functionresource.o)
    0x080025b0   0x080025b0   0x0000000c   Code   RO         2197    i.TK_IsDoubleKeyOrSlideKey  tkdriver.o
    0x080025bc   0x080025bc   0x00000158   Code   RO         2426    i.TK_MultipleDeal   sc32f10xx_HighSensitive_lib_T1Slider_V0.3.lib(sc32f10xx_tk_functionresource.o)
    0x08002714   0x08002714   0x00000014   Code   RO         2427    i.TK_Restart        sc32f10xx_HighSensitive_lib_T1Slider_V0.3.lib(sc32f10xx_tk_functionresource.o)
    0x08002728   0x08002728   0x00000070   Code   RO         2428    i.TK_SensorKeyFlag  sc32f10xx_HighSensitive_lib_T1Slider_V0.3.lib(sc32f10xx_tk_functionresource.o)
    0x08002798   0x08002798   0x00000424   Code   RO         2429    i.TK_SensorRenovate  sc32f10xx_HighSensitive_lib_T1Slider_V0.3.lib(sc32f10xx_tk_functionresource.o)
    0x08002bbc   0x08002bbc   0x0000000c   Code   RO         2430    i.TK_SetNeedUpdateBaseline  sc32f10xx_HighSensitive_lib_T1Slider_V0.3.lib(sc32f10xx_tk_functionresource.o)
    0x08002bc8   0x08002bc8   0x0000000c   Code   RO         2198    i.TK_SetOneKeyPushResetTime  tkdriver.o
    0x08002bd4   0x08002bd4   0x0000008c   Code   RO         2431    i.TK_SingleChannel_ICHAAdjust  sc32f10xx_HighSensitive_lib_T1Slider_V0.3.lib(sc32f10xx_tk_functionresource.o)
    0x08002c60   0x08002c60   0x0000009c   Code   RO         2199    i.TK_SingleCurrentSensorChoose  tkdriver.o
    0x08002cfc   0x08002cfc   0x00000084   Code   RO         2200    i.TK_TouchKeyCFGInit  tkdriver.o
    0x08002d80   0x08002d80   0x00000198   Code   RO         2201    i.TK_TouchKeyScan   tkdriver.o
    0x08002f18   0x08002f18   0x00000148   Code   RO         2432    i.TK_TouchKey_Service  sc32f10xx_HighSensitive_lib_T1Slider_V0.3.lib(sc32f10xx_tk_functionresource.o)
    0x08003060   0x08003060   0x00000002   Code   RO          261    i.TWI0_IRQHandler   sc_it.o
    0x08003062   0x08003062   0x00000002   Code   RO          262    i.TWI1_IRQHandler   sc_it.o
    0x08003064   0x08003064   0x0000001c   Code   RO         1648    i.TWI_Cmd           sc32f1xxx_twi.o
    0x08003080   0x08003080   0x0000001a   Code   RO         1649    i.TWI_DMACmd        sc32f1xxx_twi.o
    0x0800309a   0x0800309a   0x0000001a   Code   RO         1657    i.TWI_ITConfig      sc32f1xxx_twi.o
    0x080030b4   0x080030b4   0x00000034   Code   RO         1658    i.TWI_Init          sc32f1xxx_twi.o
    0x080030e8   0x080030e8   0x00000028   Code   RO         1659    i.TWI_PinRemapConfig  sc32f1xxx_twi.o
    0x08003110   0x08003110   0x00000014   Code   RO          264    i.UART0_2_IRQHandler  sc_it.o
    0x08003124   0x08003124   0x00000014   Code   RO          266    i.UART1_3_IRQHandler  sc_it.o
    0x08003138   0x08003138   0x00000028   Code   RO          951    i.UART1_IRQHandler_DMA  uart_communication_dma.o
    0x08003160   0x08003160   0x00000118   Code   RO          989    i.UART2_Handler     uart_communication.o
    0x08003278   0x08003278   0x00000004   Code   RO         1174    i.UART_ClearFlag    sc32f1xxx_uart.o
    0x0800327c   0x0800327c   0x00000084   Code   RO          952    i.UART_Communication_DMA  uart_communication_dma.o
    0x08003300   0x08003300   0x0000001a   Code   RO         1175    i.UART_DMACmd       sc32f1xxx_uart.o
    0x0800331a   0x0800331a   0x00000014   Code   RO         1177    i.UART_GetFlagStatus  sc32f1xxx_uart.o
    0x0800332e   0x0800332e   0x0000001a   Code   RO         1178    i.UART_ITConfig     sc32f1xxx_uart.o
    0x08003348   0x08003348   0x0000004c   Code   RO         1179    i.UART_Init         sc32f1xxx_uart.o
    0x08003394   0x08003394   0x00000024   Code   RO         1180    i.UART_PinRemapConfig  sc32f1xxx_uart.o
    0x080033b8   0x080033b8   0x0000001c   Code   RO         1181    i.UART_RXCmd        sc32f1xxx_uart.o
    0x080033d4   0x080033d4   0x0000000a   Code   RO         1182    i.UART_ReceiveData  sc32f1xxx_uart.o
    0x080033de   0x080033de   0x00000008   Code   RO         1183    i.UART_SendData     sc32f1xxx_uart.o
    0x080033e6   0x080033e6   0x00000002   PAD
    0x080033e8   0x080033e8   0x0000001c   Code   RO         1184    i.UART_TXCmd        sc32f1xxx_uart.o
    0x08003404   0x08003404   0x00000084   Code   RO            6    i.UpdateDisplay     main.o
    0x08003488   0x08003488   0x00000010   Code   RO         2433    i.Usdelay           sc32f10xx_HighSensitive_lib_T1Slider_V0.3.lib(sc32f10xx_tk_functionresource.o)
    0x08003498   0x08003498   0x0000002e   Code   RO         2660    i.__ARM_clz         mf_p.l(depilogue.o)
    0x080034c6   0x080034c6   0x0000001c   Code   RO           52    i.__ARM_common_switch8  main.o
    0x080034e2   0x080034e2   0x00000002   PAD
    0x080034e4   0x080034e4   0x00000018   Code   RO          564    i.__NVIC_EnableIRQ  sc_init.o
    0x080034fc   0x080034fc   0x00000078   Code   RO          565    i.__NVIC_SetPriority  sc_init.o
    0x08003574   0x08003574   0x0000000e   Code   RO         2666    i.__scatterload_copy  mc_p.l(handlers.o)
    0x08003582   0x08003582   0x00000002   Code   RO         2667    i.__scatterload_null  mc_p.l(handlers.o)
    0x08003584   0x08003584   0x0000000e   Code   RO         2668    i.__scatterload_zeroinit  mc_p.l(handlers.o)
    0x08003592   0x08003592   0x00000002   PAD
    0x08003594   0x08003594   0x00000114   Code   RO            8    i.main              main.o
    0x080036a8   0x080036a8   0x00000094   Data   RO         2203    .constdata          tkdriver.o
    0x0800373c   0x0800373c   0x00000020   Data   RO         2664    Region$$Table       anon$$obj.o


    Execution Region RW_IRAM1 (Exec base: 0x20000000, Load base: 0x0800375c, Size: 0x00000750, Max: 0x00002000, ABSOLUTE)

    Exec Addr    Load Addr    Size         Type   Attr      Idx    E Section Name        Object

    0x20000000   0x0800375c   0x00000014   Data   RW            9    .data               main.o
    0x20000014   0x08003770   0x00000004   Data   RW          954    .data               uart_communication_dma.o
    0x20000018   0x08003774   0x00000002   Data   RW          992    .data               uart_communication.o
    0x2000001a   0x08003776   0x00000081   Data   RW         2204    .data               tkdriver.o
    0x2000009b   0x080037f7   0x00000001   PAD
    0x2000009c   0x080037f8   0x00000019   Data   RW         2434    .data               sc32f10xx_HighSensitive_lib_T1Slider_V0.3.lib(sc32f10xx_tk_functionresource.o)
    0x200000b5   0x08003811   0x00000003   PAD
    0x200000b8        -       0x00000190   Zero   RW          953    .bss                uart_communication_dma.o
    0x20000248        -       0x000000c8   Zero   RW          991    .bss                uart_communication.o
    0x20000310        -       0x00000040   Zero   RW         2202    .bss                tkdriver.o
    0x20000350        -       0x00000400   Zero   RW         2135    STACK               startup_sc32f10xx.o


==============================================================================

Image component sizes


      Code (inc. data)   RO Data    RW Data    ZI Data      Debug   Object Name

        20          4          0          0          0        487   buzzer.o
         8          0          0          0          0        441   compctrldefine.o
       556         82          0         20          0      87657   main.o
       130          4          0          0          0       3650   sc32f1xxx_adc.o
       162          4          0          0          0       5313   sc32f1xxx_dma.o
       224          0          0          0          0       2886   sc32f1xxx_gpio.o
       190          8          0          0          0       4319   sc32f1xxx_pwm.o
       948        110          0          0          0      10877   sc32f1xxx_rcc.o
       392         28          0          0          0       6757   sc32f1xxx_tim.o
       172         12          0          0          0       3274   sc32f1xxx_twi.o
       262         16          0          0          0       6115   sc32f1xxx_uart.o
      2254        136          0          0          0      19297   sc_init.o
       192         36          0          0          0      11058   sc_it.o
       104         46        192          0       1024        780   startup_sc32f10xx.o
        16          6          0          0          0        413   system_sc32f1xxx.o
       990        152        148        129         64      13778   tkdriver.o
       280         30          0          2        200       1408   uart_communication.o
       240         50          0          4        400       2254   uart_communication_dma.o

    ----------------------------------------------------------------------
      7166        724        372        156       1688     180764   Object Totals
         0          0         32          0          0          0   (incl. Generated)
        26          0          0          1          0          0   (incl. Padding)

    ----------------------------------------------------------------------

      Code (inc. data)   RO Data    RW Data    ZI Data      Debug   Library Member Name

         0          0          0          0          0          0   entry.o
         0          0          0          0          0          0   entry10a.o
         0          0          0          0          0          0   entry11a.o
         4          0          0          0          0          0   entry12b.o
         8          4          0          0          0          0   entry2.o
         4          0          0          0          0          0   entry5.o
         0          0          0          0          0          0   entry7b.o
         0          0          0          0          0          0   entry8b.o
         8          4          0          0          0          0   entry9a.o
        30          0          0          0          0          0   handlers.o
        40          0          0          0          0         72   idiv.o
        36          8          0          0          0         68   init.o
         0          0          0          0          0          0   iusefp.o
        32          0          0          0          0         68   llshl.o
        38          0          0          0          0         68   llsshr.o
        34          0          0          0          0         68   llushr.o
        36          0          0          0          0         60   memcpya.o
        44          0          0          0          0         72   uidiv.o
        20          0          0          0          0         68   cfcmple.o
        20          0          0          0          0         68   cfrcmple.o
        56          0          0          0          0         68   d2f.o
       360          6          0          0          0        140   dadd.o
       240          6          0          0          0         84   ddiv.o
       236          0          0          0          0        216   depilogue.o
        40          6          0          0          0         68   dflti.o
        28          4          0          0          0         68   dfltui.o
       208          6          0          0          0         88   dmul.o
        40          0          0          0          0         60   f2d.o
       178          0          0          0          0        108   fadd.o
       124          0          0          0          0         72   fdiv.o
       130          0          0          0          0        144   fepilogue.o
        50          0          0          0          0         60   ffixi.o
        40          0          0          0          0         60   ffixui.o
        22          0          0          0          0         68   fflti.o
        14          0          0          0          0         68   ffltui.o
       122          0          0          0          0         72   fmul.o
      4388        376          0         25          0      87105   sc32f10xx_tk_functionresource.o

    ----------------------------------------------------------------------
      6634        420          0         28          0      89161   Library Totals
         4          0          0          3          0          0   (incl. Padding)

    ----------------------------------------------------------------------

      Code (inc. data)   RO Data    RW Data    ZI Data      Debug   Library Name

       314         16          0          0          0        476   mc_p.l
      1928         28          0          0          0       1580   mf_p.l
      4388        376          0         25          0      87105   sc32f10xx_HighSensitive_lib_T1Slider_V0.3.lib

    ----------------------------------------------------------------------
      6634        420          0         28          0      89161   Library Totals

    ----------------------------------------------------------------------

==============================================================================


      Code (inc. data)   RO Data    RW Data    ZI Data      Debug   

     13800       1144        372        184       1688     262009   Grand Totals
     13800       1144        372        184       1688     262009   ELF Image Totals
     13800       1144        372        184          0          0   ROM Totals

==============================================================================

    Total RO  Size (Code + RO Data)                14172 (  13.84kB)
    Total RW  Size (RW Data + ZI Data)              1872 (   1.83kB)
    Total ROM Size (Code + RO Data + RW Data)      14356 (  14.02kB)

==============================================================================

