Component: ARM Compiler 5.06 update 7 (build 960) Tool: armlink [4d3601]

==============================================================================

Section Cross References

    main.o(i.DataProcessing) refers to main.o(.data) for TK_exKeyValueFlag
    main.o(i.Delay_ms) refers to main.o(i.Delay_us) for Delay_us
    main.o(i.Delay_us) refers to sc32f1xxx_tim.o(i.TIM_Cmd) for TIM_Cmd
    main.o(i.UpdateDisplay) refers to sc32f1xxx_gpio.o(i.GPIO_TogglePins) for GPIO_TogglePins
    main.o(i.UpdateDisplay) refers to sc32f1xxx_gpio.o(i.GPIO_SetBits) for GPIO_SetBits
    main.o(i.UpdateDisplay) refers to main.o(i.Delay_ms) for Delay_ms
    main.o(i.UpdateDisplay) refers to main.o(.data) for exKeyValue
    main.o(i.fputc) refers to sc32f1xxx_uart.o(i.UART_SendData) for UART_SendData
    main.o(i.fputc) refers to sc32f1xxx_uart.o(i.UART_GetFlagStatus) for UART_GetFlagStatus
    main.o(i.main) refers to compctrldefine.o(i.IcResourceInit) for IcResourceInit
    main.o(i.main) refers to sc32f1xxx_tim.o(i.TIM_Cmd) for TIM_Cmd
    main.o(i.main) refers to buzzer.o(i.Buzzer_SetVolume) for Buzzer_SetVolume
    main.o(i.main) refers to sc32f10xx_tk_functionresource.o(i.TK_Init) for TK_Init
    main.o(i.main) refers to mqtt.o(i.WIFI_Init) for WIFI_Init
    main.o(i.main) refers to mqtt.o(i.Get_Init_Flag) for Get_Init_Flag
    main.o(i.main) refers to mqtt.o(i.Get_Weather) for Get_Weather
    main.o(i.main) refers to main.o(i.__ARM_common_switch8) for __ARM_common_switch8
    main.o(i.main) refers to sc32f1xxx_gpio.o(i.GPIO_ResetBits) for GPIO_ResetBits
    main.o(i.main) refers to tkdriver.o(i.TK_TouchKeyScan) for TK_TouchKeyScan
    main.o(i.main) refers to main.o(i.DataProcessing) for DataProcessing
    main.o(i.main) refers to main.o(i.UpdateDisplay) for UpdateDisplay
    main.o(i.main) refers to sc32f10xx_tk_functionresource.o(i.TK_Restart) for TK_Restart
    main.o(i.main) refers to uidiv.o(.text) for __aeabi_uidivmod
    main.o(i.main) refers to sc32f1xxx_gpio.o(i.GPIO_TogglePins) for GPIO_TogglePins
    main.o(i.main) refers to main.o(.data) for Task_state
    main.o(i.main) refers to tkdriver.o(.data) for TK_TouchKeyStatus
    sc_it.o(i.ADC_IRQHandler) refers to sc32f1xxx_adc.o(i.ADC_ClearFlag) for ADC_ClearFlag
    sc_it.o(i.DMA0_IRQHandler) refers to tim_ti_dma.o(i.TIM_TI_DMA_DMA0Handler) for TIM_TI_DMA_DMA0Handler
    sc_it.o(i.DMA0_IRQHandler) refers to sc32f1xxx_dma.o(i.DMA_ClearFlag) for DMA_ClearFlag
    sc_it.o(i.DMA1_IRQHandler) refers to sc32f1xxx_dma.o(i.DMA_ClearFlag) for DMA_ClearFlag
    sc_it.o(i.PWM0_IRQHandler) refers to sc32f1xxx_pwm.o(i.PWM_ClearFlag) for PWM_ClearFlag
    sc_it.o(i.TIMER1_IRQHandler) refers to sc32f1xxx_tim.o(i.TIM_ClearFlag) for TIM_ClearFlag
    sc_it.o(i.TIMER2_IRQHandler) refers to sc32f1xxx_tim.o(i.TIM_ClearFlag) for TIM_ClearFlag
    sc_it.o(i.TIMER3_IRQHandler) refers to uart_communication_dma.o(i.TIM3_IRQHandler) for TIM3_IRQHandler
    sc_it.o(i.TIMER3_IRQHandler) refers to sc32f1xxx_tim.o(i.TIM_ClearFlag) for TIM_ClearFlag
    sc_it.o(i.UART0_2_IRQHandler) refers to uart_communication.o(i.UART2_Handler) for UART2_Handler
    sc_it.o(i.UART0_2_IRQHandler) refers to sc32f1xxx_uart.o(i.UART_ClearFlag) for UART_ClearFlag
    sc_it.o(i.UART1_3_IRQHandler) refers to mqtt.o(i.UART1_Handler) for UART1_Handler
    sc_it.o(i.UART1_3_IRQHandler) refers to sc32f1xxx_uart.o(i.UART_ClearFlag) for UART_ClearFlag
    sc_init.o(i.SC_ADC_Init) refers to sc32f1xxx_adc.o(i.ADC_Init) for ADC_Init
    sc_init.o(i.SC_ADC_Init) refers to sc32f1xxx_adc.o(i.ADC_SetChannel) for ADC_SetChannel
    sc_init.o(i.SC_ADC_Init) refers to sc32f1xxx_adc.o(i.ADC_ITConfig) for ADC_ITConfig
    sc_init.o(i.SC_ADC_Init) refers to sc32f1xxx_adc.o(i.ADC_DMACmd) for ADC_DMACmd
    sc_init.o(i.SC_ADC_Init) refers to sc_init.o(i.__NVIC_SetPriority) for __NVIC_SetPriority
    sc_init.o(i.SC_ADC_Init) refers to sc_init.o(i.__NVIC_EnableIRQ) for __NVIC_EnableIRQ
    sc_init.o(i.SC_ADC_Init) refers to sc32f1xxx_adc.o(i.ADC_Cmd) for ADC_Cmd
    sc_init.o(i.SC_DMA0_Init) refers to sc32f1xxx_rcc.o(i.RCC_AHBPeriphClockCmd) for RCC_AHBPeriphClockCmd
    sc_init.o(i.SC_DMA0_Init) refers to sc32f1xxx_dma.o(i.DMA_Init) for DMA_Init
    sc_init.o(i.SC_DMA0_Init) refers to sc32f1xxx_dma.o(i.DMA_ITConfig) for DMA_ITConfig
    sc_init.o(i.SC_DMA0_Init) refers to sc32f1xxx_dma.o(i.DMA_DMACmd) for DMA_DMACmd
    sc_init.o(i.SC_DMA0_Init) refers to sc32f1xxx_dma.o(i.DMA_Cmd) for DMA_Cmd
    sc_init.o(i.SC_DMA0_Init) refers to uart_communication_dma.o(.bss) for UART_Communication_DMA_Data
    sc_init.o(i.SC_DMA1_Init) refers to sc32f1xxx_rcc.o(i.RCC_AHBPeriphClockCmd) for RCC_AHBPeriphClockCmd
    sc_init.o(i.SC_DMA1_Init) refers to sc32f1xxx_dma.o(i.DMA_Init) for DMA_Init
    sc_init.o(i.SC_DMA1_Init) refers to sc32f1xxx_dma.o(i.DMA_ITConfig) for DMA_ITConfig
    sc_init.o(i.SC_DMA1_Init) refers to sc32f1xxx_dma.o(i.DMA_DMACmd) for DMA_DMACmd
    sc_init.o(i.SC_DMA1_Init) refers to sc32f1xxx_dma.o(i.DMA_Cmd) for DMA_Cmd
[...]
    i.GPIO_SetBits                           0x08000dce   Section        0  sc32f1xxx_gpio.o(i.GPIO_SetBits)
    i.GPIO_TogglePins                        0x08000df0   Section        0  sc32f1xxx_gpio.o(i.GPIO_TogglePins)
    i.Get_Init_Flag                          0x08000e1c   Section        0  mqtt.o(i.Get_Init_Flag)
    i.Get_Ntp_Time                           0x08000e28   Section        0  mqtt.o(i.Get_Ntp_Time)
    i.Get_Weather                            0x08000e74   Section        0  mqtt.o(i.Get_Weather)
    i.INT0_IRQHandler                        0x08000ecc   Section        0  sc_it.o(i.INT0_IRQHandler)
    i.INT12_15_IRQHandler                    0x08000ece   Section        0  sc_it.o(i.INT12_15_IRQHandler)
    i.INT1_7_IRQHandler                      0x08000ed0   Section        0  sc_it.o(i.INT1_7_IRQHandler)
    i.INT8_11_IRQHandler                     0x08000ed2   Section        0  sc_it.o(i.INT8_11_IRQHandler)
    i.IcResourceInit                         0x08000ed4   Section        0  compctrldefine.o(i.IcResourceInit)
    i.LEDPWM_IRQHandler                      0x08000edc   Section        0  sc_it.o(i.LEDPWM_IRQHandler)
    i.Login_URL                              0x08000ee0   Section        0  mqtt.o(i.Login_URL)
    i.PWM0_IRQHandler                        0x08000f30   Section        0  sc_it.o(i.PWM0_IRQHandler)
    i.PWM_ClearFlag                          0x08000f40   Section        0  sc32f1xxx_pwm.o(i.PWM_ClearFlag)
    i.PWM_Cmd                                0x08000f44   Section        0  sc32f1xxx_pwm.o(i.PWM_Cmd)
    i.PWM_FDCmd                              0x08000f60   Section        0  sc32f1xxx_pwm.o(i.PWM_FDCmd)
    i.PWM_FDInit                             0x08000f7c   Section        0  sc32f1xxx_pwm.o(i.PWM_FDInit)
    i.PWM_ITConfig                           0x08000f96   Section        0  sc32f1xxx_pwm.o(i.PWM_ITConfig)
    i.PWM_Init                               0x08000fb0   Section        0  sc32f1xxx_pwm.o(i.PWM_Init)
    i.PWM_SetDuty                            0x08000fd8   Section        0  sc32f1xxx_pwm.o(i.PWM_SetDuty)
    i.RCC_AHBPeriphClockCmd                  0x08001000   Section        0  sc32f1xxx_rcc.o(i.RCC_AHBPeriphClockCmd)
    i.RCC_APB0Cmd                            0x08001020   Section        0  sc32f1xxx_rcc.o(i.RCC_APB0Cmd)
    i.RCC_APB0Config                         0x08001048   Section        0  sc32f1xxx_rcc.o(i.RCC_APB0Config)
    i.RCC_APB0PeriphClockCmd                 0x08001064   Section        0  sc32f1xxx_rcc.o(i.RCC_APB0PeriphClockCmd)
    i.RCC_APB1Cmd                            0x08001084   Section        0  sc32f1xxx_rcc.o(i.RCC_APB1Cmd)
    i.RCC_APB1Config                         0x080010ac   Section        0  sc32f1xxx_rcc.o(i.RCC_APB1Config)
    i.RCC_APB1PeriphClockCmd                 0x080010c8   Section        0  sc32f1xxx_rcc.o(i.RCC_APB1PeriphClockCmd)
    i.RCC_APB2Cmd                            0x080010e8   Section        0  sc32f1xxx_rcc.o(i.RCC_APB2Cmd)
    i.RCC_APB2Config                         0x08001110   Section        0  sc32f1xxx_rcc.o(i.RCC_APB2Config)
    i.RCC_HCLKConfig                         0x0800112c   Section        0  sc32f1xxx_rcc.o(i.RCC_HCLKConfig)
    i.RCC_HIRCCmd                            0x08001148   Section        0  sc32f1xxx_rcc.o(i.RCC_HIRCCmd)
    i.RCC_HXTCmd                             0x08001178   Section        0  sc32f1xxx_rcc.o(i.RCC_HXTCmd)
    i.RCC_IRQHandler                         0x080011a8   Section        0  sc_it.o(i.RCC_IRQHandler)
    i.RCC_ITConfig                           0x080011ac   Section        0  sc32f1xxx_rcc.o(i.RCC_ITConfig)
    i.RCC_LIRCCmd                            0x080011e0   Section        0  sc32f1xxx_rcc.o(i.RCC_LIRCCmd)
    i.RCC_LXTCmd                             0x08001210   Section        0  sc32f1xxx_rcc.o(i.RCC_LXTCmd)
    i.RCC_SYSCLKConfig                       0x08001240   Section        0  sc32f1xxx_rcc.o(i.RCC_SYSCLKConfig)
    i.RCC_SystickCLKConfig                   0x08001318   Section        0  sc32f1xxx_rcc.o(i.RCC_SystickCLKConfig)
    i.RCC_SystickCmd                         0x08001360   Section        0  sc32f1xxx_rcc.o(i.RCC_SystickCmd)
    i.RCC_SystickSetCounter                  0x08001384   Section        0  sc32f1xxx_rcc.o(i.RCC_SystickSetCounter)
    i.RCC_Unlock                             0x080013a0   Section        0  sc32f1xxx_rcc.o(i.RCC_Unlock)
    i.SC_ADC_Init                            0x080013b8   Section        0  sc_init.o(i.SC_ADC_Init)
    i.SC_DMA0_Init                           0x08001410   Section        0  sc_init.o(i.SC_DMA0_Init)
    i.SC_DMA1_Init                           0x08001484   Section        0  sc_init.o(i.SC_DMA1_Init)
    i.SC_GPIO_Init                           0x080014f4   Section        0  sc_init.o(i.SC_GPIO_Init)
    i.SC_Init                                0x08001690   Section        0  sc_init.o(i.SC_Init)
    i.SC_OPTION_Init                         0x080016cc   Section        0  sc_init.o(i.SC_OPTION_Init)
    i.SC_PWM0_Init                           0x080016f0   Section        0  sc_init.o(i.SC_PWM0_Init)
    i.SC_RCC_Init                            0x080017b0   Section        0  sc_init.o(i.SC_RCC_Init)
    i.SC_SYSTICK_Init                        0x0800180c   Section        0  sc_init.o(i.SC_SYSTICK_Init)
    i.SC_TIM1_Init                           0x08001834   Section        0  sc_init.o(i.SC_TIM1_Init)
    i.SC_TIM2_Init                           0x080018cc   Section        0  sc_init.o(i.SC_TIM2_Init)
    i.SC_TIM3_Init                           0x08001960   Section        0  sc_init.o(i.SC_TIM3_Init)
    i.SC_TWI0_Init                           0x080019f4   Section        0  sc_init.o(i.SC_TWI0_Init)
    i.SC_UART1_Init                          0x08001a98   Section        0  sc_init.o(i.SC_UART1_Init)
    i.SC_UART2_Init                          0x08001b54   Section        0  sc_init.o(i.SC_UART2_Init)
    i.SPI0_IRQHandler                        0x08001bfc   Section        0  sc_it.o(i.SPI0_IRQHandler)
    i.SPI1_IRQHandler                        0x08001bfe   Section        0  sc_it.o(i.SPI1_IRQHandler)
    i.Setting_Connect_Work                   0x08001c00   Section        0  mqtt.o(i.Setting_Connect_Work)
    i.SysTick_IRQHandler                     0x08001c58   Section        0  sc_it.o(i.SysTick_IRQHandler)
    i.SystemInit                             0x08001c5c   Section        0  system_sc32f1xxx.o(i.SystemInit)
    i.TIM3_IRQHandler                        0x08001c6c   Section        0  uart_communication_dma.o(i.TIM3_IRQHandler)
    i.TIMER0_IRQHandler                      0x08001ca8   Section        0  sc_it.o(i.TIMER0_IRQHandler)
    i.TIMER1_IRQHandler                      0x08001cac   Section        0  sc_it.o(i.TIMER1_IRQHandler)
    i.TIMER2_IRQHandler                      0x08001cbc   Section        0  sc_it.o(i.TIMER2_IRQHandler)
    i.TIMER3_IRQHandler                      0x08001ccc   Section        0  sc_it.o(i.TIMER3_IRQHandler)
    i.TIMER4_5_IRQHandler                    0x08001ce0   Section        0  sc_it.o(i.TIMER4_5_IRQHandler)
    i.TIMER6_7_IRQHandler                    0x08001ce2   Section        0  sc_it.o(i.TIMER6_7_IRQHandler)
    i.TIM_ClearFlag                          0x08001ce4   Section        0  sc32f1xxx_tim.o(i.TIM_ClearFlag)
    i.TIM_Cmd                                0x08001ce8   Section        0  sc32f1xxx_tim.o(i.TIM_Cmd)
    i.TIM_DMACmd                             0x08001d04   Section        0  sc32f1xxx_tim.o(i.TIM_DMACmd)
    i.TIM_GetFlagStatus                      0x08001d1e   Section        0  sc32f1xxx_tim.o(i.TIM_GetFlagStatus)
    i.TIM_ICCmd                              0x08001d34   Section        0  sc32f1xxx_tim.o(i.TIM_ICCmd)
    i.TIM_ICInit                             0x08001d50   Section        0  sc32f1xxx_tim.o(i.TIM_ICInit)
    i.TIM_ITConfig                           0x08001d98   Section        0  sc32f1xxx_tim.o(i.TIM_ITConfig)
    i.TIM_PWMInit                            0x08001db4   Section        0  sc32f1xxx_tim.o(i.TIM_PWMInit)
    i.TIM_PWMSetDuty                         0x08001e18   Section        0  sc32f1xxx_tim.o(i.TIM_PWMSetDuty)
    i.TIM_TIMBaseInit                        0x08001e44   Section        0  sc32f1xxx_tim.o(i.TIM_TIMBaseInit)
    i.TIM_TI_DMA_DMA0Handler                 0x08001e6c   Section        0  tim_ti_dma.o(i.TIM_TI_DMA_DMA0Handler)
    i.TKSlideModuleCHIs                      0x08001e94   Section        0  sc32f10xx_tk_functionresource.o(i.TKSlideModuleCHIs)
    i.TKSlideModuleSensorRenovate            0x08001f00   Section        0  sc32f10xx_tk_functionresource.o(i.TKSlideModuleSensorRenovate)
    i.TK_BaseLineUpdataSW                    0x08002254   Section        0  sc32f10xx_tk_functionresource.o(i.TK_BaseLineUpdataSW)
    i.TK_FilterAvergeDeal                    0x080023f8   Section        0  sc32f10xx_tk_functionresource.o(i.TK_FilterAvergeDeal)
    i.TK_FilterCommCode                      0x08002474   Section        0  sc32f10xx_tk_functionresource.o(i.TK_FilterCommCode)
    i.TK_FilterDataDeal                      0x080024c8   Section        0  sc32f10xx_tk_functionresource.o(i.TK_FilterDataDeal)
    i.TK_FilterIIRInit                       0x08002588   Section        0  sc32f10xx_tk_functionresource.o(i.TK_FilterIIRInit)
    i.TK_GetBaseLineAdjustValue              0x080025b4   Section        0  tkdriver.o(i.TK_GetBaseLineAdjustValue)
    i.TK_GetBaselineUpdateThreshold          0x080025c0   Section        0  tkdriver.o(i.TK_GetBaselineUpdateThreshold)
    i.TK_GetCfgMsg                           0x080025cc   Section        0  tkdriver.o(i.TK_GetCfgMsg)
    i.TK_GetCsFunction                       0x08002638   Section        0  tkdriver.o(i.TK_GetCsFunction)
    i.TK_GetCurrFingerValue                  0x0800263c   Section        0  tkdriver.o(i.TK_GetCurrFingerValue)
    i.TK_GetInitAutoUpdateTime               0x08002660   Section        0  tkdriver.o(i.TK_GetInitAutoUpdateTime)
    i.TK_GetIsNeedUpdateBaseline             0x0800266c   Section        0  sc32f10xx_tk_functionresource.o(i.TK_GetIsNeedUpdateBaseline)
    i.TK_GetScanTimeValue                    0x08002678   Section        0  tkdriver.o(i.TK_GetScanTimeValue)
    i.TK_GetTKYzCnt                          0x0800268c   Section        0  tkdriver.o(i.TK_GetTKYzCnt)
    i.TK_GetTKYzThreshold                    0x080026a0   Section        0  tkdriver.o(i.TK_GetTKYzThreshold)
    i.TK_GetUpConfirmCnt                     0x080026bc   Section        0  tkdriver.o(i.TK_GetUpConfirmCnt)
    i.TK_IRQHandler                          0x080026c8   Section        0  tkdriver.o(i.TK_IRQHandler)
    i.TK_Init                                0x080026d0   Section        0  sc32f10xx_tk_functionresource.o(i.TK_Init)
    i.TK_InitializeBaselines                 0x08002844   Section        0  sc32f10xx_tk_functionresource.o(i.TK_InitializeBaselines)
    i.TK_InitializeSensorFlag                0x08002870   Section        0  sc32f10xx_tk_functionresource.o(i.TK_InitializeSensorFlag)
    i.TK_IsDoubleKeyOrSlideKey               0x080028d8   Section        0  tkdriver.o(i.TK_IsDoubleKeyOrSlideKey)
    i.TK_MultipleDeal                        0x080028e4   Section        0  sc32f10xx_tk_functionresource.o(i.TK_MultipleDeal)
    i.TK_Restart                             0x08002a3c   Section        0  sc32f10xx_tk_functionresource.o(i.TK_Restart)
    i.TK_SensorKeyFlag                       0x08002a50   Section        0  sc32f10xx_tk_functionresource.o(i.TK_SensorKeyFlag)
    i.TK_SensorRenovate                      0x08002ac0   Section        0  sc32f10xx_tk_functionresource.o(i.TK_SensorRenovate)
    i.TK_SetNeedUpdateBaseline               0x08002ee4   Section        0  sc32f10xx_tk_functionresource.o(i.TK_SetNeedUpdateBaseline)
    i.TK_SetOneKeyPushResetTime              0x08002ef0   Section        0  tkdriver.o(i.TK_SetOneKeyPushResetTime)
    i.TK_SingleChannel_ICHAAdjust            0x08002efc   Section        0  sc32f10xx_tk_functionresource.o(i.TK_SingleChannel_ICHAAdjust)
    i.TK_SingleCurrentSensorChoose           0x08002f88   Section        0  tkdriver.o(i.TK_SingleCurrentSensorChoose)
    i.TK_TouchKeyCFGInit                     0x08003024   Section        0  tkdriver.o(i.TK_TouchKeyCFGInit)
    i.TK_TouchKeyScan                        0x080030a8   Section        0  tkdriver.o(i.TK_TouchKeyScan)
    i.TK_TouchKey_Service                    0x08003240   Section        0  sc32f10xx_tk_functionresource.o(i.TK_TouchKey_Service)
    i.TWI0_IRQHandler                        0x08003388   Section        0  sc_it.o(i.TWI0_IRQHandler)
    i.TWI1_IRQHandler                        0x0800338a   Section        0  sc_it.o(i.TWI1_IRQHandler)
    i.TWI_Cmd                                0x0800338c   Section        0  sc32f1xxx_twi.o(i.TWI_Cmd)
    i.TWI_DMACmd                             0x080033a8   Section        0  sc32f1xxx_twi.o(i.TWI_DMACmd)
    i.TWI_ITConfig                           0x080033c2   Section        0  sc32f1xxx_twi.o(i.TWI_ITConfig)
    i.TWI_Init                               0x080033dc   Section        0  sc32f1xxx_twi.o(i.TWI_Init)
    i.TWI_PinRemapConfig                     0x08003410   Section        0  sc32f1xxx_twi.o(i.TWI_PinRemapConfig)
    i.UART0_2_IRQHandler                     0x08003438   Section        0  sc_it.o(i.UART0_2_IRQHandler)
    i.UART1_3_IRQHandler                     0x0800344c   Section        0  sc_it.o(i.UART1_3_IRQHandler)
    i.UART1_Handler                          0x08003460   Section        0  mqtt.o(i.UART1_Handler)
    i.UART2_Handler                          0x080034e8   Section        0  uart_communication.o(i.UART2_Handler)
    i.UART_ClearFlag                         0x08003600   Section        0  sc32f1xxx_uart.o(i.UART_ClearFlag)
    i.UART_DMACmd                            0x08003604   Section        0  sc32f1xxx_uart.o(i.UART_DMACmd)
    i.UART_DMA_Receive                       0x08003620   Section        0  uart_communication_dma.o(i.UART_DMA_Receive)
    i.UART_DMA_Send                          0x08003680   Section        0  uart_communication_dma.o(i.UART_DMA_Send)
    i.UART_GetFlagStatus                     0x080036c0   Section        0  sc32f1xxx_uart.o(i.UART_GetFlagStatus)
    i.UART_ITConfig                          0x080036d4   Section        0  sc32f1xxx_uart.o(i.UART_ITConfig)
    i.UART_Init                              0x080036f0   Section        0  sc32f1xxx_uart.o(i.UART_Init)
    i.UART_PinRemapConfig                    0x0800373c   Section        0  sc32f1xxx_uart.o(i.UART_PinRemapConfig)
    i.UART_RXCmd                             0x08003760   Section        0  sc32f1xxx_uart.o(i.UART_RXCmd)
    i.UART_ReceiveData                       0x0800377c   Section        0  sc32f1xxx_uart.o(i.UART_ReceiveData)
    i.UART_SendData                          0x08003786   Section        0  sc32f1xxx_uart.o(i.UART_SendData)
    i.UART_TXCmd                             0x08003790   Section        0  sc32f1xxx_uart.o(i.UART_TXCmd)
    i.USART_TxStr                            0x080037ac   Section        0  mqtt.o(i.USART_TxStr)
    i.USER_Connect                           0x08003804   Section        0  mqtt.o(i.USER_Connect)
    i.UpdateDisplay                          0x0800384c   Section        0  main.o(i.UpdateDisplay)
    i.Usdelay                                0x080038d0   Section        0  sc32f10xx_tk_functionresource.o(i.Usdelay)
    i.WIFI_Connect                           0x080038e0   Section        0  mqtt.o(i.WIFI_Connect)
    i.WIFI_Init                              0x08003954   Section        0  mqtt.o(i.WIFI_Init)
    i.WIFI_Rst                               0x080039c8   Section        0  mqtt.o(i.WIFI_Rst)
    i.__0printf$8                            0x08003a4c   Section        0  printf8.o(i.__0printf$8)
    i.__ARM_clz                              0x08003a6c   Section        0  depilogue.o(i.__ARM_clz)
    i.__ARM_common_switch8                   0x08003a9a   Section        0  main.o(i.__ARM_common_switch8)
    i.__NVIC_EnableIRQ                       0x08003ab8   Section        0  sc_init.o(i.__NVIC_EnableIRQ)
    __NVIC_EnableIRQ                         0x08003ab9   Thumb Code    18  sc_init.o(i.__NVIC_EnableIRQ)
    i.__NVIC_SetPriority                     0x08003ad0   Section        0  sc_init.o(i.__NVIC_SetPriority)
    __NVIC_SetPriority                       0x08003ad1   Thumb Code   110  sc_init.o(i.__NVIC_SetPriority)
    i.__scatterload_copy                     0x08003b48   Section       14  handlers.o(i.__scatterload_copy)
    i.__scatterload_null                     0x08003b56   Section        2  handlers.o(i.__scatterload_null)
    i.__scatterload_zeroinit                 0x08003b58   Section       14  handlers.o(i.__scatterload_zeroinit)
    i._printf_core                           0x08003b68   Section        0  printf8.o(i._printf_core)
    _printf_core                             0x08003b69   Thumb Code  1020  printf8.o(i._printf_core)
    i._printf_post_padding                   0x08003f90   Section        0  printf8.o(i._printf_post_padding)
    _printf_post_padding                     0x08003f91   Thumb Code    32  printf8.o(i._printf_post_padding)
    i._printf_pre_padding                    0x08003fb0   Section        0  printf8.o(i._printf_pre_padding)
    _printf_pre_padding                      0x08003fb1   Thumb Code    44  printf8.o(i._printf_pre_padding)
    i.fputc                                  0x08003fdc   Section        0  main.o(i.fputc)
    i.main                                   0x08004000   Section        0  main.o(i.main)
    i.wait_OK                                0x08004120   Section        0  mqtt.o(i.wait_OK)
    .constdata                               0x08004180   Section      148  tkdriver.o(.constdata)
    .constdata                               0x08004214   Section      900  mqtt.o(.constdata)
    .data                                    0x20000000   Section       24  main.o(.data)
    RxIndex                                  0x20000000   Data           1  main.o(.data)
    UART_RxComplete                          0x20000001   Data           1  main.o(.data)
    Flag_usart2_receive_OK                   0x20000002   Data           1  main.o(.data)
    Flag_weather_received                    0x20000003   Data           1  main.o(.data)
    Wifi_Init_OK                             0x20000004   Data           1  main.o(.data)
    .data                                    0x20000018   Section        6  uart_communication_dma.o(.data)
    UART_RxFlag                              0x20000018   Data           1  uart_communication_dma.o(.data)
    UART_TxFlag                              0x20000019   Data           1  uart_communication_dma.o(.data)
    UART_Communication_DMA_RxCount           0x2000001a   Data           2  uart_communication_dma.o(.data)
    .data                                    0x2000001e   Section        2  uart_communication.o(.data)
    RxIndex                                  0x2000001e   Data           1  uart_communication.o(.data)
    UART_RxComplete                          0x2000001f   Data           1  uart_communication.o(.data)
    .data                                    0x20000020   Section        1  tim_ti_dma.o(.data)
    TIM_DMA_Flag                             0x20000020   Data           1  tim_ti_dma.o(.data)
    .data                                    0x20000022   Section      129  tkdriver.o(.data)
    .data                                    0x200000a4   Section       32  mqtt.o(.data)
    RxIndex                                  0x200000a4   Data           1  mqtt.o(.data)
    UART_RxComplete                          0x200000a5   Data           1  mqtt.o(.data)
    Flag_usart2_receive_OK                   0x200000a6   Data           1  mqtt.o(.data)
    Flag_weather_received                    0x200000a7   Data           1  mqtt.o(.data)
    Wifi_Init_OK                             0x200000a8   Data           1  mqtt.o(.data)
    .data                                    0x200000c4   Section       25  sc32f10xx_tk_functionresource.o(.data)
    InitSensorCnt                            0x200000dc   Data           1  sc32f10xx_tk_functionresource.o(.data)
    .data                                    0x200000e0   Section        4  stdout.o(.data)
    .bss                                     0x200000e4   Section      400  uart_communication_dma.o(.bss)
    .bss                                     0x20000274   Section      200  uart_communication.o(.bss)
    UART_RxBuffer                            0x20000274   Data         100  uart_communication.o(.bss)
    UART_TxBuffer                            0x200002d8   Data         100  uart_communication.o(.bss)
    .bss                                     0x2000033c   Section       64  tkdriver.o(.bss)
    .bss                                     0x2000037c   Section      264  mqtt.o(.bss)
    UART_RxBuffer                            0x2000037c   Data         100  mqtt.o(.bss)
    UART_TxBuffer                            0x200003e0   Data         100  mqtt.o(.bss)
    STACK                                    0x20000488   Section     1024  startup_sc32f10xx.o(STACK)

    Global Symbols

    Symbol Name                              Value     Ov Type        Size  Object(Section)

    BuildAttributes$$THM_ISAv3M$S$PE$A:L22$X:L11$S22$IEEE1$IW$USESV6$~STKCKD$USESV7$~SHL$OTIME$ROPI$EBA8$MICROLIB$REQ8$PRES8$EABIv2 0x00000000   Number         0  anon$$obj.o ABSOLUTE
    __ARM_use_no_argv                        0x00000000   Number         0  main.o ABSOLUTE
    _printf_a                                0x00000000   Number         0  stubs.o ABSOLUTE
    _printf_c                                0x00000000   Number         0  stubs.o ABSOLUTE
    _printf_charcount                        0x00000000   Number         0  stubs.o ABSOLUTE
    _printf_d                                0x00000000   Number         0  stubs.o ABSOLUTE
    _printf_e                                0x00000000   Number         0  stubs.o ABSOLUTE
    _printf_f                                0x00000000   Number         0  stubs.o ABSOLUTE
    _printf_flags                            0x00000000   Number         0  stubs.o ABSOLUTE
    _printf_fp_dec                           0x00000000   Number         0  stubs.o ABSOLUTE
    _printf_fp_hex                           0x00000000   Number         0  stubs.o ABSOLUTE
    _printf_g                                0x00000000   Number         0  stubs.o ABSOLUTE
    _printf_i                                0x00000000   Number         0  stubs.o ABSOLUTE
    _printf_int_dec                          0x00000000   Number         0  stubs.o ABSOLUTE
    _printf_l                                0x00000000   Number         0  stubs.o ABSOLUTE
    _printf_lc                               0x00000000   Number         0  stubs.o ABSOLUTE
    _printf_ll                               0x00000000   Number         0  stubs.o ABSOLUTE
    _printf_lld                              0x00000000   Number         0  stubs.o ABSOLUTE
    _printf_lli                              0x00000000   Number         0  stubs.o ABSOLUTE
    _printf_llo                              0x00000000   Number         0  stubs.o ABSOLUTE
    _printf_llu                              0x00000000   Number         0  stubs.o ABSOLUTE
    _printf_llx                              0x00000000   Number         0  stubs.o ABSOLUTE
    _printf_longlong_dec                     0x00000000   Number         0  stubs.o ABSOLUTE
    _printf_longlong_hex                     0x00000000   Number         0  stubs.o ABSOLUTE
    _printf_longlong_oct                     0x00000000   Number         0  stubs.o ABSOLUTE
    _printf_ls                               0x00000000   Number         0  stubs.o ABSOLUTE
    _printf_mbtowc                           0x00000000   Number         0  stubs.o ABSOLUTE
    _printf_n                                0x00000000   Number         0  stubs.o ABSOLUTE
    _printf_o                                0x00000000   Number         0  stubs.o ABSOLUTE
    _printf_p                                0x00000000   Number         0  stubs.o ABSOLUTE
    _printf_percent                          0x00000000   Number         0  stubs.o ABSOLUTE
    _printf_pre_padding                      0x00000000   Number         0  stubs.o ABSOLUTE
    _printf_return_value                     0x00000000   Number         0  stubs.o ABSOLUTE
    _printf_s                                0x00000000   Number         0  stubs.o ABSOLUTE
    _printf_sizespec                         0x00000000   Number         0  stubs.o ABSOLUTE
    _printf_str                              0x00000000   Number         0  stubs.o ABSOLUTE
    _printf_truncate_signed                  0x00000000   Number         0  stubs.o ABSOLUTE
    _printf_truncate_unsigned                0x00000000   Number         0  stubs.o ABSOLUTE
    _printf_u                                0x00000000   Number         0  stubs.o ABSOLUTE
    _printf_wc                               0x00000000   Number         0  stubs.o ABSOLUTE
    _printf_wctomb                           0x00000000   Number         0  stubs.o ABSOLUTE
    _printf_widthprec                        0x00000000   Number         0  stubs.o ABSOLUTE
    _printf_x                                0x00000000   Number         0  stubs.o ABSOLUTE
    __arm_fini_                               - Undefined Weak Reference
    __cpp_initialize__aeabi_                  - Undefined Weak Reference
    __cxa_finalize                            - Undefined Weak Reference
    __decompress                              - Undefined Weak Reference
    _clock_init                               - Undefined Weak Reference
    _microlib_exit                            - Undefined Weak Reference
    _scanf_longlong                           - Undefined Weak Reference
    _scanf_real                               - Undefined Weak Reference
    __Vectors_Size                           0x000000c0   Number         0  startup_sc32f10xx.o ABSOLUTE
    __Vectors                                0x08000000   Data           4  startup_sc32f10xx.o(RESET)
    __Vectors_End                            0x080000c0   Data           0  startup_sc32f10xx.o(RESET)
    __main                                   0x080000c1   Thumb Code     0  entry.o(.ARM.Collect$$$$00000000)
    _main_stk                                0x080000c1   Thumb Code     0  entry2.o(.ARM.Collect$$$$00000001)
    _main_scatterload                        0x080000c5   Thumb Code     0  entry5.o(.ARM.Collect$$$$00000004)
    __main_after_scatterload                 0x080000c9   Thumb Code     0  entry5.o(.ARM.Collect$$$$00000004)
    _main_clock                              0x080000c9   Thumb Code     0  entry7b.o(.ARM.Collect$$$$00000008)
    _main_cpp_init                           0x080000c9   Thumb Code     0  entry8b.o(.ARM.Collect$$$$0000000A)
    _main_init                               0x080000c9   Thumb Code     0  entry9a.o(.ARM.Collect$$$$0000000B)
    __rt_lib_shutdown_fini                   0x080000d1   Thumb Code     0  entry12b.o(.ARM.Collect$$$$0000000E)
    __rt_final_cpp                           0x080000d5   Thumb Code     0  entry10a.o(.ARM.Collect$$$$0000000F)
    __rt_final_exit                          0x080000d5   Thumb Code     0  entry11a.o(.ARM.Collect$$$$00000011)
    Reset_Handler                            0x080000d9   Thumb Code    38  startup_sc32f10xx.o(.text)
    NMI_Handler                              0x080000ff   Thumb Code     2  startup_sc32f10xx.o(.text)
    HardFault_Handler                        0x08000101   Thumb Code     2  startup_sc32f10xx.o(.text)
    MemManage_Handler                        0x08000103   Thumb Code     2  startup_sc32f10xx.o(.text)
    BusFault_Handler                         0x08000105   Thumb Code     2  startup_sc32f10xx.o(.text)
    UsageFault_Handler                       0x08000107   Thumb Code     2  startup_sc32f10xx.o(.text)
    SVC_Handler                              0x08000109   Thumb Code     2  startup_sc32f10xx.o(.text)
    DebugMon_Handler                         0x0800010b   Thumb Code     2  startup_sc32f10xx.o(.text)
    PendSV_Handler                           0x0800010d   Thumb Code     2  startup_sc32f10xx.o(.text)
    __aeabi_uidiv                            0x08000141   Thumb Code     0  uidiv.o(.text)
    __aeabi_uidivmod                         0x08000141   Thumb Code    44  uidiv.o(.text)
    __aeabi_idiv                             0x0800016d   Thumb Code     0  idiv.o(.text)
    __aeabi_idivmod                          0x0800016d   Thumb Code    40  idiv.o(.text)
    __aeabi_memcpy                           0x08000195   Thumb Code    36  memcpya.o(.text)
    __aeabi_memcpy4                          0x08000195   Thumb Code     0  memcpya.o(.text)
    __aeabi_memcpy8                          0x08000195   Thumb Code     0  memcpya.o(.text)
    __aeabi_memset                           0x080001b9   Thumb Code    14  memseta.o(.text)
    __aeabi_memset4                          0x080001b9   Thumb Code     0  memseta.o(.text)
    __aeabi_memset8                          0x080001b9   Thumb Code     0  memseta.o(.text)
    __aeabi_memclr                           0x080001c7   Thumb Code     4  memseta.o(.text)
    __aeabi_memclr4                          0x080001c7   Thumb Code     0  memseta.o(.text)
    __aeabi_memclr8                          0x080001c7   Thumb Code     0  memseta.o(.text)
    _memset$wrapper                          0x080001cb   Thumb Code    18  memseta.o(.text)
    strcat                                   0x080001dd   Thumb Code    24  strcat.o(.text)
    strlen                                   0x080001f5   Thumb Code    14  strlen.o(.text)
    __aeabi_fadd                             0x08000203   Thumb Code   162  fadd.o(.text)
    __aeabi_fsub                             0x080002a5   Thumb Code     8  fadd.o(.text)
    __aeabi_frsub                            0x080002ad   Thumb Code     8  fadd.o(.text)
    __aeabi_fmul                             0x080002b5   Thumb Code   122  fmul.o(.text)
    __aeabi_fdiv                             0x0800032f   Thumb Code   124  fdiv.o(.text)
    __aeabi_dadd                             0x080003ad   Thumb Code   330  dadd.o(.text)
    __aeabi_dsub                             0x080004f7   Thumb Code    12  dadd.o(.text)
    __aeabi_drsub                            0x08000503   Thumb Code    12  dadd.o(.text)
    __aeabi_dmul                             0x08000515   Thumb Code   202  dmul.o(.text)
    __aeabi_ddiv                             0x080005e5   Thumb Code   234  ddiv.o(.text)
    __aeabi_i2f                              0x080006d5   Thumb Code    22  fflti.o(.text)
    __aeabi_ui2f                             0x080006eb   Thumb Code    14  ffltui.o(.text)
    __aeabi_i2d                              0x080006f9   Thumb Code    34  dflti.o(.text)
    __aeabi_ui2d                             0x08000721   Thumb Code    24  dfltui.o(.text)
    __aeabi_f2iz                             0x0800073d   Thumb Code    50  ffixi.o(.text)
    __aeabi_f2uiz                            0x0800076f   Thumb Code    40  ffixui.o(.text)
    __aeabi_f2d                              0x08000797   Thumb Code    40  f2d.o(.text)
    __aeabi_d2f                              0x080007bf   Thumb Code    56  d2f.o(.text)
    __aeabi_cfcmpeq                          0x080007f9   Thumb Code     0  cfcmple.o(.text)
    __aeabi_cfcmple                          0x080007f9   Thumb Code    20  cfcmple.o(.text)
    __aeabi_cfrcmple                         0x0800080d   Thumb Code    20  cfrcmple.o(.text)
    __aeabi_uldivmod                         0x08000821   Thumb Code    96  uldiv.o(.text)
    __aeabi_llsl                             0x08000881   Thumb Code    32  llshl.o(.text)
    _ll_shift_l                              0x08000881   Thumb Code     0  llshl.o(.text)
    __aeabi_llsr                             0x080008a1   Thumb Code    34  llushr.o(.text)
    _ll_ushift_r                             0x080008a1   Thumb Code     0  llushr.o(.text)
    __aeabi_lasr                             0x080008c3   Thumb Code    38  llsshr.o(.text)
    _ll_sshift_r                             0x080008c3   Thumb Code     0  llsshr.o(.text)
    __I$use$fp                               0x080008e9   Thumb Code     0  iusefp.o(.text)
    _float_round                             0x080008e9   Thumb Code    16  fepilogue.o(.text)
    _float_epilogue                          0x080008f9   Thumb Code   114  fepilogue.o(.text)
    _double_round                            0x0800096b   Thumb Code    26  depilogue.o(.text)
    _double_epilogue                         0x08000985   Thumb Code   164  depilogue.o(.text)
    __scatterload                            0x08000a29   Thumb Code    28  init.o(.text)
    __scatterload_rt2                        0x08000a29   Thumb Code     0  init.o(.text)
    ADC_ClearFlag                            0x08000a4d   Thumb Code     4  sc32f1xxx_adc.o(i.ADC_ClearFlag)
    ADC_Cmd                                  0x08000a51   Thumb Code    28  sc32f1xxx_adc.o(i.ADC_Cmd)
    ADC_DMACmd                               0x08000a6d   Thumb Code    28  sc32f1xxx_adc.o(i.ADC_DMACmd)
    ADC_IRQHandler                           0x08000a89   Thumb Code    12  sc_it.o(i.ADC_IRQHandler)
    ADC_ITConfig                             0x08000a99   Thumb Code    20  sc32f1xxx_adc.o(i.ADC_ITConfig)
    ADC_Init                                 0x08000aad   Thumb Code    28  sc32f1xxx_adc.o(i.ADC_Init)
    ADC_SetChannel                           0x08000acd   Thumb Code    18  sc32f1xxx_adc.o(i.ADC_SetChannel)
    BTM_IRQHandler                           0x08000adf   Thumb Code     2  sc_it.o(i.BTM_IRQHandler)
    Buzzer_SetVolume                         0x08000ae1   Thumb Code    16  buzzer.o(i.Buzzer_SetVolume)
    CLR_Buf2                                 0x08000af5   Thumb Code    18  mqtt.o(i.CLR_Buf2)
    CMP_IRQHandler                           0x08000b11   Thumb Code     2  sc_it.o(i.CMP_IRQHandler)
    Client_Connect                           0x08000b15   Thumb Code    34  mqtt.o(i.Client_Connect)
    Client_Subscribe                         0x08000b5d   Thumb Code    34  mqtt.o(i.Client_Subscribe)
    Connect_Aliyun_Server                    0x08000ba9   Thumb Code    34  mqtt.o(i.Connect_Aliyun_Server)
    DMA0_IRQHandler                          0x08000bf9   Thumb Code    16  sc_it.o(i.DMA0_IRQHandler)
    DMA1_IRQHandler                          0x08000c0d   Thumb Code    12  sc_it.o(i.DMA1_IRQHandler)
    DMA2_IRQHandler                          0x08000c1d   Thumb Code     2  sc_it.o(i.DMA2_IRQHandler)
    DMA3_IRQHandler                          0x08000c1f   Thumb Code     2  sc_it.o(i.DMA3_IRQHandler)
    DMA_ClearFlag                            0x08000c21   Thumb Code     4  sc32f1xxx_dma.o(i.DMA_ClearFlag)
    DMA_Cmd                                  0x08000c25   Thumb Code    24  sc32f1xxx_dma.o(i.DMA_Cmd)
    DMA_DMACmd                               0x08000c3d   Thumb Code    20  sc32f1xxx_dma.o(i.DMA_DMACmd)
    DMA_GetCurrDataCounter                   0x08000c51   Thumb Code     6  sc32f1xxx_dma.o(i.DMA_GetCurrDataCounter)
    DMA_GetFlagStatus                        0x08000c57   Thumb Code    20  sc32f1xxx_dma.o(i.DMA_GetFlagStatus)
    DMA_ITConfig                             0x08000c6b   Thumb Code    20  sc32f1xxx_dma.o(i.DMA_ITConfig)
    DMA_Init                                 0x08000c81   Thumb Code    52  sc32f1xxx_dma.o(i.DMA_Init)
    DMA_SetCurrDataCounter                   0x08000cb9   Thumb Code     4  sc32f1xxx_dma.o(i.DMA_SetCurrDataCounter)
    DMA_SoftwareTrigger                      0x08000cbd   Thumb Code     8  sc32f1xxx_dma.o(i.DMA_SoftwareTrigger)
    DataProcessing                           0x08000cc5   Thumb Code    44  main.o(i.DataProcessing)
    Delay_ms                                 0x08000cf9   Thumb Code    24  main.o(i.Delay_ms)
    Delay_us                                 0x08000d11   Thumb Code    38  main.o(i.Delay_us)
    GPIO_Init                                0x08000d3d   Thumb Code   112  sc32f1xxx_gpio.o(i.GPIO_Init)
    GPIO_ResetBits                           0x08000dad   Thumb Code    34  sc32f1xxx_gpio.o(i.GPIO_ResetBits)
    GPIO_SetBits                             0x08000dcf   Thumb Code    34  sc32f1xxx_gpio.o(i.GPIO_SetBits)
    GPIO_TogglePins                          0x08000df1   Thumb Code    44  sc32f1xxx_gpio.o(i.GPIO_TogglePins)
    Get_Init_Flag                            0x08000e1d   Thumb Code     6  mqtt.o(i.Get_Init_Flag)
    Get_Ntp_Time                             0x08000e29   Thumb Code    40  mqtt.o(i.Get_Ntp_Time)
    Get_Weather                              0x08000e75   Thumb Code    44  mqtt.o(i.Get_Weather)
    INT0_IRQHandler                          0x08000ecd   Thumb Code     2  sc_it.o(i.INT0_IRQHandler)
    INT12_15_IRQHandler                      0x08000ecf   Thumb Code     2  sc_it.o(i.INT12_15_IRQHandler)
    INT1_7_IRQHandler                        0x08000ed1   Thumb Code     2  sc_it.o(i.INT1_7_IRQHandler)
    INT8_11_IRQHandler                       0x08000ed3   Thumb Code     2  sc_it.o(i.INT8_11_IRQHandler)
    IcResourceInit                           0x08000ed5   Thumb Code     8  compctrldefine.o(i.IcResourceInit)
    LEDPWM_IRQHandler                        0x08000edd   Thumb Code     2  sc_it.o(i.LEDPWM_IRQHandler)
    Login_URL                                0x08000ee1   Thumb Code    34  mqtt.o(i.Login_URL)
    PWM0_IRQHandler                          0x08000f31   Thumb Code    12  sc_it.o(i.PWM0_IRQHandler)
    PWM_ClearFlag                            0x08000f41   Thumb Code     4  sc32f1xxx_pwm.o(i.PWM_ClearFlag)
    PWM_Cmd                                  0x08000f45   Thumb Code    24  sc32f1xxx_pwm.o(i.PWM_Cmd)
    PWM_FDCmd                                0x08000f61   Thumb Code    24  sc32f1xxx_pwm.o(i.PWM_FDCmd)
    PWM_FDInit                               0x08000f7d   Thumb Code    26  sc32f1xxx_pwm.o(i.PWM_FDInit)
    PWM_ITConfig                             0x08000f97   Thumb Code    26  sc32f1xxx_pwm.o(i.PWM_ITConfig)
    PWM_Init                                 0x08000fb1   Thumb Code    40  sc32f1xxx_pwm.o(i.PWM_Init)
    PWM_SetDuty                              0x08000fd9   Thumb Code    38  sc32f1xxx_pwm.o(i.PWM_SetDuty)
    RCC_AHBPeriphClockCmd                    0x08001001   Thumb Code    28  sc32f1xxx_rcc.o(i.RCC_AHBPeriphClockCmd)
    RCC_APB0Cmd                              0x08001021   Thumb Code    36  sc32f1xxx_rcc.o(i.RCC_APB0Cmd)
    RCC_APB0Config                           0x08001049   Thumb Code    24  sc32f1xxx_rcc.o(i.RCC_APB0Config)
    RCC_APB0PeriphClockCmd                   0x08001065   Thumb Code    28  sc32f1xxx_rcc.o(i.RCC_APB0PeriphClockCmd)
    RCC_APB1Cmd                              0x08001085   Thumb Code    36  sc32f1xxx_rcc.o(i.RCC_APB1Cmd)
    RCC_APB1Config                           0x080010ad   Thumb Code    24  sc32f1xxx_rcc.o(i.RCC_APB1Config)
    RCC_APB1PeriphClockCmd                   0x080010c9   Thumb Code    28  sc32f1xxx_rcc.o(i.RCC_APB1PeriphClockCmd)
    RCC_APB2Cmd                              0x080010e9   Thumb Code    36  sc32f1xxx_rcc.o(i.RCC_APB2Cmd)
    RCC_APB2Config                           0x08001111   Thumb Code    24  sc32f1xxx_rcc.o(i.RCC_APB2Config)
    RCC_HCLKConfig                           0x0800112d   Thumb Code    24  sc32f1xxx_rcc.o(i.RCC_HCLKConfig)
    RCC_HIRCCmd                              0x08001149   Thumb Code    42  sc32f1xxx_rcc.o(i.RCC_HIRCCmd)
    RCC_HXTCmd                               0x08001179   Thumb Code    42  sc32f1xxx_rcc.o(i.RCC_HXTCmd)
    RCC_IRQHandler                           0x080011a9   Thumb Code     2  sc_it.o(i.RCC_IRQHandler)
    RCC_ITConfig                             0x080011ad   Thumb Code    46  sc32f1xxx_rcc.o(i.RCC_ITConfig)
    RCC_LIRCCmd                              0x080011e1   Thumb Code    42  sc32f1xxx_rcc.o(i.RCC_LIRCCmd)
    RCC_LXTCmd                               0x08001211   Thumb Code    42  sc32f1xxx_rcc.o(i.RCC_LXTCmd)
    RCC_SYSCLKConfig                         0x08001241   Thumb Code   206  sc32f1xxx_rcc.o(i.RCC_SYSCLKConfig)
    RCC_SystickCLKConfig                     0x08001319   Thumb Code    62  sc32f1xxx_rcc.o(i.RCC_SystickCLKConfig)
    RCC_SystickCmd                           0x08001361   Thumb Code    32  sc32f1xxx_rcc.o(i.RCC_SystickCmd)
    RCC_SystickSetCounter                    0x08001385   Thumb Code    18  sc32f1xxx_rcc.o(i.RCC_SystickSetCounter)
    RCC_Unlock                               0x080013a1   Thumb Code    18  sc32f1xxx_rcc.o(i.RCC_Unlock)
    SC_ADC_Init                              0x080013b9   Thumb Code    82  sc_init.o(i.SC_ADC_Init)
    SC_DMA0_Init                             0x08001411   Thumb Code   102  sc_init.o(i.SC_DMA0_Init)
    SC_DMA1_Init                             0x08001485   Thumb Code   100  sc_init.o(i.SC_DMA1_Init)
    SC_GPIO_Init                             0x080014f5   Thumb Code   398  sc_init.o(i.SC_GPIO_Init)
    SC_Init                                  0x08001691   Thumb Code    60  sc_init.o(i.SC_Init)
    SC_OPTION_Init                           0x080016cd   Thumb Code    28  sc_init.o(i.SC_OPTION_Init)
    SC_PWM0_Init                             0x080016f1   Thumb Code   186  sc_init.o(i.SC_PWM0_Init)
    SC_RCC_Init                              0x080017b1   Thumb Code    88  sc_init.o(i.SC_RCC_Init)
    SC_SYSTICK_Init                          0x0800180d   Thumb Code    38  sc_init.o(i.SC_SYSTICK_Init)
    SC_TIM1_Init                             0x08001835   Thumb Code   148  sc_init.o(i.SC_TIM1_Init)
    SC_TIM2_Init                             0x080018cd   Thumb Code   142  sc_init.o(i.SC_TIM2_Init)
    SC_TIM3_Init                             0x08001961   Thumb Code   142  sc_init.o(i.SC_TIM3_Init)
    SC_TWI0_Init                             0x080019f5   Thumb Code   154  sc_init.o(i.SC_TWI0_Init)
    SC_UART1_Init                            0x08001a99   Thumb Code   174  sc_init.o(i.SC_UART1_Init)
    SC_UART2_Init                            0x08001b55   Thumb Code   150  sc_init.o(i.SC_UART2_Init)
    SPI0_IRQHandler                          0x08001bfd   Thumb Code     2  sc_it.o(i.SPI0_IRQHandler)
    SPI1_IRQHandler                          0x08001bff   Thumb Code     2  sc_it.o(i.SPI1_IRQHandler)
    Setting_Connect_Work                     0x08001c01   Thumb Code    38  mqtt.o(i.Setting_Connect_Work)
    SysTick_IRQHandler                       0x08001c59   Thumb Code     2  sc_it.o(i.SysTick_IRQHandler)
    SystemInit                               0x08001c5d   Thumb Code    10  system_sc32f1xxx.o(i.SystemInit)
    TIM3_IRQHandler                          0x08001c6d   Thumb Code    50  uart_communication_dma.o(i.TIM3_IRQHandler)
    TIMER0_IRQHandler                        0x08001ca9   Thumb Code     2  sc_it.o(i.TIMER0_IRQHandler)
    TIMER1_IRQHandler                        0x08001cad   Thumb Code    12  sc_it.o(i.TIMER1_IRQHandler)
    TIMER2_IRQHandler                        0x08001cbd   Thumb Code    12  sc_it.o(i.TIMER2_IRQHandler)
    TIMER3_IRQHandler                        0x08001ccd   Thumb Code    16  sc_it.o(i.TIMER3_IRQHandler)
    TIMER4_5_IRQHandler                      0x08001ce1   Thumb Code     2  sc_it.o(i.TIMER4_5_IRQHandler)
    TIMER6_7_IRQHandler                      0x08001ce3   Thumb Code     2  sc_it.o(i.TIMER6_7_IRQHandler)
    TIM_ClearFlag                            0x08001ce5   Thumb Code     4  sc32f1xxx_tim.o(i.TIM_ClearFlag)
    TIM_Cmd                                  0x08001ce9   Thumb Code    24  sc32f1xxx_tim.o(i.TIM_Cmd)
    TIM_DMACmd                               0x08001d05   Thumb Code    26  sc32f1xxx_tim.o(i.TIM_DMACmd)
    TIM_GetFlagStatus                        0x08001d1f   Thumb Code    20  sc32f1xxx_tim.o(i.TIM_GetFlagStatus)
    TIM_ICCmd                                0x08001d35   Thumb Code    24  sc32f1xxx_tim.o(i.TIM_ICCmd)
    TIM_ICInit                               0x08001d51   Thumb Code    66  sc32f1xxx_tim.o(i.TIM_ICInit)
    TIM_ITConfig                             0x08001d99   Thumb Code    26  sc32f1xxx_tim.o(i.TIM_ITConfig)
    TIM_PWMInit                              0x08001db5   Thumb Code    94  sc32f1xxx_tim.o(i.TIM_PWMInit)
    TIM_PWMSetDuty                           0x08001e19   Thumb Code    40  sc32f1xxx_tim.o(i.TIM_PWMSetDuty)
    TIM_TIMBaseInit                          0x08001e45   Thumb Code    36  sc32f1xxx_tim.o(i.TIM_TIMBaseInit)
    TIM_TI_DMA_DMA0Handler                   0x08001e6d   Thumb Code    30  tim_ti_dma.o(i.TIM_TI_DMA_DMA0Handler)
    TKSlideModuleCHIs                        0x08001e95   Thumb Code    98  sc32f10xx_tk_functionresource.o(i.TKSlideModuleCHIs)
    TKSlideModuleSensorRenovate              0x08001f01   Thumb Code   832  sc32f10xx_tk_functionresource.o(i.TKSlideModuleSensorRenovate)
    TK_BaseLineUpdataSW                      0x08002255   Thumb Code   388  sc32f10xx_tk_functionresource.o(i.TK_BaseLineUpdataSW)
    TK_FilterAvergeDeal                      0x080023f9   Thumb Code   112  sc32f10xx_tk_functionresource.o(i.TK_FilterAvergeDeal)
    TK_FilterCommCode                        0x08002475   Thumb Code    72  sc32f10xx_tk_functionresource.o(i.TK_FilterCommCode)
    TK_FilterDataDeal                        0x080024c9   Thumb Code   186  sc32f10xx_tk_functionresource.o(i.TK_FilterDataDeal)
    TK_FilterIIRInit                         0x08002589   Thumb Code    36  sc32f10xx_tk_functionresource.o(i.TK_FilterIIRInit)
    TK_GetBaseLineAdjustValue                0x080025b5   Thumb Code     8  tkdriver.o(i.TK_GetBaseLineAdjustValue)
    TK_GetBaselineUpdateThreshold            0x080025c1   Thumb Code     8  tkdriver.o(i.TK_GetBaselineUpdateThreshold)
    TK_GetCfgMsg                             0x080025cd   Thumb Code   100  tkdriver.o(i.TK_GetCfgMsg)
    TK_GetCsFunction                         0x08002639   Thumb Code     4  tkdriver.o(i.TK_GetCsFunction)
    TK_GetCurrFingerValue                    0x0800263d   Thumb Code    30  tkdriver.o(i.TK_GetCurrFingerValue)
    TK_GetInitAutoUpdateTime                 0x08002661   Thumb Code     6  tkdriver.o(i.TK_GetInitAutoUpdateTime)
    TK_GetIsNeedUpdateBaseline               0x0800266d   Thumb Code     6  sc32f10xx_tk_functionresource.o(i.TK_GetIsNeedUpdateBaseline)
    TK_GetScanTimeValue                      0x08002679   Thumb Code    14  tkdriver.o(i.TK_GetScanTimeValue)
    TK_GetTKYzCnt                            0x0800268d   Thumb Code    16  tkdriver.o(i.TK_GetTKYzCnt)
    TK_GetTKYzThreshold                      0x080026a1   Thumb Code    26  tkdriver.o(i.TK_GetTKYzThreshold)
    TK_GetUpConfirmCnt                       0x080026bd   Thumb Code     8  tkdriver.o(i.TK_GetUpConfirmCnt)
    TK_IRQHandler                            0x080026c9   Thumb Code     8  tkdriver.o(i.TK_IRQHandler)
    TK_Init                                  0x080026d1   Thumb Code   344  sc32f10xx_tk_functionresource.o(i.TK_Init)
    TK_InitializeBaselines                   0x08002845   Thumb Code    36  sc32f10xx_tk_functionresource.o(i.TK_InitializeBaselines)
    TK_InitializeSensorFlag                  0x08002871   Thumb Code    64  sc32f10xx_tk_functionresource.o(i.TK_InitializeSensorFlag)
    TK_IsDoubleKeyOrSlideKey                 0x080028d9   Thumb Code     6  tkdriver.o(i.TK_IsDoubleKeyOrSlideKey)
    TK_MultipleDeal                          0x080028e5   Thumb Code   306  sc32f10xx_tk_functionresource.o(i.TK_MultipleDeal)
    TK_Restart                               0x08002a3d   Thumb Code    14  sc32f10xx_tk_functionresource.o(i.TK_Restart)
    TK_SensorKeyFlag                         0x08002a51   Thumb Code    90  sc32f10xx_tk_functionresource.o(i.TK_SensorKeyFlag)
    TK_SensorRenovate                        0x08002ac1   Thumb Code   982  sc32f10xx_tk_functionresource.o(i.TK_SensorRenovate)
    TK_SetNeedUpdateBaseline                 0x08002ee5   Thumb Code     8  sc32f10xx_tk_functionresource.o(i.TK_SetNeedUpdateBaseline)
    TK_SetOneKeyPushResetTime                0x08002ef1   Thumb Code     8  tkdriver.o(i.TK_SetOneKeyPushResetTime)
    TK_SingleChannel_ICHAAdjust              0x08002efd   Thumb Code   122  sc32f10xx_tk_functionresource.o(i.TK_SingleChannel_ICHAAdjust)
    TK_SingleCurrentSensorChoose             0x08002f89   Thumb Code   140  tkdriver.o(i.TK_SingleCurrentSensorChoose)
    TK_TouchKeyCFGInit                       0x08003025   Thumb Code    96  tkdriver.o(i.TK_TouchKeyCFGInit)
    TK_TouchKeyScan                          0x080030a9   Thumb Code   370  tkdriver.o(i.TK_TouchKeyScan)
    TK_TouchKey_Service                      0x08003241   Thumb Code   300  sc32f10xx_tk_functionresource.o(i.TK_TouchKey_Service)
    TWI0_IRQHandler                          0x08003389   Thumb Code     2  sc_it.o(i.TWI0_IRQHandler)
    TWI1_IRQHandler                          0x0800338b   Thumb Code     2  sc_it.o(i.TWI1_IRQHandler)
    TWI_Cmd                                  0x0800338d   Thumb Code    24  sc32f1xxx_twi.o(i.TWI_Cmd)
    TWI_DMACmd                               0x080033a9   Thumb Code    26  sc32f1xxx_twi.o(i.TWI_DMACmd)
    TWI_ITConfig                             0x080033c3   Thumb Code    26  sc32f1xxx_twi.o(i.TWI_ITConfig)
    TWI_Init                                 0x080033dd   Thumb Code    48  sc32f1xxx_twi.o(i.TWI_Init)
    TWI_PinRemapConfig                       0x08003411   Thumb Code    36  sc32f1xxx_twi.o(i.TWI_PinRemapConfig)
    UART0_2_IRQHandler                       0x08003439   Thumb Code    16  sc_it.o(i.UART0_2_IRQHandler)
    UART1_3_IRQHandler                       0x0800344d   Thumb Code    16  sc_it.o(i.UART1_3_IRQHandler)
    UART1_Handler                            0x08003461   Thumb Code   114  mqtt.o(i.UART1_Handler)
    UART2_Handler                            0x080034e9   Thumb Code   260  uart_communication.o(i.UART2_Handler)
    UART_ClearFlag                           0x08003601   Thumb Code     4  sc32f1xxx_uart.o(i.UART_ClearFlag)
    UART_DMACmd                              0x08003605   Thumb Code    26  sc32f1xxx_uart.o(i.UART_DMACmd)
    UART_DMA_Receive                         0x08003621   Thumb Code    74  uart_communication_dma.o(i.UART_DMA_Receive)
    UART_DMA_Send                            0x08003681   Thumb Code    54  uart_communication_dma.o(i.UART_DMA_Send)
    UART_GetFlagStatus                       0x080036c1   Thumb Code    20  sc32f1xxx_uart.o(i.UART_GetFlagStatus)
    UART_ITConfig                            0x080036d5   Thumb Code    26  sc32f1xxx_uart.o(i.UART_ITConfig)
    UART_Init                                0x080036f1   Thumb Code    72  sc32f1xxx_uart.o(i.UART_Init)
    UART_PinRemapConfig                      0x0800373d   Thumb Code    32  sc32f1xxx_uart.o(i.UART_PinRemapConfig)
    UART_RXCmd                               0x08003761   Thumb Code    24  sc32f1xxx_uart.o(i.UART_RXCmd)
    UART_ReceiveData                         0x0800377d   Thumb Code    10  sc32f1xxx_uart.o(i.UART_ReceiveData)
    UART_SendData                            0x08003787   Thumb Code     8  sc32f1xxx_uart.o(i.UART_SendData)
    UART_TXCmd                               0x08003791   Thumb Code    24  sc32f1xxx_uart.o(i.UART_TXCmd)
    USART_TxStr                              0x080037ad   Thumb Code    78  mqtt.o(i.USART_TxStr)
    USER_Connect                             0x08003805   Thumb Code    34  mqtt.o(i.USER_Connect)
    UpdateDisplay                            0x0800384d   Thumb Code   112  main.o(i.UpdateDisplay)
    Usdelay                                  0x080038d1   Thumb Code    16  sc32f10xx_tk_functionresource.o(i.Usdelay)
    WIFI_Connect                             0x080038e1   Thumb Code    70  mqtt.o(i.WIFI_Connect)
    WIFI_Init                                0x08003955   Thumb Code    88  mqtt.o(i.WIFI_Init)
    WIFI_Rst                                 0x080039c9   Thumb Code    86  mqtt.o(i.WIFI_Rst)
    __0printf$8                              0x08003a4d   Thumb Code    24  printf8.o(i.__0printf$8)
    __1printf$8                              0x08003a4d   Thumb Code     0  printf8.o(i.__0printf$8)
    __2printf                                0x08003a4d   Thumb Code     0  printf8.o(i.__0printf$8)
    __ARM_clz                                0x08003a6d   Thumb Code    46  depilogue.o(i.__ARM_clz)
    __ARM_common_switch8                     0x08003a9b   Thumb Code    28  main.o(i.__ARM_common_switch8)
    __scatterload_copy                       0x08003b49   Thumb Code    14  handlers.o(i.__scatterload_copy)
    __scatterload_null                       0x08003b57   Thumb Code     2  handlers.o(i.__scatterload_null)
    __scatterload_zeroinit                   0x08003b59   Thumb Code    14  handlers.o(i.__scatterload_zeroinit)
    fputc                                    0x08003fdd   Thumb Code    32  main.o(i.fputc)
    main                                     0x08004001   Thumb Code   248  main.o(i.main)
    wait_OK                                  0x08004121   Thumb Code    58  mqtt.o(i.wait_OK)
    TKCFG                                    0x08004180   Data          68  tkdriver.o(.constdata)
    TKChannelCfg                             0x080041c4   Data          80  tkdriver.o(.constdata)
    Region$$Table$$Base                      0x08004598   Number         0  anon$$obj.o(Region$$Table)
    Region$$Table$$Limit                     0x080045b8   Number         0  anon$$obj.o(Region$$Table)
    exKeyValue                               0x20000005   Data           1  main.o(.data)
    gTkIsValid                               0x20000006   Data           1  main.o(.data)
    Task_state                               0x20000007   Data           1  main.o(.data)
    TK_exKeyValueFlag                        0x20000008   Data           4  main.o(.data)
    first_Press                              0x2000000c   Data           1  main.o(.data)
    cnt1                                     0x20000010   Data           4  main.o(.data)
    cnt2                                     0x20000014   Data           4  main.o(.data)
    a                                        0x2000001c   Data           1  uart_communication_dma.o(.data)
    b                                        0x2000001d   Data           1  uart_communication_dma.o(.data)
    TK_TouchKeyStatus                        0x20000022   Data           1  tkdriver.o(.data)
    CurrentChannel                           0x20000023   Data           8  tkdriver.o(.data)
    RestAreaCnt                              0x2000002b   Data           8  tkdriver.o(.data)
    TouchCnt                                 0x20000033   Data           8  tkdriver.o(.data)
    NoTouchCnt                               0x2000003b   Data           8  tkdriver.o(.data)
    LowFingerDataCnt                         0x20000043   Data           8  tkdriver.o(.data)
    FloatAreaCnt                             0x2000004b   Data           8  tkdriver.o(.data)
    SingleParameterBufferSet                 0x20000053   Data           8  tkdriver.o(.data)
    CombineParameterBufferSet                0x2000005b   Data           8  tkdriver.o(.data)
    ConfirmTouchCnt                          0x20000063   Data           1  tkdriver.o(.data)
    SetNoiseThreshold                        0x20000064   Data           1  tkdriver.o(.data)
    MultipleDealTpye                         0x20000065   Data           1  tkdriver.o(.data)
    UpdateBaseLNum                           0x20000066   Data           2  tkdriver.o(.data)
    MultipleLNum                             0x20000068   Data           2  tkdriver.o(.data)
    TKSlideModulePCBArray                    0x2000006a   Data          54  tkdriver.o(.data)
    CFG_OVERLOW_MAX_COUNT                    0x200000a0   Data           1  tkdriver.o(.data)
    CFG_RESET_BASELINE_CNT                   0x200000a1   Data           1  tkdriver.o(.data)
    CFG_CYCLE_CNT                            0x200000a2   Data           1  tkdriver.o(.data)
    wait_timeout                             0x200000a9   Data           1  mqtt.o(.data)
    year                                     0x200000ac   Data           4  mqtt.o(.data)
    month                                    0x200000b0   Data           4  mqtt.o(.data)
    day                                      0x200000b4   Data           4  mqtt.o(.data)
    hour                                     0x200000b8   Data           4  mqtt.o(.data)
    minute                                   0x200000bc   Data           4  mqtt.o(.data)
    second                                   0x200000c0   Data           4  mqtt.o(.data)
    SingleCurrentChannelMax                  0x200000c4   Data           1  sc32f10xx_tk_functionresource.o(.data)
    KeyFlag                                  0x200000c8   Data           4  sc32f10xx_tk_functionresource.o(.data)
    KeyMark                                  0x200000cc   Data           4  sc32f10xx_tk_functionresource.o(.data)
    UsingTKSlideModuleNumber                 0x200000d0   Data           1  sc32f10xx_tk_functionresource.o(.data)
    CurrentIndex                             0x200000d1   Data           1  sc32f10xx_tk_functionresource.o(.data)
    ScanTime                                 0x200000d2   Data           2  sc32f10xx_tk_functionresource.o(.data)
    IsInNosicValue                           0x200000d4   Data           1  sc32f10xx_tk_functionresource.o(.data)
    bMultiple                                0x200000d5   Data           1  sc32f10xx_tk_functionresource.o(.data)
    bNeedUpdate                              0x200000d6   Data           1  sc32f10xx_tk_functionresource.o(.data)
    MultipleDealIndex                        0x200000d7   Data           1  sc32f10xx_tk_functionresource.o(.data)
    FlowFingerRoundIndex                     0x200000d8   Data           1  sc32f10xx_tk_functionresource.o(.data)
    FlowFingerRoundCnt                       0x200000da   Data           2  sc32f10xx_tk_functionresource.o(.data)
    __stdout                                 0x200000e0   Data           4  stdout.o(.data)
    UART_Communication_DMA_Data              0x200000e4   Data         200  uart_communication_dma.o(.bss)
    UART_Communication_DMA_Buffer            0x200001ac   Data         200  uart_communication_dma.o(.bss)
    DifferAccum                              0x2000033c   Data          16  tkdriver.o(.bss)
    SingleChannelsBaseLineUpdatePar          0x2000034c   Data          48  tkdriver.o(.bss)
    dateTime                                 0x20000444   Data          64  mqtt.o(.bss)
    __initial_sp                             0x20000888   Data           0  startup_sc32f10xx.o(STACK)



==============================================================================

Memory Map of the image

  Image Entry point : 0x080000c1

  Load Region LR_IROM1 (Base: 0x08000000, Size: 0x0000469c, Max: 0x00040000, ABSOLUTE)

    Execution Region ER_IROM1 (Exec base: 0x08000000, Load base: 0x08000000, Size: 0x000045b8, Max: 0x00040000, ABSOLUTE)

    Exec Addr    Load Addr    Size         Type   Attr      Idx    E Section Name        Object

    0x08000000   0x08000000   0x000000c0   Data   RO         2153    RESET               startup_sc32f10xx.o
    0x080000c0   0x080000c0   0x00000000   Code   RO         2640  * .ARM.Collect$$$$00000000  mc_p.l(entry.o)
    0x080000c0   0x080000c0   0x00000004   Code   RO         2964    .ARM.Collect$$$$00000001  mc_p.l(entry2.o)
    0x080000c4   0x080000c4   0x00000004   Code   RO         2967    .ARM.Collect$$$$00000004  mc_p.l(entry5.o)
    0x080000c8   0x080000c8   0x00000000   Code   RO         2969    .ARM.Collect$$$$00000008  mc_p.l(entry7b.o)
    0x080000c8   0x080000c8   0x00000000   Code   RO         2971    .ARM.Collect$$$$0000000A  mc_p.l(entry8b.o)
    0x080000c8   0x080000c8   0x00000008   Code   RO         2972    .ARM.Collect$$$$0000000B  mc_p.l(entry9a.o)
    0x080000d0   0x080000d0   0x00000004   Code   RO         2979    .ARM.Collect$$$$0000000E  mc_p.l(entry12b.o)
    0x080000d4   0x080000d4   0x00000000   Code   RO         2974    .ARM.Collect$$$$0000000F  mc_p.l(entry10a.o)
    0x080000d4   0x080000d4   0x00000000   Code   RO         2976    .ARM.Collect$$$$00000011  mc_p.l(entry11a.o)
    0x080000d4   0x080000d4   0x00000004   Code   RO         2965    .ARM.Collect$$$$00002712  mc_p.l(entry2.o)
    0x080000d8   0x080000d8   0x00000068   Code   RO         2154    .text               startup_sc32f10xx.o
    0x08000140   0x08000140   0x0000002c   Code   RO         2643    .text               mc_p.l(uidiv.o)
    0x0800016c   0x0800016c   0x00000028   Code   RO         2645    .text               mc_p.l(idiv.o)
    0x08000194   0x08000194   0x00000024   Code   RO         2647    .text               mc_p.l(memcpya.o)
    0x080001b8   0x080001b8   0x00000024   Code   RO         2649    .text               mc_p.l(memseta.o)
    0x080001dc   0x080001dc   0x00000018   Code   RO         2651    .text               mc_p.l(strcat.o)
    0x080001f4   0x080001f4   0x0000000e   Code   RO         2655    .text               mc_p.l(strlen.o)
    0x08000202   0x08000202   0x000000b2   Code   RO         2930    .text               mf_p.l(fadd.o)
    0x080002b4   0x080002b4   0x0000007a   Code   RO         2932    .text               mf_p.l(fmul.o)
    0x0800032e   0x0800032e   0x0000007c   Code   RO         2934    .text               mf_p.l(fdiv.o)
    0x080003aa   0x080003aa   0x00000002   PAD
    0x080003ac   0x080003ac   0x00000168   Code   RO         2936    .text               mf_p.l(dadd.o)
    0x08000514   0x08000514   0x000000d0   Code   RO         2938    .text               mf_p.l(dmul.o)
    0x080005e4   0x080005e4   0x000000f0   Code   RO         2940    .text               mf_p.l(ddiv.o)
    0x080006d4   0x080006d4   0x00000016   Code   RO         2942    .text               mf_p.l(fflti.o)
    0x080006ea   0x080006ea   0x0000000e   Code   RO         2944    .text               mf_p.l(ffltui.o)
    0x080006f8   0x080006f8   0x00000028   Code   RO         2946    .text               mf_p.l(dflti.o)
    0x08000720   0x08000720   0x0000001c   Code   RO         2948    .text               mf_p.l(dfltui.o)
    0x0800073c   0x0800073c   0x00000032   Code   RO         2950    .text               mf_p.l(ffixi.o)
    0x0800076e   0x0800076e   0x00000028   Code   RO         2952    .text               mf_p.l(ffixui.o)
    0x08000796   0x08000796   0x00000028   Code   RO         2956    .text               mf_p.l(f2d.o)
    0x080007be   0x080007be   0x00000038   Code   RO         2958    .text               mf_p.l(d2f.o)
    0x080007f6   0x080007f6   0x00000002   PAD
    0x080007f8   0x080007f8   0x00000014   Code   RO         2960    .text               mf_p.l(cfcmple.o)
    0x0800080c   0x0800080c   0x00000014   Code   RO         2962    .text               mf_p.l(cfrcmple.o)
    0x08000820   0x08000820   0x00000060   Code   RO         2981    .text               mc_p.l(uldiv.o)
    0x08000880   0x08000880   0x00000020   Code   RO         2983    .text               mc_p.l(llshl.o)
    0x080008a0   0x080008a0   0x00000022   Code   RO         2985    .text               mc_p.l(llushr.o)
    0x080008c2   0x080008c2   0x00000026   Code   RO         2987    .text               mc_p.l(llsshr.o)
    0x080008e8   0x080008e8   0x00000000   Code   RO         2995    .text               mc_p.l(iusefp.o)
    0x080008e8   0x080008e8   0x00000082   Code   RO         2996    .text               mf_p.l(fepilogue.o)
    0x0800096a   0x0800096a   0x000000be   Code   RO         2998    .text               mf_p.l(depilogue.o)
    0x08000a28   0x08000a28   0x00000024   Code   RO         3006    .text               mc_p.l(init.o)
    0x08000a4c   0x08000a4c   0x00000004   Code   RO         1448    i.ADC_ClearFlag     sc32f1xxx_adc.o
    0x08000a50   0x08000a50   0x0000001c   Code   RO         1449    i.ADC_Cmd           sc32f1xxx_adc.o
    0x08000a6c   0x08000a6c   0x0000001c   Code   RO         1451    i.ADC_DMACmd        sc32f1xxx_adc.o
    0x08000a88   0x08000a88   0x00000010   Code   RO          235    i.ADC_IRQHandler    sc_it.o
    0x08000a98   0x08000a98   0x00000014   Code   RO         1456    i.ADC_ITConfig      sc32f1xxx_adc.o
    0x08000aac   0x08000aac   0x00000020   Code   RO         1457    i.ADC_Init          sc32f1xxx_adc.o
    0x08000acc   0x08000acc   0x00000012   Code   RO         1458    i.ADC_SetChannel    sc32f1xxx_adc.o
    0x08000ade   0x08000ade   0x00000002   Code   RO          236    i.BTM_IRQHandler    sc_it.o
    0x08000ae0   0x08000ae0   0x00000014   Code   RO         2161    i.Buzzer_SetVolume  buzzer.o
    0x08000af4   0x08000af4   0x0000001c   Code   RO         2331    i.CLR_Buf2          mqtt.o
    0x08000b10   0x08000b10   0x00000002   Code   RO          240    i.CMP_IRQHandler    sc_it.o
    0x08000b12   0x08000b12   0x00000002   PAD
    0x08000b14   0x08000b14   0x00000048   Code   RO         2332    i.Client_Connect    mqtt.o
    0x08000b5c   0x08000b5c   0x0000004c   Code   RO         2333    i.Client_Subscribe  mqtt.o
    0x08000ba8   0x08000ba8   0x00000050   Code   RO         2334    i.Connect_Aliyun_Server  mqtt.o
    0x08000bf8   0x08000bf8   0x00000014   Code   RO          241    i.DMA0_IRQHandler   sc_it.o
    0x08000c0c   0x08000c0c   0x00000010   Code   RO          242    i.DMA1_IRQHandler   sc_it.o
    0x08000c1c   0x08000c1c   0x00000002   Code   RO          243    i.DMA2_IRQHandler   sc_it.o
    0x08000c1e   0x08000c1e   0x00000002   Code   RO          244    i.DMA3_IRQHandler   sc_it.o
    0x08000c20   0x08000c20   0x00000004   Code   RO         1075    i.DMA_ClearFlag     sc32f1xxx_dma.o
    0x08000c24   0x08000c24   0x00000018   Code   RO         1076    i.DMA_Cmd           sc32f1xxx_dma.o
    0x08000c3c   0x08000c3c   0x00000014   Code   RO         1077    i.DMA_DMACmd        sc32f1xxx_dma.o
    0x08000c50   0x08000c50   0x00000006   Code   RO         1079    i.DMA_GetCurrDataCounter  sc32f1xxx_dma.o
    0x08000c56   0x08000c56   0x00000014   Code   RO         1080    i.DMA_GetFlagStatus  sc32f1xxx_dma.o
    0x08000c6a   0x08000c6a   0x00000014   Code   RO         1082    i.DMA_ITConfig      sc32f1xxx_dma.o
    0x08000c7e   0x08000c7e   0x00000002   PAD
    0x08000c80   0x08000c80   0x00000038   Code   RO         1083    i.DMA_Init          sc32f1xxx_dma.o
    0x08000cb8   0x08000cb8   0x00000004   Code   RO         1085    i.DMA_SetCurrDataCounter  sc32f1xxx_dma.o
    0x08000cbc   0x08000cbc   0x00000008   Code   RO         1088    i.DMA_SoftwareTrigger  sc32f1xxx_dma.o
    0x08000cc4   0x08000cc4   0x00000034   Code   RO            3    i.DataProcessing    main.o
    0x08000cf8   0x08000cf8   0x00000018   Code   RO            4    i.Delay_ms          main.o
    0x08000d10   0x08000d10   0x0000002c   Code   RO            5    i.Delay_us          main.o
    0x08000d3c   0x08000d3c   0x00000070   Code   RO         2080    i.GPIO_Init         sc32f1xxx_gpio.o
    0x08000dac   0x08000dac   0x00000022   Code   RO         2083    i.GPIO_ResetBits    sc32f1xxx_gpio.o
    0x08000dce   0x08000dce   0x00000022   Code   RO         2084    i.GPIO_SetBits      sc32f1xxx_gpio.o
    0x08000df0   0x08000df0   0x0000002c   Code   RO         2086    i.GPIO_TogglePins   sc32f1xxx_gpio.o
    0x08000e1c   0x08000e1c   0x0000000c   Code   RO         2336    i.Get_Init_Flag     mqtt.o
    0x08000e28   0x08000e28   0x0000004c   Code   RO         2337    i.Get_Ntp_Time      mqtt.o
    0x08000e74   0x08000e74   0x00000058   Code   RO         2339    i.Get_Weather       mqtt.o
    0x08000ecc   0x08000ecc   0x00000002   Code   RO          246    i.INT0_IRQHandler   sc_it.o
    0x08000ece   0x08000ece   0x00000002   Code   RO          247    i.INT12_15_IRQHandler  sc_it.o
    0x08000ed0   0x08000ed0   0x00000002   Code   RO          248    i.INT1_7_IRQHandler  sc_it.o
    0x08000ed2   0x08000ed2   0x00000002   Code   RO          249    i.INT8_11_IRQHandler  sc_it.o
    0x08000ed4   0x08000ed4   0x00000008   Code   RO          902    i.IcResourceInit    compctrldefine.o
    0x08000edc   0x08000edc   0x00000002   Code   RO          250    i.LEDPWM_IRQHandler  sc_it.o
    0x08000ede   0x08000ede   0x00000002   PAD
    0x08000ee0   0x08000ee0   0x00000050   Code   RO         2340    i.Login_URL         mqtt.o
    0x08000f30   0x08000f30   0x00000010   Code   RO          253    i.PWM0_IRQHandler   sc_it.o
    0x08000f40   0x08000f40   0x00000004   Code   RO         1540    i.PWM_ClearFlag     sc32f1xxx_pwm.o
    0x08000f44   0x08000f44   0x0000001c   Code   RO         1541    i.PWM_Cmd           sc32f1xxx_pwm.o
    0x08000f60   0x08000f60   0x0000001c   Code   RO         1543    i.PWM_FDCmd         sc32f1xxx_pwm.o
    0x08000f7c   0x08000f7c   0x0000001a   Code   RO         1544    i.PWM_FDInit        sc32f1xxx_pwm.o
    0x08000f96   0x08000f96   0x0000001a   Code   RO         1551    i.PWM_ITConfig      sc32f1xxx_pwm.o
    0x08000fb0   0x08000fb0   0x00000028   Code   RO         1552    i.PWM_Init          sc32f1xxx_pwm.o
    0x08000fd8   0x08000fd8   0x00000026   Code   RO         1555    i.PWM_SetDuty       sc32f1xxx_pwm.o
    0x08000ffe   0x08000ffe   0x00000002   PAD
    0x08001000   0x08001000   0x00000020   Code   RO         1843    i.RCC_AHBPeriphClockCmd  sc32f1xxx_rcc.o
    0x08001020   0x08001020   0x00000028   Code   RO         1845    i.RCC_APB0Cmd       sc32f1xxx_rcc.o
    0x08001048   0x08001048   0x0000001c   Code   RO         1846    i.RCC_APB0Config    sc32f1xxx_rcc.o
    0x08001064   0x08001064   0x00000020   Code   RO         1847    i.RCC_APB0PeriphClockCmd  sc32f1xxx_rcc.o
    0x08001084   0x08001084   0x00000028   Code   RO         1849    i.RCC_APB1Cmd       sc32f1xxx_rcc.o
    0x080010ac   0x080010ac   0x0000001c   Code   RO         1850    i.RCC_APB1Config    sc32f1xxx_rcc.o
    0x080010c8   0x080010c8   0x00000020   Code   RO         1851    i.RCC_APB1PeriphClockCmd  sc32f1xxx_rcc.o
    0x080010e8   0x080010e8   0x00000028   Code   RO         1853    i.RCC_APB2Cmd       sc32f1xxx_rcc.o
    0x08001110   0x08001110   0x0000001c   Code   RO         1854    i.RCC_APB2Config    sc32f1xxx_rcc.o
    0x0800112c   0x0800112c   0x0000001c   Code   RO         1862    i.RCC_HCLKConfig    sc32f1xxx_rcc.o
    0x08001148   0x08001148   0x00000030   Code   RO         1863    i.RCC_HIRCCmd       sc32f1xxx_rcc.o
    0x08001178   0x08001178   0x00000030   Code   RO         1864    i.RCC_HXTCmd        sc32f1xxx_rcc.o
    0x080011a8   0x080011a8   0x00000002   Code   RO          256    i.RCC_IRQHandler    sc_it.o
    0x080011aa   0x080011aa   0x00000002   PAD
    0x080011ac   0x080011ac   0x00000034   Code   RO         1865    i.RCC_ITConfig      sc32f1xxx_rcc.o
    0x080011e0   0x080011e0   0x00000030   Code   RO         1867    i.RCC_LIRCCmd       sc32f1xxx_rcc.o
    0x08001210   0x08001210   0x00000030   Code   RO         1868    i.RCC_LXTCmd        sc32f1xxx_rcc.o
    0x08001240   0x08001240   0x000000d8   Code   RO         1873    i.RCC_SYSCLKConfig  sc32f1xxx_rcc.o
    0x08001318   0x08001318   0x00000048   Code   RO         1874    i.RCC_SystickCLKConfig  sc32f1xxx_rcc.o
    0x08001360   0x08001360   0x00000024   Code   RO         1875    i.RCC_SystickCmd    sc32f1xxx_rcc.o
    0x08001384   0x08001384   0x0000001c   Code   RO         1877    i.RCC_SystickSetCounter  sc32f1xxx_rcc.o
    0x080013a0   0x080013a0   0x00000018   Code   RO         1878    i.RCC_Unlock        sc32f1xxx_rcc.o
    0x080013b8   0x080013b8   0x00000058   Code   RO          518    i.SC_ADC_Init       sc_init.o
    0x08001410   0x08001410   0x00000074   Code   RO          523    i.SC_DMA0_Init      sc_init.o
    0x08001484   0x08001484   0x00000070   Code   RO          524    i.SC_DMA1_Init      sc_init.o
    0x080014f4   0x080014f4   0x0000019c   Code   RO          528    i.SC_GPIO_Init      sc_init.o
    0x08001690   0x08001690   0x0000003c   Code   RO          531    i.SC_Init           sc_init.o
    0x080016cc   0x080016cc   0x00000024   Code   RO          540    i.SC_OPTION_Init    sc_init.o
    0x080016f0   0x080016f0   0x000000c0   Code   RO          543    i.SC_PWM0_Init      sc_init.o
    0x080017b0   0x080017b0   0x0000005c   Code   RO          547    i.SC_RCC_Init       sc_init.o
    0x0800180c   0x0800180c   0x00000026   Code   RO          551    i.SC_SYSTICK_Init   sc_init.o
    0x08001832   0x08001832   0x00000002   PAD
    0x08001834   0x08001834   0x00000098   Code   RO          553    i.SC_TIM1_Init      sc_init.o
    0x080018cc   0x080018cc   0x00000094   Code   RO          554    i.SC_TIM2_Init      sc_init.o
    0x08001960   0x08001960   0x00000094   Code   RO          555    i.SC_TIM3_Init      sc_init.o
    0x080019f4   0x080019f4   0x000000a4   Code   RO          560    i.SC_TWI0_Init      sc_init.o
    0x08001a98   0x08001a98   0x000000bc   Code   RO          564    i.SC_UART1_Init     sc_init.o
    0x08001b54   0x08001b54   0x000000a8   Code   RO          565    i.SC_UART2_Init     sc_init.o
    0x08001bfc   0x08001bfc   0x00000002   Code   RO          257    i.SPI0_IRQHandler   sc_it.o
    0x08001bfe   0x08001bfe   0x00000002   Code   RO          259    i.SPI1_IRQHandler   sc_it.o
    0x08001c00   0x08001c00   0x00000058   Code   RO         2342    i.Setting_Connect_Work  mqtt.o
    0x08001c58   0x08001c58   0x00000002   Code   RO          261    i.SysTick_IRQHandler  sc_it.o
    0x08001c5a   0x08001c5a   0x00000002   PAD
    0x08001c5c   0x08001c5c   0x00000010   Code   RO          215    i.SystemInit        system_sc32f1xxx.o
    0x08001c6c   0x08001c6c   0x0000003c   Code   RO          957    i.TIM3_IRQHandler   uart_communication_dma.o
    0x08001ca8   0x08001ca8   0x00000002   Code   RO          262    i.TIMER0_IRQHandler  sc_it.o
    0x08001caa   0x08001caa   0x00000002   PAD
    0x08001cac   0x08001cac   0x00000010   Code   RO          263    i.TIMER1_IRQHandler  sc_it.o
    0x08001cbc   0x08001cbc   0x00000010   Code   RO          264    i.TIMER2_IRQHandler  sc_it.o
    0x08001ccc   0x08001ccc   0x00000014   Code   RO          265    i.TIMER3_IRQHandler  sc_it.o
    0x08001ce0   0x08001ce0   0x00000002   Code   RO          266    i.TIMER4_5_IRQHandler  sc_it.o
    0x08001ce2   0x08001ce2   0x00000002   Code   RO          267    i.TIMER6_7_IRQHandler  sc_it.o
    0x08001ce4   0x08001ce4   0x00000004   Code   RO         1284    i.TIM_ClearFlag     sc32f1xxx_tim.o
    0x08001ce8   0x08001ce8   0x0000001c   Code   RO         1286    i.TIM_Cmd           sc32f1xxx_tim.o
    0x08001d04   0x08001d04   0x0000001a   Code   RO         1287    i.TIM_DMACmd        sc32f1xxx_tim.o
    0x08001d1e   0x08001d1e   0x00000014   Code   RO         1292    i.TIM_GetFlagStatus  sc32f1xxx_tim.o
    0x08001d32   0x08001d32   0x00000002   PAD
    0x08001d34   0x08001d34   0x0000001c   Code   RO         1295    i.TIM_ICCmd         sc32f1xxx_tim.o
    0x08001d50   0x08001d50   0x00000048   Code   RO         1296    i.TIM_ICInit        sc32f1xxx_tim.o
    0x08001d98   0x08001d98   0x0000001a   Code   RO         1298    i.TIM_ITConfig      sc32f1xxx_tim.o
    0x08001db2   0x08001db2   0x00000002   PAD
    0x08001db4   0x08001db4   0x00000064   Code   RO         1300    i.TIM_PWMInit       sc32f1xxx_tim.o
    0x08001e18   0x08001e18   0x0000002c   Code   RO         1301    i.TIM_PWMSetDuty    sc32f1xxx_tim.o
    0x08001e44   0x08001e44   0x00000028   Code   RO         1307    i.TIM_TIMBaseInit   sc32f1xxx_tim.o
    0x08001e6c   0x08001e6c   0x00000028   Code   RO         1041    i.TIM_TI_DMA_DMA0Handler  tim_ti_dma.o
    0x08001e94   0x08001e94   0x0000006c   Code   RO         2471    i.TKSlideModuleCHIs  sc32f10xx_HighSensitive_lib_T1Slider_V0.3.lib(sc32f10xx_tk_functionresource.o)
    0x08001f00   0x08001f00   0x00000354   Code   RO         2472    i.TKSlideModuleSensorRenovate  sc32f10xx_HighSensitive_lib_T1Slider_V0.3.lib(sc32f10xx_tk_functionresource.o)
    0x08002254   0x08002254   0x000001a4   Code   RO         2473    i.TK_BaseLineUpdataSW  sc32f10xx_HighSensitive_lib_T1Slider_V0.3.lib(sc32f10xx_tk_functionresource.o)
    0x080023f8   0x080023f8   0x0000007c   Code   RO         2474    i.TK_FilterAvergeDeal  sc32f10xx_HighSensitive_lib_T1Slider_V0.3.lib(sc32f10xx_tk_functionresource.o)
    0x08002474   0x08002474   0x00000054   Code   RO         2475    i.TK_FilterCommCode  sc32f10xx_HighSensitive_lib_T1Slider_V0.3.lib(sc32f10xx_tk_functionresource.o)
    0x080024c8   0x080024c8   0x000000c0   Code   RO         2476    i.TK_FilterDataDeal  sc32f10xx_HighSensitive_lib_T1Slider_V0.3.lib(sc32f10xx_tk_functionresource.o)
    0x08002588   0x08002588   0x0000002c   Code   RO         2477    i.TK_FilterIIRInit  sc32f10xx_HighSensitive_lib_T1Slider_V0.3.lib(sc32f10xx_tk_functionresource.o)
    0x080025b4   0x080025b4   0x0000000c   Code   RO         2202    i.TK_GetBaseLineAdjustValue  tkdriver.o
    0x080025c0   0x080025c0   0x0000000c   Code   RO         2203    i.TK_GetBaselineUpdateThreshold  tkdriver.o
    0x080025cc   0x080025cc   0x0000006c   Code   RO         2204    i.TK_GetCfgMsg      tkdriver.o
    0x08002638   0x08002638   0x00000004   Code   RO         2205    i.TK_GetCsFunction  tkdriver.o
    0x0800263c   0x0800263c   0x00000024   Code   RO         2206    i.TK_GetCurrFingerValue  tkdriver.o
    0x08002660   0x08002660   0x0000000c   Code   RO         2207    i.TK_GetInitAutoUpdateTime  tkdriver.o
    0x0800266c   0x0800266c   0x0000000c   Code   RO         2478    i.TK_GetIsNeedUpdateBaseline  sc32f10xx_HighSensitive_lib_T1Slider_V0.3.lib(sc32f10xx_tk_functionresource.o)
    0x08002678   0x08002678   0x00000014   Code   RO         2208    i.TK_GetScanTimeValue  tkdriver.o
    0x0800268c   0x0800268c   0x00000014   Code   RO         2209    i.TK_GetTKYzCnt     tkdriver.o
    0x080026a0   0x080026a0   0x0000001a   Code   RO         2210    i.TK_GetTKYzThreshold  tkdriver.o
    0x080026ba   0x080026ba   0x00000002   PAD
    0x080026bc   0x080026bc   0x0000000c   Code   RO         2211    i.TK_GetUpConfirmCnt  tkdriver.o
    0x080026c8   0x080026c8   0x00000008   Code   RO         2212    i.TK_IRQHandler     tkdriver.o
    0x080026d0   0x080026d0   0x00000174   Code   RO         2479    i.TK_Init           sc32f10xx_HighSensitive_lib_T1Slider_V0.3.lib(sc32f10xx_tk_functionresource.o)
    0x08002844   0x08002844   0x0000002c   Code   RO         2480    i.TK_InitializeBaselines  sc32f10xx_HighSensitive_lib_T1Slider_V0.3.lib(sc32f10xx_tk_functionresource.o)
    0x08002870   0x08002870   0x00000068   Code   RO         2481    i.TK_InitializeSensorFlag  sc32f10xx_HighSensitive_lib_T1Slider_V0.3.lib(sc32f10xx_tk_functionresource.o)
    0x080028d8   0x080028d8   0x0000000c   Code   RO         2213    i.TK_IsDoubleKeyOrSlideKey  tkdriver.o
    0x080028e4   0x080028e4   0x00000158   Code   RO         2482    i.TK_MultipleDeal   sc32f10xx_HighSensitive_lib_T1Slider_V0.3.lib(sc32f10xx_tk_functionresource.o)
    0x08002a3c   0x08002a3c   0x00000014   Code   RO         2483    i.TK_Restart        sc32f10xx_HighSensitive_lib_T1Slider_V0.3.lib(sc32f10xx_tk_functionresource.o)
    0x08002a50   0x08002a50   0x00000070   Code   RO         2484    i.TK_SensorKeyFlag  sc32f10xx_HighSensitive_lib_T1Slider_V0.3.lib(sc32f10xx_tk_functionresource.o)
    0x08002ac0   0x08002ac0   0x00000424   Code   RO         2485    i.TK_SensorRenovate  sc32f10xx_HighSensitive_lib_T1Slider_V0.3.lib(sc32f10xx_tk_functionresource.o)
    0x08002ee4   0x08002ee4   0x0000000c   Code   RO         2486    i.TK_SetNeedUpdateBaseline  sc32f10xx_HighSensitive_lib_T1Slider_V0.3.lib(sc32f10xx_tk_functionresource.o)
    0x08002ef0   0x08002ef0   0x0000000c   Code   RO         2214    i.TK_SetOneKeyPushResetTime  tkdriver.o
    0x08002efc   0x08002efc   0x0000008c   Code   RO         2487    i.TK_SingleChannel_ICHAAdjust  sc32f10xx_HighSensitive_lib_T1Slider_V0.3.lib(sc32f10xx_tk_functionresource.o)
    0x08002f88   0x08002f88   0x0000009c   Code   RO         2215    i.TK_SingleCurrentSensorChoose  tkdriver.o
    0x08003024   0x08003024   0x00000084   Code   RO         2216    i.TK_TouchKeyCFGInit  tkdriver.o
    0x080030a8   0x080030a8   0x00000198   Code   RO         2217    i.TK_TouchKeyScan   tkdriver.o
    0x08003240   0x08003240   0x00000148   Code   RO         2488    i.TK_TouchKey_Service  sc32f10xx_HighSensitive_lib_T1Slider_V0.3.lib(sc32f10xx_tk_functionresource.o)
    0x08003388   0x08003388   0x00000002   Code   RO          268    i.TWI0_IRQHandler   sc_it.o
    0x0800338a   0x0800338a   0x00000002   Code   RO          269    i.TWI1_IRQHandler   sc_it.o
    0x0800338c   0x0800338c   0x0000001c   Code   RO         1664    i.TWI_Cmd           sc32f1xxx_twi.o
    0x080033a8   0x080033a8   0x0000001a   Code   RO         1665    i.TWI_DMACmd        sc32f1xxx_twi.o
    0x080033c2   0x080033c2   0x0000001a   Code   RO         1673    i.TWI_ITConfig      sc32f1xxx_twi.o
    0x080033dc   0x080033dc   0x00000034   Code   RO         1674    i.TWI_Init          sc32f1xxx_twi.o
    0x08003410   0x08003410   0x00000028   Code   RO         1675    i.TWI_PinRemapConfig  sc32f1xxx_twi.o
    0x08003438   0x08003438   0x00000014   Code   RO          271    i.UART0_2_IRQHandler  sc_it.o
    0x0800344c   0x0800344c   0x00000014   Code   RO          273    i.UART1_3_IRQHandler  sc_it.o
    0x08003460   0x08003460   0x00000088   Code   RO         2343    i.UART1_Handler     mqtt.o
    0x080034e8   0x080034e8   0x00000118   Code   RO         1008    i.UART2_Handler     uart_communication.o
    0x08003600   0x08003600   0x00000004   Code   RO         1190    i.UART_ClearFlag    sc32f1xxx_uart.o
    0x08003604   0x08003604   0x0000001a   Code   RO         1191    i.UART_DMACmd       sc32f1xxx_uart.o
    0x0800361e   0x0800361e   0x00000002   PAD
    0x08003620   0x08003620   0x00000060   Code   RO          960    i.UART_DMA_Receive  uart_communication_dma.o
    0x08003680   0x08003680   0x00000040   Code   RO          961    i.UART_DMA_Send     uart_communication_dma.o
    0x080036c0   0x080036c0   0x00000014   Code   RO         1193    i.UART_GetFlagStatus  sc32f1xxx_uart.o
    0x080036d4   0x080036d4   0x0000001a   Code   RO         1194    i.UART_ITConfig     sc32f1xxx_uart.o
    0x080036ee   0x080036ee   0x00000002   PAD
    0x080036f0   0x080036f0   0x0000004c   Code   RO         1195    i.UART_Init         sc32f1xxx_uart.o
    0x0800373c   0x0800373c   0x00000024   Code   RO         1196    i.UART_PinRemapConfig  sc32f1xxx_uart.o
    0x08003760   0x08003760   0x0000001c   Code   RO         1197    i.UART_RXCmd        sc32f1xxx_uart.o
    0x0800377c   0x0800377c   0x0000000a   Code   RO         1198    i.UART_ReceiveData  sc32f1xxx_uart.o
    0x08003786   0x08003786   0x00000008   Code   RO         1199    i.UART_SendData     sc32f1xxx_uart.o
    0x0800378e   0x0800378e   0x00000002   PAD
    0x08003790   0x08003790   0x0000001c   Code   RO         1200    i.UART_TXCmd        sc32f1xxx_uart.o
    0x080037ac   0x080037ac   0x00000058   Code   RO         2344    i.USART_TxStr       mqtt.o
    0x08003804   0x08003804   0x00000048   Code   RO         2345    i.USER_Connect      mqtt.o
    0x0800384c   0x0800384c   0x00000084   Code   RO            6    i.UpdateDisplay     main.o
    0x080038d0   0x080038d0   0x00000010   Code   RO         2489    i.Usdelay           sc32f10xx_HighSensitive_lib_T1Slider_V0.3.lib(sc32f10xx_tk_functionresource.o)
    0x080038e0   0x080038e0   0x00000074   Code   RO         2346    i.WIFI_Connect      mqtt.o
    0x08003954   0x08003954   0x00000074   Code   RO         2347    i.WIFI_Init         mqtt.o
    0x080039c8   0x080039c8   0x00000084   Code   RO         2348    i.WIFI_Rst          mqtt.o
    0x08003a4c   0x08003a4c   0x00000020   Code   RO         2870    i.__0printf$8       mc_p.l(printf8.o)
    0x08003a6c   0x08003a6c   0x0000002e   Code   RO         3000    i.__ARM_clz         mf_p.l(depilogue.o)
    0x08003a9a   0x08003a9a   0x0000001c   Code   RO           53    i.__ARM_common_switch8  main.o
    0x08003ab6   0x08003ab6   0x00000002   PAD
    0x08003ab8   0x08003ab8   0x00000018   Code   RO          571    i.__NVIC_EnableIRQ  sc_init.o
    0x08003ad0   0x08003ad0   0x00000078   Code   RO          572    i.__NVIC_SetPriority  sc_init.o
    0x08003b48   0x08003b48   0x0000000e   Code   RO         3017    i.__scatterload_copy  mc_p.l(handlers.o)
    0x08003b56   0x08003b56   0x00000002   Code   RO         3018    i.__scatterload_null  mc_p.l(handlers.o)
    0x08003b58   0x08003b58   0x0000000e   Code   RO         3019    i.__scatterload_zeroinit  mc_p.l(handlers.o)
    0x08003b66   0x08003b66   0x00000002   PAD
    0x08003b68   0x08003b68   0x00000428   Code   RO         2877    i._printf_core      mc_p.l(printf8.o)
    0x08003f90   0x08003f90   0x00000020   Code   RO         2878    i._printf_post_padding  mc_p.l(printf8.o)
    0x08003fb0   0x08003fb0   0x0000002c   Code   RO         2879    i._printf_pre_padding  mc_p.l(printf8.o)
    0x08003fdc   0x08003fdc   0x00000024   Code   RO            7    i.fputc             main.o
    0x08004000   0x08004000   0x00000120   Code   RO            8    i.main              main.o
    0x08004120   0x08004120   0x00000060   Code   RO         2349    i.wait_OK           mqtt.o
    0x08004180   0x08004180   0x00000094   Data   RO         2219    .constdata          tkdriver.o
    0x08004214   0x08004214   0x00000384   Data   RO         2351    .constdata          mqtt.o
    0x08004598   0x08004598   0x00000020   Data   RO         3015    Region$$Table       anon$$obj.o


    Execution Region RW_IRAM1 (Exec base: 0x20000000, Load base: 0x080045b8, Size: 0x00000888, Max: 0x00002000, ABSOLUTE)

    Exec Addr    Load Addr    Size         Type   Attr      Idx    E Section Name        Object

    0x20000000   0x080045b8   0x00000018   Data   RW           10    .data               main.o
    0x20000018   0x080045d0   0x00000006   Data   RW          963    .data               uart_communication_dma.o
    0x2000001e   0x080045d6   0x00000002   Data   RW         1011    .data               uart_communication.o
    0x20000020   0x080045d8   0x00000001   Data   RW         1043    .data               tim_ti_dma.o
    0x20000021   0x080045d9   0x00000001   PAD
    0x20000022   0x080045da   0x00000081   Data   RW         2220    .data               tkdriver.o
    0x200000a3   0x0800465b   0x00000001   PAD
    0x200000a4   0x0800465c   0x00000020   Data   RW         2352    .data               mqtt.o
    0x200000c4   0x0800467c   0x00000019   Data   RW         2490    .data               sc32f10xx_HighSensitive_lib_T1Slider_V0.3.lib(sc32f10xx_tk_functionresource.o)
    0x200000dd   0x08004695   0x00000003   PAD
    0x200000e0   0x08004698   0x00000004   Data   RW         2980    .data               mc_p.l(stdout.o)
    0x200000e4        -       0x00000190   Zero   RW          962    .bss                uart_communication_dma.o
    0x20000274        -       0x000000c8   Zero   RW         1010    .bss                uart_communication.o
    0x2000033c        -       0x00000040   Zero   RW         2218    .bss                tkdriver.o
    0x2000037c        -       0x00000108   Zero   RW         2350    .bss                mqtt.o
    0x20000484   0x0800469c   0x00000004   PAD
    0x20000488        -       0x00000400   Zero   RW         2151    STACK               startup_sc32f10xx.o


==============================================================================

Image component sizes


      Code (inc. data)   RO Data    RW Data    ZI Data      Debug   Object Name

        20          4          0          0          0        487   buzzer.o
         8          0          0          0          0        441   compctrldefine.o
       604         86          0         24          0      90517   main.o
      1356        546        900         32        264       9378   mqtt.o
       130          4          0          0          0       3650   sc32f1xxx_adc.o
       162          4          0          0          0       5313   sc32f1xxx_dma.o
       224          0          0          0          0       2886   sc32f1xxx_gpio.o
       190          8          0          0          0       4319   sc32f1xxx_pwm.o
       948        110          0          0          0      10877   sc32f1xxx_rcc.o
       388         28          0          0          0       6232   sc32f1xxx_tim.o
       172         12          0          0          0       3274   sc32f1xxx_twi.o
       262         16          0          0          0       6115   sc32f1xxx_uart.o
      2258        138          0          0          0      19297   sc_init.o
       196         36          0          0          0      11066   sc_it.o
       104         46        192          0       1024        780   startup_sc32f10xx.o
        16          6          0          0          0        413   system_sc32f1xxx.o
        40         10          0          1          0       1121   tim_ti_dma.o
       990        152        148        129         64      13778   tkdriver.o
       280         30          0          2        200       1408   uart_communication.o
       220         42          0          6        400       2425   uart_communication_dma.o

    ----------------------------------------------------------------------
      8598       1278       1272        196       1956     193777   Object Totals
         0          0         32          0          0          0   (incl. Generated)
        30          0          0          2          4          0   (incl. Padding)

    ----------------------------------------------------------------------

      Code (inc. data)   RO Data    RW Data    ZI Data      Debug   Library Member Name

         0          0          0          0          0          0   entry.o
         0          0          0          0          0          0   entry10a.o
         0          0          0          0          0          0   entry11a.o
         4          0          0          0          0          0   entry12b.o
         8          4          0          0          0          0   entry2.o
         4          0          0          0          0          0   entry5.o
         0          0          0          0          0          0   entry7b.o
         0          0          0          0          0          0   entry8b.o
         8          4          0          0          0          0   entry9a.o
        30          0          0          0          0          0   handlers.o
        40          0          0          0          0         72   idiv.o
        36          8          0          0          0         68   init.o
         0          0          0          0          0          0   iusefp.o
        32          0          0          0          0         68   llshl.o
        38          0          0          0          0         68   llsshr.o
        34          0          0          0          0         68   llushr.o
        36          0          0          0          0         60   memcpya.o
        36          0          0          0          0        100   memseta.o
      1172         52          0          0          0        324   printf8.o
         0          0          0          4          0          0   stdout.o
        24          0          0          0          0         60   strcat.o
        14          0          0          0          0         60   strlen.o
        44          0          0          0          0         72   uidiv.o
        96          0          0          0          0         84   uldiv.o
        20          0          0          0          0         68   cfcmple.o
        20          0          0          0          0         68   cfrcmple.o
        56          0          0          0          0         68   d2f.o
       360          6          0          0          0        140   dadd.o
       240          6          0          0          0         84   ddiv.o
       236          0          0          0          0        216   depilogue.o
        40          6          0          0          0         68   dflti.o
        28          4          0          0          0         68   dfltui.o
       208          6          0          0          0         88   dmul.o
        40          0          0          0          0         60   f2d.o
       178          0          0          0          0        108   fadd.o
       124          0          0          0          0         72   fdiv.o
       130          0          0          0          0        144   fepilogue.o
        50          0          0          0          0         60   ffixi.o
        40          0          0          0          0         60   ffixui.o
        22          0          0          0          0         68   fflti.o
        14          0          0          0          0         68   ffltui.o
       122          0          0          0          0         72   fmul.o
      4388        376          0         25          0      87105   sc32f10xx_tk_functionresource.o

    ----------------------------------------------------------------------
      7978        472          0         32          0      89789   Library Totals
         6          0          0          3          0          0   (incl. Padding)

    ----------------------------------------------------------------------

      Code (inc. data)   RO Data    RW Data    ZI Data      Debug   Library Name

      1656         68          0          4          0       1104   mc_p.l
      1928         28          0          0          0       1580   mf_p.l
      4388        376          0         25          0      87105   sc32f10xx_HighSensitive_lib_T1Slider_V0.3.lib

    ----------------------------------------------------------------------
      7978        472          0         32          0      89789   Library Totals

    ----------------------------------------------------------------------

==============================================================================


      Code (inc. data)   RO Data    RW Data    ZI Data      Debug   

     16576       1750       1272        228       1956     274550   Grand Totals
     16576       1750       1272        228       1956     274550   ELF Image Totals
     16576       1750       1272        228          0          0   ROM Totals

==============================================================================

    Total RO  Size (Code + RO Data)                17848 (  17.43kB)
    Total RW  Size (RW Data + ZI Data)              2184 (   2.13kB)
    Total ROM Size (Code + RO Data + RW Data)      18076 (  17.65kB)

==============================================================================

