Component: ARM Compiler 5.06 update 7 (build 960) Tool: armlink [4d3601]

==============================================================================

Section Cross References

    main.o(i.DataProcessing) refers to main.o(.data) for TK_exKeyValueFlag
    main.o(i.Delay_ms) refers to main.o(i.Delay_us) for Delay_us
    main.o(i.Delay_us) refers to sc32f1xxx_tim.o(i.TIM_Cmd) for TIM_Cmd
    main.o(i.UpdateDisplay) refers to sc32f1xxx_gpio.o(i.GPIO_TogglePins) for GPIO_TogglePins
    main.o(i.UpdateDisplay) refers to sc32f1xxx_gpio.o(i.GPIO_SetBits) for GPIO_SetBits
    main.o(i.UpdateDisplay) refers to main.o(i.Delay_ms) for Delay_ms
    main.o(i.UpdateDisplay) refers to main.o(.data) for exKeyValue
    main.o(i.fputc) refers to sc32f1xxx_uart.o(i.UART_SendData) for UART_SendData
    main.o(i.fputc) refers to sc32f1xxx_uart.o(i.UART_GetFlagStatus) for UART_GetFlagStatus
    main.o(i.fputc) refers to sc32f1xxx_uart.o(i.UART_ClearFlag) for UART_ClearFlag
    main.o(i.main) refers to compctrldefine.o(i.IcResourceInit) for IcResourceInit
    main.o(i.main) refers to sc32f1xxx_tim.o(i.TIM_Cmd) for TIM_Cmd
    main.o(i.main) refers to buzzer.o(i.Buzzer_SetVolume) for Buzzer_SetVolume
    main.o(i.main) refers to sc32f10xx_tk_functionresource.o(i.TK_Init) for TK_Init
    main.o(i.main) refers to main.o(i.__ARM_common_switch8) for __ARM_common_switch8
    main.o(i.main) refers to sc32f1xxx_gpio.o(i.GPIO_ResetBits) for GPIO_ResetBits
    main.o(i.main) refers to sc32f1xxx_gpio.o(i.GPIO_SetBits) for GPIO_SetBits
    main.o(i.main) refers to tkdriver.o(i.TK_TouchKeyScan) for TK_TouchKeyScan
    main.o(i.main) refers to main.o(i.DataProcessing) for DataProcessing
    main.o(i.main) refers to main.o(i.UpdateDisplay) for UpdateDisplay
    main.o(i.main) refers to sc32f10xx_tk_functionresource.o(i.TK_Restart) for TK_Restart
    main.o(i.main) refers to uidiv.o(.text) for __aeabi_uidivmod
    main.o(i.main) refers to sc32f1xxx_gpio.o(i.GPIO_TogglePins) for GPIO_TogglePins
    main.o(i.main) refers to sc32f1xxx_gpio.o(i.GPIO_ReadDataBit) for GPIO_ReadDataBit
    main.o(i.main) refers to main.o(.data) for Task_state
    main.o(i.main) refers to tkdriver.o(.data) for TK_TouchKeyStatus
    sc_it.o(i.ADC_IRQHandler) refers to sc32f1xxx_adc.o(i.ADC_ClearFlag) for ADC_ClearFlag
    sc_it.o(i.DMA0_IRQHandler) refers to tim_ti_dma.o(i.TIM_TI_DMA_DMA0Handler) for TIM_TI_DMA_DMA0Handler
    sc_it.o(i.PWM0_IRQHandler) refers to sc32f1xxx_pwm.o(i.PWM_ClearFlag) for PWM_ClearFlag
    sc_it.o(i.TIMER1_IRQHandler) refers to sc32f1xxx_tim.o(i.TIM_ClearFlag) for TIM_ClearFlag
    sc_it.o(i.TIMER2_IRQHandler) refers to sc32f1xxx_tim.o(i.TIM_ClearFlag) for TIM_ClearFlag
    sc_it.o(i.TIMER3_IRQHandler) refers to sc32f1xxx_tim.o(i.TIM_ClearFlag) for TIM_ClearFlag
    sc_it.o(i.UART0_2_IRQHandler) refers to uart_communication.o(i.UART_Handler) for UART_Handler
    sc_it.o(i.UART0_2_IRQHandler) refers to sc32f1xxx_uart.o(i.UART_ClearFlag) for UART_ClearFlag
    sc_it.o(i.UART1_3_IRQHandler) refers to sc32f1xxx_uart.o(i.UART_ClearFlag) for UART_ClearFlag
    sc_init.o(i.SC_ADC_Init) refers to sc32f1xxx_adc.o(i.ADC_Init) for ADC_Init
    sc_init.o(i.SC_ADC_Init) refers to sc32f1xxx_adc.o(i.ADC_SetChannel) for ADC_SetChannel
    sc_init.o(i.SC_ADC_Init) refers to sc32f1xxx_adc.o(i.ADC_ITConfig) for ADC_ITConfig
    sc_init.o(i.SC_ADC_Init) refers to sc32f1xxx_adc.o(i.ADC_DMACmd) for ADC_DMACmd
    sc_init.o(i.SC_ADC_Init) refers to sc_init.o(i.__NVIC_SetPriority) for __NVIC_SetPriority
    sc_init.o(i.SC_ADC_Init) refers to sc_init.o(i.__NVIC_EnableIRQ) for __NVIC_EnableIRQ
    sc_init.o(i.SC_ADC_Init) refers to sc32f1xxx_adc.o(i.ADC_Cmd) for ADC_Cmd
    sc_init.o(i.SC_DMA0_Init) refers to sc32f1xxx_rcc.o(i.RCC_AHBPeriphClockCmd) for RCC_AHBPeriphClockCmd
    sc_init.o(i.SC_DMA0_Init) refers to sc32f1xxx_dma.o(i.DMA_Init) for DMA_Init
    sc_init.o(i.SC_DMA0_Init) refers to sc32f1xxx_dma.o(i.DMA_ITConfig) for DMA_ITConfig
    sc_init.o(i.SC_DMA0_Init) refers to sc32f1xxx_dma.o(i.DMA_DMACmd) for DMA_DMACmd
    sc_init.o(i.SC_DMA0_Init) refers to sc_init.o(i.__NVIC_SetPriority) for __NVIC_SetPriority
    sc_init.o(i.SC_DMA0_Init) refers to sc_init.o(i.__NVIC_EnableIRQ) for __NVIC_EnableIRQ
    sc_init.o(i.SC_DMA0_Init) refers to sc32f1xxx_dma.o(i.DMA_Cmd) for DMA_Cmd
    sc_init.o(i.SC_DMA0_Init) refers to tim_ti_dma.o(.bss) for TIM_TI_DMA_SrcData
    sc_init.o(i.SC_GPIO_Init) refers to sc32f1xxx_gpio.o(i.GPIO_Init) for GPIO_Init
    sc_init.o(i.SC_Init) refers to sc_init.o(i.SC_GPIO_Init) for SC_GPIO_Init
    sc_init.o(i.SC_Init) refers to sc_init.o(i.SC_OPTION_Init) for SC_OPTION_Init
    sc_init.o(i.SC_Init) refers to sc_init.o(i.SC_RCC_Init) for SC_RCC_Init
    sc_init.o(i.SC_Init) refers to sc_init.o(i.SC_SYSTICK_Init) for SC_SYSTICK_Init
    sc_init.o(i.SC_Init) refers to sc_init.o(i.SC_UART1_Init) for SC_UART1_Init
    sc_init.o(i.SC_Init) refers to sc_init.o(i.SC_UART2_Init) for SC_UART2_Init
[...]
    Removing sc32f1xxx_twi.o(i.TWI_StructInit), (16 bytes).
    Removing sc32f1xxx_option.o(.rev16_text), (4 bytes).
    Removing sc32f1xxx_option.o(.revsh_text), (4 bytes).
    Removing sc32f1xxx_option.o(i.OPTION_IAPPORA), (24 bytes).
    Removing sc32f1xxx_option.o(i.OPTION_IAPPORB), (24 bytes).
    Removing sc32f1xxx_option.o(i.OPTION_JTAGCmd), (44 bytes).
    Removing sc32f1xxx_option.o(i.OPTION_LVRConfig), (32 bytes).
    Removing sc32f1xxx_option.o(i.OPTION_WDTCmd), (40 bytes).
    Removing sc32f1xxx_rcc.o(.rev16_text), (4 bytes).
    Removing sc32f1xxx_rcc.o(.revsh_text), (4 bytes).
    Removing sc32f1xxx_rcc.o(i.RCC_AHBPeriphResetCmd), (32 bytes).
    Removing sc32f1xxx_rcc.o(i.RCC_APB0PeriphResetCmd), (32 bytes).
    Removing sc32f1xxx_rcc.o(i.RCC_APB1PeriphResetCmd), (32 bytes).
    Removing sc32f1xxx_rcc.o(i.RCC_APB2PeriphClockCmd), (32 bytes).
    Removing sc32f1xxx_rcc.o(i.RCC_APB2PeriphResetCmd), (32 bytes).
    Removing sc32f1xxx_rcc.o(i.RCC_BTMCLKConfig), (36 bytes).
    Removing sc32f1xxx_rcc.o(i.RCC_DeInit), (28 bytes).
    Removing sc32f1xxx_rcc.o(i.RCC_GetClocksFreq), (236 bytes).
    Removing sc32f1xxx_rcc.o(i.RCC_GetFlagStatus), (24 bytes).
    Removing sc32f1xxx_rcc.o(i.RCC_GetSYSCLKSource), (36 bytes).
    Removing sc32f1xxx_rcc.o(i.RCC_LCDLEDCLKConfig), (36 bytes).
    Removing sc32f1xxx_rcc.o(i.RCC_NMICmd), (44 bytes).
    Removing sc32f1xxx_rcc.o(i.RCC_PLLCmd), (48 bytes).
    Removing sc32f1xxx_rcc.o(i.RCC_PLLConfig), (56 bytes).
    Removing sc32f1xxx_rcc.o(i.RCC_PLLRCmd), (48 bytes).
    Removing sc32f1xxx_rcc.o(i.RCC_SystickGetFlagStatus), (28 bytes).
    Removing sc32f1xxx_rcc.o(i.RCC_WaitConfig), (40 bytes).
    Removing sc32f1xxx_gpio.o(.rev16_text), (4 bytes).
    Removing sc32f1xxx_gpio.o(.revsh_text), (4 bytes).
    Removing sc32f1xxx_gpio.o(i.GPIO_DeInit), (32 bytes).
    Removing sc32f1xxx_gpio.o(i.GPIO_ReadData), (8 bytes).
    Removing sc32f1xxx_gpio.o(i.GPIO_SetDriveLevel), (54 bytes).
    Removing sc32f1xxx_gpio.o(i.GPIO_Write), (4 bytes).
    Removing sc32f1xxx_gpio.o(i.GPIO_WriteBit), (20 bytes).
    Removing startup_sc32f10xx.o(HEAP), (512 bytes).
    Removing buzzer.o(.rev16_text), (4 bytes).
    Removing buzzer.o(.revsh_text), (4 bytes).
    Removing buzzer.o(i.Buzzer_Play), (400 bytes).
    Removing buzzer.o(i.PWM_SetHz), (72 bytes).
    Removing buzzer.o(i.test_Buzz), (140 bytes).
    Removing buzzer.o(.constdata), (5842 bytes).
    Removing buzzer.o(.data), (4 bytes).
    Removing tkdriver.o(.rev16_text), (4 bytes).
    Removing tkdriver.o(.revsh_text), (4 bytes).
    Removing sc32f10xx_tk_functionresource.o(.rev16_text), (4 bytes).
    Removing sc32f10xx_tk_functionresource.o(.revsh_text), (4 bytes).
    Removing dfixui.o(.text), (60 bytes).

203 unused section(s) (total 10062 bytes) removed from the image.

==============================================================================

Image Symbol Table

    Local Symbols

    Symbol Name                              Value     Ov Type        Size  Object(Section)

    ../clib/microlib/division.c              0x00000000   Number         0  uidiv.o ABSOLUTE
    ../clib/microlib/division.c              0x00000000   Number         0  idiv.o ABSOLUTE
    ../clib/microlib/init/entry.s            0x00000000   Number         0  entry7b.o ABSOLUTE
    ../clib/microlib/init/entry.s            0x00000000   Number         0  entry5.o ABSOLUTE
    ../clib/microlib/init/entry.s            0x00000000   Number         0  entry2.o ABSOLUTE
    ../clib/microlib/init/entry.s            0x00000000   Number         0  entry12b.o ABSOLUTE
    ../clib/microlib/init/entry.s            0x00000000   Number         0  entry12a.o ABSOLUTE
    ../clib/microlib/init/entry.s            0x00000000   Number         0  entry11b.o ABSOLUTE
    ../clib/microlib/init/entry.s            0x00000000   Number         0  entry8b.o ABSOLUTE
    ../clib/microlib/init/entry.s            0x00000000   Number         0  entry8a.o ABSOLUTE
    ../clib/microlib/init/entry.s            0x00000000   Number         0  entry11a.o ABSOLUTE
    ../clib/microlib/init/entry.s            0x00000000   Number         0  entry10b.o ABSOLUTE
    ../clib/microlib/init/entry.s            0x00000000   Number         0  entry.o ABSOLUTE
    ../clib/microlib/init/entry.s            0x00000000   Number         0  entry10a.o ABSOLUTE
    ../clib/microlib/init/entry.s            0x00000000   Number         0  entry9b.o ABSOLUTE
    ../clib/microlib/init/entry.s            0x00000000   Number         0  entry9a.o ABSOLUTE
    ../clib/microlib/init/entry.s            0x00000000   Number         0  entry7a.o ABSOLUTE
    ../clib/microlib/longlong.c              0x00000000   Number         0  llsshr.o ABSOLUTE
    ../clib/microlib/longlong.c              0x00000000   Number         0  llushr.o ABSOLUTE
    ../clib/microlib/longlong.c              0x00000000   Number         0  llshl.o ABSOLUTE
    ../clib/microlib/string/memcpy.c         0x00000000   Number         0  memcpyb.o ABSOLUTE
    ../clib/microlib/string/memcpy.c         0x00000000   Number         0  memcpya.o ABSOLUTE
    ../clib/microlib/string/memset.c         0x00000000   Number         0  memseta.o ABSOLUTE
    ../clib/microlib/stubs.s                 0x00000000   Number         0  iusefp.o ABSOLUTE
    ../fplib/microlib/d2f.c                  0x00000000   Number         0  d2f.o ABSOLUTE
    ../fplib/microlib/f2d.c                  0x00000000   Number         0  f2d.o ABSOLUTE
    ../fplib/microlib/fpadd.c                0x00000000   Number         0  fadd.o ABSOLUTE
    ../fplib/microlib/fpadd.c                0x00000000   Number         0  dadd.o ABSOLUTE
    ../fplib/microlib/fpdiv.c                0x00000000   Number         0  fdiv.o ABSOLUTE
    ../fplib/microlib/fpdiv.c                0x00000000   Number         0  ddiv.o ABSOLUTE
    ../fplib/microlib/fpepilogue.c           0x00000000   Number         0  depilogue.o ABSOLUTE
    ../fplib/microlib/fpepilogue.c           0x00000000   Number         0  fepilogue.o ABSOLUTE
    ../fplib/microlib/fpfix.c                0x00000000   Number         0  dfixui.o ABSOLUTE
    ../fplib/microlib/fpfix.c                0x00000000   Number         0  ffixi.o ABSOLUTE
    ../fplib/microlib/fpfix.c                0x00000000   Number         0  ffixui.o ABSOLUTE
    ../fplib/microlib/fpflt.c                0x00000000   Number         0  fflti.o ABSOLUTE
    ../fplib/microlib/fpflt.c                0x00000000   Number         0  ffltui.o ABSOLUTE
    ../fplib/microlib/fpflt.c                0x00000000   Number         0  dfltui.o ABSOLUTE
    ../fplib/microlib/fpflt.c                0x00000000   Number         0  dflti.o ABSOLUTE
    ../fplib/microlib/fpmul.c                0x00000000   Number         0  fmul.o ABSOLUTE
    ../fplib/microlib/fpmul.c                0x00000000   Number         0  dmul.o ABSOLUTE
    ..\Apps\TIM_TI_DMA.C                     0x00000000   Number         0  tim_ti_dma.o ABSOLUTE
    ..\Apps\UART_Communication.C             0x00000000   Number         0  uart_communication.o ABSOLUTE
    ..\Buzz\Src\Buzzer.c                     0x00000000   Number         0  buzzer.o ABSOLUTE
    ..\Drivers\TKDriver\C\TKDriver.C         0x00000000   Number         0  tkdriver.o ABSOLUTE
    ..\FWLib\SC32F1XXX_Lib\src\sc32f1xxx_adc.c 0x00000000   Number         0  sc32f1xxx_adc.o ABSOLUTE
    ..\FWLib\SC32F1XXX_Lib\src\sc32f1xxx_dma.c 0x00000000   Number         0  sc32f1xxx_dma.o ABSOLUTE
    ..\FWLib\SC32F1XXX_Lib\src\sc32f1xxx_gpio.c 0x00000000   Number         0  sc32f1xxx_gpio.o ABSOLUTE
    ..\FWLib\SC32F1XXX_Lib\src\sc32f1xxx_option.c 0x00000000   Number         0  sc32f1xxx_option.o ABSOLUTE
    ..\FWLib\SC32F1XXX_Lib\src\sc32f1xxx_pwm.c 0x00000000   Number         0  sc32f1xxx_pwm.o ABSOLUTE
    ..\FWLib\SC32F1XXX_Lib\src\sc32f1xxx_rcc.c 0x00000000   Number         0  sc32f1xxx_rcc.o ABSOLUTE
    ..\FWLib\SC32F1XXX_Lib\src\sc32f1xxx_tim.c 0x00000000   Number         0  sc32f1xxx_tim.o ABSOLUTE
    ..\FWLib\SC32F1XXX_Lib\src\sc32f1xxx_twi.c 0x00000000   Number         0  sc32f1xxx_twi.o ABSOLUTE
    ..\FWLib\SC32F1XXX_Lib\src\sc32f1xxx_uart.c 0x00000000   Number         0  sc32f1xxx_uart.o ABSOLUTE
    ..\User\CallBackFunction.c               0x00000000   Number         0  callbackfunction.o ABSOLUTE
    ..\User\CompCtrlDefine.c                 0x00000000   Number         0  compctrldefine.o ABSOLUTE
    ..\User\Delay.c                          0x00000000   Number         0  delay.o ABSOLUTE
    ..\User\SC_Init.c                        0x00000000   Number         0  sc_init.o ABSOLUTE
    ..\User\SC_it.c                          0x00000000   Number         0  sc_it.o ABSOLUTE
    ..\User\SysFunVarDefine.c                0x00000000   Number         0  sysfunvardefine.o ABSOLUTE
    ..\User\main.c                           0x00000000   Number         0  main.o ABSOLUTE
    ..\User\system_sc32f1xxx.c               0x00000000   Number         0  system_sc32f1xxx.o ABSOLUTE
    ..\\Apps\\TIM_TI_DMA.C                   0x00000000   Number         0  tim_ti_dma.o ABSOLUTE
    ..\\Apps\\UART_Communication.C           0x00000000   Number         0  uart_communication.o ABSOLUTE
    ..\\Buzz\\Src\\Buzzer.c                  0x00000000   Number         0  buzzer.o ABSOLUTE
    ..\\Drivers\\TKDriver\\C\\TKDriver.C     0x00000000   Number         0  tkdriver.o ABSOLUTE
    ..\\FWLib\\SC32F1XXX_Lib\\src\\sc32f1xxx_adc.c 0x00000000   Number         0  sc32f1xxx_adc.o ABSOLUTE
    ..\\FWLib\\SC32F1XXX_Lib\\src\\sc32f1xxx_dma.c 0x00000000   Number         0  sc32f1xxx_dma.o ABSOLUTE
    ..\\FWLib\\SC32F1XXX_Lib\\src\\sc32f1xxx_gpio.c 0x00000000   Number         0  sc32f1xxx_gpio.o ABSOLUTE
    ..\\FWLib\\SC32F1XXX_Lib\\src\\sc32f1xxx_option.c 0x00000000   Number         0  sc32f1xxx_option.o ABSOLUTE
    ..\\FWLib\\SC32F1XXX_Lib\\src\\sc32f1xxx_pwm.c 0x00000000   Number         0  sc32f1xxx_pwm.o ABSOLUTE
    ..\\FWLib\\SC32F1XXX_Lib\\src\\sc32f1xxx_rcc.c 0x00000000   Number         0  sc32f1xxx_rcc.o ABSOLUTE
    ..\\FWLib\\SC32F1XXX_Lib\\src\\sc32f1xxx_tim.c 0x00000000   Number         0  sc32f1xxx_tim.o ABSOLUTE
    ..\\FWLib\\SC32F1XXX_Lib\\src\\sc32f1xxx_twi.c 0x00000000   Number         0  sc32f1xxx_twi.o ABSOLUTE
    ..\\FWLib\\SC32F1XXX_Lib\\src\\sc32f1xxx_uart.c 0x00000000   Number         0  sc32f1xxx_uart.o ABSOLUTE
    ..\\User\\CallBackFunction.c             0x00000000   Number         0  callbackfunction.o ABSOLUTE
    ..\\User\\CompCtrlDefine.c               0x00000000   Number         0  compctrldefine.o ABSOLUTE
    ..\\User\\SC_Init.c                      0x00000000   Number         0  sc_init.o ABSOLUTE
    ..\\User\\SC_it.c                        0x00000000   Number         0  sc_it.o ABSOLUTE
    ..\\User\\SysFunVarDefine.c              0x00000000   Number         0  sysfunvardefine.o ABSOLUTE
    ..\\User\\main.c                         0x00000000   Number         0  main.o ABSOLUTE
    ..\\User\\system_sc32f1xxx.c             0x00000000   Number         0  system_sc32f1xxx.o ABSOLUTE
    LIB\\sc32f10xx_TK_FunctionResource.c     0x00000000   Number         0  sc32f10xx_tk_functionresource.o ABSOLUTE
    LIB\sc32f10xx_TK_FunctionResource.c      0x00000000   Number         0  sc32f10xx_tk_functionresource.o ABSOLUTE
    cfcmple.s                                0x00000000   Number         0  cfcmple.o ABSOLUTE
    cfrcmple.s                               0x00000000   Number         0  cfrcmple.o ABSOLUTE
    dc.s                                     0x00000000   Number         0  dc.o ABSOLUTE
    handlers.s                               0x00000000   Number         0  handlers.o ABSOLUTE
    init.s                                   0x00000000   Number         0  init.o ABSOLUTE
    startup_sc32f10xx.s                      0x00000000   Number         0  startup_sc32f10xx.o ABSOLUTE
    RESET                                    0x08000000   Section      192  startup_sc32f10xx.o(RESET)
    .ARM.Collect$$$$00000000                 0x080000c0   Section        0  entry.o(.ARM.Collect$$$$00000000)
    .ARM.Collect$$$$00000001                 0x080000c0   Section        4  entry2.o(.ARM.Collect$$$$00000001)
    .ARM.Collect$$$$00000004                 0x080000c4   Section        4  entry5.o(.ARM.Collect$$$$00000004)
    .ARM.Collect$$$$00000008                 0x080000c8   Section        0  entry7b.o(.ARM.Collect$$$$00000008)
    .ARM.Collect$$$$0000000A                 0x080000c8   Section        0  entry8b.o(.ARM.Collect$$$$0000000A)
    .ARM.Collect$$$$0000000B                 0x080000c8   Section        8  entry9a.o(.ARM.Collect$$$$0000000B)
    .ARM.Collect$$$$0000000E                 0x080000d0   Section        4  entry12b.o(.ARM.Collect$$$$0000000E)
    .ARM.Collect$$$$0000000F                 0x080000d4   Section        0  entry10a.o(.ARM.Collect$$$$0000000F)
    .ARM.Collect$$$$00000011                 0x080000d4   Section        0  entry11a.o(.ARM.Collect$$$$00000011)
    .ARM.Collect$$$$00002712                 0x080000d4   Section        4  entry2.o(.ARM.Collect$$$$00002712)
    __lit__00000000                          0x080000d4   Data           4  entry2.o(.ARM.Collect$$$$00002712)
    .text                                    0x080000d8   Section      104  startup_sc32f10xx.o(.text)
    .text                                    0x08000140   Section        0  uidiv.o(.text)
    .text                                    0x0800016c   Section        0  idiv.o(.text)
    .text                                    0x08000194   Section        0  fadd.o(.text)
    .text                                    0x08000246   Section        0  fmul.o(.text)
    .text                                    0x080002c0   Section        0  fdiv.o(.text)
    .text                                    0x0800033c   Section        0  dadd.o(.text)
    .text                                    0x080004a4   Section        0  dmul.o(.text)
    .text                                    0x08000574   Section        0  ddiv.o(.text)
    .text                                    0x08000664   Section        0  fflti.o(.text)
    .text                                    0x0800067a   Section        0  ffltui.o(.text)
    .text                                    0x08000688   Section        0  dflti.o(.text)
    .text                                    0x080006b0   Section        0  dfltui.o(.text)
    .text                                    0x080006cc   Section        0  ffixi.o(.text)
    .text                                    0x080006fe   Section        0  ffixui.o(.text)
    .text                                    0x08000726   Section        0  f2d.o(.text)
    .text                                    0x0800074e   Section        0  d2f.o(.text)
    .text                                    0x08000788   Section       20  cfcmple.o(.text)
    .text                                    0x0800079c   Section       20  cfrcmple.o(.text)
    .text                                    0x080007b0   Section        0  llshl.o(.text)
    .text                                    0x080007d0   Section        0  llushr.o(.text)
    .text                                    0x080007f2   Section        0  llsshr.o(.text)
    .text                                    0x08000818   Section        0  iusefp.o(.text)
    .text                                    0x08000818   Section        0  fepilogue.o(.text)
    .text                                    0x0800089a   Section        0  depilogue.o(.text)
    .text                                    0x08000958   Section       36  init.o(.text)
    i.ADC_ClearFlag                          0x0800097c   Section        0  sc32f1xxx_adc.o(i.ADC_ClearFlag)
    i.ADC_Cmd                                0x08000980   Section        0  sc32f1xxx_adc.o(i.ADC_Cmd)
    i.ADC_DMACmd                             0x0800099c   Section        0  sc32f1xxx_adc.o(i.ADC_DMACmd)
    i.ADC_IRQHandler                         0x080009b8   Section        0  sc_it.o(i.ADC_IRQHandler)
    i.ADC_ITConfig                           0x080009c8   Section        0  sc32f1xxx_adc.o(i.ADC_ITConfig)
    i.ADC_Init                               0x080009dc   Section        0  sc32f1xxx_adc.o(i.ADC_Init)
    i.ADC_SetChannel                         0x080009fc   Section        0  sc32f1xxx_adc.o(i.ADC_SetChannel)
    i.BTM_IRQHandler                         0x08000a0e   Section        0  sc_it.o(i.BTM_IRQHandler)
    i.Buzzer_SetVolume                       0x08000a10   Section        0  buzzer.o(i.Buzzer_SetVolume)
    i.CMP_IRQHandler                         0x08000a24   Section        0  sc_it.o(i.CMP_IRQHandler)
    i.DMA0_IRQHandler                        0x08000a26   Section        0  sc_it.o(i.DMA0_IRQHandler)
    i.DMA1_IRQHandler                        0x08000a2e   Section        0  sc_it.o(i.DMA1_IRQHandler)
    i.DMA2_IRQHandler                        0x08000a30   Section        0  sc_it.o(i.DMA2_IRQHandler)
    i.DMA3_IRQHandler                        0x08000a32   Section        0  sc_it.o(i.DMA3_IRQHandler)
    i.DMA_ClearFlag                          0x08000a34   Section        0  sc32f1xxx_dma.o(i.DMA_ClearFlag)
    i.DMA_Cmd                                0x08000a38   Section        0  sc32f1xxx_dma.o(i.DMA_Cmd)
    i.DMA_DMACmd                             0x08000a50   Section        0  sc32f1xxx_dma.o(i.DMA_DMACmd)
    i.DMA_GetFlagStatus                      0x08000a64   Section        0  sc32f1xxx_dma.o(i.DMA_GetFlagStatus)
    i.DMA_ITConfig                           0x08000a78   Section        0  sc32f1xxx_dma.o(i.DMA_ITConfig)
    i.DMA_Init                               0x08000a8c   Section        0  sc32f1xxx_dma.o(i.DMA_Init)
    i.DataProcessing                         0x08000ac4   Section        0  main.o(i.DataProcessing)
    i.Delay_ms                               0x08000af8   Section        0  main.o(i.Delay_ms)
    i.Delay_us                               0x08000b10   Section        0  main.o(i.Delay_us)
    i.GPIO_Init                              0x08000b3c   Section        0  sc32f1xxx_gpio.o(i.GPIO_Init)
    i.GPIO_ReadDataBit                       0x08000bac   Section        0  sc32f1xxx_gpio.o(i.GPIO_ReadDataBit)
    i.GPIO_ResetBits                         0x08000bbe   Section        0  sc32f1xxx_gpio.o(i.GPIO_ResetBits)
    i.GPIO_SetBits                           0x08000be0   Section        0  sc32f1xxx_gpio.o(i.GPIO_SetBits)
    i.GPIO_TogglePins                        0x08000c02   Section        0  sc32f1xxx_gpio.o(i.GPIO_TogglePins)
    i.INT0_IRQHandler                        0x08000c2e   Section        0  sc_it.o(i.INT0_IRQHandler)
    i.INT12_15_IRQHandler                    0x08000c30   Section        0  sc_it.o(i.INT12_15_IRQHandler)
    i.INT1_7_IRQHandler                      0x08000c32   Section        0  sc_it.o(i.INT1_7_IRQHandler)
    i.INT8_11_IRQHandler                     0x08000c34   Section        0  sc_it.o(i.INT8_11_IRQHandler)
    i.IcResourceInit                         0x08000c36   Section        0  compctrldefine.o(i.IcResourceInit)
    i.LEDPWM_IRQHandler                      0x08000c3e   Section        0  sc_it.o(i.LEDPWM_IRQHandler)
    i.PWM0_IRQHandler                        0x08000c40   Section        0  sc_it.o(i.PWM0_IRQHandler)
    i.PWM_ClearFlag                          0x08000c50   Section        0  sc32f1xxx_pwm.o(i.PWM_ClearFlag)
    i.PWM_Cmd                                0x08000c54   Section        0  sc32f1xxx_pwm.o(i.PWM_Cmd)
    i.PWM_FDCmd                              0x08000c70   Section        0  sc32f1xxx_pwm.o(i.PWM_FDCmd)
    i.PWM_FDInit                             0x08000c8c   Section        0  sc32f1xxx_pwm.o(i.PWM_FDInit)
    i.PWM_ITConfig                           0x08000ca6   Section        0  sc32f1xxx_pwm.o(i.PWM_ITConfig)
    i.PWM_Init                               0x08000cc0   Section        0  sc32f1xxx_pwm.o(i.PWM_Init)
    i.PWM_SetDuty                            0x08000ce8   Section        0  sc32f1xxx_pwm.o(i.PWM_SetDuty)
    i.RCC_AHBPeriphClockCmd                  0x08000d10   Section        0  sc32f1xxx_rcc.o(i.RCC_AHBPeriphClockCmd)
    i.RCC_APB0Cmd                            0x08000d30   Section        0  sc32f1xxx_rcc.o(i.RCC_APB0Cmd)
    i.RCC_APB0Config                         0x08000d58   Section        0  sc32f1xxx_rcc.o(i.RCC_APB0Config)
    i.RCC_APB0PeriphClockCmd                 0x08000d74   Section        0  sc32f1xxx_rcc.o(i.RCC_APB0PeriphClockCmd)
    i.RCC_APB1Cmd                            0x08000d94   Section        0  sc32f1xxx_rcc.o(i.RCC_APB1Cmd)
    i.RCC_APB1Config                         0x08000dbc   Section        0  sc32f1xxx_rcc.o(i.RCC_APB1Config)
    i.RCC_APB1PeriphClockCmd                 0x08000dd8   Section        0  sc32f1xxx_rcc.o(i.RCC_APB1PeriphClockCmd)
    i.RCC_APB2Cmd                            0x08000df8   Section        0  sc32f1xxx_rcc.o(i.RCC_APB2Cmd)
    i.RCC_APB2Config                         0x08000e20   Section        0  sc32f1xxx_rcc.o(i.RCC_APB2Config)
    i.RCC_HCLKConfig                         0x08000e3c   Section        0  sc32f1xxx_rcc.o(i.RCC_HCLKConfig)
    i.RCC_HIRCCmd                            0x08000e58   Section        0  sc32f1xxx_rcc.o(i.RCC_HIRCCmd)
    i.RCC_HXTCmd                             0x08000e88   Section        0  sc32f1xxx_rcc.o(i.RCC_HXTCmd)
    i.RCC_IRQHandler                         0x08000eb8   Section        0  sc_it.o(i.RCC_IRQHandler)
    i.RCC_ITConfig                           0x08000ebc   Section        0  sc32f1xxx_rcc.o(i.RCC_ITConfig)
    i.RCC_LIRCCmd                            0x08000ef0   Section        0  sc32f1xxx_rcc.o(i.RCC_LIRCCmd)
    i.RCC_LXTCmd                             0x08000f20   Section        0  sc32f1xxx_rcc.o(i.RCC_LXTCmd)
    i.RCC_SYSCLKConfig                       0x08000f50   Section        0  sc32f1xxx_rcc.o(i.RCC_SYSCLKConfig)
    i.RCC_SystickCLKConfig                   0x08001028   Section        0  sc32f1xxx_rcc.o(i.RCC_SystickCLKConfig)
    i.RCC_SystickCmd                         0x08001070   Section        0  sc32f1xxx_rcc.o(i.RCC_SystickCmd)
    i.RCC_SystickSetCounter                  0x08001094   Section        0  sc32f1xxx_rcc.o(i.RCC_SystickSetCounter)
    i.RCC_Unlock                             0x080010b0   Section        0  sc32f1xxx_rcc.o(i.RCC_Unlock)
    i.SC_ADC_Init                            0x080010c8   Section        0  sc_init.o(i.SC_ADC_Init)
    i.SC_DMA0_Init                           0x08001120   Section        0  sc_init.o(i.SC_DMA0_Init)
    i.SC_GPIO_Init                           0x080011c0   Section        0  sc_init.o(i.SC_GPIO_Init)
    i.SC_Init                                0x08001344   Section        0  sc_init.o(i.SC_Init)
    i.SC_OPTION_Init                         0x0800137c   Section        0  sc_init.o(i.SC_OPTION_Init)
    i.SC_PWM0_Init                           0x080013a0   Section        0  sc_init.o(i.SC_PWM0_Init)
    i.SC_RCC_Init                            0x08001460   Section        0  sc_init.o(i.SC_RCC_Init)
    i.SC_SYSTICK_Init                        0x080014bc   Section        0  sc_init.o(i.SC_SYSTICK_Init)
    i.SC_TIM1_Init                           0x080014e4   Section        0  sc_init.o(i.SC_TIM1_Init)
    i.SC_TIM2_Init                           0x0800157c   Section        0  sc_init.o(i.SC_TIM2_Init)
    i.SC_TIM3_Init                           0x08001610   Section        0  sc_init.o(i.SC_TIM3_Init)
    i.SC_TWI0_Init                           0x08001694   Section        0  sc_init.o(i.SC_TWI0_Init)
    i.SC_UART1_Init                          0x08001738   Section        0  sc_init.o(i.SC_UART1_Init)
    i.SC_UART2_Init                          0x080017e4   Section        0  sc_init.o(i.SC_UART2_Init)
    i.SPI0_IRQHandler                        0x0800188c   Section        0  sc_it.o(i.SPI0_IRQHandler)
    i.SPI1_IRQHandler                        0x0800188e   Section        0  sc_it.o(i.SPI1_IRQHandler)
    i.SysTick_IRQHandler                     0x08001890   Section        0  sc_it.o(i.SysTick_IRQHandler)
    i.SystemInit                             0x08001894   Section        0  system_sc32f1xxx.o(i.SystemInit)
    i.TIMER0_IRQHandler                      0x080018a4   Section        0  sc_it.o(i.TIMER0_IRQHandler)
    i.TIMER1_IRQHandler                      0x080018a8   Section        0  sc_it.o(i.TIMER1_IRQHandler)
    i.TIMER2_IRQHandler                      0x080018b8   Section        0  sc_it.o(i.TIMER2_IRQHandler)
    i.TIMER3_IRQHandler                      0x080018c8   Section        0  sc_it.o(i.TIMER3_IRQHandler)
    i.TIMER4_5_IRQHandler                    0x080018d8   Section        0  sc_it.o(i.TIMER4_5_IRQHandler)
    i.TIMER6_7_IRQHandler                    0x080018da   Section        0  sc_it.o(i.TIMER6_7_IRQHandler)
    i.TIM_ClearFlag                          0x080018dc   Section        0  sc32f1xxx_tim.o(i.TIM_ClearFlag)
    i.TIM_Cmd                                0x080018e0   Section        0  sc32f1xxx_tim.o(i.TIM_Cmd)
    i.TIM_DMACmd                             0x080018fc   Section        0  sc32f1xxx_tim.o(i.TIM_DMACmd)
    i.TIM_ICCmd                              0x08001918   Section        0  sc32f1xxx_tim.o(i.TIM_ICCmd)
    i.TIM_ICInit                             0x08001934   Section        0  sc32f1xxx_tim.o(i.TIM_ICInit)
    i.TIM_ITConfig                           0x0800197c   Section        0  sc32f1xxx_tim.o(i.TIM_ITConfig)
    i.TIM_PWMInit                            0x08001998   Section        0  sc32f1xxx_tim.o(i.TIM_PWMInit)
    i.TIM_PWMSetDuty                         0x080019fc   Section        0  sc32f1xxx_tim.o(i.TIM_PWMSetDuty)
    i.TIM_TIMBaseInit                        0x08001a28   Section        0  sc32f1xxx_tim.o(i.TIM_TIMBaseInit)
    i.TIM_TI_DMA_DMA0Handler                 0x08001a50   Section        0  tim_ti_dma.o(i.TIM_TI_DMA_DMA0Handler)
    i.TKSlideModuleCHIs                      0x08001a78   Section        0  sc32f10xx_tk_functionresource.o(i.TKSlideModuleCHIs)
    i.TKSlideModuleSensorRenovate            0x08001ae4   Section        0  sc32f10xx_tk_functionresource.o(i.TKSlideModuleSensorRenovate)
    i.TK_BaseLineUpdataSW                    0x08001e38   Section        0  sc32f10xx_tk_functionresource.o(i.TK_BaseLineUpdataSW)
    i.TK_FilterAvergeDeal                    0x08001fdc   Section        0  sc32f10xx_tk_functionresource.o(i.TK_FilterAvergeDeal)
    i.TK_FilterCommCode                      0x08002058   Section        0  sc32f10xx_tk_functionresource.o(i.TK_FilterCommCode)
    i.TK_FilterDataDeal                      0x080020ac   Section        0  sc32f10xx_tk_functionresource.o(i.TK_FilterDataDeal)
    i.TK_FilterIIRInit                       0x0800216c   Section        0  sc32f10xx_tk_functionresource.o(i.TK_FilterIIRInit)
    i.TK_GetBaseLineAdjustValue              0x08002198   Section        0  tkdriver.o(i.TK_GetBaseLineAdjustValue)
    i.TK_GetBaselineUpdateThreshold          0x080021a4   Section        0  tkdriver.o(i.TK_GetBaselineUpdateThreshold)
    i.TK_GetCfgMsg                           0x080021b0   Section        0  tkdriver.o(i.TK_GetCfgMsg)
    i.TK_GetCsFunction                       0x0800221c   Section        0  tkdriver.o(i.TK_GetCsFunction)
    i.TK_GetCurrFingerValue                  0x08002220   Section        0  tkdriver.o(i.TK_GetCurrFingerValue)
    i.TK_GetInitAutoUpdateTime               0x08002244   Section        0  tkdriver.o(i.TK_GetInitAutoUpdateTime)
    i.TK_GetIsNeedUpdateBaseline             0x08002250   Section        0  sc32f10xx_tk_functionresource.o(i.TK_GetIsNeedUpdateBaseline)
    i.TK_GetScanTimeValue                    0x0800225c   Section        0  tkdriver.o(i.TK_GetScanTimeValue)
    i.TK_GetTKYzCnt                          0x08002270   Section        0  tkdriver.o(i.TK_GetTKYzCnt)
    i.TK_GetTKYzThreshold                    0x08002284   Section        0  tkdriver.o(i.TK_GetTKYzThreshold)
    i.TK_GetUpConfirmCnt                     0x080022a0   Section        0  tkdriver.o(i.TK_GetUpConfirmCnt)
    i.TK_IRQHandler                          0x080022ac   Section        0  tkdriver.o(i.TK_IRQHandler)
    i.TK_Init                                0x080022b4   Section        0  sc32f10xx_tk_functionresource.o(i.TK_Init)
    i.TK_InitializeBaselines                 0x08002428   Section        0  sc32f10xx_tk_functionresource.o(i.TK_InitializeBaselines)
    i.TK_InitializeSensorFlag                0x08002454   Section        0  sc32f10xx_tk_functionresource.o(i.TK_InitializeSensorFlag)
    i.TK_IsDoubleKeyOrSlideKey               0x080024bc   Section        0  tkdriver.o(i.TK_IsDoubleKeyOrSlideKey)
    i.TK_MultipleDeal                        0x080024c8   Section        0  sc32f10xx_tk_functionresource.o(i.TK_MultipleDeal)
    i.TK_Restart                             0x08002620   Section        0  sc32f10xx_tk_functionresource.o(i.TK_Restart)
    i.TK_SensorKeyFlag                       0x08002634   Section        0  sc32f10xx_tk_functionresource.o(i.TK_SensorKeyFlag)
    i.TK_SensorRenovate                      0x080026a4   Section        0  sc32f10xx_tk_functionresource.o(i.TK_SensorRenovate)
    i.TK_SetNeedUpdateBaseline               0x08002ac8   Section        0  sc32f10xx_tk_functionresource.o(i.TK_SetNeedUpdateBaseline)
    i.TK_SetOneKeyPushResetTime              0x08002ad4   Section        0  tkdriver.o(i.TK_SetOneKeyPushResetTime)
    i.TK_SingleChannel_ICHAAdjust            0x08002ae0   Section        0  sc32f10xx_tk_functionresource.o(i.TK_SingleChannel_ICHAAdjust)
    i.TK_SingleCurrentSensorChoose           0x08002b6c   Section        0  tkdriver.o(i.TK_SingleCurrentSensorChoose)
    i.TK_TouchKeyCFGInit                     0x08002c08   Section        0  tkdriver.o(i.TK_TouchKeyCFGInit)
    i.TK_TouchKeyScan                        0x08002c8c   Section        0  tkdriver.o(i.TK_TouchKeyScan)
    i.TK_TouchKey_Service                    0x08002e24   Section        0  sc32f10xx_tk_functionresource.o(i.TK_TouchKey_Service)
    i.TWI0_IRQHandler                        0x08002f6c   Section        0  sc_it.o(i.TWI0_IRQHandler)
    i.TWI1_IRQHandler                        0x08002f6e   Section        0  sc_it.o(i.TWI1_IRQHandler)
    i.TWI_Cmd                                0x08002f70   Section        0  sc32f1xxx_twi.o(i.TWI_Cmd)
    i.TWI_DMACmd                             0x08002f8c   Section        0  sc32f1xxx_twi.o(i.TWI_DMACmd)
    i.TWI_ITConfig                           0x08002fa6   Section        0  sc32f1xxx_twi.o(i.TWI_ITConfig)
    i.TWI_Init                               0x08002fc0   Section        0  sc32f1xxx_twi.o(i.TWI_Init)
    i.TWI_PinRemapConfig                     0x08002ff4   Section        0  sc32f1xxx_twi.o(i.TWI_PinRemapConfig)
    i.UART0_2_IRQHandler                     0x0800301c   Section        0  sc_it.o(i.UART0_2_IRQHandler)
    i.UART1_3_IRQHandler                     0x08003030   Section        0  sc_it.o(i.UART1_3_IRQHandler)
    i.UART_ClearFlag                         0x08003040   Section        0  sc32f1xxx_uart.o(i.UART_ClearFlag)
    i.UART_DMACmd                            0x08003044   Section        0  sc32f1xxx_uart.o(i.UART_DMACmd)
    i.UART_GetFlagStatus                     0x0800305e   Section        0  sc32f1xxx_uart.o(i.UART_GetFlagStatus)
    i.UART_Handler                           0x08003074   Section        0  uart_communication.o(i.UART_Handler)
    i.UART_ITConfig                          0x0800318c   Section        0  sc32f1xxx_uart.o(i.UART_ITConfig)
    i.UART_Init                              0x080031a8   Section        0  sc32f1xxx_uart.o(i.UART_Init)
    i.UART_PinRemapConfig                    0x080031f4   Section        0  sc32f1xxx_uart.o(i.UART_PinRemapConfig)
    i.UART_RXCmd                             0x08003218   Section        0  sc32f1xxx_uart.o(i.UART_RXCmd)
    i.UART_ReceiveData                       0x08003234   Section        0  sc32f1xxx_uart.o(i.UART_ReceiveData)
    i.UART_SendData                          0x0800323e   Section        0  sc32f1xxx_uart.o(i.UART_SendData)
    i.UART_TXCmd                             0x08003248   Section        0  sc32f1xxx_uart.o(i.UART_TXCmd)
    i.UpdateDisplay                          0x08003264   Section        0  main.o(i.UpdateDisplay)
    i.Usdelay                                0x080032e0   Section        0  sc32f10xx_tk_functionresource.o(i.Usdelay)
    i.__ARM_clz                              0x080032f0   Section        0  depilogue.o(i.__ARM_clz)
    i.__ARM_common_switch8                   0x0800331e   Section        0  main.o(i.__ARM_common_switch8)
    i.__NVIC_EnableIRQ                       0x0800333c   Section        0  sc_init.o(i.__NVIC_EnableIRQ)
    __NVIC_EnableIRQ                         0x0800333d   Thumb Code    18  sc_init.o(i.__NVIC_EnableIRQ)
    i.__NVIC_SetPriority                     0x08003354   Section        0  sc_init.o(i.__NVIC_SetPriority)
    __NVIC_SetPriority                       0x08003355   Thumb Code   110  sc_init.o(i.__NVIC_SetPriority)
    i.__scatterload_copy                     0x080033cc   Section       14  handlers.o(i.__scatterload_copy)
    i.__scatterload_null                     0x080033da   Section        2  handlers.o(i.__scatterload_null)
    i.__scatterload_zeroinit                 0x080033dc   Section       14  handlers.o(i.__scatterload_zeroinit)
    i.main                                   0x080033ec   Section        0  main.o(i.main)
    .constdata                               0x08003528   Section      148  tkdriver.o(.constdata)
    .data                                    0x20000000   Section       20  main.o(.data)
    .data                                    0x20000014   Section        2  uart_communication.o(.data)
    RxIndex                                  0x20000014   Data           1  uart_communication.o(.data)
    UART_RxComplete                          0x20000015   Data           1  uart_communication.o(.data)
    .data                                    0x20000016   Section        1  tim_ti_dma.o(.data)
    TIM_DMA_Flag                             0x20000016   Data           1  tim_ti_dma.o(.data)
    .data                                    0x20000018   Section      129  tkdriver.o(.data)
    .data                                    0x2000009c   Section       25  sc32f10xx_tk_functionresource.o(.data)
    InitSensorCnt                            0x200000b4   Data           1  sc32f10xx_tk_functionresource.o(.data)
    .bss                                     0x200000b8   Section      200  uart_communication.o(.bss)
    UART_RxBuffer                            0x200000b8   Data         100  uart_communication.o(.bss)
    UART_TxBuffer                            0x2000011c   Data         100  uart_communication.o(.bss)
    .bss                                     0x20000180   Section      400  tim_ti_dma.o(.bss)
    .bss                                     0x20000310   Section       64  tkdriver.o(.bss)
    STACK                                    0x20000350   Section     1024  startup_sc32f10xx.o(STACK)

    Global Symbols

    Symbol Name                              Value     Ov Type        Size  Object(Section)

    BuildAttributes$$THM_ISAv3M$S$PE$A:L22$X:L11$S22$IEEE1$IW$USESV6$~STKCKD$USESV7$~SHL$OTIME$ROPI$EBA8$MICROLIB$REQ8$PRES8$EABIv2 0x00000000   Number         0  anon$$obj.o ABSOLUTE
    __ARM_use_no_argv                        0x00000000   Number         0  main.o ABSOLUTE
    __arm_fini_                               - Undefined Weak Reference
    __cpp_initialize__aeabi_                  - Undefined Weak Reference
    __cxa_finalize                            - Undefined Weak Reference
    __decompress                              - Undefined Weak Reference
    _clock_init                               - Undefined Weak Reference
    _microlib_exit                            - Undefined Weak Reference
    __Vectors_Size                           0x000000c0   Number         0  startup_sc32f10xx.o ABSOLUTE
    __Vectors                                0x08000000   Data           4  startup_sc32f10xx.o(RESET)
    __Vectors_End                            0x080000c0   Data           0  startup_sc32f10xx.o(RESET)
    __main                                   0x080000c1   Thumb Code     0  entry.o(.ARM.Collect$$$$00000000)
    _main_stk                                0x080000c1   Thumb Code     0  entry2.o(.ARM.Collect$$$$00000001)
    _main_scatterload                        0x080000c5   Thumb Code     0  entry5.o(.ARM.Collect$$$$00000004)
    __main_after_scatterload                 0x080000c9   Thumb Code     0  entry5.o(.ARM.Collect$$$$00000004)
    _main_clock                              0x080000c9   Thumb Code     0  entry7b.o(.ARM.Collect$$$$00000008)
    _main_cpp_init                           0x080000c9   Thumb Code     0  entry8b.o(.ARM.Collect$$$$0000000A)
    _main_init                               0x080000c9   Thumb Code     0  entry9a.o(.ARM.Collect$$$$0000000B)
    __rt_lib_shutdown_fini                   0x080000d1   Thumb Code     0  entry12b.o(.ARM.Collect$$$$0000000E)
    __rt_final_cpp                           0x080000d5   Thumb Code     0  entry10a.o(.ARM.Collect$$$$0000000F)
    __rt_final_exit                          0x080000d5   Thumb Code     0  entry11a.o(.ARM.Collect$$$$00000011)
    Reset_Handler                            0x080000d9   Thumb Code    38  startup_sc32f10xx.o(.text)
    NMI_Handler                              0x080000ff   Thumb Code     2  startup_sc32f10xx.o(.text)
    HardFault_Handler                        0x08000101   Thumb Code     2  startup_sc32f10xx.o(.text)
    MemManage_Handler                        0x08000103   Thumb Code     2  startup_sc32f10xx.o(.text)
    BusFault_Handler                         0x08000105   Thumb Code     2  startup_sc32f10xx.o(.text)
    UsageFault_Handler                       0x08000107   Thumb Code     2  startup_sc32f10xx.o(.text)
    SVC_Handler                              0x08000109   Thumb Code     2  startup_sc32f10xx.o(.text)
    DebugMon_Handler                         0x0800010b   Thumb Code     2  startup_sc32f10xx.o(.text)
    PendSV_Handler                           0x0800010d   Thumb Code     2  startup_sc32f10xx.o(.text)
    __aeabi_uidiv                            0x08000141   Thumb Code     0  uidiv.o(.text)
    __aeabi_uidivmod                         0x08000141   Thumb Code    44  uidiv.o(.text)
    __aeabi_idiv                             0x0800016d   Thumb Code     0  idiv.o(.text)
    __aeabi_idivmod                          0x0800016d   Thumb Code    40  idiv.o(.text)
    __aeabi_fadd                             0x08000195   Thumb Code   162  fadd.o(.text)
    __aeabi_fsub                             0x08000237   Thumb Code     8  fadd.o(.text)
    __aeabi_frsub                            0x0800023f   Thumb Code     8  fadd.o(.text)
    __aeabi_fmul                             0x08000247   Thumb Code   122  fmul.o(.text)
    __aeabi_fdiv                             0x080002c1   Thumb Code   124  fdiv.o(.text)
    __aeabi_dadd                             0x0800033d   Thumb Code   330  dadd.o(.text)
    __aeabi_dsub                             0x08000487   Thumb Code    12  dadd.o(.text)
    __aeabi_drsub                            0x08000493   Thumb Code    12  dadd.o(.text)
    __aeabi_dmul                             0x080004a5   Thumb Code   202  dmul.o(.text)
    __aeabi_ddiv                             0x08000575   Thumb Code   234  ddiv.o(.text)
    __aeabi_i2f                              0x08000665   Thumb Code    22  fflti.o(.text)
    __aeabi_ui2f                             0x0800067b   Thumb Code    14  ffltui.o(.text)
    __aeabi_i2d                              0x08000689   Thumb Code    34  dflti.o(.text)
    __aeabi_ui2d                             0x080006b1   Thumb Code    24  dfltui.o(.text)
    __aeabi_f2iz                             0x080006cd   Thumb Code    50  ffixi.o(.text)
    __aeabi_f2uiz                            0x080006ff   Thumb Code    40  ffixui.o(.text)
    __aeabi_f2d                              0x08000727   Thumb Code    40  f2d.o(.text)
    __aeabi_d2f                              0x0800074f   Thumb Code    56  d2f.o(.text)
    __aeabi_cfcmpeq                          0x08000789   Thumb Code     0  cfcmple.o(.text)
    __aeabi_cfcmple                          0x08000789   Thumb Code    20  cfcmple.o(.text)
    __aeabi_cfrcmple                         0x0800079d   Thumb Code    20  cfrcmple.o(.text)
    __aeabi_llsl                             0x080007b1   Thumb Code    32  llshl.o(.text)
    _ll_shift_l                              0x080007b1   Thumb Code     0  llshl.o(.text)
    __aeabi_llsr                             0x080007d1   Thumb Code    34  llushr.o(.text)
    _ll_ushift_r                             0x080007d1   Thumb Code     0  llushr.o(.text)
    __aeabi_lasr                             0x080007f3   Thumb Code    38  llsshr.o(.text)
    _ll_sshift_r                             0x080007f3   Thumb Code     0  llsshr.o(.text)
    __I$use$fp                               0x08000819   Thumb Code     0  iusefp.o(.text)
    _float_round                             0x08000819   Thumb Code    16  fepilogue.o(.text)
    _float_epilogue                          0x08000829   Thumb Code   114  fepilogue.o(.text)
    _double_round                            0x0800089b   Thumb Code    26  depilogue.o(.text)
    _double_epilogue                         0x080008b5   Thumb Code   164  depilogue.o(.text)
    __scatterload                            0x08000959   Thumb Code    28  init.o(.text)
    __scatterload_rt2                        0x08000959   Thumb Code     0  init.o(.text)
    ADC_ClearFlag                            0x0800097d   Thumb Code     4  sc32f1xxx_adc.o(i.ADC_ClearFlag)
    ADC_Cmd                                  0x08000981   Thumb Code    28  sc32f1xxx_adc.o(i.ADC_Cmd)
    ADC_DMACmd                               0x0800099d   Thumb Code    28  sc32f1xxx_adc.o(i.ADC_DMACmd)
    ADC_IRQHandler                           0x080009b9   Thumb Code    12  sc_it.o(i.ADC_IRQHandler)
    ADC_ITConfig                             0x080009c9   Thumb Code    20  sc32f1xxx_adc.o(i.ADC_ITConfig)
    ADC_Init                                 0x080009dd   Thumb Code    28  sc32f1xxx_adc.o(i.ADC_Init)
    ADC_SetChannel                           0x080009fd   Thumb Code    18  sc32f1xxx_adc.o(i.ADC_SetChannel)
    BTM_IRQHandler                           0x08000a0f   Thumb Code     2  sc_it.o(i.BTM_IRQHandler)
    Buzzer_SetVolume                         0x08000a11   Thumb Code    16  buzzer.o(i.Buzzer_SetVolume)
    CMP_IRQHandler                           0x08000a25   Thumb Code     2  sc_it.o(i.CMP_IRQHandler)
    DMA0_IRQHandler                          0x08000a27   Thumb Code     8  sc_it.o(i.DMA0_IRQHandler)
    DMA1_IRQHandler                          0x08000a2f   Thumb Code     2  sc_it.o(i.DMA1_IRQHandler)
    DMA2_IRQHandler                          0x08000a31   Thumb Code     2  sc_it.o(i.DMA2_IRQHandler)
    DMA3_IRQHandler                          0x08000a33   Thumb Code     2  sc_it.o(i.DMA3_IRQHandler)
    DMA_ClearFlag                            0x08000a35   Thumb Code     4  sc32f1xxx_dma.o(i.DMA_ClearFlag)
    DMA_Cmd                                  0x08000a39   Thumb Code    24  sc32f1xxx_dma.o(i.DMA_Cmd)
    DMA_DMACmd                               0x08000a51   Thumb Code    20  sc32f1xxx_dma.o(i.DMA_DMACmd)
    DMA_GetFlagStatus                        0x08000a65   Thumb Code    20  sc32f1xxx_dma.o(i.DMA_GetFlagStatus)
    DMA_ITConfig                             0x08000a79   Thumb Code    20  sc32f1xxx_dma.o(i.DMA_ITConfig)
    DMA_Init                                 0x08000a8d   Thumb Code    52  sc32f1xxx_dma.o(i.DMA_Init)
    DataProcessing                           0x08000ac5   Thumb Code    44  main.o(i.DataProcessing)
    Delay_ms                                 0x08000af9   Thumb Code    24  main.o(i.Delay_ms)
    Delay_us                                 0x08000b11   Thumb Code    38  main.o(i.Delay_us)
    GPIO_Init                                0x08000b3d   Thumb Code   112  sc32f1xxx_gpio.o(i.GPIO_Init)
    GPIO_ReadDataBit                         0x08000bad   Thumb Code    18  sc32f1xxx_gpio.o(i.GPIO_ReadDataBit)
    GPIO_ResetBits                           0x08000bbf   Thumb Code    34  sc32f1xxx_gpio.o(i.GPIO_ResetBits)
    GPIO_SetBits                             0x08000be1   Thumb Code    34  sc32f1xxx_gpio.o(i.GPIO_SetBits)
    GPIO_TogglePins                          0x08000c03   Thumb Code    44  sc32f1xxx_gpio.o(i.GPIO_TogglePins)
    INT0_IRQHandler                          0x08000c2f   Thumb Code     2  sc_it.o(i.INT0_IRQHandler)
    INT12_15_IRQHandler                      0x08000c31   Thumb Code     2  sc_it.o(i.INT12_15_IRQHandler)
    INT1_7_IRQHandler                        0x08000c33   Thumb Code     2  sc_it.o(i.INT1_7_IRQHandler)
    INT8_11_IRQHandler                       0x08000c35   Thumb Code     2  sc_it.o(i.INT8_11_IRQHandler)
    IcResourceInit                           0x08000c37   Thumb Code     8  compctrldefine.o(i.IcResourceInit)
    LEDPWM_IRQHandler                        0x08000c3f   Thumb Code     2  sc_it.o(i.LEDPWM_IRQHandler)
    PWM0_IRQHandler                          0x08000c41   Thumb Code    12  sc_it.o(i.PWM0_IRQHandler)
    PWM_ClearFlag                            0x08000c51   Thumb Code     4  sc32f1xxx_pwm.o(i.PWM_ClearFlag)
    PWM_Cmd                                  0x08000c55   Thumb Code    24  sc32f1xxx_pwm.o(i.PWM_Cmd)
    PWM_FDCmd                                0x08000c71   Thumb Code    24  sc32f1xxx_pwm.o(i.PWM_FDCmd)
    PWM_FDInit                               0x08000c8d   Thumb Code    26  sc32f1xxx_pwm.o(i.PWM_FDInit)
    PWM_ITConfig                             0x08000ca7   Thumb Code    26  sc32f1xxx_pwm.o(i.PWM_ITConfig)
    PWM_Init                                 0x08000cc1   Thumb Code    40  sc32f1xxx_pwm.o(i.PWM_Init)
    PWM_SetDuty                              0x08000ce9   Thumb Code    38  sc32f1xxx_pwm.o(i.PWM_SetDuty)
    RCC_AHBPeriphClockCmd                    0x08000d11   Thumb Code    28  sc32f1xxx_rcc.o(i.RCC_AHBPeriphClockCmd)
    RCC_APB0Cmd                              0x08000d31   Thumb Code    36  sc32f1xxx_rcc.o(i.RCC_APB0Cmd)
    RCC_APB0Config                           0x08000d59   Thumb Code    24  sc32f1xxx_rcc.o(i.RCC_APB0Config)
    RCC_APB0PeriphClockCmd                   0x08000d75   Thumb Code    28  sc32f1xxx_rcc.o(i.RCC_APB0PeriphClockCmd)
    RCC_APB1Cmd                              0x08000d95   Thumb Code    36  sc32f1xxx_rcc.o(i.RCC_APB1Cmd)
    RCC_APB1Config                           0x08000dbd   Thumb Code    24  sc32f1xxx_rcc.o(i.RCC_APB1Config)
    RCC_APB1PeriphClockCmd                   0x08000dd9   Thumb Code    28  sc32f1xxx_rcc.o(i.RCC_APB1PeriphClockCmd)
    RCC_APB2Cmd                              0x08000df9   Thumb Code    36  sc32f1xxx_rcc.o(i.RCC_APB2Cmd)
    RCC_APB2Config                           0x08000e21   Thumb Code    24  sc32f1xxx_rcc.o(i.RCC_APB2Config)
    RCC_HCLKConfig                           0x08000e3d   Thumb Code    24  sc32f1xxx_rcc.o(i.RCC_HCLKConfig)
    RCC_HIRCCmd                              0x08000e59   Thumb Code    42  sc32f1xxx_rcc.o(i.RCC_HIRCCmd)
    RCC_HXTCmd                               0x08000e89   Thumb Code    42  sc32f1xxx_rcc.o(i.RCC_HXTCmd)
    RCC_IRQHandler                           0x08000eb9   Thumb Code     2  sc_it.o(i.RCC_IRQHandler)
    RCC_ITConfig                             0x08000ebd   Thumb Code    46  sc32f1xxx_rcc.o(i.RCC_ITConfig)
    RCC_LIRCCmd                              0x08000ef1   Thumb Code    42  sc32f1xxx_rcc.o(i.RCC_LIRCCmd)
    RCC_LXTCmd                               0x08000f21   Thumb Code    42  sc32f1xxx_rcc.o(i.RCC_LXTCmd)
    RCC_SYSCLKConfig                         0x08000f51   Thumb Code   206  sc32f1xxx_rcc.o(i.RCC_SYSCLKConfig)
    RCC_SystickCLKConfig                     0x08001029   Thumb Code    62  sc32f1xxx_rcc.o(i.RCC_SystickCLKConfig)
    RCC_SystickCmd                           0x08001071   Thumb Code    32  sc32f1xxx_rcc.o(i.RCC_SystickCmd)
    RCC_SystickSetCounter                    0x08001095   Thumb Code    18  sc32f1xxx_rcc.o(i.RCC_SystickSetCounter)
    RCC_Unlock                               0x080010b1   Thumb Code    18  sc32f1xxx_rcc.o(i.RCC_Unlock)
    SC_ADC_Init                              0x080010c9   Thumb Code    82  sc_init.o(i.SC_ADC_Init)
    SC_DMA0_Init                             0x08001121   Thumb Code   148  sc_init.o(i.SC_DMA0_Init)
    SC_GPIO_Init                             0x080011c1   Thumb Code   374  sc_init.o(i.SC_GPIO_Init)
    SC_Init                                  0x08001345   Thumb Code    56  sc_init.o(i.SC_Init)
    SC_OPTION_Init                           0x0800137d   Thumb Code    28  sc_init.o(i.SC_OPTION_Init)
    SC_PWM0_Init                             0x080013a1   Thumb Code   186  sc_init.o(i.SC_PWM0_Init)
    SC_RCC_Init                              0x08001461   Thumb Code    88  sc_init.o(i.SC_RCC_Init)
    SC_SYSTICK_Init                          0x080014bd   Thumb Code    38  sc_init.o(i.SC_SYSTICK_Init)
    SC_TIM1_Init                             0x080014e5   Thumb Code   148  sc_init.o(i.SC_TIM1_Init)
    SC_TIM2_Init                             0x0800157d   Thumb Code   142  sc_init.o(i.SC_TIM2_Init)
    SC_TIM3_Init                             0x08001611   Thumb Code   126  sc_init.o(i.SC_TIM3_Init)
    SC_TWI0_Init                             0x08001695   Thumb Code   154  sc_init.o(i.SC_TWI0_Init)
    SC_UART1_Init                            0x08001739   Thumb Code   160  sc_init.o(i.SC_UART1_Init)
    SC_UART2_Init                            0x080017e5   Thumb Code   150  sc_init.o(i.SC_UART2_Init)
    SPI0_IRQHandler                          0x0800188d   Thumb Code     2  sc_it.o(i.SPI0_IRQHandler)
    SPI1_IRQHandler                          0x0800188f   Thumb Code     2  sc_it.o(i.SPI1_IRQHandler)
    SysTick_IRQHandler                       0x08001891   Thumb Code     2  sc_it.o(i.SysTick_IRQHandler)
    SystemInit                               0x08001895   Thumb Code    10  system_sc32f1xxx.o(i.SystemInit)
    TIMER0_IRQHandler                        0x080018a5   Thumb Code     2  sc_it.o(i.TIMER0_IRQHandler)
    TIMER1_IRQHandler                        0x080018a9   Thumb Code    12  sc_it.o(i.TIMER1_IRQHandler)
    TIMER2_IRQHandler                        0x080018b9   Thumb Code    12  sc_it.o(i.TIMER2_IRQHandler)
    TIMER3_IRQHandler                        0x080018c9   Thumb Code    12  sc_it.o(i.TIMER3_IRQHandler)
    TIMER4_5_IRQHandler                      0x080018d9   Thumb Code     2  sc_it.o(i.TIMER4_5_IRQHandler)
    TIMER6_7_IRQHandler                      0x080018db   Thumb Code     2  sc_it.o(i.TIMER6_7_IRQHandler)
    TIM_ClearFlag                            0x080018dd   Thumb Code     4  sc32f1xxx_tim.o(i.TIM_ClearFlag)
    TIM_Cmd                                  0x080018e1   Thumb Code    24  sc32f1xxx_tim.o(i.TIM_Cmd)
    TIM_DMACmd                               0x080018fd   Thumb Code    26  sc32f1xxx_tim.o(i.TIM_DMACmd)
    TIM_ICCmd                                0x08001919   Thumb Code    24  sc32f1xxx_tim.o(i.TIM_ICCmd)
    TIM_ICInit                               0x08001935   Thumb Code    66  sc32f1xxx_tim.o(i.TIM_ICInit)
    TIM_ITConfig                             0x0800197d   Thumb Code    26  sc32f1xxx_tim.o(i.TIM_ITConfig)
    TIM_PWMInit                              0x08001999   Thumb Code    94  sc32f1xxx_tim.o(i.TIM_PWMInit)
    TIM_PWMSetDuty                           0x080019fd   Thumb Code    40  sc32f1xxx_tim.o(i.TIM_PWMSetDuty)
    TIM_TIMBaseInit                          0x08001a29   Thumb Code    36  sc32f1xxx_tim.o(i.TIM_TIMBaseInit)
    TIM_TI_DMA_DMA0Handler                   0x08001a51   Thumb Code    30  tim_ti_dma.o(i.TIM_TI_DMA_DMA0Handler)
    TKSlideModuleCHIs                        0x08001a79   Thumb Code    98  sc32f10xx_tk_functionresource.o(i.TKSlideModuleCHIs)
    TKSlideModuleSensorRenovate              0x08001ae5   Thumb Code   832  sc32f10xx_tk_functionresource.o(i.TKSlideModuleSensorRenovate)
    TK_BaseLineUpdataSW                      0x08001e39   Thumb Code   388  sc32f10xx_tk_functionresource.o(i.TK_BaseLineUpdataSW)
    TK_FilterAvergeDeal                      0x08001fdd   Thumb Code   112  sc32f10xx_tk_functionresource.o(i.TK_FilterAvergeDeal)
    TK_FilterCommCode                        0x08002059   Thumb Code    72  sc32f10xx_tk_functionresource.o(i.TK_FilterCommCode)
    TK_FilterDataDeal                        0x080020ad   Thumb Code   186  sc32f10xx_tk_functionresource.o(i.TK_FilterDataDeal)
    TK_FilterIIRInit                         0x0800216d   Thumb Code    36  sc32f10xx_tk_functionresource.o(i.TK_FilterIIRInit)
    TK_GetBaseLineAdjustValue                0x08002199   Thumb Code     8  tkdriver.o(i.TK_GetBaseLineAdjustValue)
    TK_GetBaselineUpdateThreshold            0x080021a5   Thumb Code     8  tkdriver.o(i.TK_GetBaselineUpdateThreshold)
    TK_GetCfgMsg                             0x080021b1   Thumb Code   100  tkdriver.o(i.TK_GetCfgMsg)
    TK_GetCsFunction                         0x0800221d   Thumb Code     4  tkdriver.o(i.TK_GetCsFunction)
    TK_GetCurrFingerValue                    0x08002221   Thumb Code    30  tkdriver.o(i.TK_GetCurrFingerValue)
    TK_GetInitAutoUpdateTime                 0x08002245   Thumb Code     6  tkdriver.o(i.TK_GetInitAutoUpdateTime)
    TK_GetIsNeedUpdateBaseline               0x08002251   Thumb Code     6  sc32f10xx_tk_functionresource.o(i.TK_GetIsNeedUpdateBaseline)
    TK_GetScanTimeValue                      0x0800225d   Thumb Code    14  tkdriver.o(i.TK_GetScanTimeValue)
    TK_GetTKYzCnt                            0x08002271   Thumb Code    16  tkdriver.o(i.TK_GetTKYzCnt)
    TK_GetTKYzThreshold                      0x08002285   Thumb Code    26  tkdriver.o(i.TK_GetTKYzThreshold)
    TK_GetUpConfirmCnt                       0x080022a1   Thumb Code     8  tkdriver.o(i.TK_GetUpConfirmCnt)
    TK_IRQHandler                            0x080022ad   Thumb Code     8  tkdriver.o(i.TK_IRQHandler)
    TK_Init                                  0x080022b5   Thumb Code   344  sc32f10xx_tk_functionresource.o(i.TK_Init)
    TK_InitializeBaselines                   0x08002429   Thumb Code    36  sc32f10xx_tk_functionresource.o(i.TK_InitializeBaselines)
    TK_InitializeSensorFlag                  0x08002455   Thumb Code    64  sc32f10xx_tk_functionresource.o(i.TK_InitializeSensorFlag)
    TK_IsDoubleKeyOrSlideKey                 0x080024bd   Thumb Code     6  tkdriver.o(i.TK_IsDoubleKeyOrSlideKey)
    TK_MultipleDeal                          0x080024c9   Thumb Code   306  sc32f10xx_tk_functionresource.o(i.TK_MultipleDeal)
    TK_Restart                               0x08002621   Thumb Code    14  sc32f10xx_tk_functionresource.o(i.TK_Restart)
    TK_SensorKeyFlag                         0x08002635   Thumb Code    90  sc32f10xx_tk_functionresource.o(i.TK_SensorKeyFlag)
    TK_SensorRenovate                        0x080026a5   Thumb Code   982  sc32f10xx_tk_functionresource.o(i.TK_SensorRenovate)
    TK_SetNeedUpdateBaseline                 0x08002ac9   Thumb Code     8  sc32f10xx_tk_functionresource.o(i.TK_SetNeedUpdateBaseline)
    TK_SetOneKeyPushResetTime                0x08002ad5   Thumb Code     8  tkdriver.o(i.TK_SetOneKeyPushResetTime)
    TK_SingleChannel_ICHAAdjust              0x08002ae1   Thumb Code   122  sc32f10xx_tk_functionresource.o(i.TK_SingleChannel_ICHAAdjust)
    TK_SingleCurrentSensorChoose             0x08002b6d   Thumb Code   140  tkdriver.o(i.TK_SingleCurrentSensorChoose)
    TK_TouchKeyCFGInit                       0x08002c09   Thumb Code    96  tkdriver.o(i.TK_TouchKeyCFGInit)
    TK_TouchKeyScan                          0x08002c8d   Thumb Code   370  tkdriver.o(i.TK_TouchKeyScan)
    TK_TouchKey_Service                      0x08002e25   Thumb Code   300  sc32f10xx_tk_functionresource.o(i.TK_TouchKey_Service)
    TWI0_IRQHandler                          0x08002f6d   Thumb Code     2  sc_it.o(i.TWI0_IRQHandler)
    TWI1_IRQHandler                          0x08002f6f   Thumb Code     2  sc_it.o(i.TWI1_IRQHandler)
    TWI_Cmd                                  0x08002f71   Thumb Code    24  sc32f1xxx_twi.o(i.TWI_Cmd)
    TWI_DMACmd                               0x08002f8d   Thumb Code    26  sc32f1xxx_twi.o(i.TWI_DMACmd)
    TWI_ITConfig                             0x08002fa7   Thumb Code    26  sc32f1xxx_twi.o(i.TWI_ITConfig)
    TWI_Init                                 0x08002fc1   Thumb Code    48  sc32f1xxx_twi.o(i.TWI_Init)
    TWI_PinRemapConfig                       0x08002ff5   Thumb Code    36  sc32f1xxx_twi.o(i.TWI_PinRemapConfig)
    UART0_2_IRQHandler                       0x0800301d   Thumb Code    16  sc_it.o(i.UART0_2_IRQHandler)
    UART1_3_IRQHandler                       0x08003031   Thumb Code    12  sc_it.o(i.UART1_3_IRQHandler)
    UART_ClearFlag                           0x08003041   Thumb Code     4  sc32f1xxx_uart.o(i.UART_ClearFlag)
    UART_DMACmd                              0x08003045   Thumb Code    26  sc32f1xxx_uart.o(i.UART_DMACmd)
    UART_GetFlagStatus                       0x0800305f   Thumb Code    20  sc32f1xxx_uart.o(i.UART_GetFlagStatus)
    UART_Handler                             0x08003075   Thumb Code   260  uart_communication.o(i.UART_Handler)
    UART_ITConfig                            0x0800318d   Thumb Code    26  sc32f1xxx_uart.o(i.UART_ITConfig)
    UART_Init                                0x080031a9   Thumb Code    72  sc32f1xxx_uart.o(i.UART_Init)
    UART_PinRemapConfig                      0x080031f5   Thumb Code    32  sc32f1xxx_uart.o(i.UART_PinRemapConfig)
    UART_RXCmd                               0x08003219   Thumb Code    24  sc32f1xxx_uart.o(i.UART_RXCmd)
    UART_ReceiveData                         0x08003235   Thumb Code    10  sc32f1xxx_uart.o(i.UART_ReceiveData)
    UART_SendData                            0x0800323f   Thumb Code     8  sc32f1xxx_uart.o(i.UART_SendData)
    UART_TXCmd                               0x08003249   Thumb Code    24  sc32f1xxx_uart.o(i.UART_TXCmd)
    UpdateDisplay                            0x08003265   Thumb Code   102  main.o(i.UpdateDisplay)
    Usdelay                                  0x080032e1   Thumb Code    16  sc32f10xx_tk_functionresource.o(i.Usdelay)
    __ARM_clz                                0x080032f1   Thumb Code    46  depilogue.o(i.__ARM_clz)
    __ARM_common_switch8                     0x0800331f   Thumb Code    28  main.o(i.__ARM_common_switch8)
    __scatterload_copy                       0x080033cd   Thumb Code    14  handlers.o(i.__scatterload_copy)
    __scatterload_null                       0x080033db   Thumb Code     2  handlers.o(i.__scatterload_null)
    __scatterload_zeroinit                   0x080033dd   Thumb Code    14  handlers.o(i.__scatterload_zeroinit)
    main                                     0x080033ed   Thumb Code   274  main.o(i.main)
    TKCFG                                    0x08003528   Data          68  tkdriver.o(.constdata)
    TKChannelCfg                             0x0800356c   Data          80  tkdriver.o(.constdata)
    Region$$Table$$Base                      0x080035bc   Number         0  anon$$obj.o(Region$$Table)
    Region$$Table$$Limit                     0x080035dc   Number         0  anon$$obj.o(Region$$Table)
    exKeyValue                               0x20000000   Data           1  main.o(.data)
    gTkIsValid                               0x20000001   Data           1  main.o(.data)
    Task_state                               0x20000002   Data           1  main.o(.data)
    TK_exKeyValueFlag                        0x20000004   Data           4  main.o(.data)
    first_Press                              0x20000008   Data           1  main.o(.data)
    cnt1                                     0x2000000c   Data           4  main.o(.data)
    cnt2                                     0x20000010   Data           4  main.o(.data)
    TK_TouchKeyStatus                        0x20000018   Data           1  tkdriver.o(.data)
    CurrentChannel                           0x20000019   Data           8  tkdriver.o(.data)
    RestAreaCnt                              0x20000021   Data           8  tkdriver.o(.data)
    TouchCnt                                 0x20000029   Data           8  tkdriver.o(.data)
    NoTouchCnt                               0x20000031   Data           8  tkdriver.o(.data)
    LowFingerDataCnt                         0x20000039   Data           8  tkdriver.o(.data)
    FloatAreaCnt                             0x20000041   Data           8  tkdriver.o(.data)
    SingleParameterBufferSet                 0x20000049   Data           8  tkdriver.o(.data)
    CombineParameterBufferSet                0x20000051   Data           8  tkdriver.o(.data)
    ConfirmTouchCnt                          0x20000059   Data           1  tkdriver.o(.data)
    SetNoiseThreshold                        0x2000005a   Data           1  tkdriver.o(.data)
    MultipleDealTpye                         0x2000005b   Data           1  tkdriver.o(.data)
    UpdateBaseLNum                           0x2000005c   Data           2  tkdriver.o(.data)
    MultipleLNum                             0x2000005e   Data           2  tkdriver.o(.data)
    TKSlideModulePCBArray                    0x20000060   Data          54  tkdriver.o(.data)
    CFG_OVERLOW_MAX_COUNT                    0x20000096   Data           1  tkdriver.o(.data)
    CFG_RESET_BASELINE_CNT                   0x20000097   Data           1  tkdriver.o(.data)
    CFG_CYCLE_CNT                            0x20000098   Data           1  tkdriver.o(.data)
    SingleCurrentChannelMax                  0x2000009c   Data           1  sc32f10xx_tk_functionresource.o(.data)
    KeyFlag                                  0x200000a0   Data           4  sc32f10xx_tk_functionresource.o(.data)
    KeyMark                                  0x200000a4   Data           4  sc32f10xx_tk_functionresource.o(.data)
    UsingTKSlideModuleNumber                 0x200000a8   Data           1  sc32f10xx_tk_functionresource.o(.data)
    CurrentIndex                             0x200000a9   Data           1  sc32f10xx_tk_functionresource.o(.data)
    ScanTime                                 0x200000aa   Data           2  sc32f10xx_tk_functionresource.o(.data)
    IsInNosicValue                           0x200000ac   Data           1  sc32f10xx_tk_functionresource.o(.data)
    bMultiple                                0x200000ad   Data           1  sc32f10xx_tk_functionresource.o(.data)
    bNeedUpdate                              0x200000ae   Data           1  sc32f10xx_tk_functionresource.o(.data)
    MultipleDealIndex                        0x200000af   Data           1  sc32f10xx_tk_functionresource.o(.data)
    FlowFingerRoundIndex                     0x200000b0   Data           1  sc32f10xx_tk_functionresource.o(.data)
    FlowFingerRoundCnt                       0x200000b2   Data           2  sc32f10xx_tk_functionresource.o(.data)
    TIM_TI_DMA_SrcData                       0x20000180   Data         200  tim_ti_dma.o(.bss)
    TIM_TI_DMA_DstData                       0x20000248   Data         200  tim_ti_dma.o(.bss)
    DifferAccum                              0x20000310   Data          16  tkdriver.o(.bss)
    SingleChannelsBaseLineUpdatePar          0x20000320   Data          48  tkdriver.o(.bss)
    __initial_sp                             0x20000750   Data           0  startup_sc32f10xx.o(STACK)



==============================================================================

Memory Map of the image

  Image Entry point : 0x080000c1

  Load Region LR_IROM1 (Base: 0x08000000, Size: 0x00003694, Max: 0x00040000, ABSOLUTE)

    Execution Region ER_IROM1 (Exec base: 0x08000000, Load base: 0x08000000, Size: 0x000035dc, Max: 0x00040000, ABSOLUTE)

    Exec Addr    Load Addr    Size         Type   Attr      Idx    E Section Name        Object

    0x08000000   0x08000000   0x000000c0   Data   RO         2090    RESET               startup_sc32f10xx.o
    0x080000c0   0x080000c0   0x00000000   Code   RO         2437  * .ARM.Collect$$$$00000000  mc_p.l(entry.o)
    0x080000c0   0x080000c0   0x00000004   Code   RO         2484    .ARM.Collect$$$$00000001  mc_p.l(entry2.o)
    0x080000c4   0x080000c4   0x00000004   Code   RO         2487    .ARM.Collect$$$$00000004  mc_p.l(entry5.o)
    0x080000c8   0x080000c8   0x00000000   Code   RO         2489    .ARM.Collect$$$$00000008  mc_p.l(entry7b.o)
    0x080000c8   0x080000c8   0x00000000   Code   RO         2491    .ARM.Collect$$$$0000000A  mc_p.l(entry8b.o)
    0x080000c8   0x080000c8   0x00000008   Code   RO         2492    .ARM.Collect$$$$0000000B  mc_p.l(entry9a.o)
    0x080000d0   0x080000d0   0x00000004   Code   RO         2499    .ARM.Collect$$$$0000000E  mc_p.l(entry12b.o)
    0x080000d4   0x080000d4   0x00000000   Code   RO         2494    .ARM.Collect$$$$0000000F  mc_p.l(entry10a.o)
    0x080000d4   0x080000d4   0x00000000   Code   RO         2496    .ARM.Collect$$$$00000011  mc_p.l(entry11a.o)
    0x080000d4   0x080000d4   0x00000004   Code   RO         2485    .ARM.Collect$$$$00002712  mc_p.l(entry2.o)
    0x080000d8   0x080000d8   0x00000068   Code   RO         2091    .text               startup_sc32f10xx.o
    0x08000140   0x08000140   0x0000002c   Code   RO         2440    .text               mc_p.l(uidiv.o)
    0x0800016c   0x0800016c   0x00000028   Code   RO         2442    .text               mc_p.l(idiv.o)
    0x08000194   0x08000194   0x000000b2   Code   RO         2450    .text               mf_p.l(fadd.o)
    0x08000246   0x08000246   0x0000007a   Code   RO         2452    .text               mf_p.l(fmul.o)
    0x080002c0   0x080002c0   0x0000007c   Code   RO         2454    .text               mf_p.l(fdiv.o)
    0x0800033c   0x0800033c   0x00000168   Code   RO         2456    .text               mf_p.l(dadd.o)
    0x080004a4   0x080004a4   0x000000d0   Code   RO         2458    .text               mf_p.l(dmul.o)
    0x08000574   0x08000574   0x000000f0   Code   RO         2460    .text               mf_p.l(ddiv.o)
    0x08000664   0x08000664   0x00000016   Code   RO         2462    .text               mf_p.l(fflti.o)
    0x0800067a   0x0800067a   0x0000000e   Code   RO         2464    .text               mf_p.l(ffltui.o)
    0x08000688   0x08000688   0x00000028   Code   RO         2466    .text               mf_p.l(dflti.o)
    0x080006b0   0x080006b0   0x0000001c   Code   RO         2468    .text               mf_p.l(dfltui.o)
    0x080006cc   0x080006cc   0x00000032   Code   RO         2470    .text               mf_p.l(ffixi.o)
    0x080006fe   0x080006fe   0x00000028   Code   RO         2472    .text               mf_p.l(ffixui.o)
    0x08000726   0x08000726   0x00000028   Code   RO         2476    .text               mf_p.l(f2d.o)
    0x0800074e   0x0800074e   0x00000038   Code   RO         2478    .text               mf_p.l(d2f.o)
    0x08000786   0x08000786   0x00000002   PAD
    0x08000788   0x08000788   0x00000014   Code   RO         2480    .text               mf_p.l(cfcmple.o)
    0x0800079c   0x0800079c   0x00000014   Code   RO         2482    .text               mf_p.l(cfrcmple.o)
    0x080007b0   0x080007b0   0x00000020   Code   RO         2500    .text               mc_p.l(llshl.o)
    0x080007d0   0x080007d0   0x00000022   Code   RO         2502    .text               mc_p.l(llushr.o)
    0x080007f2   0x080007f2   0x00000026   Code   RO         2504    .text               mc_p.l(llsshr.o)
    0x08000818   0x08000818   0x00000000   Code   RO         2506    .text               mc_p.l(iusefp.o)
    0x08000818   0x08000818   0x00000082   Code   RO         2507    .text               mf_p.l(fepilogue.o)
    0x0800089a   0x0800089a   0x000000be   Code   RO         2509    .text               mf_p.l(depilogue.o)
    0x08000958   0x08000958   0x00000024   Code   RO         2513    .text               mc_p.l(init.o)
    0x0800097c   0x0800097c   0x00000004   Code   RO         1385    i.ADC_ClearFlag     sc32f1xxx_adc.o
    0x08000980   0x08000980   0x0000001c   Code   RO         1386    i.ADC_Cmd           sc32f1xxx_adc.o
    0x0800099c   0x0800099c   0x0000001c   Code   RO         1388    i.ADC_DMACmd        sc32f1xxx_adc.o
    0x080009b8   0x080009b8   0x00000010   Code   RO          224    i.ADC_IRQHandler    sc_it.o
    0x080009c8   0x080009c8   0x00000014   Code   RO         1393    i.ADC_ITConfig      sc32f1xxx_adc.o
    0x080009dc   0x080009dc   0x00000020   Code   RO         1394    i.ADC_Init          sc32f1xxx_adc.o
    0x080009fc   0x080009fc   0x00000012   Code   RO         1395    i.ADC_SetChannel    sc32f1xxx_adc.o
    0x08000a0e   0x08000a0e   0x00000002   Code   RO          225    i.BTM_IRQHandler    sc_it.o
    0x08000a10   0x08000a10   0x00000014   Code   RO         2098    i.Buzzer_SetVolume  buzzer.o
    0x08000a24   0x08000a24   0x00000002   Code   RO          229    i.CMP_IRQHandler    sc_it.o
    0x08000a26   0x08000a26   0x00000008   Code   RO          230    i.DMA0_IRQHandler   sc_it.o
    0x08000a2e   0x08000a2e   0x00000002   Code   RO          231    i.DMA1_IRQHandler   sc_it.o
    0x08000a30   0x08000a30   0x00000002   Code   RO          232    i.DMA2_IRQHandler   sc_it.o
    0x08000a32   0x08000a32   0x00000002   Code   RO          233    i.DMA3_IRQHandler   sc_it.o
    0x08000a34   0x08000a34   0x00000004   Code   RO         1012    i.DMA_ClearFlag     sc32f1xxx_dma.o
    0x08000a38   0x08000a38   0x00000018   Code   RO         1013    i.DMA_Cmd           sc32f1xxx_dma.o
    0x08000a50   0x08000a50   0x00000014   Code   RO         1014    i.DMA_DMACmd        sc32f1xxx_dma.o
    0x08000a64   0x08000a64   0x00000014   Code   RO         1017    i.DMA_GetFlagStatus  sc32f1xxx_dma.o
    0x08000a78   0x08000a78   0x00000014   Code   RO         1019    i.DMA_ITConfig      sc32f1xxx_dma.o
    0x08000a8c   0x08000a8c   0x00000038   Code   RO         1020    i.DMA_Init          sc32f1xxx_dma.o
    0x08000ac4   0x08000ac4   0x00000034   Code   RO            3    i.DataProcessing    main.o
    0x08000af8   0x08000af8   0x00000018   Code   RO            4    i.Delay_ms          main.o
    0x08000b10   0x08000b10   0x0000002c   Code   RO            5    i.Delay_us          main.o
    0x08000b3c   0x08000b3c   0x00000070   Code   RO         2017    i.GPIO_Init         sc32f1xxx_gpio.o
    0x08000bac   0x08000bac   0x00000012   Code   RO         2019    i.GPIO_ReadDataBit  sc32f1xxx_gpio.o
    0x08000bbe   0x08000bbe   0x00000022   Code   RO         2020    i.GPIO_ResetBits    sc32f1xxx_gpio.o
    0x08000be0   0x08000be0   0x00000022   Code   RO         2021    i.GPIO_SetBits      sc32f1xxx_gpio.o
    0x08000c02   0x08000c02   0x0000002c   Code   RO         2023    i.GPIO_TogglePins   sc32f1xxx_gpio.o
    0x08000c2e   0x08000c2e   0x00000002   Code   RO          235    i.INT0_IRQHandler   sc_it.o
    0x08000c30   0x08000c30   0x00000002   Code   RO          236    i.INT12_15_IRQHandler  sc_it.o
    0x08000c32   0x08000c32   0x00000002   Code   RO          237    i.INT1_7_IRQHandler  sc_it.o
    0x08000c34   0x08000c34   0x00000002   Code   RO          238    i.INT8_11_IRQHandler  sc_it.o
    0x08000c36   0x08000c36   0x00000008   Code   RO          887    i.IcResourceInit    compctrldefine.o
    0x08000c3e   0x08000c3e   0x00000002   Code   RO          239    i.LEDPWM_IRQHandler  sc_it.o
    0x08000c40   0x08000c40   0x00000010   Code   RO          242    i.PWM0_IRQHandler   sc_it.o
    0x08000c50   0x08000c50   0x00000004   Code   RO         1477    i.PWM_ClearFlag     sc32f1xxx_pwm.o
    0x08000c54   0x08000c54   0x0000001c   Code   RO         1478    i.PWM_Cmd           sc32f1xxx_pwm.o
    0x08000c70   0x08000c70   0x0000001c   Code   RO         1480    i.PWM_FDCmd         sc32f1xxx_pwm.o
    0x08000c8c   0x08000c8c   0x0000001a   Code   RO         1481    i.PWM_FDInit        sc32f1xxx_pwm.o
    0x08000ca6   0x08000ca6   0x0000001a   Code   RO         1488    i.PWM_ITConfig      sc32f1xxx_pwm.o
    0x08000cc0   0x08000cc0   0x00000028   Code   RO         1489    i.PWM_Init          sc32f1xxx_pwm.o
    0x08000ce8   0x08000ce8   0x00000026   Code   RO         1492    i.PWM_SetDuty       sc32f1xxx_pwm.o
    0x08000d0e   0x08000d0e   0x00000002   PAD
    0x08000d10   0x08000d10   0x00000020   Code   RO         1780    i.RCC_AHBPeriphClockCmd  sc32f1xxx_rcc.o
    0x08000d30   0x08000d30   0x00000028   Code   RO         1782    i.RCC_APB0Cmd       sc32f1xxx_rcc.o
    0x08000d58   0x08000d58   0x0000001c   Code   RO         1783    i.RCC_APB0Config    sc32f1xxx_rcc.o
    0x08000d74   0x08000d74   0x00000020   Code   RO         1784    i.RCC_APB0PeriphClockCmd  sc32f1xxx_rcc.o
    0x08000d94   0x08000d94   0x00000028   Code   RO         1786    i.RCC_APB1Cmd       sc32f1xxx_rcc.o
    0x08000dbc   0x08000dbc   0x0000001c   Code   RO         1787    i.RCC_APB1Config    sc32f1xxx_rcc.o
    0x08000dd8   0x08000dd8   0x00000020   Code   RO         1788    i.RCC_APB1PeriphClockCmd  sc32f1xxx_rcc.o
    0x08000df8   0x08000df8   0x00000028   Code   RO         1790    i.RCC_APB2Cmd       sc32f1xxx_rcc.o
    0x08000e20   0x08000e20   0x0000001c   Code   RO         1791    i.RCC_APB2Config    sc32f1xxx_rcc.o
    0x08000e3c   0x08000e3c   0x0000001c   Code   RO         1799    i.RCC_HCLKConfig    sc32f1xxx_rcc.o
    0x08000e58   0x08000e58   0x00000030   Code   RO         1800    i.RCC_HIRCCmd       sc32f1xxx_rcc.o
    0x08000e88   0x08000e88   0x00000030   Code   RO         1801    i.RCC_HXTCmd        sc32f1xxx_rcc.o
    0x08000eb8   0x08000eb8   0x00000002   Code   RO          245    i.RCC_IRQHandler    sc_it.o
    0x08000eba   0x08000eba   0x00000002   PAD
    0x08000ebc   0x08000ebc   0x00000034   Code   RO         1802    i.RCC_ITConfig      sc32f1xxx_rcc.o
    0x08000ef0   0x08000ef0   0x00000030   Code   RO         1804    i.RCC_LIRCCmd       sc32f1xxx_rcc.o
    0x08000f20   0x08000f20   0x00000030   Code   RO         1805    i.RCC_LXTCmd        sc32f1xxx_rcc.o
    0x08000f50   0x08000f50   0x000000d8   Code   RO         1810    i.RCC_SYSCLKConfig  sc32f1xxx_rcc.o
    0x08001028   0x08001028   0x00000048   Code   RO         1811    i.RCC_SystickCLKConfig  sc32f1xxx_rcc.o
    0x08001070   0x08001070   0x00000024   Code   RO         1812    i.RCC_SystickCmd    sc32f1xxx_rcc.o
    0x08001094   0x08001094   0x0000001c   Code   RO         1814    i.RCC_SystickSetCounter  sc32f1xxx_rcc.o
    0x080010b0   0x080010b0   0x00000018   Code   RO         1815    i.RCC_Unlock        sc32f1xxx_rcc.o
    0x080010c8   0x080010c8   0x00000058   Code   RO          503    i.SC_ADC_Init       sc_init.o
    0x08001120   0x08001120   0x000000a0   Code   RO          508    i.SC_DMA0_Init      sc_init.o
    0x080011c0   0x080011c0   0x00000184   Code   RO          513    i.SC_GPIO_Init      sc_init.o
    0x08001344   0x08001344   0x00000038   Code   RO          516    i.SC_Init           sc_init.o
    0x0800137c   0x0800137c   0x00000024   Code   RO          525    i.SC_OPTION_Init    sc_init.o
    0x080013a0   0x080013a0   0x000000c0   Code   RO          528    i.SC_PWM0_Init      sc_init.o
    0x08001460   0x08001460   0x0000005c   Code   RO          532    i.SC_RCC_Init       sc_init.o
    0x080014bc   0x080014bc   0x00000026   Code   RO          536    i.SC_SYSTICK_Init   sc_init.o
    0x080014e2   0x080014e2   0x00000002   PAD
    0x080014e4   0x080014e4   0x00000098   Code   RO          538    i.SC_TIM1_Init      sc_init.o
    0x0800157c   0x0800157c   0x00000094   Code   RO          539    i.SC_TIM2_Init      sc_init.o
    0x08001610   0x08001610   0x00000084   Code   RO          540    i.SC_TIM3_Init      sc_init.o
    0x08001694   0x08001694   0x000000a4   Code   RO          545    i.SC_TWI0_Init      sc_init.o
    0x08001738   0x08001738   0x000000ac   Code   RO          549    i.SC_UART1_Init     sc_init.o
    0x080017e4   0x080017e4   0x000000a8   Code   RO          550    i.SC_UART2_Init     sc_init.o
    0x0800188c   0x0800188c   0x00000002   Code   RO          246    i.SPI0_IRQHandler   sc_it.o
    0x0800188e   0x0800188e   0x00000002   Code   RO          248    i.SPI1_IRQHandler   sc_it.o
    0x08001890   0x08001890   0x00000002   Code   RO          250    i.SysTick_IRQHandler  sc_it.o
    0x08001892   0x08001892   0x00000002   PAD
    0x08001894   0x08001894   0x00000010   Code   RO          204    i.SystemInit        system_sc32f1xxx.o
    0x080018a4   0x080018a4   0x00000002   Code   RO          251    i.TIMER0_IRQHandler  sc_it.o
    0x080018a6   0x080018a6   0x00000002   PAD
    0x080018a8   0x080018a8   0x00000010   Code   RO          252    i.TIMER1_IRQHandler  sc_it.o
    0x080018b8   0x080018b8   0x00000010   Code   RO          253    i.TIMER2_IRQHandler  sc_it.o
    0x080018c8   0x080018c8   0x00000010   Code   RO          254    i.TIMER3_IRQHandler  sc_it.o
    0x080018d8   0x080018d8   0x00000002   Code   RO          255    i.TIMER4_5_IRQHandler  sc_it.o
    0x080018da   0x080018da   0x00000002   Code   RO          256    i.TIMER6_7_IRQHandler  sc_it.o
    0x080018dc   0x080018dc   0x00000004   Code   RO         1221    i.TIM_ClearFlag     sc32f1xxx_tim.o
    0x080018e0   0x080018e0   0x0000001c   Code   RO         1223    i.TIM_Cmd           sc32f1xxx_tim.o
    0x080018fc   0x080018fc   0x0000001a   Code   RO         1224    i.TIM_DMACmd        sc32f1xxx_tim.o
    0x08001916   0x08001916   0x00000002   PAD
    0x08001918   0x08001918   0x0000001c   Code   RO         1232    i.TIM_ICCmd         sc32f1xxx_tim.o
    0x08001934   0x08001934   0x00000048   Code   RO         1233    i.TIM_ICInit        sc32f1xxx_tim.o
    0x0800197c   0x0800197c   0x0000001a   Code   RO         1235    i.TIM_ITConfig      sc32f1xxx_tim.o
    0x08001996   0x08001996   0x00000002   PAD
    0x08001998   0x08001998   0x00000064   Code   RO         1237    i.TIM_PWMInit       sc32f1xxx_tim.o
    0x080019fc   0x080019fc   0x0000002c   Code   RO         1238    i.TIM_PWMSetDuty    sc32f1xxx_tim.o
    0x08001a28   0x08001a28   0x00000028   Code   RO         1244    i.TIM_TIMBaseInit   sc32f1xxx_tim.o
    0x08001a50   0x08001a50   0x00000028   Code   RO          978    i.TIM_TI_DMA_DMA0Handler  tim_ti_dma.o
    0x08001a78   0x08001a78   0x0000006c   Code   RO         2268    i.TKSlideModuleCHIs  sc32f10xx_HighSensitive_lib_T1Slider_V0.3.lib(sc32f10xx_tk_functionresource.o)
    0x08001ae4   0x08001ae4   0x00000354   Code   RO         2269    i.TKSlideModuleSensorRenovate  sc32f10xx_HighSensitive_lib_T1Slider_V0.3.lib(sc32f10xx_tk_functionresource.o)
    0x08001e38   0x08001e38   0x000001a4   Code   RO         2270    i.TK_BaseLineUpdataSW  sc32f10xx_HighSensitive_lib_T1Slider_V0.3.lib(sc32f10xx_tk_functionresource.o)
    0x08001fdc   0x08001fdc   0x0000007c   Code   RO         2271    i.TK_FilterAvergeDeal  sc32f10xx_HighSensitive_lib_T1Slider_V0.3.lib(sc32f10xx_tk_functionresource.o)
    0x08002058   0x08002058   0x00000054   Code   RO         2272    i.TK_FilterCommCode  sc32f10xx_HighSensitive_lib_T1Slider_V0.3.lib(sc32f10xx_tk_functionresource.o)
    0x080020ac   0x080020ac   0x000000c0   Code   RO         2273    i.TK_FilterDataDeal  sc32f10xx_HighSensitive_lib_T1Slider_V0.3.lib(sc32f10xx_tk_functionresource.o)
    0x0800216c   0x0800216c   0x0000002c   Code   RO         2274    i.TK_FilterIIRInit  sc32f10xx_HighSensitive_lib_T1Slider_V0.3.lib(sc32f10xx_tk_functionresource.o)
    0x08002198   0x08002198   0x0000000c   Code   RO         2139    i.TK_GetBaseLineAdjustValue  tkdriver.o
    0x080021a4   0x080021a4   0x0000000c   Code   RO         2140    i.TK_GetBaselineUpdateThreshold  tkdriver.o
    0x080021b0   0x080021b0   0x0000006c   Code   RO         2141    i.TK_GetCfgMsg      tkdriver.o
    0x0800221c   0x0800221c   0x00000004   Code   RO         2142    i.TK_GetCsFunction  tkdriver.o
    0x08002220   0x08002220   0x00000024   Code   RO         2143    i.TK_GetCurrFingerValue  tkdriver.o
    0x08002244   0x08002244   0x0000000c   Code   RO         2144    i.TK_GetInitAutoUpdateTime  tkdriver.o
    0x08002250   0x08002250   0x0000000c   Code   RO         2275    i.TK_GetIsNeedUpdateBaseline  sc32f10xx_HighSensitive_lib_T1Slider_V0.3.lib(sc32f10xx_tk_functionresource.o)
    0x0800225c   0x0800225c   0x00000014   Code   RO         2145    i.TK_GetScanTimeValue  tkdriver.o
    0x08002270   0x08002270   0x00000014   Code   RO         2146    i.TK_GetTKYzCnt     tkdriver.o
    0x08002284   0x08002284   0x0000001a   Code   RO         2147    i.TK_GetTKYzThreshold  tkdriver.o
    0x0800229e   0x0800229e   0x00000002   PAD
    0x080022a0   0x080022a0   0x0000000c   Code   RO         2148    i.TK_GetUpConfirmCnt  tkdriver.o
    0x080022ac   0x080022ac   0x00000008   Code   RO         2149    i.TK_IRQHandler     tkdriver.o
    0x080022b4   0x080022b4   0x00000174   Code   RO         2276    i.TK_Init           sc32f10xx_HighSensitive_lib_T1Slider_V0.3.lib(sc32f10xx_tk_functionresource.o)
    0x08002428   0x08002428   0x0000002c   Code   RO         2277    i.TK_InitializeBaselines  sc32f10xx_HighSensitive_lib_T1Slider_V0.3.lib(sc32f10xx_tk_functionresource.o)
    0x08002454   0x08002454   0x00000068   Code   RO         2278    i.TK_InitializeSensorFlag  sc32f10xx_HighSensitive_lib_T1Slider_V0.3.lib(sc32f10xx_tk_functionresource.o)
    0x080024bc   0x080024bc   0x0000000c   Code   RO         2150    i.TK_IsDoubleKeyOrSlideKey  tkdriver.o
    0x080024c8   0x080024c8   0x00000158   Code   RO         2279    i.TK_MultipleDeal   sc32f10xx_HighSensitive_lib_T1Slider_V0.3.lib(sc32f10xx_tk_functionresource.o)
    0x08002620   0x08002620   0x00000014   Code   RO         2280    i.TK_Restart        sc32f10xx_HighSensitive_lib_T1Slider_V0.3.lib(sc32f10xx_tk_functionresource.o)
    0x08002634   0x08002634   0x00000070   Code   RO         2281    i.TK_SensorKeyFlag  sc32f10xx_HighSensitive_lib_T1Slider_V0.3.lib(sc32f10xx_tk_functionresource.o)
    0x080026a4   0x080026a4   0x00000424   Code   RO         2282    i.TK_SensorRenovate  sc32f10xx_HighSensitive_lib_T1Slider_V0.3.lib(sc32f10xx_tk_functionresource.o)
    0x08002ac8   0x08002ac8   0x0000000c   Code   RO         2283    i.TK_SetNeedUpdateBaseline  sc32f10xx_HighSensitive_lib_T1Slider_V0.3.lib(sc32f10xx_tk_functionresource.o)
    0x08002ad4   0x08002ad4   0x0000000c   Code   RO         2151    i.TK_SetOneKeyPushResetTime  tkdriver.o
    0x08002ae0   0x08002ae0   0x0000008c   Code   RO         2284    i.TK_SingleChannel_ICHAAdjust  sc32f10xx_HighSensitive_lib_T1Slider_V0.3.lib(sc32f10xx_tk_functionresource.o)
    0x08002b6c   0x08002b6c   0x0000009c   Code   RO         2152    i.TK_SingleCurrentSensorChoose  tkdriver.o
    0x08002c08   0x08002c08   0x00000084   Code   RO         2153    i.TK_TouchKeyCFGInit  tkdriver.o
    0x08002c8c   0x08002c8c   0x00000198   Code   RO         2154    i.TK_TouchKeyScan   tkdriver.o
    0x08002e24   0x08002e24   0x00000148   Code   RO         2285    i.TK_TouchKey_Service  sc32f10xx_HighSensitive_lib_T1Slider_V0.3.lib(sc32f10xx_tk_functionresource.o)
    0x08002f6c   0x08002f6c   0x00000002   Code   RO          257    i.TWI0_IRQHandler   sc_it.o
    0x08002f6e   0x08002f6e   0x00000002   Code   RO          258    i.TWI1_IRQHandler   sc_it.o
    0x08002f70   0x08002f70   0x0000001c   Code   RO         1601    i.TWI_Cmd           sc32f1xxx_twi.o
    0x08002f8c   0x08002f8c   0x0000001a   Code   RO         1602    i.TWI_DMACmd        sc32f1xxx_twi.o
    0x08002fa6   0x08002fa6   0x0000001a   Code   RO         1610    i.TWI_ITConfig      sc32f1xxx_twi.o
    0x08002fc0   0x08002fc0   0x00000034   Code   RO         1611    i.TWI_Init          sc32f1xxx_twi.o
    0x08002ff4   0x08002ff4   0x00000028   Code   RO         1612    i.TWI_PinRemapConfig  sc32f1xxx_twi.o
    0x0800301c   0x0800301c   0x00000014   Code   RO          260    i.UART0_2_IRQHandler  sc_it.o
    0x08003030   0x08003030   0x00000010   Code   RO          262    i.UART1_3_IRQHandler  sc_it.o
    0x08003040   0x08003040   0x00000004   Code   RO         1127    i.UART_ClearFlag    sc32f1xxx_uart.o
    0x08003044   0x08003044   0x0000001a   Code   RO         1128    i.UART_DMACmd       sc32f1xxx_uart.o
    0x0800305e   0x0800305e   0x00000014   Code   RO         1130    i.UART_GetFlagStatus  sc32f1xxx_uart.o
    0x08003072   0x08003072   0x00000002   PAD
    0x08003074   0x08003074   0x00000118   Code   RO          943    i.UART_Handler      uart_communication.o
    0x0800318c   0x0800318c   0x0000001a   Code   RO         1131    i.UART_ITConfig     sc32f1xxx_uart.o
    0x080031a6   0x080031a6   0x00000002   PAD
    0x080031a8   0x080031a8   0x0000004c   Code   RO         1132    i.UART_Init         sc32f1xxx_uart.o
    0x080031f4   0x080031f4   0x00000024   Code   RO         1133    i.UART_PinRemapConfig  sc32f1xxx_uart.o
    0x08003218   0x08003218   0x0000001c   Code   RO         1134    i.UART_RXCmd        sc32f1xxx_uart.o
    0x08003234   0x08003234   0x0000000a   Code   RO         1135    i.UART_ReceiveData  sc32f1xxx_uart.o
    0x0800323e   0x0800323e   0x00000008   Code   RO         1136    i.UART_SendData     sc32f1xxx_uart.o
    0x08003246   0x08003246   0x00000002   PAD
    0x08003248   0x08003248   0x0000001c   Code   RO         1137    i.UART_TXCmd        sc32f1xxx_uart.o
    0x08003264   0x08003264   0x0000007c   Code   RO            6    i.UpdateDisplay     main.o
    0x080032e0   0x080032e0   0x00000010   Code   RO         2286    i.Usdelay           sc32f10xx_HighSensitive_lib_T1Slider_V0.3.lib(sc32f10xx_tk_functionresource.o)
    0x080032f0   0x080032f0   0x0000002e   Code   RO         2511    i.__ARM_clz         mf_p.l(depilogue.o)
    0x0800331e   0x0800331e   0x0000001c   Code   RO           52    i.__ARM_common_switch8  main.o
    0x0800333a   0x0800333a   0x00000002   PAD
    0x0800333c   0x0800333c   0x00000018   Code   RO          556    i.__NVIC_EnableIRQ  sc_init.o
    0x08003354   0x08003354   0x00000078   Code   RO          557    i.__NVIC_SetPriority  sc_init.o
    0x080033cc   0x080033cc   0x0000000e   Code   RO         2517    i.__scatterload_copy  mc_p.l(handlers.o)
    0x080033da   0x080033da   0x00000002   Code   RO         2518    i.__scatterload_null  mc_p.l(handlers.o)
    0x080033dc   0x080033dc   0x0000000e   Code   RO         2519    i.__scatterload_zeroinit  mc_p.l(handlers.o)
    0x080033ea   0x080033ea   0x00000002   PAD
    0x080033ec   0x080033ec   0x0000013c   Code   RO            8    i.main              main.o
    0x08003528   0x08003528   0x00000094   Data   RO         2156    .constdata          tkdriver.o
    0x080035bc   0x080035bc   0x00000020   Data   RO         2515    Region$$Table       anon$$obj.o


    Execution Region RW_IRAM1 (Exec base: 0x20000000, Load base: 0x080035dc, Size: 0x00000750, Max: 0x00002000, ABSOLUTE)

    Exec Addr    Load Addr    Size         Type   Attr      Idx    E Section Name        Object

    0x20000000   0x080035dc   0x00000014   Data   RW            9    .data               main.o
    0x20000014   0x080035f0   0x00000002   Data   RW          945    .data               uart_communication.o
    0x20000016   0x080035f2   0x00000001   Data   RW          980    .data               tim_ti_dma.o
    0x20000017   0x080035f3   0x00000001   PAD
    0x20000018   0x080035f4   0x00000081   Data   RW         2157    .data               tkdriver.o
    0x20000099   0x08003675   0x00000003   PAD
    0x2000009c   0x08003678   0x00000019   Data   RW         2287    .data               sc32f10xx_HighSensitive_lib_T1Slider_V0.3.lib(sc32f10xx_tk_functionresource.o)
    0x200000b5   0x08003691   0x00000003   PAD
    0x200000b8        -       0x000000c8   Zero   RW          944    .bss                uart_communication.o
    0x20000180        -       0x00000190   Zero   RW          979    .bss                tim_ti_dma.o
    0x20000310        -       0x00000040   Zero   RW         2155    .bss                tkdriver.o
    0x20000350        -       0x00000400   Zero   RW         2088    STACK               startup_sc32f10xx.o


==============================================================================

Image component sizes


      Code (inc. data)   RO Data    RW Data    ZI Data      Debug   Object Name

        20          4          0          0          0        487   buzzer.o
         8          0          0          0          0        441   compctrldefine.o
       588         86          0         20          0      87669   main.o
       130          4          0          0          0       3650   sc32f1xxx_adc.o
       144          4          0          0          0       3733   sc32f1xxx_dma.o
       242          0          0          0          0       3489   sc32f1xxx_gpio.o
       190          8          0          0          0       4319   sc32f1xxx_pwm.o
       948        110          0          0          0      10877   sc32f1xxx_rcc.o
       368         28          0          0          0       5628   sc32f1xxx_tim.o
       172         12          0          0          0       3274   sc32f1xxx_twi.o
       262         16          0          0          0       6115   sc32f1xxx_uart.o
      2130        122          0          0          0      18714   sc_init.o
       162         28          0          0          0      11018   sc_it.o
       104         46        192          0       1024        780   startup_sc32f10xx.o
        16          6          0          0          0        413   system_sc32f1xxx.o
        40         10          0          1        400       1121   tim_ti_dma.o
       990        152        148        129         64      13778   tkdriver.o
       280         30          0          2        200       1403   uart_communication.o

    ----------------------------------------------------------------------
      6818        666        372        156       1688     176909   Object Totals
         0          0         32          0          0          0   (incl. Generated)
        24          0          0          4          0          0   (incl. Padding)

    ----------------------------------------------------------------------

      Code (inc. data)   RO Data    RW Data    ZI Data      Debug   Library Member Name

         0          0          0          0          0          0   entry.o
         0          0          0          0          0          0   entry10a.o
         0          0          0          0          0          0   entry11a.o
         4          0          0          0          0          0   entry12b.o
         8          4          0          0          0          0   entry2.o
         4          0          0          0          0          0   entry5.o
         0          0          0          0          0          0   entry7b.o
         0          0          0          0          0          0   entry8b.o
         8          4          0          0          0          0   entry9a.o
        30          0          0          0          0          0   handlers.o
        40          0          0          0          0         72   idiv.o
        36          8          0          0          0         68   init.o
         0          0          0          0          0          0   iusefp.o
        32          0          0          0          0         68   llshl.o
        38          0          0          0          0         68   llsshr.o
        34          0          0          0          0         68   llushr.o
        44          0          0          0          0         72   uidiv.o
        20          0          0          0          0         68   cfcmple.o
        20          0          0          0          0         68   cfrcmple.o
        56          0          0          0          0         68   d2f.o
       360          6          0          0          0        140   dadd.o
       240          6          0          0          0         84   ddiv.o
       236          0          0          0          0        216   depilogue.o
        40          6          0          0          0         68   dflti.o
        28          4          0          0          0         68   dfltui.o
       208          6          0          0          0         88   dmul.o
        40          0          0          0          0         60   f2d.o
       178          0          0          0          0        108   fadd.o
       124          0          0          0          0         72   fdiv.o
       130          0          0          0          0        144   fepilogue.o
        50          0          0          0          0         60   ffixi.o
        40          0          0          0          0         60   ffixui.o
        22          0          0          0          0         68   fflti.o
        14          0          0          0          0         68   ffltui.o
       122          0          0          0          0         72   fmul.o
      4388        376          0         25          0      87105   sc32f10xx_tk_functionresource.o

    ----------------------------------------------------------------------
      6598        420          0         28          0      89101   Library Totals
         4          0          0          3          0          0   (incl. Padding)

    ----------------------------------------------------------------------

      Code (inc. data)   RO Data    RW Data    ZI Data      Debug   Library Name

       278         16          0          0          0        416   mc_p.l
      1928         28          0          0          0       1580   mf_p.l
      4388        376          0         25          0      87105   sc32f10xx_HighSensitive_lib_T1Slider_V0.3.lib

    ----------------------------------------------------------------------
      6598        420          0         28          0      89101   Library Totals

    ----------------------------------------------------------------------

==============================================================================


      Code (inc. data)   RO Data    RW Data    ZI Data      Debug   

     13416       1086        372        184       1688     258446   Grand Totals
     13416       1086        372        184       1688     258446   ELF Image Totals
     13416       1086        372        184          0          0   ROM Totals

==============================================================================

    Total RO  Size (Code + RO Data)                13788 (  13.46kB)
    Total RW  Size (RW Data + ZI Data)              1872 (   1.83kB)
    Total ROM Size (Code + RO Data + RW Data)      13972 (  13.64kB)

==============================================================================

