Component: ARM Compiler 5.06 update 7 (build 960) Tool: armlink [4d3601]

==============================================================================

Section Cross References

    main.o(i.DataProcessing) refers to main.o(.data) for TK_exKeyValueFlag
    main.o(i.Delay_ms) refers to main.o(i.Delay_us) for Delay_us
    main.o(i.Delay_us) refers to sc32f1xxx_tim.o(i.TIM_Cmd) for TIM_Cmd
    main.o(i.UpdateDisplay) refers to sc32f1xxx_gpio.o(i.GPIO_TogglePins) for GPIO_TogglePins
    main.o(i.UpdateDisplay) refers to main.o(.data) for exKeyValue
    main.o(i.main) refers to compctrldefine.o(i.IcResourceInit) for IcResourceInit
    main.o(i.main) refers to sc32f1xxx_tim.o(i.TIM_Cmd) for TIM_Cmd
    main.o(i.main) refers to buzzer.o(i.Buzzer_SetVolume) for Buzzer_SetVolume
    main.o(i.main) refers to sc32f10xx_tk_functionresource.o(i.TK_Init) for TK_Init
    main.o(i.main) refers to main.o(i.__ARM_common_switch8) for __ARM_common_switch8
    main.o(i.main) refers to sc32f1xxx_gpio.o(i.GPIO_ResetBits) for GPIO_ResetBits
    main.o(i.main) refers to tkdriver.o(i.TK_TouchKeyScan) for TK_TouchKeyScan
    main.o(i.main) refers to main.o(i.DataProcessing) for DataProcessing
    main.o(i.main) refers to main.o(i.UpdateDisplay) for UpdateDisplay
    main.o(i.main) refers to sc32f10xx_tk_functionresource.o(i.TK_Restart) for TK_Restart
    main.o(i.main) refers to main.o(i.Delay_ms) for Delay_ms
    main.o(i.main) refers to buzzer.o(i.Buzzer_Play) for Buzzer_Play
    main.o(i.main) refers to sc32f1xxx_gpio.o(i.GPIO_SetBits) for GPIO_SetBits
    main.o(i.main) refers to sc32f1xxx_adc.o(i.ADC_GetConversionValue) for ADC_GetConversionValue
    main.o(i.main) refers to fflti.o(.text) for __aeabi_i2f
    main.o(i.main) refers to fmul.o(.text) for __aeabi_fmul
    main.o(i.main) refers to main.o(.data) for Task_state
    main.o(i.main) refers to tkdriver.o(.data) for TK_TouchKeyStatus
    sc_it.o(i.ADC_IRQHandler) refers to sc32f1xxx_adc.o(i.ADC_ClearFlag) for ADC_ClearFlag
    sc_it.o(i.PWM0_IRQHandler) refers to sc32f1xxx_pwm.o(i.PWM_ClearFlag) for PWM_ClearFlag
    sc_it.o(i.TIMER1_IRQHandler) refers to sc32f1xxx_tim.o(i.TIM_ClearFlag) for TIM_ClearFlag
    sc_init.o(i.SC_ADC_Init) refers to sc32f1xxx_adc.o(i.ADC_Init) for ADC_Init
    sc_init.o(i.SC_ADC_Init) refers to sc32f1xxx_adc.o(i.ADC_SetChannel) for ADC_SetChannel
    sc_init.o(i.SC_ADC_Init) refers to sc32f1xxx_adc.o(i.ADC_ITConfig) for ADC_ITConfig
    sc_init.o(i.SC_ADC_Init) refers to sc32f1xxx_adc.o(i.ADC_DMACmd) for ADC_DMACmd
    sc_init.o(i.SC_ADC_Init) refers to sc_init.o(i.__NVIC_SetPriority) for __NVIC_SetPriority
    sc_init.o(i.SC_ADC_Init) refers to sc_init.o(i.__NVIC_EnableIRQ) for __NVIC_EnableIRQ
    sc_init.o(i.SC_ADC_Init) refers to sc32f1xxx_adc.o(i.ADC_Cmd) for ADC_Cmd
    sc_init.o(i.SC_GPIO_Init) refers to sc32f1xxx_gpio.o(i.GPIO_Init) for GPIO_Init
    sc_init.o(i.SC_Init) refers to sc_init.o(i.SC_GPIO_Init) for SC_GPIO_Init
    sc_init.o(i.SC_Init) refers to sc_init.o(i.SC_OPTION_Init) for SC_OPTION_Init
    sc_init.o(i.SC_Init) refers to sc_init.o(i.SC_RCC_Init) for SC_RCC_Init
    sc_init.o(i.SC_Init) refers to sc_init.o(i.SC_SYSTICK_Init) for SC_SYSTICK_Init
    sc_init.o(i.SC_Init) refers to sc_init.o(i.SC_TWI0_Init) for SC_TWI0_Init
    sc_init.o(i.SC_Init) refers to sc_init.o(i.SC_TIM1_Init) for SC_TIM1_Init
    sc_init.o(i.SC_Init) refers to sc_init.o(i.SC_TIM2_Init) for SC_TIM2_Init
    sc_init.o(i.SC_Init) refers to sc_init.o(i.SC_PWM0_Init) for SC_PWM0_Init
    sc_init.o(i.SC_Init) refers to sc_init.o(i.SC_ADC_Init) for SC_ADC_Init
    sc_init.o(i.SC_OPTION_Init) refers to sc32f1xxx_option.o(i.OPTION_LVRConfig) for OPTION_LVRConfig
    sc_init.o(i.SC_OPTION_Init) refers to sc32f1xxx_option.o(i.OPTION_JTAGCmd) for OPTION_JTAGCmd
    sc_init.o(i.SC_OPTION_Init) refers to sc32f1xxx_rcc.o(i.RCC_AHBPeriphClockCmd) for RCC_AHBPeriphClockCmd
    sc_init.o(i.SC_PWM0_Init) refers to sc32f1xxx_rcc.o(i.RCC_Unlock) for RCC_Unlock
    sc_init.o(i.SC_PWM0_Init) refers to sc32f1xxx_rcc.o(i.RCC_APB0PeriphClockCmd) for RCC_APB0PeriphClockCmd
    sc_init.o(i.SC_PWM0_Init) refers to sc32f1xxx_pwm.o(i.PWM_SetDuty) for PWM_SetDuty
    sc_init.o(i.SC_PWM0_Init) refers to sc32f1xxx_pwm.o(i.PWM_Init) for PWM_Init
    sc_init.o(i.SC_PWM0_Init) refers to sc32f1xxx_pwm.o(i.PWM_FDInit) for PWM_FDInit
    sc_init.o(i.SC_PWM0_Init) refers to sc32f1xxx_pwm.o(i.PWM_FDCmd) for PWM_FDCmd
    sc_init.o(i.SC_PWM0_Init) refers to sc32f1xxx_pwm.o(i.PWM_ITConfig) for PWM_ITConfig
    sc_init.o(i.SC_PWM0_Init) refers to sc32f1xxx_pwm.o(i.PWM_Cmd) for PWM_Cmd
    sc_init.o(i.SC_RCC_Init) refers to sc32f1xxx_rcc.o(i.RCC_Unlock) for RCC_Unlock
    sc_init.o(i.SC_RCC_Init) refers to sc32f1xxx_rcc.o(i.RCC_HXTCmd) for RCC_HXTCmd
    sc_init.o(i.SC_RCC_Init) refers to sc32f1xxx_rcc.o(i.RCC_LXTCmd) for RCC_LXTCmd
    sc_init.o(i.SC_RCC_Init) refers to sc32f1xxx_rcc.o(i.RCC_LIRCCmd) for RCC_LIRCCmd
[...]
    entry9b.o(.ARM.Collect$$$$0000000C) refers to main.o(i.main) for main
    depilogue.o(.text) refers to depilogue.o(i.__ARM_clz) for __ARM_clz
    depilogue.o(.text) refers to llshl.o(.text) for __aeabi_llsl
    depilogue.o(.text) refers to llushr.o(.text) for __aeabi_llsr
    init.o(.text) refers to entry5.o(.ARM.Collect$$$$00000004) for __main_after_scatterload


==============================================================================

Removing Unused input sections from the image.

    Removing main.o(.rev16_text), (4 bytes).
    Removing main.o(.revsh_text), (4 bytes).
    Removing system_sc32f1xxx.o(.rev16_text), (4 bytes).
    Removing system_sc32f1xxx.o(.revsh_text), (4 bytes).
    Removing sc_it.o(.rev16_text), (4 bytes).
    Removing sc_it.o(.revsh_text), (4 bytes).
    Removing sc_it.o(i.CAN_IRQHandler), (2 bytes).
    Removing sc_it.o(i.CMP0_1_2_IRQHandler), (2 bytes).
    Removing sc_it.o(i.CMP3_IRQHandler), (2 bytes).
    Removing sc_it.o(i.EPWM_IRQHandler), (2 bytes).
    Removing sc_it.o(i.OP1_OP2_IRQHandler), (2 bytes).
    Removing sc_it.o(i.PCAP_IRQHandler), (2 bytes).
    Removing sc_it.o(i.QEP0_IRQHandler), (2 bytes).
    Removing sc_it.o(i.QEP1_IRQHandler), (2 bytes).
    Removing sc_it.o(i.SPI1_2_IRQHandler), (2 bytes).
    Removing sc_it.o(i.SPI1_TWI1_IRQHandler), (2 bytes).
    Removing sc_it.o(i.UART0_2_4_IRQHandler), (2 bytes).
    Removing sc_it.o(i.UART1_3_5_IRQHandler), (2 bytes).
    Removing sc_it.o(i.UART1_IRQHandler), (2 bytes).
    Removing sc_init.o(.rev16_text), (4 bytes).
    Removing sc_init.o(.revsh_text), (4 bytes).
    Removing sc_init.o(i.SC_ACMP0_Init), (2 bytes).
    Removing sc_init.o(i.SC_ACMP1_Init), (2 bytes).
    Removing sc_init.o(i.SC_ACMP2_Init), (2 bytes).
    Removing sc_init.o(i.SC_ACMP3_Init), (2 bytes).
    Removing sc_init.o(i.SC_ACMP_Init), (2 bytes).
    Removing sc_init.o(i.SC_BTM_Init), (2 bytes).
    Removing sc_init.o(i.SC_CAN_Init), (2 bytes).
    Removing sc_init.o(i.SC_CRC_Init), (2 bytes).
    Removing sc_init.o(i.SC_DAC_Init), (2 bytes).
    Removing sc_init.o(i.SC_DMA0_Init), (2 bytes).
    Removing sc_init.o(i.SC_DMA1_Init), (2 bytes).
    Removing sc_init.o(i.SC_DMA2_Init), (2 bytes).
    Removing sc_init.o(i.SC_DMA3_Init), (2 bytes).
    Removing sc_init.o(i.SC_EPWM_Init), (2 bytes).
    Removing sc_init.o(i.SC_IAP_Init), (2 bytes).
    Removing sc_init.o(i.SC_INT_Init), (2 bytes).
    Removing sc_init.o(i.SC_LCD_Init), (2 bytes).
    Removing sc_init.o(i.SC_LEDPWM_Init), (2 bytes).
    Removing sc_init.o(i.SC_LED_Init), (2 bytes).
    Removing sc_init.o(i.SC_MR_Init), (2 bytes).
    Removing sc_init.o(i.SC_NVIC_Init), (2 bytes).
    Removing sc_init.o(i.SC_OP0_Init), (2 bytes).
    Removing sc_init.o(i.SC_OP1_Init), (2 bytes).
    Removing sc_init.o(i.SC_OP2_Init), (2 bytes).
    Removing sc_init.o(i.SC_OP_Init), (2 bytes).
    Removing sc_init.o(i.SC_PCAP_Init), (2 bytes).
    Removing sc_init.o(i.SC_PWR_Init), (2 bytes).
    Removing sc_init.o(i.SC_QEP0_Init), (2 bytes).
    Removing sc_init.o(i.SC_QEP1_Init), (2 bytes).
    Removing sc_init.o(i.SC_SPI0_Init), (2 bytes).
    Removing sc_init.o(i.SC_SPI1_Init), (2 bytes).
    Removing sc_init.o(i.SC_SPI2_Init), (2 bytes).
    Removing sc_init.o(i.SC_TIM0_Init), (2 bytes).
    Removing sc_init.o(i.SC_TIM3_Init), (2 bytes).
    Removing sc_init.o(i.SC_TIM4_Init), (2 bytes).
    Removing sc_init.o(i.SC_TIM5_Init), (2 bytes).
    Removing sc_init.o(i.SC_TIM6_Init), (2 bytes).
    Removing sc_init.o(i.SC_TIM7_Init), (2 bytes).
    Removing sc_init.o(i.SC_TWI1_Init), (2 bytes).
    Removing sc_init.o(i.SC_TemperSensor_Init), (2 bytes).
    Removing sc_init.o(i.SC_UART0_Init), (2 bytes).
    Removing sc_init.o(i.SC_UART1_Init), (2 bytes).
    Removing sc_init.o(i.SC_UART2_Init), (2 bytes).
    Removing sc_init.o(i.SC_UART3_Init), (2 bytes).
    Removing sc_init.o(i.SC_UART4_Init), (2 bytes).
    Removing sc_init.o(i.SC_UART5_Init), (2 bytes).
    Removing sc_init.o(i.SC_VREF_Init), (2 bytes).
    Removing sc_init.o(i.SC_WDT_Init), (2 bytes).
    Removing sysfunvardefine.o(.rev16_text), (4 bytes).
    Removing sysfunvardefine.o(.revsh_text), (4 bytes).
    Removing compctrldefine.o(.rev16_text), (4 bytes).
    Removing compctrldefine.o(.revsh_text), (4 bytes).
    Removing callbackfunction.o(.rev16_text), (4 bytes).
    Removing callbackfunction.o(.revsh_text), (4 bytes).
    Removing callbackfunction.o(i.Customer_BTM_Dispose), (2 bytes).
    Removing callbackfunction.o(i.Customer_IntoLowPowerMode_Init), (2 bytes).
    Removing callbackfunction.o(i.Customer_QuitLowPowerMode_Init), (2 bytes).
    Removing sc32f1xxx_tim.o(.rev16_text), (4 bytes).
    Removing sc32f1xxx_tim.o(.revsh_text), (4 bytes).
    Removing sc32f1xxx_tim.o(i.TIM_ClockOutputCmd), (28 bytes).
    Removing sc32f1xxx_tim.o(i.TIM_DeInit), (216 bytes).
    Removing sc32f1xxx_tim.o(i.TIM_GetAutoreload), (8 bytes).
    Removing sc32f1xxx_tim.o(i.TIM_GetCounter), (6 bytes).
    Removing sc32f1xxx_tim.o(i.TIM_GetFailingCapture), (6 bytes).
    Removing sc32f1xxx_tim.o(i.TIM_GetFlagStatus), (20 bytes).
    Removing sc32f1xxx_tim.o(i.TIM_GetPrescaler), (12 bytes).
    Removing sc32f1xxx_tim.o(i.TIM_GetRisingCapture), (6 bytes).
    Removing sc32f1xxx_tim.o(i.TIM_ICStructInit), (8 bytes).
    Removing sc32f1xxx_tim.o(i.TIM_PWMGetDuty), (20 bytes).
    Removing sc32f1xxx_tim.o(i.TIM_PWMStructInit), (8 bytes).
    Removing sc32f1xxx_tim.o(i.TIM_SetCounter), (4 bytes).
    Removing sc32f1xxx_tim.o(i.TIM_SetPerscaler), (18 bytes).
    Removing sc32f1xxx_tim.o(i.TIM_TimeBaseStructInit), (14 bytes).
    Removing sc32f1xxx_adc.o(.rev16_text), (4 bytes).
    Removing sc32f1xxx_adc.o(.revsh_text), (4 bytes).
    Removing sc32f1xxx_adc.o(i.ADC_ConvModeConfig), (28 bytes).
    Removing sc32f1xxx_adc.o(i.ADC_DeInit), (14 bytes).
    Removing sc32f1xxx_adc.o(i.ADC_GetChannel), (10 bytes).
    Removing sc32f1xxx_adc.o(i.ADC_GetFlagStatus), (20 bytes).
    Removing sc32f1xxx_adc.o(i.ADC_SoftwareStartConv), (10 bytes).
    Removing sc32f1xxx_adc.o(i.ADC_StructInit), (18 bytes).
    Removing sc32f1xxx_pwm.o(.rev16_text), (4 bytes).
    Removing sc32f1xxx_pwm.o(.revsh_text), (4 bytes).
    Removing sc32f1xxx_pwm.o(i.PWM_DeInit), (32 bytes).
    Removing sc32f1xxx_pwm.o(i.PWM_FDStructInit), (10 bytes).
    Removing sc32f1xxx_pwm.o(i.PWM_FallingDeadTimeConfig), (24 bytes).
    Removing sc32f1xxx_pwm.o(i.PWM_GetCycle), (8 bytes).
    Removing sc32f1xxx_pwm.o(i.PWM_GetDuty), (46 bytes).
    Removing sc32f1xxx_pwm.o(i.PWM_GetFlagStatus), (20 bytes).
    Removing sc32f1xxx_pwm.o(i.PWM_GetPrescaler), (10 bytes).
    Removing sc32f1xxx_pwm.o(i.PWM_RisingDeadTimeConfig), (18 bytes).
    Removing sc32f1xxx_pwm.o(i.PWM_SetCycle), (4 bytes).
    Removing sc32f1xxx_pwm.o(i.PWM_SetPrescaler), (20 bytes).
    Removing sc32f1xxx_pwm.o(i.PWM_StructInit), (16 bytes).
    Removing sc32f1xxx_twi.o(.rev16_text), (4 bytes).
    Removing sc32f1xxx_twi.o(.revsh_text), (4 bytes).
    Removing sc32f1xxx_twi.o(i.TWI_AcknowledgeConfig), (28 bytes).
    Removing sc32f1xxx_twi.o(i.TWI_ClearFlag), (8 bytes).
    Removing sc32f1xxx_twi.o(i.TWI_DeInit), (60 bytes).
    Removing sc32f1xxx_twi.o(i.TWI_GeneralCallCmd), (28 bytes).
    Removing sc32f1xxx_twi.o(i.TWI_GenerateSTART), (28 bytes).
    Removing sc32f1xxx_twi.o(i.TWI_GenerateSTOP), (28 bytes).
    Removing sc32f1xxx_twi.o(i.TWI_GetFlagStatus), (20 bytes).
    Removing sc32f1xxx_twi.o(i.TWI_GetNbytes), (10 bytes).
    Removing sc32f1xxx_twi.o(i.TWI_GetStateMachine), (12 bytes).
    Removing sc32f1xxx_twi.o(i.TWI_ReceiveData), (8 bytes).
    Removing sc32f1xxx_twi.o(i.TWI_Send7bitAddress), (22 bytes).
    Removing sc32f1xxx_twi.o(i.TWI_SendData), (4 bytes).
    Removing sc32f1xxx_twi.o(i.TWI_SetNbytes), (6 bytes).
    Removing sc32f1xxx_twi.o(i.TWI_StretchClockConfig), (28 bytes).
    Removing sc32f1xxx_twi.o(i.TWI_StructInit), (16 bytes).
    Removing sc32f1xxx_option.o(.rev16_text), (4 bytes).
    Removing sc32f1xxx_option.o(.revsh_text), (4 bytes).
    Removing sc32f1xxx_option.o(i.OPTION_IAPPORA), (24 bytes).
    Removing sc32f1xxx_option.o(i.OPTION_IAPPORB), (24 bytes).
    Removing sc32f1xxx_option.o(i.OPTION_WDTCmd), (40 bytes).
    Removing sc32f1xxx_rcc.o(.rev16_text), (4 bytes).
    Removing sc32f1xxx_rcc.o(.revsh_text), (4 bytes).
    Removing sc32f1xxx_rcc.o(i.RCC_AHBPeriphResetCmd), (32 bytes).
    Removing sc32f1xxx_rcc.o(i.RCC_APB0PeriphResetCmd), (32 bytes).
    Removing sc32f1xxx_rcc.o(i.RCC_APB1Cmd), (40 bytes).
    Removing sc32f1xxx_rcc.o(i.RCC_APB1Config), (28 bytes).
    Removing sc32f1xxx_rcc.o(i.RCC_APB1PeriphClockCmd), (32 bytes).
    Removing sc32f1xxx_rcc.o(i.RCC_APB1PeriphResetCmd), (32 bytes).
    Removing sc32f1xxx_rcc.o(i.RCC_APB2PeriphClockCmd), (32 bytes).
    Removing sc32f1xxx_rcc.o(i.RCC_APB2PeriphResetCmd), (32 bytes).
    Removing sc32f1xxx_rcc.o(i.RCC_BTMCLKConfig), (36 bytes).
    Removing sc32f1xxx_rcc.o(i.RCC_DeInit), (28 bytes).
    Removing sc32f1xxx_rcc.o(i.RCC_GetClocksFreq), (236 bytes).
    Removing sc32f1xxx_rcc.o(i.RCC_GetFlagStatus), (24 bytes).
    Removing sc32f1xxx_rcc.o(i.RCC_GetSYSCLKSource), (36 bytes).
    Removing sc32f1xxx_rcc.o(i.RCC_LCDLEDCLKConfig), (36 bytes).
    Removing sc32f1xxx_rcc.o(i.RCC_NMICmd), (44 bytes).
    Removing sc32f1xxx_rcc.o(i.RCC_PLLCmd), (48 bytes).
    Removing sc32f1xxx_rcc.o(i.RCC_PLLConfig), (56 bytes).
    Removing sc32f1xxx_rcc.o(i.RCC_PLLRCmd), (48 bytes).
    Removing sc32f1xxx_rcc.o(i.RCC_SystickGetFlagStatus), (28 bytes).
    Removing sc32f1xxx_rcc.o(i.RCC_WaitConfig), (40 bytes).
    Removing sc32f1xxx_gpio.o(.rev16_text), (4 bytes).
    Removing sc32f1xxx_gpio.o(.revsh_text), (4 bytes).
    Removing sc32f1xxx_gpio.o(i.GPIO_DeInit), (32 bytes).
    Removing sc32f1xxx_gpio.o(i.GPIO_ReadData), (8 bytes).
    Removing sc32f1xxx_gpio.o(i.GPIO_ReadDataBit), (18 bytes).
    Removing sc32f1xxx_gpio.o(i.GPIO_SetDriveLevel), (54 bytes).
    Removing sc32f1xxx_gpio.o(i.GPIO_Write), (4 bytes).
    Removing sc32f1xxx_gpio.o(i.GPIO_WriteBit), (20 bytes).
    Removing startup_sc32f10xx.o(HEAP), (512 bytes).
    Removing buzzer.o(.rev16_text), (4 bytes).
    Removing buzzer.o(.revsh_text), (4 bytes).
    Removing buzzer.o(i.test_Buzz), (140 bytes).
    Removing tkdriver.o(.rev16_text), (4 bytes).
    Removing tkdriver.o(.revsh_text), (4 bytes).
    Removing sc32f10xx_tk_functionresource.o(.rev16_text), (4 bytes).
    Removing sc32f10xx_tk_functionresource.o(.revsh_text), (4 bytes).

175 unused section(s) (total 3048 bytes) removed from the image.

==============================================================================

Image Symbol Table

    Local Symbols

    Symbol Name                              Value     Ov Type        Size  Object(Section)

    ../clib/microlib/division.c              0x00000000   Number         0  uidiv.o ABSOLUTE
    ../clib/microlib/division.c              0x00000000   Number         0  idiv.o ABSOLUTE
    ../clib/microlib/init/entry.s            0x00000000   Number         0  entry8a.o ABSOLUTE
    ../clib/microlib/init/entry.s            0x00000000   Number         0  entry7b.o ABSOLUTE
    ../clib/microlib/init/entry.s            0x00000000   Number         0  entry11b.o ABSOLUTE
    ../clib/microlib/init/entry.s            0x00000000   Number         0  entry9b.o ABSOLUTE
    ../clib/microlib/init/entry.s            0x00000000   Number         0  entry.o ABSOLUTE
    ../clib/microlib/init/entry.s            0x00000000   Number         0  entry10a.o ABSOLUTE
    ../clib/microlib/init/entry.s            0x00000000   Number         0  entry10b.o ABSOLUTE
    ../clib/microlib/init/entry.s            0x00000000   Number         0  entry11a.o ABSOLUTE
    ../clib/microlib/init/entry.s            0x00000000   Number         0  entry9a.o ABSOLUTE
    ../clib/microlib/init/entry.s            0x00000000   Number         0  entry8b.o ABSOLUTE
    ../clib/microlib/init/entry.s            0x00000000   Number         0  entry12b.o ABSOLUTE
    ../clib/microlib/init/entry.s            0x00000000   Number         0  entry12a.o ABSOLUTE
    ../clib/microlib/init/entry.s            0x00000000   Number         0  entry2.o ABSOLUTE
    ../clib/microlib/init/entry.s            0x00000000   Number         0  entry5.o ABSOLUTE
    ../clib/microlib/init/entry.s            0x00000000   Number         0  entry7a.o ABSOLUTE
    ../clib/microlib/longlong.c              0x00000000   Number         0  llshl.o ABSOLUTE
    ../clib/microlib/longlong.c              0x00000000   Number         0  llsshr.o ABSOLUTE
    ../clib/microlib/longlong.c              0x00000000   Number         0  llushr.o ABSOLUTE
    ../clib/microlib/stubs.s                 0x00000000   Number         0  iusefp.o ABSOLUTE
    ../fplib/microlib/d2f.c                  0x00000000   Number         0  d2f.o ABSOLUTE
    ../fplib/microlib/f2d.c                  0x00000000   Number         0  f2d.o ABSOLUTE
    ../fplib/microlib/fpadd.c                0x00000000   Number         0  fadd.o ABSOLUTE
    ../fplib/microlib/fpadd.c                0x00000000   Number         0  dadd.o ABSOLUTE
    ../fplib/microlib/fpdiv.c                0x00000000   Number         0  fdiv.o ABSOLUTE
    ../fplib/microlib/fpdiv.c                0x00000000   Number         0  ddiv.o ABSOLUTE
    ../fplib/microlib/fpepilogue.c           0x00000000   Number         0  depilogue.o ABSOLUTE
    ../fplib/microlib/fpepilogue.c           0x00000000   Number         0  fepilogue.o ABSOLUTE
    ../fplib/microlib/fpfix.c                0x00000000   Number         0  ffixi.o ABSOLUTE
    ../fplib/microlib/fpfix.c                0x00000000   Number         0  dfixui.o ABSOLUTE
    ../fplib/microlib/fpfix.c                0x00000000   Number         0  ffixui.o ABSOLUTE
    ../fplib/microlib/fpflt.c                0x00000000   Number         0  ffltui.o ABSOLUTE
    ../fplib/microlib/fpflt.c                0x00000000   Number         0  fflti.o ABSOLUTE
    ../fplib/microlib/fpflt.c                0x00000000   Number         0  dflti.o ABSOLUTE
    ../fplib/microlib/fpflt.c                0x00000000   Number         0  dfltui.o ABSOLUTE
    ../fplib/microlib/fpmul.c                0x00000000   Number         0  fmul.o ABSOLUTE
    ../fplib/microlib/fpmul.c                0x00000000   Number         0  dmul.o ABSOLUTE
    ..\Buzz\Src\Buzzer.c                     0x00000000   Number         0  buzzer.o ABSOLUTE
    ..\Drivers\TKDriver\C\TKDriver.C         0x00000000   Number         0  tkdriver.o ABSOLUTE
    ..\FWLib\SC32F1XXX_Lib\src\sc32f1xxx_adc.c 0x00000000   Number         0  sc32f1xxx_adc.o ABSOLUTE
    ..\FWLib\SC32F1XXX_Lib\src\sc32f1xxx_gpio.c 0x00000000   Number         0  sc32f1xxx_gpio.o ABSOLUTE
    ..\FWLib\SC32F1XXX_Lib\src\sc32f1xxx_option.c 0x00000000   Number         0  sc32f1xxx_option.o ABSOLUTE
    ..\FWLib\SC32F1XXX_Lib\src\sc32f1xxx_pwm.c 0x00000000   Number         0  sc32f1xxx_pwm.o ABSOLUTE
    ..\FWLib\SC32F1XXX_Lib\src\sc32f1xxx_rcc.c 0x00000000   Number         0  sc32f1xxx_rcc.o ABSOLUTE
    ..\FWLib\SC32F1XXX_Lib\src\sc32f1xxx_tim.c 0x00000000   Number         0  sc32f1xxx_tim.o ABSOLUTE
    ..\FWLib\SC32F1XXX_Lib\src\sc32f1xxx_twi.c 0x00000000   Number         0  sc32f1xxx_twi.o ABSOLUTE
    ..\User\CallBackFunction.c               0x00000000   Number         0  callbackfunction.o ABSOLUTE
    ..\User\CompCtrlDefine.c                 0x00000000   Number         0  compctrldefine.o ABSOLUTE
    ..\User\Delay.c                          0x00000000   Number         0  delay.o ABSOLUTE
    ..\User\SC_Init.c                        0x00000000   Number         0  sc_init.o ABSOLUTE
    ..\User\SC_it.c                          0x00000000   Number         0  sc_it.o ABSOLUTE
    ..\User\SysFunVarDefine.c                0x00000000   Number         0  sysfunvardefine.o ABSOLUTE
    ..\User\main.c                           0x00000000   Number         0  main.o ABSOLUTE
    ..\User\system_sc32f1xxx.c               0x00000000   Number         0  system_sc32f1xxx.o ABSOLUTE
    ..\\Buzz\\Src\\Buzzer.c                  0x00000000   Number         0  buzzer.o ABSOLUTE
    ..\\Drivers\\TKDriver\\C\\TKDriver.C     0x00000000   Number         0  tkdriver.o ABSOLUTE
    ..\\FWLib\\SC32F1XXX_Lib\\src\\sc32f1xxx_adc.c 0x00000000   Number         0  sc32f1xxx_adc.o ABSOLUTE
    ..\\FWLib\\SC32F1XXX_Lib\\src\\sc32f1xxx_gpio.c 0x00000000   Number         0  sc32f1xxx_gpio.o ABSOLUTE
    ..\\FWLib\\SC32F1XXX_Lib\\src\\sc32f1xxx_option.c 0x00000000   Number         0  sc32f1xxx_option.o ABSOLUTE
    ..\\FWLib\\SC32F1XXX_Lib\\src\\sc32f1xxx_pwm.c 0x00000000   Number         0  sc32f1xxx_pwm.o ABSOLUTE
    ..\\FWLib\\SC32F1XXX_Lib\\src\\sc32f1xxx_rcc.c 0x00000000   Number         0  sc32f1xxx_rcc.o ABSOLUTE
    ..\\FWLib\\SC32F1XXX_Lib\\src\\sc32f1xxx_tim.c 0x00000000   Number         0  sc32f1xxx_tim.o ABSOLUTE
    ..\\FWLib\\SC32F1XXX_Lib\\src\\sc32f1xxx_twi.c 0x00000000   Number         0  sc32f1xxx_twi.o ABSOLUTE
    ..\\User\\CallBackFunction.c             0x00000000   Number         0  callbackfunction.o ABSOLUTE
    ..\\User\\CompCtrlDefine.c               0x00000000   Number         0  compctrldefine.o ABSOLUTE
    ..\\User\\SC_Init.c                      0x00000000   Number         0  sc_init.o ABSOLUTE
    ..\\User\\SC_it.c                        0x00000000   Number         0  sc_it.o ABSOLUTE
    ..\\User\\SysFunVarDefine.c              0x00000000   Number         0  sysfunvardefine.o ABSOLUTE
    ..\\User\\main.c                         0x00000000   Number         0  main.o ABSOLUTE
    ..\\User\\system_sc32f1xxx.c             0x00000000   Number         0  system_sc32f1xxx.o ABSOLUTE
    LIB\\sc32f10xx_TK_FunctionResource.c     0x00000000   Number         0  sc32f10xx_tk_functionresource.o ABSOLUTE
    LIB\sc32f10xx_TK_FunctionResource.c      0x00000000   Number         0  sc32f10xx_tk_functionresource.o ABSOLUTE
    cfcmple.s                                0x00000000   Number         0  cfcmple.o ABSOLUTE
    cfrcmple.s                               0x00000000   Number         0  cfrcmple.o ABSOLUTE
    dc.s                                     0x00000000   Number         0  dc.o ABSOLUTE
    handlers.s                               0x00000000   Number         0  handlers.o ABSOLUTE
    init.s                                   0x00000000   Number         0  init.o ABSOLUTE
    startup_sc32f10xx.s                      0x00000000   Number         0  startup_sc32f10xx.o ABSOLUTE
    RESET                                    0x08000000   Section      192  startup_sc32f10xx.o(RESET)
    .ARM.Collect$$$$00000000                 0x080000c0   Section        0  entry.o(.ARM.Collect$$$$00000000)
    .ARM.Collect$$$$00000001                 0x080000c0   Section        4  entry2.o(.ARM.Collect$$$$00000001)
    .ARM.Collect$$$$00000004                 0x080000c4   Section        4  entry5.o(.ARM.Collect$$$$00000004)
    .ARM.Collect$$$$00000008                 0x080000c8   Section        0  entry7b.o(.ARM.Collect$$$$00000008)
    .ARM.Collect$$$$0000000A                 0x080000c8   Section        0  entry8b.o(.ARM.Collect$$$$0000000A)
    .ARM.Collect$$$$0000000B                 0x080000c8   Section        8  entry9a.o(.ARM.Collect$$$$0000000B)
    .ARM.Collect$$$$0000000E                 0x080000d0   Section        4  entry12b.o(.ARM.Collect$$$$0000000E)
    .ARM.Collect$$$$0000000F                 0x080000d4   Section        0  entry10a.o(.ARM.Collect$$$$0000000F)
    .ARM.Collect$$$$00000011                 0x080000d4   Section        0  entry11a.o(.ARM.Collect$$$$00000011)
    .ARM.Collect$$$$00002712                 0x080000d4   Section        4  entry2.o(.ARM.Collect$$$$00002712)
    __lit__00000000                          0x080000d4   Data           4  entry2.o(.ARM.Collect$$$$00002712)
    .text                                    0x080000d8   Section      104  startup_sc32f10xx.o(.text)
    .text                                    0x08000140   Section        0  uidiv.o(.text)
    .text                                    0x0800016c   Section        0  idiv.o(.text)
    .text                                    0x08000194   Section        0  fadd.o(.text)
    .text                                    0x08000246   Section        0  fmul.o(.text)
    .text                                    0x080002c0   Section        0  fdiv.o(.text)
    .text                                    0x0800033c   Section        0  dadd.o(.text)
    .text                                    0x080004a4   Section        0  dmul.o(.text)
    .text                                    0x08000574   Section        0  ddiv.o(.text)
    .text                                    0x08000664   Section        0  fflti.o(.text)
    .text                                    0x0800067a   Section        0  ffltui.o(.text)
    .text                                    0x08000688   Section        0  dflti.o(.text)
    .text                                    0x080006b0   Section        0  dfltui.o(.text)
    .text                                    0x080006cc   Section        0  ffixi.o(.text)
    .text                                    0x080006fe   Section        0  ffixui.o(.text)
    .text                                    0x08000728   Section        0  dfixui.o(.text)
    .text                                    0x08000764   Section        0  f2d.o(.text)
    .text                                    0x0800078c   Section        0  d2f.o(.text)
    .text                                    0x080007c4   Section       20  cfcmple.o(.text)
    .text                                    0x080007d8   Section       20  cfrcmple.o(.text)
    .text                                    0x080007ec   Section        0  llshl.o(.text)
    .text                                    0x0800080c   Section        0  llushr.o(.text)
    .text                                    0x0800082e   Section        0  llsshr.o(.text)
    .text                                    0x08000854   Section        0  iusefp.o(.text)
    .text                                    0x08000854   Section        0  fepilogue.o(.text)
    .text                                    0x080008d6   Section        0  depilogue.o(.text)
    .text                                    0x08000994   Section       36  init.o(.text)
    i.ADC_ClearFlag                          0x080009b8   Section        0  sc32f1xxx_adc.o(i.ADC_ClearFlag)
    i.ADC_Cmd                                0x080009bc   Section        0  sc32f1xxx_adc.o(i.ADC_Cmd)
    i.ADC_DMACmd                             0x080009d8   Section        0  sc32f1xxx_adc.o(i.ADC_DMACmd)
    i.ADC_GetConversionValue                 0x080009f4   Section        0  sc32f1xxx_adc.o(i.ADC_GetConversionValue)
    i.ADC_IRQHandler                         0x080009fc   Section        0  sc_it.o(i.ADC_IRQHandler)
    i.ADC_ITConfig                           0x08000a0c   Section        0  sc32f1xxx_adc.o(i.ADC_ITConfig)
    i.ADC_Init                               0x08000a20   Section        0  sc32f1xxx_adc.o(i.ADC_Init)
    i.ADC_SetChannel                         0x08000a40   Section        0  sc32f1xxx_adc.o(i.ADC_SetChannel)
    i.BTM_IRQHandler                         0x08000a52   Section        0  sc_it.o(i.BTM_IRQHandler)
    i.Buzzer_Play                            0x08000a54   Section        0  buzzer.o(i.Buzzer_Play)
    i.Buzzer_SetVolume                       0x08000be4   Section        0  buzzer.o(i.Buzzer_SetVolume)
    i.CMP_IRQHandler                         0x08000bf8   Section        0  sc_it.o(i.CMP_IRQHandler)
    i.DMA0_IRQHandler                        0x08000bfa   Section        0  sc_it.o(i.DMA0_IRQHandler)
    i.DMA1_IRQHandler                        0x08000bfc   Section        0  sc_it.o(i.DMA1_IRQHandler)
    i.DMA2_IRQHandler                        0x08000bfe   Section        0  sc_it.o(i.DMA2_IRQHandler)
    i.DMA3_IRQHandler                        0x08000c00   Section        0  sc_it.o(i.DMA3_IRQHandler)
    i.DataProcessing                         0x08000c04   Section        0  main.o(i.DataProcessing)
    i.Delay_ms                               0x08000c38   Section        0  main.o(i.Delay_ms)
    i.Delay_us                               0x08000c50   Section        0  main.o(i.Delay_us)
    i.GPIO_Init                              0x08000c7c   Section        0  sc32f1xxx_gpio.o(i.GPIO_Init)
    i.GPIO_ResetBits                         0x08000cec   Section        0  sc32f1xxx_gpio.o(i.GPIO_ResetBits)
    i.GPIO_SetBits                           0x08000d0e   Section        0  sc32f1xxx_gpio.o(i.GPIO_SetBits)
    i.GPIO_TogglePins                        0x08000d30   Section        0  sc32f1xxx_gpio.o(i.GPIO_TogglePins)
    i.INT0_IRQHandler                        0x08000d5c   Section        0  sc_it.o(i.INT0_IRQHandler)
    i.INT12_15_IRQHandler                    0x08000d5e   Section        0  sc_it.o(i.INT12_15_IRQHandler)
    i.INT1_7_IRQHandler                      0x08000d60   Section        0  sc_it.o(i.INT1_7_IRQHandler)
    i.INT8_11_IRQHandler                     0x08000d62   Section        0  sc_it.o(i.INT8_11_IRQHandler)
    i.IcResourceInit                         0x08000d64   Section        0  compctrldefine.o(i.IcResourceInit)
    i.LEDPWM_IRQHandler                      0x08000d6c   Section        0  sc_it.o(i.LEDPWM_IRQHandler)
    i.OPTION_JTAGCmd                         0x08000d70   Section        0  sc32f1xxx_option.o(i.OPTION_JTAGCmd)
    i.OPTION_LVRConfig                       0x08000d9c   Section        0  sc32f1xxx_option.o(i.OPTION_LVRConfig)
    i.PWM0_IRQHandler                        0x08000dbc   Section        0  sc_it.o(i.PWM0_IRQHandler)
    i.PWM_ClearFlag                          0x08000dcc   Section        0  sc32f1xxx_pwm.o(i.PWM_ClearFlag)
    i.PWM_Cmd                                0x08000dd0   Section        0  sc32f1xxx_pwm.o(i.PWM_Cmd)
    i.PWM_FDCmd                              0x08000dec   Section        0  sc32f1xxx_pwm.o(i.PWM_FDCmd)
    i.PWM_FDInit                             0x08000e08   Section        0  sc32f1xxx_pwm.o(i.PWM_FDInit)
    i.PWM_ITConfig                           0x08000e22   Section        0  sc32f1xxx_pwm.o(i.PWM_ITConfig)
    i.PWM_Init                               0x08000e3c   Section        0  sc32f1xxx_pwm.o(i.PWM_Init)
    i.PWM_SetDuty                            0x08000e64   Section        0  sc32f1xxx_pwm.o(i.PWM_SetDuty)
    i.PWM_SetHz                              0x08000e8c   Section        0  buzzer.o(i.PWM_SetHz)
    i.RCC_AHBPeriphClockCmd                  0x08000ed4   Section        0  sc32f1xxx_rcc.o(i.RCC_AHBPeriphClockCmd)
    i.RCC_APB0Cmd                            0x08000ef4   Section        0  sc32f1xxx_rcc.o(i.RCC_APB0Cmd)
    i.RCC_APB0Config                         0x08000f1c   Section        0  sc32f1xxx_rcc.o(i.RCC_APB0Config)
    i.RCC_APB0PeriphClockCmd                 0x08000f38   Section        0  sc32f1xxx_rcc.o(i.RCC_APB0PeriphClockCmd)
    i.RCC_APB2Cmd                            0x08000f58   Section        0  sc32f1xxx_rcc.o(i.RCC_APB2Cmd)
    i.RCC_APB2Config                         0x08000f80   Section        0  sc32f1xxx_rcc.o(i.RCC_APB2Config)
    i.RCC_HCLKConfig                         0x08000f9c   Section        0  sc32f1xxx_rcc.o(i.RCC_HCLKConfig)
    i.RCC_HIRCCmd                            0x08000fb8   Section        0  sc32f1xxx_rcc.o(i.RCC_HIRCCmd)
    i.RCC_HXTCmd                             0x08000fe8   Section        0  sc32f1xxx_rcc.o(i.RCC_HXTCmd)
    i.RCC_IRQHandler                         0x08001018   Section        0  sc_it.o(i.RCC_IRQHandler)
    i.RCC_ITConfig                           0x0800101c   Section        0  sc32f1xxx_rcc.o(i.RCC_ITConfig)
    i.RCC_LIRCCmd                            0x08001050   Section        0  sc32f1xxx_rcc.o(i.RCC_LIRCCmd)
    i.RCC_LXTCmd                             0x08001080   Section        0  sc32f1xxx_rcc.o(i.RCC_LXTCmd)
    i.RCC_SYSCLKConfig                       0x080010b0   Section        0  sc32f1xxx_rcc.o(i.RCC_SYSCLKConfig)
    i.RCC_SystickCLKConfig                   0x08001188   Section        0  sc32f1xxx_rcc.o(i.RCC_SystickCLKConfig)
    i.RCC_SystickCmd                         0x080011d0   Section        0  sc32f1xxx_rcc.o(i.RCC_SystickCmd)
    i.RCC_SystickSetCounter                  0x080011f4   Section        0  sc32f1xxx_rcc.o(i.RCC_SystickSetCounter)
    i.RCC_Unlock                             0x08001210   Section        0  sc32f1xxx_rcc.o(i.RCC_Unlock)
    i.SC_ADC_Init                            0x08001228   Section        0  sc_init.o(i.SC_ADC_Init)
    i.SC_GPIO_Init                           0x08001280   Section        0  sc_init.o(i.SC_GPIO_Init)
    i.SC_Init                                0x080013a4   Section        0  sc_init.o(i.SC_Init)
    i.SC_OPTION_Init                         0x080013cc   Section        0  sc_init.o(i.SC_OPTION_Init)
    i.SC_PWM0_Init                           0x08001408   Section        0  sc_init.o(i.SC_PWM0_Init)
    i.SC_RCC_Init                            0x080014c8   Section        0  sc_init.o(i.SC_RCC_Init)
    i.SC_SYSTICK_Init                        0x08001518   Section        0  sc_init.o(i.SC_SYSTICK_Init)
    i.SC_TIM1_Init                           0x08001540   Section        0  sc_init.o(i.SC_TIM1_Init)
    i.SC_TIM2_Init                           0x080015f8   Section        0  sc_init.o(i.SC_TIM2_Init)
    i.SC_TWI0_Init                           0x080016bc   Section        0  sc_init.o(i.SC_TWI0_Init)
    i.SPI0_IRQHandler                        0x08001760   Section        0  sc_it.o(i.SPI0_IRQHandler)
    i.SPI1_IRQHandler                        0x08001762   Section        0  sc_it.o(i.SPI1_IRQHandler)
    i.SysTick_IRQHandler                     0x08001764   Section        0  sc_it.o(i.SysTick_IRQHandler)
    i.SystemInit                             0x08001768   Section        0  system_sc32f1xxx.o(i.SystemInit)
    i.TIMER0_IRQHandler                      0x08001778   Section        0  sc_it.o(i.TIMER0_IRQHandler)
    i.TIMER1_IRQHandler                      0x0800177c   Section        0  sc_it.o(i.TIMER1_IRQHandler)
    i.TIMER2_IRQHandler                      0x0800178c   Section        0  sc_it.o(i.TIMER2_IRQHandler)
    i.TIMER3_IRQHandler                      0x0800178e   Section        0  sc_it.o(i.TIMER3_IRQHandler)
    i.TIMER4_5_IRQHandler                    0x08001790   Section        0  sc_it.o(i.TIMER4_5_IRQHandler)
    i.TIMER6_7_IRQHandler                    0x08001792   Section        0  sc_it.o(i.TIMER6_7_IRQHandler)
    i.TIM_ClearFlag                          0x08001794   Section        0  sc32f1xxx_tim.o(i.TIM_ClearFlag)
    i.TIM_Cmd                                0x08001798   Section        0  sc32f1xxx_tim.o(i.TIM_Cmd)
    i.TIM_DMACmd                             0x080017b4   Section        0  sc32f1xxx_tim.o(i.TIM_DMACmd)
    i.TIM_ICCmd                              0x080017d0   Section        0  sc32f1xxx_tim.o(i.TIM_ICCmd)
    i.TIM_ICInit                             0x080017ec   Section        0  sc32f1xxx_tim.o(i.TIM_ICInit)
    i.TIM_ITConfig                           0x08001834   Section        0  sc32f1xxx_tim.o(i.TIM_ITConfig)
    i.TIM_PWMInit                            0x08001850   Section        0  sc32f1xxx_tim.o(i.TIM_PWMInit)
    i.TIM_PWMSetDuty                         0x080018b4   Section        0  sc32f1xxx_tim.o(i.TIM_PWMSetDuty)
    i.TIM_PinRemapConfig                     0x080018e0   Section        0  sc32f1xxx_tim.o(i.TIM_PinRemapConfig)
    i.TIM_SetAutoreload                      0x080018fa   Section        0  sc32f1xxx_tim.o(i.TIM_SetAutoreload)
    i.TIM_TIMBaseInit                        0x08001900   Section        0  sc32f1xxx_tim.o(i.TIM_TIMBaseInit)
    i.TKSlideModuleCHIs                      0x08001928   Section        0  sc32f10xx_tk_functionresource.o(i.TKSlideModuleCHIs)
    i.TKSlideModuleSensorRenovate            0x08001994   Section        0  sc32f10xx_tk_functionresource.o(i.TKSlideModuleSensorRenovate)
    i.TK_BaseLineUpdataSW                    0x08001ce8   Section        0  sc32f10xx_tk_functionresource.o(i.TK_BaseLineUpdataSW)
    i.TK_FilterAvergeDeal                    0x08001e8c   Section        0  sc32f10xx_tk_functionresource.o(i.TK_FilterAvergeDeal)
    i.TK_FilterCommCode                      0x08001f08   Section        0  sc32f10xx_tk_functionresource.o(i.TK_FilterCommCode)
    i.TK_FilterDataDeal                      0x08001f5c   Section        0  sc32f10xx_tk_functionresource.o(i.TK_FilterDataDeal)
    i.TK_FilterIIRInit                       0x0800201c   Section        0  sc32f10xx_tk_functionresource.o(i.TK_FilterIIRInit)
    i.TK_GetBaseLineAdjustValue              0x08002048   Section        0  tkdriver.o(i.TK_GetBaseLineAdjustValue)
    i.TK_GetBaselineUpdateThreshold          0x08002054   Section        0  tkdriver.o(i.TK_GetBaselineUpdateThreshold)
    i.TK_GetCfgMsg                           0x08002060   Section        0  tkdriver.o(i.TK_GetCfgMsg)
    i.TK_GetCsFunction                       0x080020cc   Section        0  tkdriver.o(i.TK_GetCsFunction)
    i.TK_GetCurrFingerValue                  0x080020d0   Section        0  tkdriver.o(i.TK_GetCurrFingerValue)
    i.TK_GetInitAutoUpdateTime               0x080020f4   Section        0  tkdriver.o(i.TK_GetInitAutoUpdateTime)
    i.TK_GetIsNeedUpdateBaseline             0x08002100   Section        0  sc32f10xx_tk_functionresource.o(i.TK_GetIsNeedUpdateBaseline)
    i.TK_GetScanTimeValue                    0x0800210c   Section        0  tkdriver.o(i.TK_GetScanTimeValue)
    i.TK_GetTKYzCnt                          0x08002120   Section        0  tkdriver.o(i.TK_GetTKYzCnt)
    i.TK_GetTKYzThreshold                    0x08002134   Section        0  tkdriver.o(i.TK_GetTKYzThreshold)
    i.TK_GetUpConfirmCnt                     0x08002150   Section        0  tkdriver.o(i.TK_GetUpConfirmCnt)
    i.TK_IRQHandler                          0x0800215c   Section        0  tkdriver.o(i.TK_IRQHandler)
    i.TK_Init                                0x08002164   Section        0  sc32f10xx_tk_functionresource.o(i.TK_Init)
    i.TK_InitializeBaselines                 0x080022d8   Section        0  sc32f10xx_tk_functionresource.o(i.TK_InitializeBaselines)
    i.TK_InitializeSensorFlag                0x08002304   Section        0  sc32f10xx_tk_functionresource.o(i.TK_InitializeSensorFlag)
    i.TK_IsDoubleKeyOrSlideKey               0x0800236c   Section        0  tkdriver.o(i.TK_IsDoubleKeyOrSlideKey)
    i.TK_MultipleDeal                        0x08002378   Section        0  sc32f10xx_tk_functionresource.o(i.TK_MultipleDeal)
    i.TK_Restart                             0x080024d0   Section        0  sc32f10xx_tk_functionresource.o(i.TK_Restart)
    i.TK_SensorKeyFlag                       0x080024e4   Section        0  sc32f10xx_tk_functionresource.o(i.TK_SensorKeyFlag)
    i.TK_SensorRenovate                      0x08002554   Section        0  sc32f10xx_tk_functionresource.o(i.TK_SensorRenovate)
    i.TK_SetNeedUpdateBaseline               0x08002978   Section        0  sc32f10xx_tk_functionresource.o(i.TK_SetNeedUpdateBaseline)
    i.TK_SetOneKeyPushResetTime              0x08002984   Section        0  tkdriver.o(i.TK_SetOneKeyPushResetTime)
    i.TK_SingleChannel_ICHAAdjust            0x08002990   Section        0  sc32f10xx_tk_functionresource.o(i.TK_SingleChannel_ICHAAdjust)
    i.TK_SingleCurrentSensorChoose           0x08002a1c   Section        0  tkdriver.o(i.TK_SingleCurrentSensorChoose)
    i.TK_TouchKeyCFGInit                     0x08002ab8   Section        0  tkdriver.o(i.TK_TouchKeyCFGInit)
    i.TK_TouchKeyScan                        0x08002b3c   Section        0  tkdriver.o(i.TK_TouchKeyScan)
    i.TK_TouchKey_Service                    0x08002cd4   Section        0  sc32f10xx_tk_functionresource.o(i.TK_TouchKey_Service)
    i.TWI0_IRQHandler                        0x08002e1c   Section        0  sc_it.o(i.TWI0_IRQHandler)
    i.TWI1_IRQHandler                        0x08002e1e   Section        0  sc_it.o(i.TWI1_IRQHandler)
    i.TWI_Cmd                                0x08002e20   Section        0  sc32f1xxx_twi.o(i.TWI_Cmd)
    i.TWI_DMACmd                             0x08002e3c   Section        0  sc32f1xxx_twi.o(i.TWI_DMACmd)
    i.TWI_ITConfig                           0x08002e56   Section        0  sc32f1xxx_twi.o(i.TWI_ITConfig)
    i.TWI_Init                               0x08002e70   Section        0  sc32f1xxx_twi.o(i.TWI_Init)
    i.TWI_PinRemapConfig                     0x08002ea4   Section        0  sc32f1xxx_twi.o(i.TWI_PinRemapConfig)
    i.UART0_2_IRQHandler                     0x08002ecc   Section        0  sc_it.o(i.UART0_2_IRQHandler)
    i.UART1_3_IRQHandler                     0x08002ece   Section        0  sc_it.o(i.UART1_3_IRQHandler)
    i.UpdateDisplay                          0x08002ed0   Section        0  main.o(i.UpdateDisplay)
    i.Usdelay                                0x08002f40   Section        0  sc32f10xx_tk_functionresource.o(i.Usdelay)
    i.__ARM_clz                              0x08002f50   Section        0  depilogue.o(i.__ARM_clz)
    i.__ARM_common_switch8                   0x08002f7e   Section        0  main.o(i.__ARM_common_switch8)
    i.__NVIC_EnableIRQ                       0x08002f9c   Section        0  sc_init.o(i.__NVIC_EnableIRQ)
    __NVIC_EnableIRQ                         0x08002f9d   Thumb Code    18  sc_init.o(i.__NVIC_EnableIRQ)
    i.__NVIC_SetPriority                     0x08002fb4   Section        0  sc_init.o(i.__NVIC_SetPriority)
    __NVIC_SetPriority                       0x08002fb5   Thumb Code   110  sc_init.o(i.__NVIC_SetPriority)
    i.__scatterload_copy                     0x0800302c   Section       14  handlers.o(i.__scatterload_copy)
    i.__scatterload_null                     0x0800303a   Section        2  handlers.o(i.__scatterload_null)
    i.__scatterload_zeroinit                 0x0800303c   Section       14  handlers.o(i.__scatterload_zeroinit)
    i.main                                   0x0800304c   Section        0  main.o(i.main)
    .constdata                               0x08003174   Section     5842  buzzer.o(.constdata)
    .constdata                               0x08004848   Section      148  tkdriver.o(.constdata)
    .data                                    0x20000000   Section       17  main.o(.data)
    .data                                    0x20000012   Section        4  buzzer.o(.data)
    MusicSelect                              0x20000012   Data           2  buzzer.o(.data)
    TimeSelect                               0x20000014   Data           2  buzzer.o(.data)
    .data                                    0x20000016   Section      129  tkdriver.o(.data)
    .data                                    0x20000098   Section       25  sc32f10xx_tk_functionresource.o(.data)
    InitSensorCnt                            0x200000b0   Data           1  sc32f10xx_tk_functionresource.o(.data)
    .bss                                     0x200000b4   Section       64  tkdriver.o(.bss)
    STACK                                    0x200000f8   Section     1024  startup_sc32f10xx.o(STACK)

    Global Symbols

    Symbol Name                              Value     Ov Type        Size  Object(Section)

    BuildAttributes$$THM_ISAv3M$S$PE$A:L22$X:L11$S22$IEEE1$IW$USESV6$~STKCKD$USESV7$~SHL$OTIME$ROPI$EBA8$MICROLIB$REQ8$PRES8$EABIv2 0x00000000   Number         0  anon$$obj.o ABSOLUTE
    __ARM_use_no_argv                        0x00000000   Number         0  main.o ABSOLUTE
    __arm_fini_                               - Undefined Weak Reference
    __cpp_initialize__aeabi_                  - Undefined Weak Reference
    __cxa_finalize                            - Undefined Weak Reference
    __decompress                              - Undefined Weak Reference
    _clock_init                               - Undefined Weak Reference
    _microlib_exit                            - Undefined Weak Reference
    __Vectors_Size                           0x000000c0   Number         0  startup_sc32f10xx.o ABSOLUTE
    __Vectors                                0x08000000   Data           4  startup_sc32f10xx.o(RESET)
    __Vectors_End                            0x080000c0   Data           0  startup_sc32f10xx.o(RESET)
    __main                                   0x080000c1   Thumb Code     0  entry.o(.ARM.Collect$$$$00000000)
    _main_stk                                0x080000c1   Thumb Code     0  entry2.o(.ARM.Collect$$$$00000001)
    _main_scatterload                        0x080000c5   Thumb Code     0  entry5.o(.ARM.Collect$$$$00000004)
    __main_after_scatterload                 0x080000c9   Thumb Code     0  entry5.o(.ARM.Collect$$$$00000004)
    _main_clock                              0x080000c9   Thumb Code     0  entry7b.o(.ARM.Collect$$$$00000008)
    _main_cpp_init                           0x080000c9   Thumb Code     0  entry8b.o(.ARM.Collect$$$$0000000A)
    _main_init                               0x080000c9   Thumb Code     0  entry9a.o(.ARM.Collect$$$$0000000B)
    __rt_lib_shutdown_fini                   0x080000d1   Thumb Code     0  entry12b.o(.ARM.Collect$$$$0000000E)
    __rt_final_cpp                           0x080000d5   Thumb Code     0  entry10a.o(.ARM.Collect$$$$0000000F)
    __rt_final_exit                          0x080000d5   Thumb Code     0  entry11a.o(.ARM.Collect$$$$00000011)
    Reset_Handler                            0x080000d9   Thumb Code    38  startup_sc32f10xx.o(.text)
    NMI_Handler                              0x080000ff   Thumb Code     2  startup_sc32f10xx.o(.text)
    HardFault_Handler                        0x08000101   Thumb Code     2  startup_sc32f10xx.o(.text)
    MemManage_Handler                        0x08000103   Thumb Code     2  startup_sc32f10xx.o(.text)
    BusFault_Handler                         0x08000105   Thumb Code     2  startup_sc32f10xx.o(.text)
    UsageFault_Handler                       0x08000107   Thumb Code     2  startup_sc32f10xx.o(.text)
    SVC_Handler                              0x08000109   Thumb Code     2  startup_sc32f10xx.o(.text)
    DebugMon_Handler                         0x0800010b   Thumb Code     2  startup_sc32f10xx.o(.text)
    PendSV_Handler                           0x0800010d   Thumb Code     2  startup_sc32f10xx.o(.text)
    __aeabi_uidiv                            0x08000141   Thumb Code     0  uidiv.o(.text)
    __aeabi_uidivmod                         0x08000141   Thumb Code    44  uidiv.o(.text)
    __aeabi_idiv                             0x0800016d   Thumb Code     0  idiv.o(.text)
    __aeabi_idivmod                          0x0800016d   Thumb Code    40  idiv.o(.text)
    __aeabi_fadd                             0x08000195   Thumb Code   162  fadd.o(.text)
    __aeabi_fsub                             0x08000237   Thumb Code     8  fadd.o(.text)
    __aeabi_frsub                            0x0800023f   Thumb Code     8  fadd.o(.text)
    __aeabi_fmul                             0x08000247   Thumb Code   122  fmul.o(.text)
    __aeabi_fdiv                             0x080002c1   Thumb Code   124  fdiv.o(.text)
    __aeabi_dadd                             0x0800033d   Thumb Code   330  dadd.o(.text)
    __aeabi_dsub                             0x08000487   Thumb Code    12  dadd.o(.text)
    __aeabi_drsub                            0x08000493   Thumb Code    12  dadd.o(.text)
    __aeabi_dmul                             0x080004a5   Thumb Code   202  dmul.o(.text)
    __aeabi_ddiv                             0x08000575   Thumb Code   234  ddiv.o(.text)
    __aeabi_i2f                              0x08000665   Thumb Code    22  fflti.o(.text)
    __aeabi_ui2f                             0x0800067b   Thumb Code    14  ffltui.o(.text)
    __aeabi_i2d                              0x08000689   Thumb Code    34  dflti.o(.text)
    __aeabi_ui2d                             0x080006b1   Thumb Code    24  dfltui.o(.text)
    __aeabi_f2iz                             0x080006cd   Thumb Code    50  ffixi.o(.text)
    __aeabi_f2uiz                            0x080006ff   Thumb Code    40  ffixui.o(.text)
    __aeabi_d2uiz                            0x08000729   Thumb Code    50  dfixui.o(.text)
    __aeabi_f2d                              0x08000765   Thumb Code    40  f2d.o(.text)
    __aeabi_d2f                              0x0800078d   Thumb Code    56  d2f.o(.text)
    __aeabi_cfcmpeq                          0x080007c5   Thumb Code     0  cfcmple.o(.text)
    __aeabi_cfcmple                          0x080007c5   Thumb Code    20  cfcmple.o(.text)
    __aeabi_cfrcmple                         0x080007d9   Thumb Code    20  cfrcmple.o(.text)
    __aeabi_llsl                             0x080007ed   Thumb Code    32  llshl.o(.text)
    _ll_shift_l                              0x080007ed   Thumb Code     0  llshl.o(.text)
    __aeabi_llsr                             0x0800080d   Thumb Code    34  llushr.o(.text)
    _ll_ushift_r                             0x0800080d   Thumb Code     0  llushr.o(.text)
    __aeabi_lasr                             0x0800082f   Thumb Code    38  llsshr.o(.text)
    _ll_sshift_r                             0x0800082f   Thumb Code     0  llsshr.o(.text)
    __I$use$fp                               0x08000855   Thumb Code     0  iusefp.o(.text)
    _float_round                             0x08000855   Thumb Code    16  fepilogue.o(.text)
    _float_epilogue                          0x08000865   Thumb Code   114  fepilogue.o(.text)
    _double_round                            0x080008d7   Thumb Code    26  depilogue.o(.text)
    _double_epilogue                         0x080008f1   Thumb Code   164  depilogue.o(.text)
    __scatterload                            0x08000995   Thumb Code    28  init.o(.text)
    __scatterload_rt2                        0x08000995   Thumb Code     0  init.o(.text)
    ADC_ClearFlag                            0x080009b9   Thumb Code     4  sc32f1xxx_adc.o(i.ADC_ClearFlag)
    ADC_Cmd                                  0x080009bd   Thumb Code    28  sc32f1xxx_adc.o(i.ADC_Cmd)
    ADC_DMACmd                               0x080009d9   Thumb Code    28  sc32f1xxx_adc.o(i.ADC_DMACmd)
    ADC_GetConversionValue                   0x080009f5   Thumb Code     8  sc32f1xxx_adc.o(i.ADC_GetConversionValue)
    ADC_IRQHandler                           0x080009fd   Thumb Code    12  sc_it.o(i.ADC_IRQHandler)
    ADC_ITConfig                             0x08000a0d   Thumb Code    20  sc32f1xxx_adc.o(i.ADC_ITConfig)
    ADC_Init                                 0x08000a21   Thumb Code    28  sc32f1xxx_adc.o(i.ADC_Init)
    ADC_SetChannel                           0x08000a41   Thumb Code    18  sc32f1xxx_adc.o(i.ADC_SetChannel)
    BTM_IRQHandler                           0x08000a53   Thumb Code     2  sc_it.o(i.BTM_IRQHandler)
    Buzzer_Play                              0x08000a55   Thumb Code   374  buzzer.o(i.Buzzer_Play)
    Buzzer_SetVolume                         0x08000be5   Thumb Code    16  buzzer.o(i.Buzzer_SetVolume)
    CMP_IRQHandler                           0x08000bf9   Thumb Code     2  sc_it.o(i.CMP_IRQHandler)
    DMA0_IRQHandler                          0x08000bfb   Thumb Code     2  sc_it.o(i.DMA0_IRQHandler)
    DMA1_IRQHandler                          0x08000bfd   Thumb Code     2  sc_it.o(i.DMA1_IRQHandler)
    DMA2_IRQHandler                          0x08000bff   Thumb Code     2  sc_it.o(i.DMA2_IRQHandler)
    DMA3_IRQHandler                          0x08000c01   Thumb Code     2  sc_it.o(i.DMA3_IRQHandler)
    DataProcessing                           0x08000c05   Thumb Code    44  main.o(i.DataProcessing)
    Delay_ms                                 0x08000c39   Thumb Code    24  main.o(i.Delay_ms)
    Delay_us                                 0x08000c51   Thumb Code    38  main.o(i.Delay_us)
    GPIO_Init                                0x08000c7d   Thumb Code   112  sc32f1xxx_gpio.o(i.GPIO_Init)
    GPIO_ResetBits                           0x08000ced   Thumb Code    34  sc32f1xxx_gpio.o(i.GPIO_ResetBits)
    GPIO_SetBits                             0x08000d0f   Thumb Code    34  sc32f1xxx_gpio.o(i.GPIO_SetBits)
    GPIO_TogglePins                          0x08000d31   Thumb Code    44  sc32f1xxx_gpio.o(i.GPIO_TogglePins)
    INT0_IRQHandler                          0x08000d5d   Thumb Code     2  sc_it.o(i.INT0_IRQHandler)
    INT12_15_IRQHandler                      0x08000d5f   Thumb Code     2  sc_it.o(i.INT12_15_IRQHandler)
    INT1_7_IRQHandler                        0x08000d61   Thumb Code     2  sc_it.o(i.INT1_7_IRQHandler)
    INT8_11_IRQHandler                       0x08000d63   Thumb Code     2  sc_it.o(i.INT8_11_IRQHandler)
    IcResourceInit                           0x08000d65   Thumb Code     8  compctrldefine.o(i.IcResourceInit)
    LEDPWM_IRQHandler                        0x08000d6d   Thumb Code     2  sc_it.o(i.LEDPWM_IRQHandler)
    OPTION_JTAGCmd                           0x08000d71   Thumb Code    38  sc32f1xxx_option.o(i.OPTION_JTAGCmd)
    OPTION_LVRConfig                         0x08000d9d   Thumb Code    28  sc32f1xxx_option.o(i.OPTION_LVRConfig)
    PWM0_IRQHandler                          0x08000dbd   Thumb Code    12  sc_it.o(i.PWM0_IRQHandler)
    PWM_ClearFlag                            0x08000dcd   Thumb Code     4  sc32f1xxx_pwm.o(i.PWM_ClearFlag)
    PWM_Cmd                                  0x08000dd1   Thumb Code    24  sc32f1xxx_pwm.o(i.PWM_Cmd)
    PWM_FDCmd                                0x08000ded   Thumb Code    24  sc32f1xxx_pwm.o(i.PWM_FDCmd)
    PWM_FDInit                               0x08000e09   Thumb Code    26  sc32f1xxx_pwm.o(i.PWM_FDInit)
    PWM_ITConfig                             0x08000e23   Thumb Code    26  sc32f1xxx_pwm.o(i.PWM_ITConfig)
    PWM_Init                                 0x08000e3d   Thumb Code    40  sc32f1xxx_pwm.o(i.PWM_Init)
    PWM_SetDuty                              0x08000e65   Thumb Code    38  sc32f1xxx_pwm.o(i.PWM_SetDuty)
    PWM_SetHz                                0x08000e8d   Thumb Code    58  buzzer.o(i.PWM_SetHz)
    RCC_AHBPeriphClockCmd                    0x08000ed5   Thumb Code    28  sc32f1xxx_rcc.o(i.RCC_AHBPeriphClockCmd)
    RCC_APB0Cmd                              0x08000ef5   Thumb Code    36  sc32f1xxx_rcc.o(i.RCC_APB0Cmd)
    RCC_APB0Config                           0x08000f1d   Thumb Code    24  sc32f1xxx_rcc.o(i.RCC_APB0Config)
    RCC_APB0PeriphClockCmd                   0x08000f39   Thumb Code    28  sc32f1xxx_rcc.o(i.RCC_APB0PeriphClockCmd)
    RCC_APB2Cmd                              0x08000f59   Thumb Code    36  sc32f1xxx_rcc.o(i.RCC_APB2Cmd)
    RCC_APB2Config                           0x08000f81   Thumb Code    24  sc32f1xxx_rcc.o(i.RCC_APB2Config)
    RCC_HCLKConfig                           0x08000f9d   Thumb Code    24  sc32f1xxx_rcc.o(i.RCC_HCLKConfig)
    RCC_HIRCCmd                              0x08000fb9   Thumb Code    42  sc32f1xxx_rcc.o(i.RCC_HIRCCmd)
    RCC_HXTCmd                               0x08000fe9   Thumb Code    42  sc32f1xxx_rcc.o(i.RCC_HXTCmd)
    RCC_IRQHandler                           0x08001019   Thumb Code     2  sc_it.o(i.RCC_IRQHandler)
    RCC_ITConfig                             0x0800101d   Thumb Code    46  sc32f1xxx_rcc.o(i.RCC_ITConfig)
    RCC_LIRCCmd                              0x08001051   Thumb Code    42  sc32f1xxx_rcc.o(i.RCC_LIRCCmd)
    RCC_LXTCmd                               0x08001081   Thumb Code    42  sc32f1xxx_rcc.o(i.RCC_LXTCmd)
    RCC_SYSCLKConfig                         0x080010b1   Thumb Code   206  sc32f1xxx_rcc.o(i.RCC_SYSCLKConfig)
    RCC_SystickCLKConfig                     0x08001189   Thumb Code    62  sc32f1xxx_rcc.o(i.RCC_SystickCLKConfig)
    RCC_SystickCmd                           0x080011d1   Thumb Code    32  sc32f1xxx_rcc.o(i.RCC_SystickCmd)
    RCC_SystickSetCounter                    0x080011f5   Thumb Code    18  sc32f1xxx_rcc.o(i.RCC_SystickSetCounter)
    RCC_Unlock                               0x08001211   Thumb Code    18  sc32f1xxx_rcc.o(i.RCC_Unlock)
    SC_ADC_Init                              0x08001229   Thumb Code    82  sc_init.o(i.SC_ADC_Init)
    SC_GPIO_Init                             0x08001281   Thumb Code   278  sc_init.o(i.SC_GPIO_Init)
    SC_Init                                  0x080013a5   Thumb Code    40  sc_init.o(i.SC_Init)
    SC_OPTION_Init                           0x080013cd   Thumb Code    50  sc_init.o(i.SC_OPTION_Init)
    SC_PWM0_Init                             0x08001409   Thumb Code   186  sc_init.o(i.SC_PWM0_Init)
    SC_RCC_Init                              0x080014c9   Thumb Code    76  sc_init.o(i.SC_RCC_Init)
    SC_SYSTICK_Init                          0x08001519   Thumb Code    38  sc_init.o(i.SC_SYSTICK_Init)
    SC_TIM1_Init                             0x08001541   Thumb Code   178  sc_init.o(i.SC_TIM1_Init)
    SC_TIM2_Init                             0x080015f9   Thumb Code   186  sc_init.o(i.SC_TIM2_Init)
    SC_TWI0_Init                             0x080016bd   Thumb Code   154  sc_init.o(i.SC_TWI0_Init)
    SPI0_IRQHandler                          0x08001761   Thumb Code     2  sc_it.o(i.SPI0_IRQHandler)
    SPI1_IRQHandler                          0x08001763   Thumb Code     2  sc_it.o(i.SPI1_IRQHandler)
    SysTick_IRQHandler                       0x08001765   Thumb Code     2  sc_it.o(i.SysTick_IRQHandler)
    SystemInit                               0x08001769   Thumb Code    10  system_sc32f1xxx.o(i.SystemInit)
    TIMER0_IRQHandler                        0x08001779   Thumb Code     2  sc_it.o(i.TIMER0_IRQHandler)
    TIMER1_IRQHandler                        0x0800177d   Thumb Code    12  sc_it.o(i.TIMER1_IRQHandler)
    TIMER2_IRQHandler                        0x0800178d   Thumb Code     2  sc_it.o(i.TIMER2_IRQHandler)
    TIMER3_IRQHandler                        0x0800178f   Thumb Code     2  sc_it.o(i.TIMER3_IRQHandler)
    TIMER4_5_IRQHandler                      0x08001791   Thumb Code     2  sc_it.o(i.TIMER4_5_IRQHandler)
    TIMER6_7_IRQHandler                      0x08001793   Thumb Code     2  sc_it.o(i.TIMER6_7_IRQHandler)
    TIM_ClearFlag                            0x08001795   Thumb Code     4  sc32f1xxx_tim.o(i.TIM_ClearFlag)
    TIM_Cmd                                  0x08001799   Thumb Code    24  sc32f1xxx_tim.o(i.TIM_Cmd)
    TIM_DMACmd                               0x080017b5   Thumb Code    26  sc32f1xxx_tim.o(i.TIM_DMACmd)
    TIM_ICCmd                                0x080017d1   Thumb Code    24  sc32f1xxx_tim.o(i.TIM_ICCmd)
    TIM_ICInit                               0x080017ed   Thumb Code    66  sc32f1xxx_tim.o(i.TIM_ICInit)
    TIM_ITConfig                             0x08001835   Thumb Code    26  sc32f1xxx_tim.o(i.TIM_ITConfig)
    TIM_PWMInit                              0x08001851   Thumb Code    94  sc32f1xxx_tim.o(i.TIM_PWMInit)
    TIM_PWMSetDuty                           0x080018b5   Thumb Code    40  sc32f1xxx_tim.o(i.TIM_PWMSetDuty)
    TIM_PinRemapConfig                       0x080018e1   Thumb Code    26  sc32f1xxx_tim.o(i.TIM_PinRemapConfig)
    TIM_SetAutoreload                        0x080018fb   Thumb Code     4  sc32f1xxx_tim.o(i.TIM_SetAutoreload)
    TIM_TIMBaseInit                          0x08001901   Thumb Code    36  sc32f1xxx_tim.o(i.TIM_TIMBaseInit)
    TKSlideModuleCHIs                        0x08001929   Thumb Code    98  sc32f10xx_tk_functionresource.o(i.TKSlideModuleCHIs)
    TKSlideModuleSensorRenovate              0x08001995   Thumb Code   832  sc32f10xx_tk_functionresource.o(i.TKSlideModuleSensorRenovate)
    TK_BaseLineUpdataSW                      0x08001ce9   Thumb Code   388  sc32f10xx_tk_functionresource.o(i.TK_BaseLineUpdataSW)
    TK_FilterAvergeDeal                      0x08001e8d   Thumb Code   112  sc32f10xx_tk_functionresource.o(i.TK_FilterAvergeDeal)
    TK_FilterCommCode                        0x08001f09   Thumb Code    72  sc32f10xx_tk_functionresource.o(i.TK_FilterCommCode)
    TK_FilterDataDeal                        0x08001f5d   Thumb Code   186  sc32f10xx_tk_functionresource.o(i.TK_FilterDataDeal)
    TK_FilterIIRInit                         0x0800201d   Thumb Code    36  sc32f10xx_tk_functionresource.o(i.TK_FilterIIRInit)
    TK_GetBaseLineAdjustValue                0x08002049   Thumb Code     8  tkdriver.o(i.TK_GetBaseLineAdjustValue)
    TK_GetBaselineUpdateThreshold            0x08002055   Thumb Code     8  tkdriver.o(i.TK_GetBaselineUpdateThreshold)
    TK_GetCfgMsg                             0x08002061   Thumb Code   100  tkdriver.o(i.TK_GetCfgMsg)
    TK_GetCsFunction                         0x080020cd   Thumb Code     4  tkdriver.o(i.TK_GetCsFunction)
    TK_GetCurrFingerValue                    0x080020d1   Thumb Code    30  tkdriver.o(i.TK_GetCurrFingerValue)
    TK_GetInitAutoUpdateTime                 0x080020f5   Thumb Code     6  tkdriver.o(i.TK_GetInitAutoUpdateTime)
    TK_GetIsNeedUpdateBaseline               0x08002101   Thumb Code     6  sc32f10xx_tk_functionresource.o(i.TK_GetIsNeedUpdateBaseline)
    TK_GetScanTimeValue                      0x0800210d   Thumb Code    14  tkdriver.o(i.TK_GetScanTimeValue)
    TK_GetTKYzCnt                            0x08002121   Thumb Code    16  tkdriver.o(i.TK_GetTKYzCnt)
    TK_GetTKYzThreshold                      0x08002135   Thumb Code    26  tkdriver.o(i.TK_GetTKYzThreshold)
    TK_GetUpConfirmCnt                       0x08002151   Thumb Code     8  tkdriver.o(i.TK_GetUpConfirmCnt)
    TK_IRQHandler                            0x0800215d   Thumb Code     8  tkdriver.o(i.TK_IRQHandler)
    TK_Init                                  0x08002165   Thumb Code   344  sc32f10xx_tk_functionresource.o(i.TK_Init)
    TK_InitializeBaselines                   0x080022d9   Thumb Code    36  sc32f10xx_tk_functionresource.o(i.TK_InitializeBaselines)
    TK_InitializeSensorFlag                  0x08002305   Thumb Code    64  sc32f10xx_tk_functionresource.o(i.TK_InitializeSensorFlag)
    TK_IsDoubleKeyOrSlideKey                 0x0800236d   Thumb Code     6  tkdriver.o(i.TK_IsDoubleKeyOrSlideKey)
    TK_MultipleDeal                          0x08002379   Thumb Code   306  sc32f10xx_tk_functionresource.o(i.TK_MultipleDeal)
    TK_Restart                               0x080024d1   Thumb Code    14  sc32f10xx_tk_functionresource.o(i.TK_Restart)
    TK_SensorKeyFlag                         0x080024e5   Thumb Code    90  sc32f10xx_tk_functionresource.o(i.TK_SensorKeyFlag)
    TK_SensorRenovate                        0x08002555   Thumb Code   982  sc32f10xx_tk_functionresource.o(i.TK_SensorRenovate)
    TK_SetNeedUpdateBaseline                 0x08002979   Thumb Code     8  sc32f10xx_tk_functionresource.o(i.TK_SetNeedUpdateBaseline)
    TK_SetOneKeyPushResetTime                0x08002985   Thumb Code     8  tkdriver.o(i.TK_SetOneKeyPushResetTime)
    TK_SingleChannel_ICHAAdjust              0x08002991   Thumb Code   122  sc32f10xx_tk_functionresource.o(i.TK_SingleChannel_ICHAAdjust)
    TK_SingleCurrentSensorChoose             0x08002a1d   Thumb Code   140  tkdriver.o(i.TK_SingleCurrentSensorChoose)
    TK_TouchKeyCFGInit                       0x08002ab9   Thumb Code    96  tkdriver.o(i.TK_TouchKeyCFGInit)
    TK_TouchKeyScan                          0x08002b3d   Thumb Code   370  tkdriver.o(i.TK_TouchKeyScan)
    TK_TouchKey_Service                      0x08002cd5   Thumb Code   300  sc32f10xx_tk_functionresource.o(i.TK_TouchKey_Service)
    TWI0_IRQHandler                          0x08002e1d   Thumb Code     2  sc_it.o(i.TWI0_IRQHandler)
    TWI1_IRQHandler                          0x08002e1f   Thumb Code     2  sc_it.o(i.TWI1_IRQHandler)
    TWI_Cmd                                  0x08002e21   Thumb Code    24  sc32f1xxx_twi.o(i.TWI_Cmd)
    TWI_DMACmd                               0x08002e3d   Thumb Code    26  sc32f1xxx_twi.o(i.TWI_DMACmd)
    TWI_ITConfig                             0x08002e57   Thumb Code    26  sc32f1xxx_twi.o(i.TWI_ITConfig)
    TWI_Init                                 0x08002e71   Thumb Code    48  sc32f1xxx_twi.o(i.TWI_Init)
    TWI_PinRemapConfig                       0x08002ea5   Thumb Code    36  sc32f1xxx_twi.o(i.TWI_PinRemapConfig)
    UART0_2_IRQHandler                       0x08002ecd   Thumb Code     2  sc_it.o(i.UART0_2_IRQHandler)
    UART1_3_IRQHandler                       0x08002ecf   Thumb Code     2  sc_it.o(i.UART1_3_IRQHandler)
    UpdateDisplay                            0x08002ed1   Thumb Code    96  main.o(i.UpdateDisplay)
    Usdelay                                  0x08002f41   Thumb Code    16  sc32f10xx_tk_functionresource.o(i.Usdelay)
    __ARM_clz                                0x08002f51   Thumb Code    46  depilogue.o(i.__ARM_clz)
    __ARM_common_switch8                     0x08002f7f   Thumb Code    28  main.o(i.__ARM_common_switch8)
    __scatterload_copy                       0x0800302d   Thumb Code    14  handlers.o(i.__scatterload_copy)
    __scatterload_null                       0x0800303b   Thumb Code     2  handlers.o(i.__scatterload_null)
    __scatterload_zeroinit                   0x0800303d   Thumb Code    14  handlers.o(i.__scatterload_zeroinit)
    main                                     0x0800304d   Thumb Code   246  main.o(i.main)
    Music                                    0x08003174   Data         482  buzzer.o(.constdata)
    wind_rise                                0x08003358   Data        5236  buzzer.o(.constdata)
    solitary_brave                           0x080047cc   Data         122  buzzer.o(.constdata)
    TKCFG                                    0x08004848   Data          68  tkdriver.o(.constdata)
    TKChannelCfg                             0x0800488c   Data          80  tkdriver.o(.constdata)
    Region$$Table$$Base                      0x080048dc   Number         0  anon$$obj.o(Region$$Table)
    Region$$Table$$Limit                     0x080048fc   Number         0  anon$$obj.o(Region$$Table)
    exKeyValue                               0x20000000   Data           1  main.o(.data)
    gTkIsValid                               0x20000001   Data           1  main.o(.data)
    Task_state                               0x20000002   Data           1  main.o(.data)
    TK_exKeyValueFlag                        0x20000004   Data           4  main.o(.data)
    ADC_value                                0x20000008   Data           2  main.o(.data)
    Light                                    0x2000000c   Data           4  main.o(.data)
    first_Press                              0x20000010   Data           1  main.o(.data)
    TK_TouchKeyStatus                        0x20000016   Data           1  tkdriver.o(.data)
    CurrentChannel                           0x20000017   Data           8  tkdriver.o(.data)
    RestAreaCnt                              0x2000001f   Data           8  tkdriver.o(.data)
    TouchCnt                                 0x20000027   Data           8  tkdriver.o(.data)
    NoTouchCnt                               0x2000002f   Data           8  tkdriver.o(.data)
    LowFingerDataCnt                         0x20000037   Data           8  tkdriver.o(.data)
    FloatAreaCnt                             0x2000003f   Data           8  tkdriver.o(.data)
    SingleParameterBufferSet                 0x20000047   Data           8  tkdriver.o(.data)
    CombineParameterBufferSet                0x2000004f   Data           8  tkdriver.o(.data)
    ConfirmTouchCnt                          0x20000057   Data           1  tkdriver.o(.data)
    SetNoiseThreshold                        0x20000058   Data           1  tkdriver.o(.data)
    MultipleDealTpye                         0x20000059   Data           1  tkdriver.o(.data)
    UpdateBaseLNum                           0x2000005a   Data           2  tkdriver.o(.data)
    MultipleLNum                             0x2000005c   Data           2  tkdriver.o(.data)
    TKSlideModulePCBArray                    0x2000005e   Data          54  tkdriver.o(.data)
    CFG_OVERLOW_MAX_COUNT                    0x20000094   Data           1  tkdriver.o(.data)
    CFG_RESET_BASELINE_CNT                   0x20000095   Data           1  tkdriver.o(.data)
    CFG_CYCLE_CNT                            0x20000096   Data           1  tkdriver.o(.data)
    SingleCurrentChannelMax                  0x20000098   Data           1  sc32f10xx_tk_functionresource.o(.data)
    KeyFlag                                  0x2000009c   Data           4  sc32f10xx_tk_functionresource.o(.data)
    KeyMark                                  0x200000a0   Data           4  sc32f10xx_tk_functionresource.o(.data)
    UsingTKSlideModuleNumber                 0x200000a4   Data           1  sc32f10xx_tk_functionresource.o(.data)
    CurrentIndex                             0x200000a5   Data           1  sc32f10xx_tk_functionresource.o(.data)
    ScanTime                                 0x200000a6   Data           2  sc32f10xx_tk_functionresource.o(.data)
    IsInNosicValue                           0x200000a8   Data           1  sc32f10xx_tk_functionresource.o(.data)
    bMultiple                                0x200000a9   Data           1  sc32f10xx_tk_functionresource.o(.data)
    bNeedUpdate                              0x200000aa   Data           1  sc32f10xx_tk_functionresource.o(.data)
    MultipleDealIndex                        0x200000ab   Data           1  sc32f10xx_tk_functionresource.o(.data)
    FlowFingerRoundIndex                     0x200000ac   Data           1  sc32f10xx_tk_functionresource.o(.data)
    FlowFingerRoundCnt                       0x200000ae   Data           2  sc32f10xx_tk_functionresource.o(.data)
    DifferAccum                              0x200000b4   Data          16  tkdriver.o(.bss)
    SingleChannelsBaseLineUpdatePar          0x200000c4   Data          48  tkdriver.o(.bss)
    __initial_sp                             0x200004f8   Data           0  startup_sc32f10xx.o(STACK)



==============================================================================

Memory Map of the image

  Image Entry point : 0x080000c1

  Load Region LR_IROM1 (Base: 0x08000000, Size: 0x000049b0, Max: 0x00040000, ABSOLUTE)

    Execution Region ER_IROM1 (Exec base: 0x08000000, Load base: 0x08000000, Size: 0x000048fc, Max: 0x00040000, ABSOLUTE)

    Exec Addr    Load Addr    Size         Type   Attr      Idx    E Section Name        Object

    0x08000000   0x08000000   0x000000c0   Data   RO         1791    RESET               startup_sc32f10xx.o
    0x080000c0   0x080000c0   0x00000000   Code   RO         2138  * .ARM.Collect$$$$00000000  mc_p.l(entry.o)
    0x080000c0   0x080000c0   0x00000004   Code   RO         2179    .ARM.Collect$$$$00000001  mc_p.l(entry2.o)
    0x080000c4   0x080000c4   0x00000004   Code   RO         2182    .ARM.Collect$$$$00000004  mc_p.l(entry5.o)
    0x080000c8   0x080000c8   0x00000000   Code   RO         2184    .ARM.Collect$$$$00000008  mc_p.l(entry7b.o)
    0x080000c8   0x080000c8   0x00000000   Code   RO         2186    .ARM.Collect$$$$0000000A  mc_p.l(entry8b.o)
    0x080000c8   0x080000c8   0x00000008   Code   RO         2187    .ARM.Collect$$$$0000000B  mc_p.l(entry9a.o)
    0x080000d0   0x080000d0   0x00000004   Code   RO         2194    .ARM.Collect$$$$0000000E  mc_p.l(entry12b.o)
    0x080000d4   0x080000d4   0x00000000   Code   RO         2189    .ARM.Collect$$$$0000000F  mc_p.l(entry10a.o)
    0x080000d4   0x080000d4   0x00000000   Code   RO         2191    .ARM.Collect$$$$00000011  mc_p.l(entry11a.o)
    0x080000d4   0x080000d4   0x00000004   Code   RO         2180    .ARM.Collect$$$$00002712  mc_p.l(entry2.o)
    0x080000d8   0x080000d8   0x00000068   Code   RO         1792    .text               startup_sc32f10xx.o
    0x08000140   0x08000140   0x0000002c   Code   RO         2141    .text               mc_p.l(uidiv.o)
    0x0800016c   0x0800016c   0x00000028   Code   RO         2143    .text               mc_p.l(idiv.o)
    0x08000194   0x08000194   0x000000b2   Code   RO         2145    .text               mf_p.l(fadd.o)
    0x08000246   0x08000246   0x0000007a   Code   RO         2147    .text               mf_p.l(fmul.o)
    0x080002c0   0x080002c0   0x0000007c   Code   RO         2149    .text               mf_p.l(fdiv.o)
    0x0800033c   0x0800033c   0x00000168   Code   RO         2151    .text               mf_p.l(dadd.o)
    0x080004a4   0x080004a4   0x000000d0   Code   RO         2153    .text               mf_p.l(dmul.o)
    0x08000574   0x08000574   0x000000f0   Code   RO         2155    .text               mf_p.l(ddiv.o)
    0x08000664   0x08000664   0x00000016   Code   RO         2157    .text               mf_p.l(fflti.o)
    0x0800067a   0x0800067a   0x0000000e   Code   RO         2159    .text               mf_p.l(ffltui.o)
    0x08000688   0x08000688   0x00000028   Code   RO         2161    .text               mf_p.l(dflti.o)
    0x080006b0   0x080006b0   0x0000001c   Code   RO         2163    .text               mf_p.l(dfltui.o)
    0x080006cc   0x080006cc   0x00000032   Code   RO         2165    .text               mf_p.l(ffixi.o)
    0x080006fe   0x080006fe   0x00000028   Code   RO         2167    .text               mf_p.l(ffixui.o)
    0x08000726   0x08000726   0x00000002   PAD
    0x08000728   0x08000728   0x0000003c   Code   RO         2169    .text               mf_p.l(dfixui.o)
    0x08000764   0x08000764   0x00000028   Code   RO         2171    .text               mf_p.l(f2d.o)
    0x0800078c   0x0800078c   0x00000038   Code   RO         2173    .text               mf_p.l(d2f.o)
    0x080007c4   0x080007c4   0x00000014   Code   RO         2175    .text               mf_p.l(cfcmple.o)
    0x080007d8   0x080007d8   0x00000014   Code   RO         2177    .text               mf_p.l(cfrcmple.o)
    0x080007ec   0x080007ec   0x00000020   Code   RO         2195    .text               mc_p.l(llshl.o)
    0x0800080c   0x0800080c   0x00000022   Code   RO         2197    .text               mc_p.l(llushr.o)
    0x0800082e   0x0800082e   0x00000026   Code   RO         2199    .text               mc_p.l(llsshr.o)
    0x08000854   0x08000854   0x00000000   Code   RO         2201    .text               mc_p.l(iusefp.o)
    0x08000854   0x08000854   0x00000082   Code   RO         2202    .text               mf_p.l(fepilogue.o)
    0x080008d6   0x080008d6   0x000000be   Code   RO         2204    .text               mf_p.l(depilogue.o)
    0x08000994   0x08000994   0x00000024   Code   RO         2208    .text               mc_p.l(init.o)
    0x080009b8   0x080009b8   0x00000004   Code   RO         1086    i.ADC_ClearFlag     sc32f1xxx_adc.o
    0x080009bc   0x080009bc   0x0000001c   Code   RO         1087    i.ADC_Cmd           sc32f1xxx_adc.o
    0x080009d8   0x080009d8   0x0000001c   Code   RO         1089    i.ADC_DMACmd        sc32f1xxx_adc.o
    0x080009f4   0x080009f4   0x00000008   Code   RO         1092    i.ADC_GetConversionValue  sc32f1xxx_adc.o
    0x080009fc   0x080009fc   0x00000010   Code   RO          211    i.ADC_IRQHandler    sc_it.o
    0x08000a0c   0x08000a0c   0x00000014   Code   RO         1094    i.ADC_ITConfig      sc32f1xxx_adc.o
    0x08000a20   0x08000a20   0x00000020   Code   RO         1095    i.ADC_Init          sc32f1xxx_adc.o
    0x08000a40   0x08000a40   0x00000012   Code   RO         1096    i.ADC_SetChannel    sc32f1xxx_adc.o
    0x08000a52   0x08000a52   0x00000002   Code   RO          212    i.BTM_IRQHandler    sc_it.o
    0x08000a54   0x08000a54   0x00000190   Code   RO         1798    i.Buzzer_Play       buzzer.o
    0x08000be4   0x08000be4   0x00000014   Code   RO         1799    i.Buzzer_SetVolume  buzzer.o
    0x08000bf8   0x08000bf8   0x00000002   Code   RO          216    i.CMP_IRQHandler    sc_it.o
    0x08000bfa   0x08000bfa   0x00000002   Code   RO          217    i.DMA0_IRQHandler   sc_it.o
    0x08000bfc   0x08000bfc   0x00000002   Code   RO          218    i.DMA1_IRQHandler   sc_it.o
    0x08000bfe   0x08000bfe   0x00000002   Code   RO          219    i.DMA2_IRQHandler   sc_it.o
    0x08000c00   0x08000c00   0x00000002   Code   RO          220    i.DMA3_IRQHandler   sc_it.o
    0x08000c02   0x08000c02   0x00000002   PAD
    0x08000c04   0x08000c04   0x00000034   Code   RO            3    i.DataProcessing    main.o
    0x08000c38   0x08000c38   0x00000018   Code   RO            4    i.Delay_ms          main.o
    0x08000c50   0x08000c50   0x0000002c   Code   RO            5    i.Delay_us          main.o
    0x08000c7c   0x08000c7c   0x00000070   Code   RO         1718    i.GPIO_Init         sc32f1xxx_gpio.o
    0x08000cec   0x08000cec   0x00000022   Code   RO         1721    i.GPIO_ResetBits    sc32f1xxx_gpio.o
    0x08000d0e   0x08000d0e   0x00000022   Code   RO         1722    i.GPIO_SetBits      sc32f1xxx_gpio.o
    0x08000d30   0x08000d30   0x0000002c   Code   RO         1724    i.GPIO_TogglePins   sc32f1xxx_gpio.o
    0x08000d5c   0x08000d5c   0x00000002   Code   RO          222    i.INT0_IRQHandler   sc_it.o
    0x08000d5e   0x08000d5e   0x00000002   Code   RO          223    i.INT12_15_IRQHandler  sc_it.o
    0x08000d60   0x08000d60   0x00000002   Code   RO          224    i.INT1_7_IRQHandler  sc_it.o
    0x08000d62   0x08000d62   0x00000002   Code   RO          225    i.INT8_11_IRQHandler  sc_it.o
    0x08000d64   0x08000d64   0x00000008   Code   RO          867    i.IcResourceInit    compctrldefine.o
    0x08000d6c   0x08000d6c   0x00000002   Code   RO          226    i.LEDPWM_IRQHandler  sc_it.o
    0x08000d6e   0x08000d6e   0x00000002   PAD
    0x08000d70   0x08000d70   0x0000002c   Code   RO         1436    i.OPTION_JTAGCmd    sc32f1xxx_option.o
    0x08000d9c   0x08000d9c   0x00000020   Code   RO         1437    i.OPTION_LVRConfig  sc32f1xxx_option.o
    0x08000dbc   0x08000dbc   0x00000010   Code   RO          229    i.PWM0_IRQHandler   sc_it.o
    0x08000dcc   0x08000dcc   0x00000004   Code   RO         1178    i.PWM_ClearFlag     sc32f1xxx_pwm.o
    0x08000dd0   0x08000dd0   0x0000001c   Code   RO         1179    i.PWM_Cmd           sc32f1xxx_pwm.o
    0x08000dec   0x08000dec   0x0000001c   Code   RO         1181    i.PWM_FDCmd         sc32f1xxx_pwm.o
    0x08000e08   0x08000e08   0x0000001a   Code   RO         1182    i.PWM_FDInit        sc32f1xxx_pwm.o
    0x08000e22   0x08000e22   0x0000001a   Code   RO         1189    i.PWM_ITConfig      sc32f1xxx_pwm.o
    0x08000e3c   0x08000e3c   0x00000028   Code   RO         1190    i.PWM_Init          sc32f1xxx_pwm.o
    0x08000e64   0x08000e64   0x00000026   Code   RO         1193    i.PWM_SetDuty       sc32f1xxx_pwm.o
    0x08000e8a   0x08000e8a   0x00000002   PAD
    0x08000e8c   0x08000e8c   0x00000048   Code   RO         1800    i.PWM_SetHz         buzzer.o
    0x08000ed4   0x08000ed4   0x00000020   Code   RO         1481    i.RCC_AHBPeriphClockCmd  sc32f1xxx_rcc.o
    0x08000ef4   0x08000ef4   0x00000028   Code   RO         1483    i.RCC_APB0Cmd       sc32f1xxx_rcc.o
    0x08000f1c   0x08000f1c   0x0000001c   Code   RO         1484    i.RCC_APB0Config    sc32f1xxx_rcc.o
    0x08000f38   0x08000f38   0x00000020   Code   RO         1485    i.RCC_APB0PeriphClockCmd  sc32f1xxx_rcc.o
    0x08000f58   0x08000f58   0x00000028   Code   RO         1491    i.RCC_APB2Cmd       sc32f1xxx_rcc.o
    0x08000f80   0x08000f80   0x0000001c   Code   RO         1492    i.RCC_APB2Config    sc32f1xxx_rcc.o
    0x08000f9c   0x08000f9c   0x0000001c   Code   RO         1500    i.RCC_HCLKConfig    sc32f1xxx_rcc.o
    0x08000fb8   0x08000fb8   0x00000030   Code   RO         1501    i.RCC_HIRCCmd       sc32f1xxx_rcc.o
    0x08000fe8   0x08000fe8   0x00000030   Code   RO         1502    i.RCC_HXTCmd        sc32f1xxx_rcc.o
    0x08001018   0x08001018   0x00000002   Code   RO          232    i.RCC_IRQHandler    sc_it.o
    0x0800101a   0x0800101a   0x00000002   PAD
    0x0800101c   0x0800101c   0x00000034   Code   RO         1503    i.RCC_ITConfig      sc32f1xxx_rcc.o
    0x08001050   0x08001050   0x00000030   Code   RO         1505    i.RCC_LIRCCmd       sc32f1xxx_rcc.o
    0x08001080   0x08001080   0x00000030   Code   RO         1506    i.RCC_LXTCmd        sc32f1xxx_rcc.o
    0x080010b0   0x080010b0   0x000000d8   Code   RO         1511    i.RCC_SYSCLKConfig  sc32f1xxx_rcc.o
    0x08001188   0x08001188   0x00000048   Code   RO         1512    i.RCC_SystickCLKConfig  sc32f1xxx_rcc.o
    0x080011d0   0x080011d0   0x00000024   Code   RO         1513    i.RCC_SystickCmd    sc32f1xxx_rcc.o
    0x080011f4   0x080011f4   0x0000001c   Code   RO         1515    i.RCC_SystickSetCounter  sc32f1xxx_rcc.o
    0x08001210   0x08001210   0x00000018   Code   RO         1516    i.RCC_Unlock        sc32f1xxx_rcc.o
    0x08001228   0x08001228   0x00000058   Code   RO          483    i.SC_ADC_Init       sc_init.o
    0x08001280   0x08001280   0x00000124   Code   RO          493    i.SC_GPIO_Init      sc_init.o
    0x080013a4   0x080013a4   0x00000028   Code   RO          496    i.SC_Init           sc_init.o
    0x080013cc   0x080013cc   0x0000003c   Code   RO          505    i.SC_OPTION_Init    sc_init.o
    0x08001408   0x08001408   0x000000c0   Code   RO          508    i.SC_PWM0_Init      sc_init.o
    0x080014c8   0x080014c8   0x00000050   Code   RO          512    i.SC_RCC_Init       sc_init.o
    0x08001518   0x08001518   0x00000026   Code   RO          516    i.SC_SYSTICK_Init   sc_init.o
    0x0800153e   0x0800153e   0x00000002   PAD
    0x08001540   0x08001540   0x000000b8   Code   RO          518    i.SC_TIM1_Init      sc_init.o
    0x080015f8   0x080015f8   0x000000c4   Code   RO          519    i.SC_TIM2_Init      sc_init.o
    0x080016bc   0x080016bc   0x000000a4   Code   RO          525    i.SC_TWI0_Init      sc_init.o
    0x08001760   0x08001760   0x00000002   Code   RO          233    i.SPI0_IRQHandler   sc_it.o
    0x08001762   0x08001762   0x00000002   Code   RO          235    i.SPI1_IRQHandler   sc_it.o
    0x08001764   0x08001764   0x00000002   Code   RO          237    i.SysTick_IRQHandler  sc_it.o
    0x08001766   0x08001766   0x00000002   PAD
    0x08001768   0x08001768   0x00000010   Code   RO          191    i.SystemInit        system_sc32f1xxx.o
    0x08001778   0x08001778   0x00000002   Code   RO          238    i.TIMER0_IRQHandler  sc_it.o
    0x0800177a   0x0800177a   0x00000002   PAD
    0x0800177c   0x0800177c   0x00000010   Code   RO          239    i.TIMER1_IRQHandler  sc_it.o
    0x0800178c   0x0800178c   0x00000002   Code   RO          240    i.TIMER2_IRQHandler  sc_it.o
    0x0800178e   0x0800178e   0x00000002   Code   RO          241    i.TIMER3_IRQHandler  sc_it.o
    0x08001790   0x08001790   0x00000002   Code   RO          242    i.TIMER4_5_IRQHandler  sc_it.o
    0x08001792   0x08001792   0x00000002   Code   RO          243    i.TIMER6_7_IRQHandler  sc_it.o
    0x08001794   0x08001794   0x00000004   Code   RO          922    i.TIM_ClearFlag     sc32f1xxx_tim.o
    0x08001798   0x08001798   0x0000001c   Code   RO          924    i.TIM_Cmd           sc32f1xxx_tim.o
    0x080017b4   0x080017b4   0x0000001a   Code   RO          925    i.TIM_DMACmd        sc32f1xxx_tim.o
    0x080017ce   0x080017ce   0x00000002   PAD
    0x080017d0   0x080017d0   0x0000001c   Code   RO          933    i.TIM_ICCmd         sc32f1xxx_tim.o
    0x080017ec   0x080017ec   0x00000048   Code   RO          934    i.TIM_ICInit        sc32f1xxx_tim.o
    0x08001834   0x08001834   0x0000001a   Code   RO          936    i.TIM_ITConfig      sc32f1xxx_tim.o
    0x0800184e   0x0800184e   0x00000002   PAD
    0x08001850   0x08001850   0x00000064   Code   RO          938    i.TIM_PWMInit       sc32f1xxx_tim.o
    0x080018b4   0x080018b4   0x0000002c   Code   RO          939    i.TIM_PWMSetDuty    sc32f1xxx_tim.o
    0x080018e0   0x080018e0   0x0000001a   Code   RO          941    i.TIM_PinRemapConfig  sc32f1xxx_tim.o
    0x080018fa   0x080018fa   0x00000004   Code   RO          942    i.TIM_SetAutoreload  sc32f1xxx_tim.o
    0x080018fe   0x080018fe   0x00000002   PAD
    0x08001900   0x08001900   0x00000028   Code   RO          945    i.TIM_TIMBaseInit   sc32f1xxx_tim.o
    0x08001928   0x08001928   0x0000006c   Code   RO         1969    i.TKSlideModuleCHIs  sc32f10xx_HighSensitive_lib_T1Slider_V0.3.lib(sc32f10xx_tk_functionresource.o)
    0x08001994   0x08001994   0x00000354   Code   RO         1970    i.TKSlideModuleSensorRenovate  sc32f10xx_HighSensitive_lib_T1Slider_V0.3.lib(sc32f10xx_tk_functionresource.o)
    0x08001ce8   0x08001ce8   0x000001a4   Code   RO         1971    i.TK_BaseLineUpdataSW  sc32f10xx_HighSensitive_lib_T1Slider_V0.3.lib(sc32f10xx_tk_functionresource.o)
    0x08001e8c   0x08001e8c   0x0000007c   Code   RO         1972    i.TK_FilterAvergeDeal  sc32f10xx_HighSensitive_lib_T1Slider_V0.3.lib(sc32f10xx_tk_functionresource.o)
    0x08001f08   0x08001f08   0x00000054   Code   RO         1973    i.TK_FilterCommCode  sc32f10xx_HighSensitive_lib_T1Slider_V0.3.lib(sc32f10xx_tk_functionresource.o)
    0x08001f5c   0x08001f5c   0x000000c0   Code   RO         1974    i.TK_FilterDataDeal  sc32f10xx_HighSensitive_lib_T1Slider_V0.3.lib(sc32f10xx_tk_functionresource.o)
    0x0800201c   0x0800201c   0x0000002c   Code   RO         1975    i.TK_FilterIIRInit  sc32f10xx_HighSensitive_lib_T1Slider_V0.3.lib(sc32f10xx_tk_functionresource.o)
    0x08002048   0x08002048   0x0000000c   Code   RO         1840    i.TK_GetBaseLineAdjustValue  tkdriver.o
    0x08002054   0x08002054   0x0000000c   Code   RO         1841    i.TK_GetBaselineUpdateThreshold  tkdriver.o
    0x08002060   0x08002060   0x0000006c   Code   RO         1842    i.TK_GetCfgMsg      tkdriver.o
    0x080020cc   0x080020cc   0x00000004   Code   RO         1843    i.TK_GetCsFunction  tkdriver.o
    0x080020d0   0x080020d0   0x00000024   Code   RO         1844    i.TK_GetCurrFingerValue  tkdriver.o
    0x080020f4   0x080020f4   0x0000000c   Code   RO         1845    i.TK_GetInitAutoUpdateTime  tkdriver.o
    0x08002100   0x08002100   0x0000000c   Code   RO         1976    i.TK_GetIsNeedUpdateBaseline  sc32f10xx_HighSensitive_lib_T1Slider_V0.3.lib(sc32f10xx_tk_functionresource.o)
    0x0800210c   0x0800210c   0x00000014   Code   RO         1846    i.TK_GetScanTimeValue  tkdriver.o
    0x08002120   0x08002120   0x00000014   Code   RO         1847    i.TK_GetTKYzCnt     tkdriver.o
    0x08002134   0x08002134   0x0000001a   Code   RO         1848    i.TK_GetTKYzThreshold  tkdriver.o
    0x0800214e   0x0800214e   0x00000002   PAD
    0x08002150   0x08002150   0x0000000c   Code   RO         1849    i.TK_GetUpConfirmCnt  tkdriver.o
    0x0800215c   0x0800215c   0x00000008   Code   RO         1850    i.TK_IRQHandler     tkdriver.o
    0x08002164   0x08002164   0x00000174   Code   RO         1977    i.TK_Init           sc32f10xx_HighSensitive_lib_T1Slider_V0.3.lib(sc32f10xx_tk_functionresource.o)
    0x080022d8   0x080022d8   0x0000002c   Code   RO         1978    i.TK_InitializeBaselines  sc32f10xx_HighSensitive_lib_T1Slider_V0.3.lib(sc32f10xx_tk_functionresource.o)
    0x08002304   0x08002304   0x00000068   Code   RO         1979    i.TK_InitializeSensorFlag  sc32f10xx_HighSensitive_lib_T1Slider_V0.3.lib(sc32f10xx_tk_functionresource.o)
    0x0800236c   0x0800236c   0x0000000c   Code   RO         1851    i.TK_IsDoubleKeyOrSlideKey  tkdriver.o
    0x08002378   0x08002378   0x00000158   Code   RO         1980    i.TK_MultipleDeal   sc32f10xx_HighSensitive_lib_T1Slider_V0.3.lib(sc32f10xx_tk_functionresource.o)
    0x080024d0   0x080024d0   0x00000014   Code   RO         1981    i.TK_Restart        sc32f10xx_HighSensitive_lib_T1Slider_V0.3.lib(sc32f10xx_tk_functionresource.o)
    0x080024e4   0x080024e4   0x00000070   Code   RO         1982    i.TK_SensorKeyFlag  sc32f10xx_HighSensitive_lib_T1Slider_V0.3.lib(sc32f10xx_tk_functionresource.o)
    0x08002554   0x08002554   0x00000424   Code   RO         1983    i.TK_SensorRenovate  sc32f10xx_HighSensitive_lib_T1Slider_V0.3.lib(sc32f10xx_tk_functionresource.o)
    0x08002978   0x08002978   0x0000000c   Code   RO         1984    i.TK_SetNeedUpdateBaseline  sc32f10xx_HighSensitive_lib_T1Slider_V0.3.lib(sc32f10xx_tk_functionresource.o)
    0x08002984   0x08002984   0x0000000c   Code   RO         1852    i.TK_SetOneKeyPushResetTime  tkdriver.o
    0x08002990   0x08002990   0x0000008c   Code   RO         1985    i.TK_SingleChannel_ICHAAdjust  sc32f10xx_HighSensitive_lib_T1Slider_V0.3.lib(sc32f10xx_tk_functionresource.o)
    0x08002a1c   0x08002a1c   0x0000009c   Code   RO         1853    i.TK_SingleCurrentSensorChoose  tkdriver.o
    0x08002ab8   0x08002ab8   0x00000084   Code   RO         1854    i.TK_TouchKeyCFGInit  tkdriver.o
    0x08002b3c   0x08002b3c   0x00000198   Code   RO         1855    i.TK_TouchKeyScan   tkdriver.o
    0x08002cd4   0x08002cd4   0x00000148   Code   RO         1986    i.TK_TouchKey_Service  sc32f10xx_HighSensitive_lib_T1Slider_V0.3.lib(sc32f10xx_tk_functionresource.o)
    0x08002e1c   0x08002e1c   0x00000002   Code   RO          244    i.TWI0_IRQHandler   sc_it.o
    0x08002e1e   0x08002e1e   0x00000002   Code   RO          245    i.TWI1_IRQHandler   sc_it.o
    0x08002e20   0x08002e20   0x0000001c   Code   RO         1302    i.TWI_Cmd           sc32f1xxx_twi.o
    0x08002e3c   0x08002e3c   0x0000001a   Code   RO         1303    i.TWI_DMACmd        sc32f1xxx_twi.o
    0x08002e56   0x08002e56   0x0000001a   Code   RO         1311    i.TWI_ITConfig      sc32f1xxx_twi.o
    0x08002e70   0x08002e70   0x00000034   Code   RO         1312    i.TWI_Init          sc32f1xxx_twi.o
    0x08002ea4   0x08002ea4   0x00000028   Code   RO         1313    i.TWI_PinRemapConfig  sc32f1xxx_twi.o
    0x08002ecc   0x08002ecc   0x00000002   Code   RO          247    i.UART0_2_IRQHandler  sc_it.o
    0x08002ece   0x08002ece   0x00000002   Code   RO          249    i.UART1_3_IRQHandler  sc_it.o
    0x08002ed0   0x08002ed0   0x00000070   Code   RO            6    i.UpdateDisplay     main.o
    0x08002f40   0x08002f40   0x00000010   Code   RO         1987    i.Usdelay           sc32f10xx_HighSensitive_lib_T1Slider_V0.3.lib(sc32f10xx_tk_functionresource.o)
    0x08002f50   0x08002f50   0x0000002e   Code   RO         2206    i.__ARM_clz         mf_p.l(depilogue.o)
    0x08002f7e   0x08002f7e   0x0000001c   Code   RO           46    i.__ARM_common_switch8  main.o
    0x08002f9a   0x08002f9a   0x00000002   PAD
    0x08002f9c   0x08002f9c   0x00000018   Code   RO          536    i.__NVIC_EnableIRQ  sc_init.o
    0x08002fb4   0x08002fb4   0x00000078   Code   RO          537    i.__NVIC_SetPriority  sc_init.o
    0x0800302c   0x0800302c   0x0000000e   Code   RO         2212    i.__scatterload_copy  mc_p.l(handlers.o)
    0x0800303a   0x0800303a   0x00000002   Code   RO         2213    i.__scatterload_null  mc_p.l(handlers.o)
    0x0800303c   0x0800303c   0x0000000e   Code   RO         2214    i.__scatterload_zeroinit  mc_p.l(handlers.o)
    0x0800304a   0x0800304a   0x00000002   PAD
    0x0800304c   0x0800304c   0x00000128   Code   RO            7    i.main              main.o
    0x08003174   0x08003174   0x000016d2   Data   RO         1802    .constdata          buzzer.o
    0x08004846   0x08004846   0x00000002   PAD
    0x08004848   0x08004848   0x00000094   Data   RO         1857    .constdata          tkdriver.o
    0x080048dc   0x080048dc   0x00000020   Data   RO         2210    Region$$Table       anon$$obj.o


    Execution Region RW_IRAM1 (Exec base: 0x20000000, Load base: 0x080048fc, Size: 0x000004f8, Max: 0x00002000, ABSOLUTE)

    Exec Addr    Load Addr    Size         Type   Attr      Idx    E Section Name        Object

    0x20000000   0x080048fc   0x00000011   Data   RW            8    .data               main.o
    0x20000011   0x0800490d   0x00000001   PAD
    0x20000012   0x0800490e   0x00000004   Data   RW         1803    .data               buzzer.o
    0x20000016   0x08004912   0x00000081   Data   RW         1858    .data               tkdriver.o
    0x20000097   0x08004993   0x00000001   PAD
    0x20000098   0x08004994   0x00000019   Data   RW         1988    .data               sc32f10xx_HighSensitive_lib_T1Slider_V0.3.lib(sc32f10xx_tk_functionresource.o)
    0x200000b1   0x080049ad   0x00000003   PAD
    0x200000b4        -       0x00000040   Zero   RW         1856    .bss                tkdriver.o
    0x200000f4   0x080049ad   0x00000004   PAD
    0x200000f8        -       0x00000400   Zero   RW         1789    STACK               startup_sc32f10xx.o


==============================================================================

Image component sizes


      Code (inc. data)   RO Data    RW Data    ZI Data      Debug   Object Name

       492         44       5842          4          0       2690   buzzer.o
         8          0          0          0          0        441   compctrldefine.o
       556         88          0         17          0      82003   main.o
       138          4          0          0          0       4195   sc32f1xxx_adc.o
       224          0          0          0          0       2886   sc32f1xxx_gpio.o
        76         10          0          0          0       1024   sc32f1xxx_option.o
       190          8          0          0          0       4319   sc32f1xxx_pwm.o
       848         98          0          0          0       9313   sc32f1xxx_rcc.o
       398         28          0          0          0       6765   sc32f1xxx_tim.o
       172         12          0          0          0       3274   sc32f1xxx_twi.o
      1478         82          0          0          0      16152   sc_init.o
        96         12          0          0          0      10846   sc_it.o
       104         46        192          0       1024        780   startup_sc32f10xx.o
        16          6          0          0          0        413   system_sc32f1xxx.o
       990        152        148        129         64      13778   tkdriver.o

    ----------------------------------------------------------------------
      5810        590       6216        152       1092     158879   Object Totals
         0          0         32          0          0          0   (incl. Generated)
        24          0          2          2          4          0   (incl. Padding)

    ----------------------------------------------------------------------

      Code (inc. data)   RO Data    RW Data    ZI Data      Debug   Library Member Name

         0          0          0          0          0          0   entry.o
         0          0          0          0          0          0   entry10a.o
         0          0          0          0          0          0   entry11a.o
         4          0          0          0          0          0   entry12b.o
         8          4          0          0          0          0   entry2.o
         4          0          0          0          0          0   entry5.o
         0          0          0          0          0          0   entry7b.o
         0          0          0          0          0          0   entry8b.o
         8          4          0          0          0          0   entry9a.o
        30          0          0          0          0          0   handlers.o
        40          0          0          0          0         72   idiv.o
        36          8          0          0          0         68   init.o
         0          0          0          0          0          0   iusefp.o
        32          0          0          0          0         68   llshl.o
        38          0          0          0          0         68   llsshr.o
        34          0          0          0          0         68   llushr.o
        44          0          0          0          0         72   uidiv.o
        20          0          0          0          0         68   cfcmple.o
        20          0          0          0          0         68   cfrcmple.o
        56          0          0          0          0         68   d2f.o
       360          6          0          0          0        140   dadd.o
       240          6          0          0          0         84   ddiv.o
       236          0          0          0          0        216   depilogue.o
        60         10          0          0          0         68   dfixui.o
        40          6          0          0          0         68   dflti.o
        28          4          0          0          0         68   dfltui.o
       208          6          0          0          0         88   dmul.o
        40          0          0          0          0         60   f2d.o
       178          0          0          0          0        108   fadd.o
       124          0          0          0          0         72   fdiv.o
       130          0          0          0          0        144   fepilogue.o
        50          0          0          0          0         60   ffixi.o
        40          0          0          0          0         60   ffixui.o
        22          0          0          0          0         68   fflti.o
        14          0          0          0          0         68   ffltui.o
       122          0          0          0          0         72   fmul.o
      4388        376          0         25          0      87105   sc32f10xx_tk_functionresource.o

    ----------------------------------------------------------------------
      6658        430          0         28          0      89169   Library Totals
         4          0          0          3          0          0   (incl. Padding)

    ----------------------------------------------------------------------

      Code (inc. data)   RO Data    RW Data    ZI Data      Debug   Library Name

       278         16          0          0          0        416   mc_p.l
      1988         38          0          0          0       1648   mf_p.l
      4388        376          0         25          0      87105   sc32f10xx_HighSensitive_lib_T1Slider_V0.3.lib

    ----------------------------------------------------------------------
      6658        430          0         28          0      89169   Library Totals

    ----------------------------------------------------------------------

==============================================================================


      Code (inc. data)   RO Data    RW Data    ZI Data      Debug   

     12468       1020       6216        180       1092     241276   Grand Totals
     12468       1020       6216        180       1092     241276   ELF Image Totals
     12468       1020       6216        180          0          0   ROM Totals

==============================================================================

    Total RO  Size (Code + RO Data)                18684 (  18.25kB)
    Total RW  Size (RW Data + ZI Data)              1272 (   1.24kB)
    Total ROM Size (Code + RO Data + RW Data)      18864 (  18.42kB)

==============================================================================

